Command line invocation:
    /Applications/Xcode.app/Contents/Developer/usr/bin/xcodebuild -project RSMS.xcodeproj -scheme RSMS -destination "generic/platform=iOS Simulator,name=iPhone 15"

Resolve Package Graph


Resolved source packages:
  swift-asn1: https://github.com/apple/swift-asn1.git @ 1.7.1
  xctest-dynamic-overlay: https://github.com/pointfreeco/xctest-dynamic-overlay @ 1.10.1
  RazorpayCheckout: https://github.com/razorpay/razorpay-pod @ 1.5.4
  swift-clocks: https://github.com/pointfreeco/swift-clocks @ 1.1.0
  swift-http-types: https://github.com/apple/swift-http-types.git @ 1.6.0
  swift-crypto: https://github.com/apple/swift-crypto.git @ 4.5.0
  swift-concurrency-extras: https://github.com/pointfreeco/swift-concurrency-extras @ 1.4.0
  Supabase: https://github.com/supabase/supabase-swift @ 2.48.0

2026-07-07 16:58:03.428 xcodebuild[22989:376755] [MT] IDERunDestination: Supported platforms for the buildables in the current scheme is empty.
ComputePackagePrebuildTargetDependencyGraph

Prepare packages

CreateBuildRequest

SendProjectDescription

CreateBuildOperation

ComputeTargetDependencyGraph
note: Building targets in dependency order
note: Target dependency graph (33 targets)
    Target 'RSMS' in project 'RSMS'
        ➜ Explicit dependency on target 'AdminModule' in project 'RSMS'
        ➜ Explicit dependency on target 'InventoryModule' in project 'RSMS'
        ➜ Explicit dependency on target 'StoreManagerModule' in project 'RSMS'
        ➜ Explicit dependency on target 'SalesAssociateModule' in project 'RSMS'
        ➜ Explicit dependency on target 'PostgREST' in project 'Supabase'
        ➜ Explicit dependency on target 'Functions' in project 'Supabase'
        ➜ Explicit dependency on target 'Supabase' in project 'Supabase'
        ➜ Explicit dependency on target 'Auth' in project 'Supabase'
        ➜ Explicit dependency on target 'Storage' in project 'Supabase'
        ➜ Explicit dependency on target 'Realtime' in project 'Supabase'
    Target 'SalesAssociateModule' in project 'RSMS'
        ➜ Explicit dependency on target 'Auth' in project 'Supabase'
        ➜ Explicit dependency on target 'Functions' in project 'Supabase'
        ➜ Explicit dependency on target 'PostgREST' in project 'Supabase'
        ➜ Explicit dependency on target 'Realtime' in project 'Supabase'
        ➜ Explicit dependency on target 'Storage' in project 'Supabase'
        ➜ Explicit dependency on target 'Supabase' in project 'Supabase'
        ➜ Explicit dependency on target 'RazorpayCheckout' in project 'RazorpayCheckout'
    Target 'RazorpayCheckout' in project 'RazorpayCheckout'
        ➜ Explicit dependency on target 'RazorpayCheckout' in project 'RazorpayCheckout'
    Target 'RazorpayCheckout' in project 'RazorpayCheckout' (no dependencies)
    Target 'StoreManagerModule' in project 'RSMS'
        ➜ Explicit dependency on target 'Auth' in project 'Supabase'
        ➜ Explicit dependency on target 'Functions' in project 'Supabase'
        ➜ Explicit dependency on target 'PostgREST' in project 'Supabase'
        ➜ Explicit dependency on target 'Realtime' in project 'Supabase'
        ➜ Explicit dependency on target 'Storage' in project 'Supabase'
        ➜ Explicit dependency on target 'Supabase' in project 'Supabase'
    Target 'InventoryModule' in project 'RSMS'
        ➜ Explicit dependency on target 'Auth' in project 'Supabase'
        ➜ Explicit dependency on target 'Functions' in project 'Supabase'
        ➜ Explicit dependency on target 'PostgREST' in project 'Supabase'
        ➜ Explicit dependency on target 'Realtime' in project 'Supabase'
        ➜ Explicit dependency on target 'Storage' in project 'Supabase'
        ➜ Explicit dependency on target 'Supabase' in project 'Supabase'
    Target 'AdminModule' in project 'RSMS'
        ➜ Explicit dependency on target 'Auth' in project 'Supabase'
        ➜ Explicit dependency on target 'Functions' in project 'Supabase'
        ➜ Explicit dependency on target 'PostgREST' in project 'Supabase'
        ➜ Explicit dependency on target 'Realtime' in project 'Supabase'
        ➜ Explicit dependency on target 'Storage' in project 'Supabase'
        ➜ Explicit dependency on target 'Supabase' in project 'Supabase'
    Target 'Supabase' in project 'Supabase'
        ➜ Explicit dependency on target 'Supabase' in project 'Supabase'
        ➜ Explicit dependency on target 'Helpers' in project 'Supabase'
        ➜ Explicit dependency on target 'Auth' in project 'Supabase'
        ➜ Explicit dependency on target 'Functions' in project 'Supabase'
        ➜ Explicit dependency on target 'PostgREST' in project 'Supabase'
        ➜ Explicit dependency on target 'Realtime' in project 'Supabase'
        ➜ Explicit dependency on target 'Storage' in project 'Supabase'
        ➜ Explicit dependency on target 'ConcurrencyExtras' in project 'swift-concurrency-extras'
        ➜ Explicit dependency on target 'HTTPTypes' in project 'swift-http-types'
        ➜ Explicit dependency on target 'Clocks' in project 'swift-clocks'
        ➜ Explicit dependency on target 'XCTestDynamicOverlay' in project 'xctest-dynamic-overlay'
        ➜ Explicit dependency on target 'IssueReporting' in project 'xctest-dynamic-overlay'
        ➜ Explicit dependency on target 'Crypto' in project 'swift-crypto'
    Target 'Supabase' in project 'Supabase'
        ➜ Explicit dependency on target 'Helpers' in project 'Supabase'
        ➜ Explicit dependency on target 'Auth' in project 'Supabase'
        ➜ Explicit dependency on target 'Functions' in project 'Supabase'
        ➜ Explicit dependency on target 'PostgREST' in project 'Supabase'
        ➜ Explicit dependency on target 'Realtime' in project 'Supabase'
        ➜ Explicit dependency on target 'Storage' in project 'Supabase'
        ➜ Explicit dependency on target 'ConcurrencyExtras' in project 'swift-concurrency-extras'
        ➜ Explicit dependency on target 'HTTPTypes' in project 'swift-http-types'
        ➜ Explicit dependency on target 'Clocks' in project 'swift-clocks'
        ➜ Explicit dependency on target 'XCTestDynamicOverlay' in project 'xctest-dynamic-overlay'
        ➜ Explicit dependency on target 'IssueReporting' in project 'xctest-dynamic-overlay'
        ➜ Explicit dependency on target 'Crypto' in project 'swift-crypto'
    Target 'Storage' in project 'Supabase'
        ➜ Explicit dependency on target 'Storage' in project 'Supabase'
        ➜ Explicit dependency on target 'Helpers' in project 'Supabase'
        ➜ Explicit dependency on target 'ConcurrencyExtras' in project 'swift-concurrency-extras'
        ➜ Explicit dependency on target 'HTTPTypes' in project 'swift-http-types'
        ➜ Explicit dependency on target 'Clocks' in project 'swift-clocks'
        ➜ Explicit dependency on target 'XCTestDynamicOverlay' in project 'xctest-dynamic-overlay'
        ➜ Explicit dependency on target 'IssueReporting' in project 'xctest-dynamic-overlay'
    Target 'Storage' in project 'Supabase'
        ➜ Explicit dependency on target 'Helpers' in project 'Supabase'
        ➜ Explicit dependency on target 'ConcurrencyExtras' in project 'swift-concurrency-extras'
        ➜ Explicit dependency on target 'HTTPTypes' in project 'swift-http-types'
        ➜ Explicit dependency on target 'Clocks' in project 'swift-clocks'
        ➜ Explicit dependency on target 'XCTestDynamicOverlay' in project 'xctest-dynamic-overlay'
        ➜ Explicit dependency on target 'IssueReporting' in project 'xctest-dynamic-overlay'
    Target 'Realtime' in project 'Supabase'
        ➜ Explicit dependency on target 'Realtime' in project 'Supabase'
        ➜ Explicit dependency on target 'Helpers' in project 'Supabase'
        ➜ Explicit dependency on target 'ConcurrencyExtras' in project 'swift-concurrency-extras'
        ➜ Explicit dependency on target 'HTTPTypes' in project 'swift-http-types'
        ➜ Explicit dependency on target 'Clocks' in project 'swift-clocks'
        ➜ Explicit dependency on target 'XCTestDynamicOverlay' in project 'xctest-dynamic-overlay'
        ➜ Explicit dependency on target 'IssueReporting' in project 'xctest-dynamic-overlay'
    Target 'Realtime' in project 'Supabase'
        ➜ Explicit dependency on target 'Helpers' in project 'Supabase'
        ➜ Explicit dependency on target 'ConcurrencyExtras' in project 'swift-concurrency-extras'
        ➜ Explicit dependency on target 'HTTPTypes' in project 'swift-http-types'
        ➜ Explicit dependency on target 'Clocks' in project 'swift-clocks'
        ➜ Explicit dependency on target 'XCTestDynamicOverlay' in project 'xctest-dynamic-overlay'
        ➜ Explicit dependency on target 'IssueReporting' in project 'xctest-dynamic-overlay'
    Target 'PostgREST' in project 'Supabase'
        ➜ Explicit dependency on target 'PostgREST' in project 'Supabase'
        ➜ Explicit dependency on target 'Helpers' in project 'Supabase'
        ➜ Explicit dependency on target 'ConcurrencyExtras' in project 'swift-concurrency-extras'
        ➜ Explicit dependency on target 'HTTPTypes' in project 'swift-http-types'
        ➜ Explicit dependency on target 'Clocks' in project 'swift-clocks'
        ➜ Explicit dependency on target 'XCTestDynamicOverlay' in project 'xctest-dynamic-overlay'
        ➜ Explicit dependency on target 'IssueReporting' in project 'xctest-dynamic-overlay'
    Target 'PostgREST' in project 'Supabase'
        ➜ Explicit dependency on target 'Helpers' in project 'Supabase'
        ➜ Explicit dependency on target 'ConcurrencyExtras' in project 'swift-concurrency-extras'
        ➜ Explicit dependency on target 'HTTPTypes' in project 'swift-http-types'
        ➜ Explicit dependency on target 'Clocks' in project 'swift-clocks'
        ➜ Explicit dependency on target 'XCTestDynamicOverlay' in project 'xctest-dynamic-overlay'
        ➜ Explicit dependency on target 'IssueReporting' in project 'xctest-dynamic-overlay'
    Target 'Functions' in project 'Supabase'
        ➜ Explicit dependency on target 'Functions' in project 'Supabase'
        ➜ Explicit dependency on target 'Helpers' in project 'Supabase'
        ➜ Explicit dependency on target 'ConcurrencyExtras' in project 'swift-concurrency-extras'
        ➜ Explicit dependency on target 'HTTPTypes' in project 'swift-http-types'
        ➜ Explicit dependency on target 'Clocks' in project 'swift-clocks'
        ➜ Explicit dependency on target 'XCTestDynamicOverlay' in project 'xctest-dynamic-overlay'
        ➜ Explicit dependency on target 'IssueReporting' in project 'xctest-dynamic-overlay'
    Target 'Functions' in project 'Supabase'
        ➜ Explicit dependency on target 'Helpers' in project 'Supabase'
        ➜ Explicit dependency on target 'ConcurrencyExtras' in project 'swift-concurrency-extras'
        ➜ Explicit dependency on target 'HTTPTypes' in project 'swift-http-types'
        ➜ Explicit dependency on target 'Clocks' in project 'swift-clocks'
        ➜ Explicit dependency on target 'XCTestDynamicOverlay' in project 'xctest-dynamic-overlay'
        ➜ Explicit dependency on target 'IssueReporting' in project 'xctest-dynamic-overlay'
    Target 'Auth' in project 'Supabase'
        ➜ Explicit dependency on target 'Auth' in project 'Supabase'
        ➜ Explicit dependency on target 'Helpers' in project 'Supabase'
        ➜ Explicit dependency on target 'ConcurrencyExtras' in project 'swift-concurrency-extras'
        ➜ Explicit dependency on target 'HTTPTypes' in project 'swift-http-types'
        ➜ Explicit dependency on target 'Clocks' in project 'swift-clocks'
        ➜ Explicit dependency on target 'XCTestDynamicOverlay' in project 'xctest-dynamic-overlay'
        ➜ Explicit dependency on target 'IssueReporting' in project 'xctest-dynamic-overlay'
        ➜ Explicit dependency on target 'Crypto' in project 'swift-crypto'
    Target 'Auth' in project 'Supabase'
        ➜ Explicit dependency on target 'Helpers' in project 'Supabase'
        ➜ Explicit dependency on target 'ConcurrencyExtras' in project 'swift-concurrency-extras'
        ➜ Explicit dependency on target 'HTTPTypes' in project 'swift-http-types'
        ➜ Explicit dependency on target 'Clocks' in project 'swift-clocks'
        ➜ Explicit dependency on target 'XCTestDynamicOverlay' in project 'xctest-dynamic-overlay'
        ➜ Explicit dependency on target 'IssueReporting' in project 'xctest-dynamic-overlay'
        ➜ Explicit dependency on target 'Crypto' in project 'swift-crypto'
    Target 'Crypto' in project 'swift-crypto'
        ➜ Explicit dependency on target 'Crypto' in project 'swift-crypto'
        ➜ Explicit dependency on target 'swift-crypto_Crypto' in project 'swift-crypto'
    Target 'Crypto' in project 'swift-crypto'
        ➜ Explicit dependency on target 'swift-crypto_Crypto' in project 'swift-crypto'
    Target 'swift-crypto_Crypto' in project 'swift-crypto' (no dependencies)
    Target 'Helpers' in project 'Supabase'
        ➜ Explicit dependency on target 'ConcurrencyExtras' in project 'swift-concurrency-extras'
        ➜ Explicit dependency on target 'HTTPTypes' in project 'swift-http-types'
        ➜ Explicit dependency on target 'Clocks' in project 'swift-clocks'
        ➜ Explicit dependency on target 'XCTestDynamicOverlay' in project 'xctest-dynamic-overlay'
        ➜ Explicit dependency on target 'IssueReporting' in project 'xctest-dynamic-overlay'
    Target 'XCTestDynamicOverlay' in project 'xctest-dynamic-overlay'
        ➜ Explicit dependency on target 'XCTestDynamicOverlay' in project 'xctest-dynamic-overlay'
        ➜ Explicit dependency on target 'IssueReporting' in project 'xctest-dynamic-overlay'
    Target 'XCTestDynamicOverlay' in project 'xctest-dynamic-overlay'
        ➜ Explicit dependency on target 'IssueReporting' in project 'xctest-dynamic-overlay'
    Target 'Clocks' in project 'swift-clocks'
        ➜ Explicit dependency on target 'Clocks' in project 'swift-clocks'
        ➜ Explicit dependency on target 'ConcurrencyExtras' in project 'swift-concurrency-extras'
        ➜ Explicit dependency on target 'IssueReporting' in project 'xctest-dynamic-overlay'
    Target 'Clocks' in project 'swift-clocks'
        ➜ Explicit dependency on target 'ConcurrencyExtras' in project 'swift-concurrency-extras'
        ➜ Explicit dependency on target 'IssueReporting' in project 'xctest-dynamic-overlay'
    Target 'IssueReporting' in project 'xctest-dynamic-overlay'
        ➜ Explicit dependency on target 'IssueReporting' in project 'xctest-dynamic-overlay'
    Target 'IssueReporting' in project 'xctest-dynamic-overlay' (no dependencies)
    Target 'HTTPTypes' in project 'swift-http-types'
        ➜ Explicit dependency on target 'HTTPTypes' in project 'swift-http-types'
    Target 'HTTPTypes' in project 'swift-http-types' (no dependencies)
    Target 'ConcurrencyExtras' in project 'swift-concurrency-extras'
        ➜ Explicit dependency on target 'ConcurrencyExtras' in project 'swift-concurrency-extras'
    Target 'ConcurrencyExtras' in project 'swift-concurrency-extras' (no dependencies)

GatherProvisioningInputs

CreateBuildDescription

ExecuteExternalTool /Applications/Xcode.app/Contents/Developer/Toolchains/XcodeDefault.xctoolchain/usr/bin/swiftc --version

ExecuteExternalTool /Applications/Xcode.app/Contents/Developer/Toolchains/XcodeDefault.xctoolchain/usr/bin/clang -v -E -dM -arch arm64 -isysroot /Applications/Xcode.app/Contents/Developer/Platforms/iPhoneSimulator.platform/Developer/SDKs/iPhoneSimulator26.5.sdk -x c -c /dev/null

ExecuteExternalTool /Applications/Xcode.app/Contents/Developer/usr/bin/actool --print-asset-tag-combinations --output-format xml1 /Users/shashipandey/Desktop/Team-8/Assets.xcassets

ExecuteExternalTool /Applications/Xcode.app/Contents/Developer/Toolchains/XcodeDefault.xctoolchain/usr/bin/ld -version_details

ExecuteExternalTool /Applications/Xcode.app/Contents/Developer/Toolchains/XcodeDefault.xctoolchain/usr/bin/clang -v -E -dM -isysroot /Applications/Xcode.app/Contents/Developer/Platforms/iPhoneSimulator.platform/Developer/SDKs/iPhoneSimulator26.5.sdk -x c -c /dev/null

ExecuteExternalTool /Applications/Xcode.app/Contents/Developer/usr/bin/actool --version --output-format xml1

ReadFileContents /Applications/Xcode.app/Contents/Developer/Toolchains/XcodeDefault.xctoolchain/usr/share/docc/features.json

ExecuteExternalTool /Applications/Xcode.app/Contents/Developer/Toolchains/XcodeDefault.xctoolchain/usr/bin/clang -v -E -dM -arch x86_64 -isysroot /Applications/Xcode.app/Contents/Developer/Platforms/iPhoneSimulator.platform/Developer/SDKs/iPhoneSimulator26.5.sdk -x c -c /dev/null

Build description signature: bc852fc27aae2bd3520dd5f6b13e6517
Build description path: /Users/shashipandey/Library/Developer/Xcode/DerivedData/RSMS-galdljqllugdxqeukomoxaxsigpi/Build/Intermediates.noindex/XCBuildData/bc852fc27aae2bd3520dd5f6b13e6517.xcbuilddata
ClangStatCache /Applications/Xcode.app/Contents/Developer/Toolchains/XcodeDefault.xctoolchain/usr/bin/clang-stat-cache /Applications/Xcode.app/Contents/Developer/Platforms/iPhoneSimulator.platform/Developer/SDKs/iPhoneSimulator26.5.sdk /Users/shashipandey/Library/Developer/Xcode/DerivedData/SDKStatCaches.noindex/iphonesimulator26.5-23F81a-6cfe768891a92b912361537c460fe42b.sdkstatcache
    cd /Users/shashipandey/Desktop/Team-8/RSMS.xcodeproj
    /Applications/Xcode.app/Contents/Developer/Toolchains/XcodeDefault.xctoolchain/usr/bin/clang-stat-cache /Applications/Xcode.app/Contents/Developer/Platforms/iPhoneSimulator.platform/Developer/SDKs/iPhoneSimulator26.5.sdk -o /Users/shashipandey/Library/Developer/Xcode/DerivedData/SDKStatCaches.noindex/iphonesimulator26.5-23F81a-6cfe768891a92b912361537c460fe42b.sdkstatcache

ProcessInfoPlistFile /Users/shashipandey/Library/Developer/Xcode/DerivedData/RSMS-galdljqllugdxqeukomoxaxsigpi/Build/Products/Debug-iphonesimulator/PackageFrameworks/IssueReporting.framework/Info.plist /Users/shashipandey/Library/Developer/Xcode/DerivedData/RSMS-galdljqllugdxqeukomoxaxsigpi/Build/Intermediates.noindex/xctest-dynamic-overlay.build/Debug-iphonesimulator/IssueReporting.build/empty-IssueReporting.plist (in target 'IssueReporting' from project 'xctest-dynamic-overlay')
    cd /Users/shashipandey/Library/Developer/Xcode/DerivedData/RSMS-galdljqllugdxqeukomoxaxsigpi/SourcePackages/checkouts/xctest-dynamic-overlay
    builtin-infoPlistUtility /Users/shashipandey/Library/Developer/Xcode/DerivedData/RSMS-galdljqllugdxqeukomoxaxsigpi/Build/Intermediates.noindex/xctest-dynamic-overlay.build/Debug-iphonesimulator/IssueReporting.build/empty-IssueReporting.plist -producttype com.apple.product-type.framework -expandbuildsettings -format binary -platform iphonesimulator -o /Users/shashipandey/Library/Developer/Xcode/DerivedData/RSMS-galdljqllugdxqeukomoxaxsigpi/Build/Products/Debug-iphonesimulator/PackageFrameworks/IssueReporting.framework/Info.plist

Copy /Users/shashipandey/Library/Developer/Xcode/DerivedData/RSMS-galdljqllugdxqeukomoxaxsigpi/Build/Intermediates.noindex/GeneratedModuleMaps-iphonesimulator/Functions.modulemap /Users/shashipandey/Library/Developer/Xcode/DerivedData/RSMS-galdljqllugdxqeukomoxaxsigpi/Build/Intermediates.noindex/Supabase.build/Debug-iphonesimulator/Functions.build/Functions.modulemap (in target 'Functions' from project 'Supabase')
    cd /Users/shashipandey/Library/Developer/Xcode/DerivedData/RSMS-galdljqllugdxqeukomoxaxsigpi/SourcePackages/checkouts/supabase-swift
    builtin-copy -exclude .DS_Store -exclude CVS -exclude .svn -exclude .git -exclude .hg -resolve-src-symlinks /Users/shashipandey/Library/Developer/Xcode/DerivedData/RSMS-galdljqllugdxqeukomoxaxsigpi/Build/Intermediates.noindex/Supabase.build/Debug-iphonesimulator/Functions.build/Functions.modulemap /Users/shashipandey/Library/Developer/Xcode/DerivedData/RSMS-galdljqllugdxqeukomoxaxsigpi/Build/Intermediates.noindex/GeneratedModuleMaps-iphonesimulator

Copy /Users/shashipandey/Library/Developer/Xcode/DerivedData/RSMS-galdljqllugdxqeukomoxaxsigpi/Build/Intermediates.noindex/GeneratedModuleMaps-iphonesimulator/Crypto.modulemap /Users/shashipandey/Library/Developer/Xcode/DerivedData/RSMS-galdljqllugdxqeukomoxaxsigpi/Build/Intermediates.noindex/swift-crypto.build/Debug-iphonesimulator/Crypto.build/Crypto.modulemap (in target 'Crypto' from project 'swift-crypto')
    cd /Users/shashipandey/Library/Developer/Xcode/DerivedData/RSMS-galdljqllugdxqeukomoxaxsigpi/SourcePackages/checkouts/swift-crypto
    builtin-copy -exclude .DS_Store -exclude CVS -exclude .svn -exclude .git -exclude .hg -resolve-src-symlinks /Users/shashipandey/Library/Developer/Xcode/DerivedData/RSMS-galdljqllugdxqeukomoxaxsigpi/Build/Intermediates.noindex/swift-crypto.build/Debug-iphonesimulator/Crypto.build/Crypto.modulemap /Users/shashipandey/Library/Developer/Xcode/DerivedData/RSMS-galdljqllugdxqeukomoxaxsigpi/Build/Intermediates.noindex/GeneratedModuleMaps-iphonesimulator

Copy /Users/shashipandey/Library/Developer/Xcode/DerivedData/RSMS-galdljqllugdxqeukomoxaxsigpi/Build/Intermediates.noindex/GeneratedModuleMaps-iphonesimulator/Helpers.modulemap /Users/shashipandey/Library/Developer/Xcode/DerivedData/RSMS-galdljqllugdxqeukomoxaxsigpi/Build/Intermediates.noindex/Supabase.build/Debug-iphonesimulator/Helpers.build/Helpers.modulemap (in target 'Helpers' from project 'Supabase')
    cd /Users/shashipandey/Library/Developer/Xcode/DerivedData/RSMS-galdljqllugdxqeukomoxaxsigpi/SourcePackages/checkouts/supabase-swift
    builtin-copy -exclude .DS_Store -exclude CVS -exclude .svn -exclude .git -exclude .hg -resolve-src-symlinks /Users/shashipandey/Library/Developer/Xcode/DerivedData/RSMS-galdljqllugdxqeukomoxaxsigpi/Build/Intermediates.noindex/Supabase.build/Debug-iphonesimulator/Helpers.build/Helpers.modulemap /Users/shashipandey/Library/Developer/Xcode/DerivedData/RSMS-galdljqllugdxqeukomoxaxsigpi/Build/Intermediates.noindex/GeneratedModuleMaps-iphonesimulator

Copy /Users/shashipandey/Library/Developer/Xcode/DerivedData/RSMS-galdljqllugdxqeukomoxaxsigpi/Build/Products/Debug-iphonesimulator/AdminModule.framework/Modules/module.modulemap /Users/shashipandey/Library/Developer/Xcode/DerivedData/RSMS-galdljqllugdxqeukomoxaxsigpi/Build/Intermediates.noindex/RSMS.build/Debug-iphonesimulator/AdminModule.build/module.modulemap (in target 'AdminModule' from project 'RSMS')
    cd /Users/shashipandey/Desktop/Team-8
    builtin-copy -exclude .DS_Store -exclude CVS -exclude .svn -exclude .git -exclude .hg -resolve-src-symlinks /Users/shashipandey/Library/Developer/Xcode/DerivedData/RSMS-galdljqllugdxqeukomoxaxsigpi/Build/Intermediates.noindex/RSMS.build/Debug-iphonesimulator/AdminModule.build/module.modulemap /Users/shashipandey/Library/Developer/Xcode/DerivedData/RSMS-galdljqllugdxqeukomoxaxsigpi/Build/Products/Debug-iphonesimulator/AdminModule.framework/Modules

Copy /Users/shashipandey/Library/Developer/Xcode/DerivedData/RSMS-galdljqllugdxqeukomoxaxsigpi/Build/Intermediates.noindex/GeneratedModuleMaps-iphonesimulator/Auth.modulemap /Users/shashipandey/Library/Developer/Xcode/DerivedData/RSMS-galdljqllugdxqeukomoxaxsigpi/Build/Intermediates.noindex/Supabase.build/Debug-iphonesimulator/Auth.build/Auth.modulemap (in target 'Auth' from project 'Supabase')
    cd /Users/shashipandey/Library/Developer/Xcode/DerivedData/RSMS-galdljqllugdxqeukomoxaxsigpi/SourcePackages/checkouts/supabase-swift
    builtin-copy -exclude .DS_Store -exclude CVS -exclude .svn -exclude .git -exclude .hg -resolve-src-symlinks /Users/shashipandey/Library/Developer/Xcode/DerivedData/RSMS-galdljqllugdxqeukomoxaxsigpi/Build/Intermediates.noindex/Supabase.build/Debug-iphonesimulator/Auth.build/Auth.modulemap /Users/shashipandey/Library/Developer/Xcode/DerivedData/RSMS-galdljqllugdxqeukomoxaxsigpi/Build/Intermediates.noindex/GeneratedModuleMaps-iphonesimulator

ProcessInfoPlistFile /Users/shashipandey/Library/Developer/Xcode/DerivedData/RSMS-galdljqllugdxqeukomoxaxsigpi/Build/Products/Debug-iphonesimulator/swift-crypto_Crypto.bundle/Info.plist /Users/shashipandey/Library/Developer/Xcode/DerivedData/RSMS-galdljqllugdxqeukomoxaxsigpi/Build/Intermediates.noindex/swift-crypto.build/Debug-iphonesimulator/swift-crypto_Crypto.build/empty-swift-crypto_Crypto.plist (in target 'swift-crypto_Crypto' from project 'swift-crypto')
    cd /Users/shashipandey/Library/Developer/Xcode/DerivedData/RSMS-galdljqllugdxqeukomoxaxsigpi/SourcePackages/checkouts/swift-crypto
    builtin-infoPlistUtility /Users/shashipandey/Library/Developer/Xcode/DerivedData/RSMS-galdljqllugdxqeukomoxaxsigpi/Build/Intermediates.noindex/swift-crypto.build/Debug-iphonesimulator/swift-crypto_Crypto.build/empty-swift-crypto_Crypto.plist -producttype com.apple.product-type.bundle -expandbuildsettings -format binary -platform iphonesimulator -o /Users/shashipandey/Library/Developer/Xcode/DerivedData/RSMS-galdljqllugdxqeukomoxaxsigpi/Build/Products/Debug-iphonesimulator/swift-crypto_Crypto.bundle/Info.plist

Copy /Users/shashipandey/Library/Developer/Xcode/DerivedData/RSMS-galdljqllugdxqeukomoxaxsigpi/Build/Intermediates.noindex/GeneratedModuleMaps-iphonesimulator/Supabase.modulemap /Users/shashipandey/Library/Developer/Xcode/DerivedData/RSMS-galdljqllugdxqeukomoxaxsigpi/Build/Intermediates.noindex/Supabase.build/Debug-iphonesimulator/Supabase.build/Supabase.modulemap (in target 'Supabase' from project 'Supabase')
    cd /Users/shashipandey/Library/Developer/Xcode/DerivedData/RSMS-galdljqllugdxqeukomoxaxsigpi/SourcePackages/checkouts/supabase-swift
    builtin-copy -exclude .DS_Store -exclude CVS -exclude .svn -exclude .git -exclude .hg -resolve-src-symlinks /Users/shashipandey/Library/Developer/Xcode/DerivedData/RSMS-galdljqllugdxqeukomoxaxsigpi/Build/Intermediates.noindex/Supabase.build/Debug-iphonesimulator/Supabase.build/Supabase.modulemap /Users/shashipandey/Library/Developer/Xcode/DerivedData/RSMS-galdljqllugdxqeukomoxaxsigpi/Build/Intermediates.noindex/GeneratedModuleMaps-iphonesimulator

Copy /Users/shashipandey/Library/Developer/Xcode/DerivedData/RSMS-galdljqllugdxqeukomoxaxsigpi/Build/Intermediates.noindex/GeneratedModuleMaps-iphonesimulator/XCTestDynamicOverlay.modulemap /Users/shashipandey/Library/Developer/Xcode/DerivedData/RSMS-galdljqllugdxqeukomoxaxsigpi/Build/Intermediates.noindex/xctest-dynamic-overlay.build/Debug-iphonesimulator/XCTestDynamicOverlay.build/XCTestDynamicOverlay.modulemap (in target 'XCTestDynamicOverlay' from project 'xctest-dynamic-overlay')
    cd /Users/shashipandey/Library/Developer/Xcode/DerivedData/RSMS-galdljqllugdxqeukomoxaxsigpi/SourcePackages/checkouts/xctest-dynamic-overlay
    builtin-copy -exclude .DS_Store -exclude CVS -exclude .svn -exclude .git -exclude .hg -resolve-src-symlinks /Users/shashipandey/Library/Developer/Xcode/DerivedData/RSMS-galdljqllugdxqeukomoxaxsigpi/Build/Intermediates.noindex/xctest-dynamic-overlay.build/Debug-iphonesimulator/XCTestDynamicOverlay.build/XCTestDynamicOverlay.modulemap /Users/shashipandey/Library/Developer/Xcode/DerivedData/RSMS-galdljqllugdxqeukomoxaxsigpi/Build/Intermediates.noindex/GeneratedModuleMaps-iphonesimulator

Copy /Users/shashipandey/Library/Developer/Xcode/DerivedData/RSMS-galdljqllugdxqeukomoxaxsigpi/Build/Intermediates.noindex/GeneratedModuleMaps-iphonesimulator/Storage.modulemap /Users/shashipandey/Library/Developer/Xcode/DerivedData/RSMS-galdljqllugdxqeukomoxaxsigpi/Build/Intermediates.noindex/Supabase.build/Debug-iphonesimulator/Storage.build/Storage.modulemap (in target 'Storage' from project 'Supabase')
    cd /Users/shashipandey/Library/Developer/Xcode/DerivedData/RSMS-galdljqllugdxqeukomoxaxsigpi/SourcePackages/checkouts/supabase-swift
    builtin-copy -exclude .DS_Store -exclude CVS -exclude .svn -exclude .git -exclude .hg -resolve-src-symlinks /Users/shashipandey/Library/Developer/Xcode/DerivedData/RSMS-galdljqllugdxqeukomoxaxsigpi/Build/Intermediates.noindex/Supabase.build/Debug-iphonesimulator/Storage.build/Storage.modulemap /Users/shashipandey/Library/Developer/Xcode/DerivedData/RSMS-galdljqllugdxqeukomoxaxsigpi/Build/Intermediates.noindex/GeneratedModuleMaps-iphonesimulator

Copy /Users/shashipandey/Library/Developer/Xcode/DerivedData/RSMS-galdljqllugdxqeukomoxaxsigpi/Build/Products/Debug-iphonesimulator/StoreManagerModule.framework/Modules/module.modulemap /Users/shashipandey/Library/Developer/Xcode/DerivedData/RSMS-galdljqllugdxqeukomoxaxsigpi/Build/Intermediates.noindex/RSMS.build/Debug-iphonesimulator/StoreManagerModule.build/module.modulemap (in target 'StoreManagerModule' from project 'RSMS')
    cd /Users/shashipandey/Desktop/Team-8
    builtin-copy -exclude .DS_Store -exclude CVS -exclude .svn -exclude .git -exclude .hg -resolve-src-symlinks /Users/shashipandey/Library/Developer/Xcode/DerivedData/RSMS-galdljqllugdxqeukomoxaxsigpi/Build/Intermediates.noindex/RSMS.build/Debug-iphonesimulator/StoreManagerModule.build/module.modulemap /Users/shashipandey/Library/Developer/Xcode/DerivedData/RSMS-galdljqllugdxqeukomoxaxsigpi/Build/Products/Debug-iphonesimulator/StoreManagerModule.framework/Modules

Copy /Users/shashipandey/Library/Developer/Xcode/DerivedData/RSMS-galdljqllugdxqeukomoxaxsigpi/Build/Intermediates.noindex/GeneratedModuleMaps-iphonesimulator/Realtime.modulemap /Users/shashipandey/Library/Developer/Xcode/DerivedData/RSMS-galdljqllugdxqeukomoxaxsigpi/Build/Intermediates.noindex/Supabase.build/Debug-iphonesimulator/Realtime.build/Realtime.modulemap (in target 'Realtime' from project 'Supabase')
    cd /Users/shashipandey/Library/Developer/Xcode/DerivedData/RSMS-galdljqllugdxqeukomoxaxsigpi/SourcePackages/checkouts/supabase-swift
    builtin-copy -exclude .DS_Store -exclude CVS -exclude .svn -exclude .git -exclude .hg -resolve-src-symlinks /Users/shashipandey/Library/Developer/Xcode/DerivedData/RSMS-galdljqllugdxqeukomoxaxsigpi/Build/Intermediates.noindex/Supabase.build/Debug-iphonesimulator/Realtime.build/Realtime.modulemap /Users/shashipandey/Library/Developer/Xcode/DerivedData/RSMS-galdljqllugdxqeukomoxaxsigpi/Build/Intermediates.noindex/GeneratedModuleMaps-iphonesimulator

Copy /Users/shashipandey/Library/Developer/Xcode/DerivedData/RSMS-galdljqllugdxqeukomoxaxsigpi/Build/Intermediates.noindex/GeneratedModuleMaps-iphonesimulator/PostgREST.modulemap /Users/shashipandey/Library/Developer/Xcode/DerivedData/RSMS-galdljqllugdxqeukomoxaxsigpi/Build/Intermediates.noindex/Supabase.build/Debug-iphonesimulator/PostgREST.build/PostgREST.modulemap (in target 'PostgREST' from project 'Supabase')
    cd /Users/shashipandey/Library/Developer/Xcode/DerivedData/RSMS-galdljqllugdxqeukomoxaxsigpi/SourcePackages/checkouts/supabase-swift
    builtin-copy -exclude .DS_Store -exclude CVS -exclude .svn -exclude .git -exclude .hg -resolve-src-symlinks /Users/shashipandey/Library/Developer/Xcode/DerivedData/RSMS-galdljqllugdxqeukomoxaxsigpi/Build/Intermediates.noindex/Supabase.build/Debug-iphonesimulator/PostgREST.build/PostgREST.modulemap /Users/shashipandey/Library/Developer/Xcode/DerivedData/RSMS-galdljqllugdxqeukomoxaxsigpi/Build/Intermediates.noindex/GeneratedModuleMaps-iphonesimulator

Copy /Users/shashipandey/Library/Developer/Xcode/DerivedData/RSMS-galdljqllugdxqeukomoxaxsigpi/Build/Intermediates.noindex/GeneratedModuleMaps-iphonesimulator/IssueReporting.modulemap /Users/shashipandey/Library/Developer/Xcode/DerivedData/RSMS-galdljqllugdxqeukomoxaxsigpi/Build/Intermediates.noindex/xctest-dynamic-overlay.build/Debug-iphonesimulator/IssueReporting.build/IssueReporting.modulemap (in target 'IssueReporting' from project 'xctest-dynamic-overlay')
    cd /Users/shashipandey/Library/Developer/Xcode/DerivedData/RSMS-galdljqllugdxqeukomoxaxsigpi/SourcePackages/checkouts/xctest-dynamic-overlay
    builtin-copy -exclude .DS_Store -exclude CVS -exclude .svn -exclude .git -exclude .hg -resolve-src-symlinks /Users/shashipandey/Library/Developer/Xcode/DerivedData/RSMS-galdljqllugdxqeukomoxaxsigpi/Build/Intermediates.noindex/xctest-dynamic-overlay.build/Debug-iphonesimulator/IssueReporting.build/IssueReporting.modulemap /Users/shashipandey/Library/Developer/Xcode/DerivedData/RSMS-galdljqllugdxqeukomoxaxsigpi/Build/Intermediates.noindex/GeneratedModuleMaps-iphonesimulator

Copy /Users/shashipandey/Library/Developer/Xcode/DerivedData/RSMS-galdljqllugdxqeukomoxaxsigpi/Build/Products/Debug-iphonesimulator/InventoryModule.framework/Modules/module.modulemap /Users/shashipandey/Library/Developer/Xcode/DerivedData/RSMS-galdljqllugdxqeukomoxaxsigpi/Build/Intermediates.noindex/RSMS.build/Debug-iphonesimulator/InventoryModule.build/module.modulemap (in target 'InventoryModule' from project 'RSMS')
    cd /Users/shashipandey/Desktop/Team-8
    builtin-copy -exclude .DS_Store -exclude CVS -exclude .svn -exclude .git -exclude .hg -resolve-src-symlinks /Users/shashipandey/Library/Developer/Xcode/DerivedData/RSMS-galdljqllugdxqeukomoxaxsigpi/Build/Intermediates.noindex/RSMS.build/Debug-iphonesimulator/InventoryModule.build/module.modulemap /Users/shashipandey/Library/Developer/Xcode/DerivedData/RSMS-galdljqllugdxqeukomoxaxsigpi/Build/Products/Debug-iphonesimulator/InventoryModule.framework/Modules

Copy /Users/shashipandey/Library/Developer/Xcode/DerivedData/RSMS-galdljqllugdxqeukomoxaxsigpi/Build/Intermediates.noindex/GeneratedModuleMaps-iphonesimulator/HTTPTypes.modulemap /Users/shashipandey/Library/Developer/Xcode/DerivedData/RSMS-galdljqllugdxqeukomoxaxsigpi/Build/Intermediates.noindex/swift-http-types.build/Debug-iphonesimulator/HTTPTypes.build/HTTPTypes.modulemap (in target 'HTTPTypes' from project 'swift-http-types')
    cd /Users/shashipandey/Library/Developer/Xcode/DerivedData/RSMS-galdljqllugdxqeukomoxaxsigpi/SourcePackages/checkouts/swift-http-types
    builtin-copy -exclude .DS_Store -exclude CVS -exclude .svn -exclude .git -exclude .hg -resolve-src-symlinks /Users/shashipandey/Library/Developer/Xcode/DerivedData/RSMS-galdljqllugdxqeukomoxaxsigpi/Build/Intermediates.noindex/swift-http-types.build/Debug-iphonesimulator/HTTPTypes.build/HTTPTypes.modulemap /Users/shashipandey/Library/Developer/Xcode/DerivedData/RSMS-galdljqllugdxqeukomoxaxsigpi/Build/Intermediates.noindex/GeneratedModuleMaps-iphonesimulator

Copy /Users/shashipandey/Library/Developer/Xcode/DerivedData/RSMS-galdljqllugdxqeukomoxaxsigpi/Build/Intermediates.noindex/GeneratedModuleMaps-iphonesimulator/ConcurrencyExtras.modulemap /Users/shashipandey/Library/Developer/Xcode/DerivedData/RSMS-galdljqllugdxqeukomoxaxsigpi/Build/Intermediates.noindex/swift-concurrency-extras.build/Debug-iphonesimulator/ConcurrencyExtras.build/ConcurrencyExtras.modulemap (in target 'ConcurrencyExtras' from project 'swift-concurrency-extras')
    cd /Users/shashipandey/Library/Developer/Xcode/DerivedData/RSMS-galdljqllugdxqeukomoxaxsigpi/SourcePackages/checkouts/swift-concurrency-extras
    builtin-copy -exclude .DS_Store -exclude CVS -exclude .svn -exclude .git -exclude .hg -resolve-src-symlinks /Users/shashipandey/Library/Developer/Xcode/DerivedData/RSMS-galdljqllugdxqeukomoxaxsigpi/Build/Intermediates.noindex/swift-concurrency-extras.build/Debug-iphonesimulator/ConcurrencyExtras.build/ConcurrencyExtras.modulemap /Users/shashipandey/Library/Developer/Xcode/DerivedData/RSMS-galdljqllugdxqeukomoxaxsigpi/Build/Intermediates.noindex/GeneratedModuleMaps-iphonesimulator

Copy /Users/shashipandey/Library/Developer/Xcode/DerivedData/RSMS-galdljqllugdxqeukomoxaxsigpi/Build/Intermediates.noindex/GeneratedModuleMaps-iphonesimulator/Clocks.modulemap /Users/shashipandey/Library/Developer/Xcode/DerivedData/RSMS-galdljqllugdxqeukomoxaxsigpi/Build/Intermediates.noindex/swift-clocks.build/Debug-iphonesimulator/Clocks.build/Clocks.modulemap (in target 'Clocks' from project 'swift-clocks')
    cd /Users/shashipandey/Library/Developer/Xcode/DerivedData/RSMS-galdljqllugdxqeukomoxaxsigpi/SourcePackages/checkouts/swift-clocks
    builtin-copy -exclude .DS_Store -exclude CVS -exclude .svn -exclude .git -exclude .hg -resolve-src-symlinks /Users/shashipandey/Library/Developer/Xcode/DerivedData/RSMS-galdljqllugdxqeukomoxaxsigpi/Build/Intermediates.noindex/swift-clocks.build/Debug-iphonesimulator/Clocks.build/Clocks.modulemap /Users/shashipandey/Library/Developer/Xcode/DerivedData/RSMS-galdljqllugdxqeukomoxaxsigpi/Build/Intermediates.noindex/GeneratedModuleMaps-iphonesimulator

CpResource /Users/shashipandey/Library/Developer/Xcode/DerivedData/RSMS-galdljqllugdxqeukomoxaxsigpi/Build/Products/Debug-iphonesimulator/swift-crypto_Crypto.bundle/PrivacyInfo.xcprivacy /Users/shashipandey/Library/Developer/Xcode/DerivedData/RSMS-galdljqllugdxqeukomoxaxsigpi/SourcePackages/checkouts/swift-crypto/Sources/Crypto/PrivacyInfo.xcprivacy (in target 'swift-crypto_Crypto' from project 'swift-crypto')
    cd /Users/shashipandey/Library/Developer/Xcode/DerivedData/RSMS-galdljqllugdxqeukomoxaxsigpi/SourcePackages/checkouts/swift-crypto
    builtin-copy -exclude .DS_Store -exclude CVS -exclude .svn -exclude .git -exclude .hg -resolve-src-symlinks /Users/shashipandey/Library/Developer/Xcode/DerivedData/RSMS-galdljqllugdxqeukomoxaxsigpi/SourcePackages/checkouts/swift-crypto/Sources/Crypto/PrivacyInfo.xcprivacy /Users/shashipandey/Library/Developer/Xcode/DerivedData/RSMS-galdljqllugdxqeukomoxaxsigpi/Build/Products/Debug-iphonesimulator/swift-crypto_Crypto.bundle

Copy /Users/shashipandey/Library/Developer/Xcode/DerivedData/RSMS-galdljqllugdxqeukomoxaxsigpi/Build/Products/Debug-iphonesimulator/SalesAssociateModule.framework/Modules/module.modulemap /Users/shashipandey/Library/Developer/Xcode/DerivedData/RSMS-galdljqllugdxqeukomoxaxsigpi/Build/Intermediates.noindex/RSMS.build/Debug-iphonesimulator/SalesAssociateModule.build/module.modulemap (in target 'SalesAssociateModule' from project 'RSMS')
    cd /Users/shashipandey/Desktop/Team-8
    builtin-copy -exclude .DS_Store -exclude CVS -exclude .svn -exclude .git -exclude .hg -resolve-src-symlinks /Users/shashipandey/Library/Developer/Xcode/DerivedData/RSMS-galdljqllugdxqeukomoxaxsigpi/Build/Intermediates.noindex/RSMS.build/Debug-iphonesimulator/SalesAssociateModule.build/module.modulemap /Users/shashipandey/Library/Developer/Xcode/DerivedData/RSMS-galdljqllugdxqeukomoxaxsigpi/Build/Products/Debug-iphonesimulator/SalesAssociateModule.framework/Modules

SwiftDriver Crypto normal arm64 com.apple.xcode.tools.swift.compiler (in target 'Crypto' from project 'swift-crypto')
    cd /Users/shashipandey/Desktop/Team-8/RSMS.xcodeproj
    builtin-SwiftDriver -- /Applications/Xcode.app/Contents/Developer/Toolchains/XcodeDefault.xctoolchain/usr/bin/swiftc -module-name Crypto -Onone @/Users/shashipandey/Library/Developer/Xcode/DerivedData/RSMS-galdljqllugdxqeukomoxaxsigpi/Build/Intermediates.noindex/swift-crypto.build/Debug-iphonesimulator/Crypto.build/Objects-normal/arm64/Crypto.SwiftFileList -DSWIFT_PACKAGE -DDEBUG -DSWIFT_MODULE_RESOURCE_BUNDLE_AVAILABLE -DCRYPTO_IN_SWIFTPM -DXcode -enable-upcoming-feature MemberImportVisibility -plugin-path /Applications/Xcode.app/Contents/Developer/Toolchains/XcodeDefault.xctoolchain/usr/lib/swift/host/plugins/testing -enable-experimental-feature DebugDescriptionMacro -sdk /Applications/Xcode.app/Contents/Developer/Platforms/iPhoneSimulator.platform/Developer/SDKs/iPhoneSimulator26.5.sdk -target arm64-apple-ios12.0-simulator -g -module-cache-path /Users/shashipandey/Library/Developer/Xcode/DerivedData/ModuleCache.noindex -Xfrontend -serialize-debugging-options -enable-testing -suppress-warnings -index-store-path /Users/shashipandey/Library/Developer/Xcode/DerivedData/RSMS-galdljqllugdxqeukomoxaxsigpi/Index.noindex/DataStore -Xcc -D_LIBCPP_HARDENING_MODE\=_LIBCPP_HARDENING_MODE_DEBUG -swift-version 6 -I /Users/shashipandey/Library/Developer/Xcode/DerivedData/RSMS-galdljqllugdxqeukomoxaxsigpi/Build/Products/Debug-iphonesimulator -Isystem /Applications/Xcode.app/Contents/Developer/Platforms/iPhoneSimulator.platform/Developer/usr/lib -F /Users/shashipandey/Library/Developer/Xcode/DerivedData/RSMS-galdljqllugdxqeukomoxaxsigpi/Build/Products/Debug-iphonesimulator -F /Applications/Xcode.app/Contents/Developer/Platforms/iPhoneSimulator.platform/Developer/Library/Frameworks -F /Applications/Xcode.app/Contents/Developer/Platforms/iPhoneSimulator.platform/Developer/SDKs/iPhoneSimulator26.5.sdk/Developer/Library/Frameworks -c -j10 -enable-batch-mode -incremental -Xcc -ivfsstatcache -Xcc /Users/shashipandey/Library/Developer/Xcode/DerivedData/SDKStatCaches.noindex/iphonesimulator26.5-23F81a-6cfe768891a92b912361537c460fe42b.sdkstatcache -output-file-map /Users/shashipandey/Library/Developer/Xcode/DerivedData/RSMS-galdljqllugdxqeukomoxaxsigpi/Build/Intermediates.noindex/swift-crypto.build/Debug-iphonesimulator/Crypto.build/Objects-normal/arm64/Crypto-OutputFileMap.json -use-frontend-parseable-output -save-temps -no-color-diagnostics -explicit-module-build -module-cache-path /Users/shashipandey/Library/Developer/Xcode/DerivedData/RSMS-galdljqllugdxqeukomoxaxsigpi/Build/Intermediates.noindex/SwiftExplicitPrecompiledModules -clang-scanner-module-cache-path /Users/shashipandey/Library/Developer/Xcode/DerivedData/ModuleCache.noindex -sdk-module-cache-path /Users/shashipandey/Library/Developer/Xcode/DerivedData/ModuleCache.noindex -serialize-diagnostics -emit-dependencies -emit-module -emit-module-path /Users/shashipandey/Library/Developer/Xcode/DerivedData/RSMS-galdljqllugdxqeukomoxaxsigpi/Build/Intermediates.noindex/swift-crypto.build/Debug-iphonesimulator/Crypto.build/Objects-normal/arm64/Crypto.swiftmodule -user-module-version 4.5.0 -validate-clang-modules-once -clang-build-session-file /Users/shashipandey/Library/Developer/Xcode/DerivedData/ModuleCache.noindex/Session.modulevalidation -package-name swift_crypto -Xcc -I/Users/shashipandey/Library/Developer/Xcode/DerivedData/RSMS-galdljqllugdxqeukomoxaxsigpi/Build/Intermediates.noindex/swift-crypto.build/Debug-iphonesimulator/Crypto.build/swift-overrides.hmap -emit-const-values -Xfrontend -const-gather-protocols-file -Xfrontend /Users/shashipandey/Library/Developer/Xcode/DerivedData/RSMS-galdljqllugdxqeukomoxaxsigpi/Build/Intermediates.noindex/swift-crypto.build/Debug-iphonesimulator/Crypto.build/Objects-normal/arm64/Crypto_const_extract_protocols.json -Xcc -I/Users/shashipandey/Library/Developer/Xcode/DerivedData/RSMS-galdljqllugdxqeukomoxaxsigpi/Build/Products/Debug-iphonesimulator/include -Xcc -I/Users/shashipandey/Library/Developer/Xcode/DerivedData/RSMS-galdljqllugdxqeukomoxaxsigpi/Build/Intermediates.noindex/swift-crypto.build/Debug-iphonesimulator/Crypto.build/DerivedSources-normal/arm64 -Xcc -I/Users/shashipandey/Library/Developer/Xcode/DerivedData/RSMS-galdljqllugdxqeukomoxaxsigpi/Build/Intermediates.noindex/swift-crypto.build/Debug-iphonesimulator/Crypto.build/DerivedSources/arm64 -Xcc -I/Users/shashipandey/Library/Developer/Xcode/DerivedData/RSMS-galdljqllugdxqeukomoxaxsigpi/Build/Intermediates.noindex/swift-crypto.build/Debug-iphonesimulator/Crypto.build/DerivedSources -Xcc -DSWIFT_PACKAGE -Xcc -DDEBUG\=1 -emit-objc-header -emit-objc-header-path /Users/shashipandey/Library/Developer/Xcode/DerivedData/RSMS-galdljqllugdxqeukomoxaxsigpi/Build/Intermediates.noindex/swift-crypto.build/Debug-iphonesimulator/Crypto.build/Objects-normal/arm64/Crypto-Swift.h -working-directory /Users/shashipandey/Desktop/Team-8/RSMS.xcodeproj -experimental-emit-module-separately -disable-cmo

SwiftDriver Crypto normal x86_64 com.apple.xcode.tools.swift.compiler (in target 'Crypto' from project 'swift-crypto')
    cd /Users/shashipandey/Desktop/Team-8/RSMS.xcodeproj
    builtin-SwiftDriver -- /Applications/Xcode.app/Contents/Developer/Toolchains/XcodeDefault.xctoolchain/usr/bin/swiftc -module-name Crypto -Onone @/Users/shashipandey/Library/Developer/Xcode/DerivedData/RSMS-galdljqllugdxqeukomoxaxsigpi/Build/Intermediates.noindex/swift-crypto.build/Debug-iphonesimulator/Crypto.build/Objects-normal/x86_64/Crypto.SwiftFileList -DSWIFT_PACKAGE -DDEBUG -DSWIFT_MODULE_RESOURCE_BUNDLE_AVAILABLE -DCRYPTO_IN_SWIFTPM -DXcode -enable-upcoming-feature MemberImportVisibility -plugin-path /Applications/Xcode.app/Contents/Developer/Toolchains/XcodeDefault.xctoolchain/usr/lib/swift/host/plugins/testing -enable-experimental-feature DebugDescriptionMacro -sdk /Applications/Xcode.app/Contents/Developer/Platforms/iPhoneSimulator.platform/Developer/SDKs/iPhoneSimulator26.5.sdk -target x86_64-apple-ios12.0-simulator -g -module-cache-path /Users/shashipandey/Library/Developer/Xcode/DerivedData/ModuleCache.noindex -Xfrontend -serialize-debugging-options -enable-testing -suppress-warnings -index-store-path /Users/shashipandey/Library/Developer/Xcode/DerivedData/RSMS-galdljqllugdxqeukomoxaxsigpi/Index.noindex/DataStore -Xcc -D_LIBCPP_HARDENING_MODE\=_LIBCPP_HARDENING_MODE_DEBUG -swift-version 6 -I /Users/shashipandey/Library/Developer/Xcode/DerivedData/RSMS-galdljqllugdxqeukomoxaxsigpi/Build/Products/Debug-iphonesimulator -Isystem /Applications/Xcode.app/Contents/Developer/Platforms/iPhoneSimulator.platform/Developer/usr/lib -F /Users/shashipandey/Library/Developer/Xcode/DerivedData/RSMS-galdljqllugdxqeukomoxaxsigpi/Build/Products/Debug-iphonesimulator -F /Applications/Xcode.app/Contents/Developer/Platforms/iPhoneSimulator.platform/Developer/Library/Frameworks -F /Applications/Xcode.app/Contents/Developer/Platforms/iPhoneSimulator.platform/Developer/SDKs/iPhoneSimulator26.5.sdk/Developer/Library/Frameworks -c -j10 -enable-batch-mode -incremental -Xcc -ivfsstatcache -Xcc /Users/shashipandey/Library/Developer/Xcode/DerivedData/SDKStatCaches.noindex/iphonesimulator26.5-23F81a-6cfe768891a92b912361537c460fe42b.sdkstatcache -output-file-map /Users/shashipandey/Library/Developer/Xcode/DerivedData/RSMS-galdljqllugdxqeukomoxaxsigpi/Build/Intermediates.noindex/swift-crypto.build/Debug-iphonesimulator/Crypto.build/Objects-normal/x86_64/Crypto-OutputFileMap.json -use-frontend-parseable-output -save-temps -no-color-diagnostics -explicit-module-build -module-cache-path /Users/shashipandey/Library/Developer/Xcode/DerivedData/RSMS-galdljqllugdxqeukomoxaxsigpi/Build/Intermediates.noindex/SwiftExplicitPrecompiledModules -clang-scanner-module-cache-path /Users/shashipandey/Library/Developer/Xcode/DerivedData/ModuleCache.noindex -sdk-module-cache-path /Users/shashipandey/Library/Developer/Xcode/DerivedData/ModuleCache.noindex -serialize-diagnostics -emit-dependencies -emit-module -emit-module-path /Users/shashipandey/Library/Developer/Xcode/DerivedData/RSMS-galdljqllugdxqeukomoxaxsigpi/Build/Intermediates.noindex/swift-crypto.build/Debug-iphonesimulator/Crypto.build/Objects-normal/x86_64/Crypto.swiftmodule -user-module-version 4.5.0 -validate-clang-modules-once -clang-build-session-file /Users/shashipandey/Library/Developer/Xcode/DerivedData/ModuleCache.noindex/Session.modulevalidation -package-name swift_crypto -Xcc -I/Users/shashipandey/Library/Developer/Xcode/DerivedData/RSMS-galdljqllugdxqeukomoxaxsigpi/Build/Intermediates.noindex/swift-crypto.build/Debug-iphonesimulator/Crypto.build/swift-overrides.hmap -emit-const-values -Xfrontend -const-gather-protocols-file -Xfrontend /Users/shashipandey/Library/Developer/Xcode/DerivedData/RSMS-galdljqllugdxqeukomoxaxsigpi/Build/Intermediates.noindex/swift-crypto.build/Debug-iphonesimulator/Crypto.build/Objects-normal/x86_64/Crypto_const_extract_protocols.json -Xcc -I/Users/shashipandey/Library/Developer/Xcode/DerivedData/RSMS-galdljqllugdxqeukomoxaxsigpi/Build/Products/Debug-iphonesimulator/include -Xcc -I/Users/shashipandey/Library/Developer/Xcode/DerivedData/RSMS-galdljqllugdxqeukomoxaxsigpi/Build/Intermediates.noindex/swift-crypto.build/Debug-iphonesimulator/Crypto.build/DerivedSources-normal/x86_64 -Xcc -I/Users/shashipandey/Library/Developer/Xcode/DerivedData/RSMS-galdljqllugdxqeukomoxaxsigpi/Build/Intermediates.noindex/swift-crypto.build/Debug-iphonesimulator/Crypto.build/DerivedSources/x86_64 -Xcc -I/Users/shashipandey/Library/Developer/Xcode/DerivedData/RSMS-galdljqllugdxqeukomoxaxsigpi/Build/Intermediates.noindex/swift-crypto.build/Debug-iphonesimulator/Crypto.build/DerivedSources -Xcc -DSWIFT_PACKAGE -Xcc -DDEBUG\=1 -emit-objc-header -emit-objc-header-path /Users/shashipandey/Library/Developer/Xcode/DerivedData/RSMS-galdljqllugdxqeukomoxaxsigpi/Build/Intermediates.noindex/swift-crypto.build/Debug-iphonesimulator/Crypto.build/Objects-normal/x86_64/Crypto-Swift.h -working-directory /Users/shashipandey/Desktop/Team-8/RSMS.xcodeproj -experimental-emit-module-separately -disable-cmo

Copy /Users/shashipandey/Library/Developer/Xcode/DerivedData/RSMS-galdljqllugdxqeukomoxaxsigpi/Build/Intermediates.noindex/GeneratedModuleMaps-iphonesimulator/RazorpayCheckout.modulemap /Users/shashipandey/Library/Developer/Xcode/DerivedData/RSMS-galdljqllugdxqeukomoxaxsigpi/Build/Intermediates.noindex/RazorpayCheckout.build/Debug-iphonesimulator/RazorpayCheckout.build/RazorpayCheckout.modulemap (in target 'RazorpayCheckout' from project 'RazorpayCheckout')
    cd /Users/shashipandey/Library/Developer/Xcode/DerivedData/RSMS-galdljqllugdxqeukomoxaxsigpi/SourcePackages/checkouts/razorpay-pod
    builtin-copy -exclude .DS_Store -exclude CVS -exclude .svn -exclude .git -exclude .hg -resolve-src-symlinks /Users/shashipandey/Library/Developer/Xcode/DerivedData/RSMS-galdljqllugdxqeukomoxaxsigpi/Build/Intermediates.noindex/RazorpayCheckout.build/Debug-iphonesimulator/RazorpayCheckout.build/RazorpayCheckout.modulemap /Users/shashipandey/Library/Developer/Xcode/DerivedData/RSMS-galdljqllugdxqeukomoxaxsigpi/Build/Intermediates.noindex/GeneratedModuleMaps-iphonesimulator

SwiftDriver ConcurrencyExtras normal arm64 com.apple.xcode.tools.swift.compiler (in target 'ConcurrencyExtras' from project 'swift-concurrency-extras')
    cd /Users/shashipandey/Desktop/Team-8/RSMS.xcodeproj
    builtin-SwiftDriver -- /Applications/Xcode.app/Contents/Developer/Toolchains/XcodeDefault.xctoolchain/usr/bin/swiftc -module-name ConcurrencyExtras -Onone @/Users/shashipandey/Library/Developer/Xcode/DerivedData/RSMS-galdljqllugdxqeukomoxaxsigpi/Build/Intermediates.noindex/swift-concurrency-extras.build/Debug-iphonesimulator/ConcurrencyExtras.build/Objects-normal/arm64/ConcurrencyExtras.SwiftFileList -DSWIFT_PACKAGE -DDEBUG -DSWIFT_MODULE_RESOURCE_BUNDLE_UNAVAILABLE -DXcode -enable-upcoming-feature NonisolatedNonsendingByDefault -plugin-path /Applications/Xcode.app/Contents/Developer/Toolchains/XcodeDefault.xctoolchain/usr/lib/swift/host/plugins/testing -enable-experimental-feature DebugDescriptionMacro -sdk /Applications/Xcode.app/Contents/Developer/Platforms/iPhoneSimulator.platform/Developer/SDKs/iPhoneSimulator26.5.sdk -target arm64-apple-ios13.0-simulator -g -module-cache-path /Users/shashipandey/Library/Developer/Xcode/DerivedData/ModuleCache.noindex -Xfrontend -serialize-debugging-options -enable-testing -suppress-warnings -index-store-path /Users/shashipandey/Library/Developer/Xcode/DerivedData/RSMS-galdljqllugdxqeukomoxaxsigpi/Index.noindex/DataStore -Xcc -D_LIBCPP_HARDENING_MODE\=_LIBCPP_HARDENING_MODE_DEBUG -swift-version 6 -I /Users/shashipandey/Library/Developer/Xcode/DerivedData/RSMS-galdljqllugdxqeukomoxaxsigpi/Build/Products/Debug-iphonesimulator -Isystem /Applications/Xcode.app/Contents/Developer/Platforms/iPhoneSimulator.platform/Developer/usr/lib -F /Users/shashipandey/Library/Developer/Xcode/DerivedData/RSMS-galdljqllugdxqeukomoxaxsigpi/Build/Products/Debug-iphonesimulator -F /Applications/Xcode.app/Contents/Developer/Platforms/iPhoneSimulator.platform/Developer/Library/Frameworks -F /Applications/Xcode.app/Contents/Developer/Platforms/iPhoneSimulator.platform/Developer/SDKs/iPhoneSimulator26.5.sdk/Developer/Library/Frameworks -c -j10 -enable-batch-mode -incremental -Xcc -ivfsstatcache -Xcc /Users/shashipandey/Library/Developer/Xcode/DerivedData/SDKStatCaches.noindex/iphonesimulator26.5-23F81a-6cfe768891a92b912361537c460fe42b.sdkstatcache -output-file-map /Users/shashipandey/Library/Developer/Xcode/DerivedData/RSMS-galdljqllugdxqeukomoxaxsigpi/Build/Intermediates.noindex/swift-concurrency-extras.build/Debug-iphonesimulator/ConcurrencyExtras.build/Objects-normal/arm64/ConcurrencyExtras-OutputFileMap.json -use-frontend-parseable-output -save-temps -no-color-diagnostics -explicit-module-build -module-cache-path /Users/shashipandey/Library/Developer/Xcode/DerivedData/RSMS-galdljqllugdxqeukomoxaxsigpi/Build/Intermediates.noindex/SwiftExplicitPrecompiledModules -clang-scanner-module-cache-path /Users/shashipandey/Library/Developer/Xcode/DerivedData/ModuleCache.noindex -sdk-module-cache-path /Users/shashipandey/Library/Developer/Xcode/DerivedData/ModuleCache.noindex -serialize-diagnostics -emit-dependencies -emit-module -emit-module-path /Users/shashipandey/Library/Developer/Xcode/DerivedData/RSMS-galdljqllugdxqeukomoxaxsigpi/Build/Intermediates.noindex/swift-concurrency-extras.build/Debug-iphonesimulator/ConcurrencyExtras.build/Objects-normal/arm64/ConcurrencyExtras.swiftmodule -user-module-version 1.4.0 -validate-clang-modules-once -clang-build-session-file /Users/shashipandey/Library/Developer/Xcode/DerivedData/ModuleCache.noindex/Session.modulevalidation -package-name swift_concurrency_extras -Xcc -I/Users/shashipandey/Library/Developer/Xcode/DerivedData/RSMS-galdljqllugdxqeukomoxaxsigpi/Build/Intermediates.noindex/swift-concurrency-extras.build/Debug-iphonesimulator/ConcurrencyExtras.build/swift-overrides.hmap -emit-const-values -Xfrontend -const-gather-protocols-file -Xfrontend /Users/shashipandey/Library/Developer/Xcode/DerivedData/RSMS-galdljqllugdxqeukomoxaxsigpi/Build/Intermediates.noindex/swift-concurrency-extras.build/Debug-iphonesimulator/ConcurrencyExtras.build/Objects-normal/arm64/ConcurrencyExtras_const_extract_protocols.json -Xcc -I/Users/shashipandey/Library/Developer/Xcode/DerivedData/RSMS-galdljqllugdxqeukomoxaxsigpi/Build/Products/Debug-iphonesimulator/include -Xcc -I/Users/shashipandey/Library/Developer/Xcode/DerivedData/RSMS-galdljqllugdxqeukomoxaxsigpi/Build/Intermediates.noindex/swift-concurrency-extras.build/Debug-iphonesimulator/ConcurrencyExtras.build/DerivedSources-normal/arm64 -Xcc -I/Users/shashipandey/Library/Developer/Xcode/DerivedData/RSMS-galdljqllugdxqeukomoxaxsigpi/Build/Intermediates.noindex/swift-concurrency-extras.build/Debug-iphonesimulator/ConcurrencyExtras.build/DerivedSources/arm64 -Xcc -I/Users/shashipandey/Library/Developer/Xcode/DerivedData/RSMS-galdljqllugdxqeukomoxaxsigpi/Build/Intermediates.noindex/swift-concurrency-extras.build/Debug-iphonesimulator/ConcurrencyExtras.build/DerivedSources -Xcc -DSWIFT_PACKAGE -Xcc -DDEBUG\=1 -emit-objc-header -emit-objc-header-path /Users/shashipandey/Library/Developer/Xcode/DerivedData/RSMS-galdljqllugdxqeukomoxaxsigpi/Build/Intermediates.noindex/swift-concurrency-extras.build/Debug-iphonesimulator/ConcurrencyExtras.build/Objects-normal/arm64/ConcurrencyExtras-Swift.h -working-directory /Users/shashipandey/Desktop/Team-8/RSMS.xcodeproj -experimental-emit-module-separately -disable-cmo

SwiftDriver ConcurrencyExtras normal x86_64 com.apple.xcode.tools.swift.compiler (in target 'ConcurrencyExtras' from project 'swift-concurrency-extras')
    cd /Users/shashipandey/Desktop/Team-8/RSMS.xcodeproj
    builtin-SwiftDriver -- /Applications/Xcode.app/Contents/Developer/Toolchains/XcodeDefault.xctoolchain/usr/bin/swiftc -module-name ConcurrencyExtras -Onone @/Users/shashipandey/Library/Developer/Xcode/DerivedData/RSMS-galdljqllugdxqeukomoxaxsigpi/Build/Intermediates.noindex/swift-concurrency-extras.build/Debug-iphonesimulator/ConcurrencyExtras.build/Objects-normal/x86_64/ConcurrencyExtras.SwiftFileList -DSWIFT_PACKAGE -DDEBUG -DSWIFT_MODULE_RESOURCE_BUNDLE_UNAVAILABLE -DXcode -enable-upcoming-feature NonisolatedNonsendingByDefault -plugin-path /Applications/Xcode.app/Contents/Developer/Toolchains/XcodeDefault.xctoolchain/usr/lib/swift/host/plugins/testing -enable-experimental-feature DebugDescriptionMacro -sdk /Applications/Xcode.app/Contents/Developer/Platforms/iPhoneSimulator.platform/Developer/SDKs/iPhoneSimulator26.5.sdk -target x86_64-apple-ios13.0-simulator -g -module-cache-path /Users/shashipandey/Library/Developer/Xcode/DerivedData/ModuleCache.noindex -Xfrontend -serialize-debugging-options -enable-testing -suppress-warnings -index-store-path /Users/shashipandey/Library/Developer/Xcode/DerivedData/RSMS-galdljqllugdxqeukomoxaxsigpi/Index.noindex/DataStore -Xcc -D_LIBCPP_HARDENING_MODE\=_LIBCPP_HARDENING_MODE_DEBUG -swift-version 6 -I /Users/shashipandey/Library/Developer/Xcode/DerivedData/RSMS-galdljqllugdxqeukomoxaxsigpi/Build/Products/Debug-iphonesimulator -Isystem /Applications/Xcode.app/Contents/Developer/Platforms/iPhoneSimulator.platform/Developer/usr/lib -F /Users/shashipandey/Library/Developer/Xcode/DerivedData/RSMS-galdljqllugdxqeukomoxaxsigpi/Build/Products/Debug-iphonesimulator -F /Applications/Xcode.app/Contents/Developer/Platforms/iPhoneSimulator.platform/Developer/Library/Frameworks -F /Applications/Xcode.app/Contents/Developer/Platforms/iPhoneSimulator.platform/Developer/SDKs/iPhoneSimulator26.5.sdk/Developer/Library/Frameworks -c -j10 -enable-batch-mode -incremental -Xcc -ivfsstatcache -Xcc /Users/shashipandey/Library/Developer/Xcode/DerivedData/SDKStatCaches.noindex/iphonesimulator26.5-23F81a-6cfe768891a92b912361537c460fe42b.sdkstatcache -output-file-map /Users/shashipandey/Library/Developer/Xcode/DerivedData/RSMS-galdljqllugdxqeukomoxaxsigpi/Build/Intermediates.noindex/swift-concurrency-extras.build/Debug-iphonesimulator/ConcurrencyExtras.build/Objects-normal/x86_64/ConcurrencyExtras-OutputFileMap.json -use-frontend-parseable-output -save-temps -no-color-diagnostics -explicit-module-build -module-cache-path /Users/shashipandey/Library/Developer/Xcode/DerivedData/RSMS-galdljqllugdxqeukomoxaxsigpi/Build/Intermediates.noindex/SwiftExplicitPrecompiledModules -clang-scanner-module-cache-path /Users/shashipandey/Library/Developer/Xcode/DerivedData/ModuleCache.noindex -sdk-module-cache-path /Users/shashipandey/Library/Developer/Xcode/DerivedData/ModuleCache.noindex -serialize-diagnostics -emit-dependencies -emit-module -emit-module-path /Users/shashipandey/Library/Developer/Xcode/DerivedData/RSMS-galdljqllugdxqeukomoxaxsigpi/Build/Intermediates.noindex/swift-concurrency-extras.build/Debug-iphonesimulator/ConcurrencyExtras.build/Objects-normal/x86_64/ConcurrencyExtras.swiftmodule -user-module-version 1.4.0 -validate-clang-modules-once -clang-build-session-file /Users/shashipandey/Library/Developer/Xcode/DerivedData/ModuleCache.noindex/Session.modulevalidation -package-name swift_concurrency_extras -Xcc -I/Users/shashipandey/Library/Developer/Xcode/DerivedData/RSMS-galdljqllugdxqeukomoxaxsigpi/Build/Intermediates.noindex/swift-concurrency-extras.build/Debug-iphonesimulator/ConcurrencyExtras.build/swift-overrides.hmap -emit-const-values -Xfrontend -const-gather-protocols-file -Xfrontend /Users/shashipandey/Library/Developer/Xcode/DerivedData/RSMS-galdljqllugdxqeukomoxaxsigpi/Build/Intermediates.noindex/swift-concurrency-extras.build/Debug-iphonesimulator/ConcurrencyExtras.build/Objects-normal/x86_64/ConcurrencyExtras_const_extract_protocols.json -Xcc -I/Users/shashipandey/Library/Developer/Xcode/DerivedData/RSMS-galdljqllugdxqeukomoxaxsigpi/Build/Products/Debug-iphonesimulator/include -Xcc -I/Users/shashipandey/Library/Developer/Xcode/DerivedData/RSMS-galdljqllugdxqeukomoxaxsigpi/Build/Intermediates.noindex/swift-concurrency-extras.build/Debug-iphonesimulator/ConcurrencyExtras.build/DerivedSources-normal/x86_64 -Xcc -I/Users/shashipandey/Library/Developer/Xcode/DerivedData/RSMS-galdljqllugdxqeukomoxaxsigpi/Build/Intermediates.noindex/swift-concurrency-extras.build/Debug-iphonesimulator/ConcurrencyExtras.build/DerivedSources/x86_64 -Xcc -I/Users/shashipandey/Library/Developer/Xcode/DerivedData/RSMS-galdljqllugdxqeukomoxaxsigpi/Build/Intermediates.noindex/swift-concurrency-extras.build/Debug-iphonesimulator/ConcurrencyExtras.build/DerivedSources -Xcc -DSWIFT_PACKAGE -Xcc -DDEBUG\=1 -emit-objc-header -emit-objc-header-path /Users/shashipandey/Library/Developer/Xcode/DerivedData/RSMS-galdljqllugdxqeukomoxaxsigpi/Build/Intermediates.noindex/swift-concurrency-extras.build/Debug-iphonesimulator/ConcurrencyExtras.build/Objects-normal/x86_64/ConcurrencyExtras-Swift.h -working-directory /Users/shashipandey/Desktop/Team-8/RSMS.xcodeproj -experimental-emit-module-separately -disable-cmo

SwiftDriver HTTPTypes normal x86_64 com.apple.xcode.tools.swift.compiler (in target 'HTTPTypes' from project 'swift-http-types')
    cd /Users/shashipandey/Desktop/Team-8/RSMS.xcodeproj
    builtin-SwiftDriver -- /Applications/Xcode.app/Contents/Developer/Toolchains/XcodeDefault.xctoolchain/usr/bin/swiftc -module-name HTTPTypes -Onone @/Users/shashipandey/Library/Developer/Xcode/DerivedData/RSMS-galdljqllugdxqeukomoxaxsigpi/Build/Intermediates.noindex/swift-http-types.build/Debug-iphonesimulator/HTTPTypes.build/Objects-normal/x86_64/HTTPTypes.SwiftFileList -DSWIFT_PACKAGE -DDEBUG -DSWIFT_MODULE_RESOURCE_BUNDLE_UNAVAILABLE -DFoundationURL -DXcode -enable-upcoming-feature InternalImportsByDefault -enable-upcoming-feature MemberImportVisibility -plugin-path /Applications/Xcode.app/Contents/Developer/Toolchains/XcodeDefault.xctoolchain/usr/lib/swift/host/plugins/testing -enable-experimental-feature DebugDescriptionMacro -sdk /Applications/Xcode.app/Contents/Developer/Platforms/iPhoneSimulator.platform/Developer/SDKs/iPhoneSimulator26.5.sdk -target x86_64-apple-ios12.0-simulator -g -module-cache-path /Users/shashipandey/Library/Developer/Xcode/DerivedData/ModuleCache.noindex -Xfrontend -serialize-debugging-options -enable-testing -suppress-warnings -index-store-path /Users/shashipandey/Library/Developer/Xcode/DerivedData/RSMS-galdljqllugdxqeukomoxaxsigpi/Index.noindex/DataStore -Xcc -D_LIBCPP_HARDENING_MODE\=_LIBCPP_HARDENING_MODE_DEBUG -swift-version 6 -I /Users/shashipandey/Library/Developer/Xcode/DerivedData/RSMS-galdljqllugdxqeukomoxaxsigpi/Build/Products/Debug-iphonesimulator -Isystem /Applications/Xcode.app/Contents/Developer/Platforms/iPhoneSimulator.platform/Developer/usr/lib -F /Users/shashipandey/Library/Developer/Xcode/DerivedData/RSMS-galdljqllugdxqeukomoxaxsigpi/Build/Products/Debug-iphonesimulator -F /Applications/Xcode.app/Contents/Developer/Platforms/iPhoneSimulator.platform/Developer/Library/Frameworks -F /Applications/Xcode.app/Contents/Developer/Platforms/iPhoneSimulator.platform/Developer/SDKs/iPhoneSimulator26.5.sdk/Developer/Library/Frameworks -c -j10 -enable-batch-mode -incremental -Xcc -ivfsstatcache -Xcc /Users/shashipandey/Library/Developer/Xcode/DerivedData/SDKStatCaches.noindex/iphonesimulator26.5-23F81a-6cfe768891a92b912361537c460fe42b.sdkstatcache -output-file-map /Users/shashipandey/Library/Developer/Xcode/DerivedData/RSMS-galdljqllugdxqeukomoxaxsigpi/Build/Intermediates.noindex/swift-http-types.build/Debug-iphonesimulator/HTTPTypes.build/Objects-normal/x86_64/HTTPTypes-OutputFileMap.json -use-frontend-parseable-output -save-temps -no-color-diagnostics -explicit-module-build -module-cache-path /Users/shashipandey/Library/Developer/Xcode/DerivedData/RSMS-galdljqllugdxqeukomoxaxsigpi/Build/Intermediates.noindex/SwiftExplicitPrecompiledModules -clang-scanner-module-cache-path /Users/shashipandey/Library/Developer/Xcode/DerivedData/ModuleCache.noindex -sdk-module-cache-path /Users/shashipandey/Library/Developer/Xcode/DerivedData/ModuleCache.noindex -serialize-diagnostics -emit-dependencies -emit-module -emit-module-path /Users/shashipandey/Library/Developer/Xcode/DerivedData/RSMS-galdljqllugdxqeukomoxaxsigpi/Build/Intermediates.noindex/swift-http-types.build/Debug-iphonesimulator/HTTPTypes.build/Objects-normal/x86_64/HTTPTypes.swiftmodule -user-module-version 1.6.0 -validate-clang-modules-once -clang-build-session-file /Users/shashipandey/Library/Developer/Xcode/DerivedData/ModuleCache.noindex/Session.modulevalidation -package-name swift_http_types -Xcc -I/Users/shashipandey/Library/Developer/Xcode/DerivedData/RSMS-galdljqllugdxqeukomoxaxsigpi/Build/Intermediates.noindex/swift-http-types.build/Debug-iphonesimulator/HTTPTypes.build/swift-overrides.hmap -emit-const-values -Xfrontend -const-gather-protocols-file -Xfrontend /Users/shashipandey/Library/Developer/Xcode/DerivedData/RSMS-galdljqllugdxqeukomoxaxsigpi/Build/Intermediates.noindex/swift-http-types.build/Debug-iphonesimulator/HTTPTypes.build/Objects-normal/x86_64/HTTPTypes_const_extract_protocols.json -Xcc -I/Users/shashipandey/Library/Developer/Xcode/DerivedData/RSMS-galdljqllugdxqeukomoxaxsigpi/Build/Products/Debug-iphonesimulator/include -Xcc -I/Users/shashipandey/Library/Developer/Xcode/DerivedData/RSMS-galdljqllugdxqeukomoxaxsigpi/Build/Intermediates.noindex/swift-http-types.build/Debug-iphonesimulator/HTTPTypes.build/DerivedSources-normal/x86_64 -Xcc -I/Users/shashipandey/Library/Developer/Xcode/DerivedData/RSMS-galdljqllugdxqeukomoxaxsigpi/Build/Intermediates.noindex/swift-http-types.build/Debug-iphonesimulator/HTTPTypes.build/DerivedSources/x86_64 -Xcc -I/Users/shashipandey/Library/Developer/Xcode/DerivedData/RSMS-galdljqllugdxqeukomoxaxsigpi/Build/Intermediates.noindex/swift-http-types.build/Debug-iphonesimulator/HTTPTypes.build/DerivedSources -Xcc -DSWIFT_PACKAGE -Xcc -DDEBUG\=1 -emit-objc-header -emit-objc-header-path /Users/shashipandey/Library/Developer/Xcode/DerivedData/RSMS-galdljqllugdxqeukomoxaxsigpi/Build/Intermediates.noindex/swift-http-types.build/Debug-iphonesimulator/HTTPTypes.build/Objects-normal/x86_64/HTTPTypes-Swift.h -working-directory /Users/shashipandey/Desktop/Team-8/RSMS.xcodeproj -experimental-emit-module-separately -disable-cmo

SwiftDriver HTTPTypes normal arm64 com.apple.xcode.tools.swift.compiler (in target 'HTTPTypes' from project 'swift-http-types')
    cd /Users/shashipandey/Desktop/Team-8/RSMS.xcodeproj
    builtin-SwiftDriver -- /Applications/Xcode.app/Contents/Developer/Toolchains/XcodeDefault.xctoolchain/usr/bin/swiftc -module-name HTTPTypes -Onone @/Users/shashipandey/Library/Developer/Xcode/DerivedData/RSMS-galdljqllugdxqeukomoxaxsigpi/Build/Intermediates.noindex/swift-http-types.build/Debug-iphonesimulator/HTTPTypes.build/Objects-normal/arm64/HTTPTypes.SwiftFileList -DSWIFT_PACKAGE -DDEBUG -DSWIFT_MODULE_RESOURCE_BUNDLE_UNAVAILABLE -DFoundationURL -DXcode -enable-upcoming-feature InternalImportsByDefault -enable-upcoming-feature MemberImportVisibility -plugin-path /Applications/Xcode.app/Contents/Developer/Toolchains/XcodeDefault.xctoolchain/usr/lib/swift/host/plugins/testing -enable-experimental-feature DebugDescriptionMacro -sdk /Applications/Xcode.app/Contents/Developer/Platforms/iPhoneSimulator.platform/Developer/SDKs/iPhoneSimulator26.5.sdk -target arm64-apple-ios12.0-simulator -g -module-cache-path /Users/shashipandey/Library/Developer/Xcode/DerivedData/ModuleCache.noindex -Xfrontend -serialize-debugging-options -enable-testing -suppress-warnings -index-store-path /Users/shashipandey/Library/Developer/Xcode/DerivedData/RSMS-galdljqllugdxqeukomoxaxsigpi/Index.noindex/DataStore -Xcc -D_LIBCPP_HARDENING_MODE\=_LIBCPP_HARDENING_MODE_DEBUG -swift-version 6 -I /Users/shashipandey/Library/Developer/Xcode/DerivedData/RSMS-galdljqllugdxqeukomoxaxsigpi/Build/Products/Debug-iphonesimulator -Isystem /Applications/Xcode.app/Contents/Developer/Platforms/iPhoneSimulator.platform/Developer/usr/lib -F /Users/shashipandey/Library/Developer/Xcode/DerivedData/RSMS-galdljqllugdxqeukomoxaxsigpi/Build/Products/Debug-iphonesimulator -F /Applications/Xcode.app/Contents/Developer/Platforms/iPhoneSimulator.platform/Developer/Library/Frameworks -F /Applications/Xcode.app/Contents/Developer/Platforms/iPhoneSimulator.platform/Developer/SDKs/iPhoneSimulator26.5.sdk/Developer/Library/Frameworks -c -j10 -enable-batch-mode -incremental -Xcc -ivfsstatcache -Xcc /Users/shashipandey/Library/Developer/Xcode/DerivedData/SDKStatCaches.noindex/iphonesimulator26.5-23F81a-6cfe768891a92b912361537c460fe42b.sdkstatcache -output-file-map /Users/shashipandey/Library/Developer/Xcode/DerivedData/RSMS-galdljqllugdxqeukomoxaxsigpi/Build/Intermediates.noindex/swift-http-types.build/Debug-iphonesimulator/HTTPTypes.build/Objects-normal/arm64/HTTPTypes-OutputFileMap.json -use-frontend-parseable-output -save-temps -no-color-diagnostics -explicit-module-build -module-cache-path /Users/shashipandey/Library/Developer/Xcode/DerivedData/RSMS-galdljqllugdxqeukomoxaxsigpi/Build/Intermediates.noindex/SwiftExplicitPrecompiledModules -clang-scanner-module-cache-path /Users/shashipandey/Library/Developer/Xcode/DerivedData/ModuleCache.noindex -sdk-module-cache-path /Users/shashipandey/Library/Developer/Xcode/DerivedData/ModuleCache.noindex -serialize-diagnostics -emit-dependencies -emit-module -emit-module-path /Users/shashipandey/Library/Developer/Xcode/DerivedData/RSMS-galdljqllugdxqeukomoxaxsigpi/Build/Intermediates.noindex/swift-http-types.build/Debug-iphonesimulator/HTTPTypes.build/Objects-normal/arm64/HTTPTypes.swiftmodule -user-module-version 1.6.0 -validate-clang-modules-once -clang-build-session-file /Users/shashipandey/Library/Developer/Xcode/DerivedData/ModuleCache.noindex/Session.modulevalidation -package-name swift_http_types -Xcc -I/Users/shashipandey/Library/Developer/Xcode/DerivedData/RSMS-galdljqllugdxqeukomoxaxsigpi/Build/Intermediates.noindex/swift-http-types.build/Debug-iphonesimulator/HTTPTypes.build/swift-overrides.hmap -emit-const-values -Xfrontend -const-gather-protocols-file -Xfrontend /Users/shashipandey/Library/Developer/Xcode/DerivedData/RSMS-galdljqllugdxqeukomoxaxsigpi/Build/Intermediates.noindex/swift-http-types.build/Debug-iphonesimulator/HTTPTypes.build/Objects-normal/arm64/HTTPTypes_const_extract_protocols.json -Xcc -I/Users/shashipandey/Library/Developer/Xcode/DerivedData/RSMS-galdljqllugdxqeukomoxaxsigpi/Build/Products/Debug-iphonesimulator/include -Xcc -I/Users/shashipandey/Library/Developer/Xcode/DerivedData/RSMS-galdljqllugdxqeukomoxaxsigpi/Build/Intermediates.noindex/swift-http-types.build/Debug-iphonesimulator/HTTPTypes.build/DerivedSources-normal/arm64 -Xcc -I/Users/shashipandey/Library/Developer/Xcode/DerivedData/RSMS-galdljqllugdxqeukomoxaxsigpi/Build/Intermediates.noindex/swift-http-types.build/Debug-iphonesimulator/HTTPTypes.build/DerivedSources/arm64 -Xcc -I/Users/shashipandey/Library/Developer/Xcode/DerivedData/RSMS-galdljqllugdxqeukomoxaxsigpi/Build/Intermediates.noindex/swift-http-types.build/Debug-iphonesimulator/HTTPTypes.build/DerivedSources -Xcc -DSWIFT_PACKAGE -Xcc -DDEBUG\=1 -emit-objc-header -emit-objc-header-path /Users/shashipandey/Library/Developer/Xcode/DerivedData/RSMS-galdljqllugdxqeukomoxaxsigpi/Build/Intermediates.noindex/swift-http-types.build/Debug-iphonesimulator/HTTPTypes.build/Objects-normal/arm64/HTTPTypes-Swift.h -working-directory /Users/shashipandey/Desktop/Team-8/RSMS.xcodeproj -experimental-emit-module-separately -disable-cmo

SwiftDriver RazorpayCheckout normal arm64 com.apple.xcode.tools.swift.compiler (in target 'RazorpayCheckout' from project 'RazorpayCheckout')
    cd /Users/shashipandey/Desktop/Team-8/RSMS.xcodeproj
    builtin-SwiftDriver -- /Applications/Xcode.app/Contents/Developer/Toolchains/XcodeDefault.xctoolchain/usr/bin/swiftc -module-name RazorpayCheckout -Onone @/Users/shashipandey/Library/Developer/Xcode/DerivedData/RSMS-galdljqllugdxqeukomoxaxsigpi/Build/Intermediates.noindex/RazorpayCheckout.build/Debug-iphonesimulator/RazorpayCheckout.build/Objects-normal/arm64/RazorpayCheckout.SwiftFileList -DSWIFT_PACKAGE -DDEBUG -DSWIFT_MODULE_RESOURCE_BUNDLE_UNAVAILABLE -DXcode -plugin-path /Applications/Xcode.app/Contents/Developer/Toolchains/XcodeDefault.xctoolchain/usr/lib/swift/host/plugins/testing -enable-experimental-feature DebugDescriptionMacro -sdk /Applications/Xcode.app/Contents/Developer/Platforms/iPhoneSimulator.platform/Developer/SDKs/iPhoneSimulator26.5.sdk -target arm64-apple-ios13.0-simulator -g -module-cache-path /Users/shashipandey/Library/Developer/Xcode/DerivedData/ModuleCache.noindex -Xfrontend -serialize-debugging-options -enable-testing -suppress-warnings -index-store-path /Users/shashipandey/Library/Developer/Xcode/DerivedData/RSMS-galdljqllugdxqeukomoxaxsigpi/Index.noindex/DataStore -Xcc -D_LIBCPP_HARDENING_MODE\=_LIBCPP_HARDENING_MODE_DEBUG -swift-version 5 -I /Users/shashipandey/Library/Developer/Xcode/DerivedData/RSMS-galdljqllugdxqeukomoxaxsigpi/Build/Products/Debug-iphonesimulator -Isystem /Applications/Xcode.app/Contents/Developer/Platforms/iPhoneSimulator.platform/Developer/usr/lib -F /Users/shashipandey/Library/Developer/Xcode/DerivedData/RSMS-galdljqllugdxqeukomoxaxsigpi/Build/Products/Debug-iphonesimulator -F /Applications/Xcode.app/Contents/Developer/Platforms/iPhoneSimulator.platform/Developer/Library/Frameworks -F /Applications/Xcode.app/Contents/Developer/Platforms/iPhoneSimulator.platform/Developer/SDKs/iPhoneSimulator26.5.sdk/Developer/Library/Frameworks -parse-as-library -c -j10 -enable-batch-mode -incremental -Xcc -ivfsstatcache -Xcc /Users/shashipandey/Library/Developer/Xcode/DerivedData/SDKStatCaches.noindex/iphonesimulator26.5-23F81a-6cfe768891a92b912361537c460fe42b.sdkstatcache -output-file-map /Users/shashipandey/Library/Developer/Xcode/DerivedData/RSMS-galdljqllugdxqeukomoxaxsigpi/Build/Intermediates.noindex/RazorpayCheckout.build/Debug-iphonesimulator/RazorpayCheckout.build/Objects-normal/arm64/RazorpayCheckout-OutputFileMap.json -use-frontend-parseable-output -save-temps -no-color-diagnostics -explicit-module-build -module-cache-path /Users/shashipandey/Library/Developer/Xcode/DerivedData/RSMS-galdljqllugdxqeukomoxaxsigpi/Build/Intermediates.noindex/SwiftExplicitPrecompiledModules -clang-scanner-module-cache-path /Users/shashipandey/Library/Developer/Xcode/DerivedData/ModuleCache.noindex -sdk-module-cache-path /Users/shashipandey/Library/Developer/Xcode/DerivedData/ModuleCache.noindex -serialize-diagnostics -emit-dependencies -emit-module -emit-module-path /Users/shashipandey/Library/Developer/Xcode/DerivedData/RSMS-galdljqllugdxqeukomoxaxsigpi/Build/Intermediates.noindex/RazorpayCheckout.build/Debug-iphonesimulator/RazorpayCheckout.build/Objects-normal/arm64/RazorpayCheckout.swiftmodule -validate-clang-modules-once -clang-build-session-file /Users/shashipandey/Library/Developer/Xcode/DerivedData/ModuleCache.noindex/Session.modulevalidation -package-name razorpay_pod -Xcc -I/Users/shashipandey/Library/Developer/Xcode/DerivedData/RSMS-galdljqllugdxqeukomoxaxsigpi/Build/Intermediates.noindex/RazorpayCheckout.build/Debug-iphonesimulator/RazorpayCheckout.build/swift-overrides.hmap -emit-const-values -Xfrontend -const-gather-protocols-file -Xfrontend /Users/shashipandey/Library/Developer/Xcode/DerivedData/RSMS-galdljqllugdxqeukomoxaxsigpi/Build/Intermediates.noindex/RazorpayCheckout.build/Debug-iphonesimulator/RazorpayCheckout.build/Objects-normal/arm64/RazorpayCheckout_const_extract_protocols.json -Xcc -I/Users/shashipandey/Library/Developer/Xcode/DerivedData/RSMS-galdljqllugdxqeukomoxaxsigpi/Build/Products/Debug-iphonesimulator/include -Xcc -I/Users/shashipandey/Library/Developer/Xcode/DerivedData/RSMS-galdljqllugdxqeukomoxaxsigpi/Build/Intermediates.noindex/RazorpayCheckout.build/Debug-iphonesimulator/RazorpayCheckout.build/DerivedSources-normal/arm64 -Xcc -I/Users/shashipandey/Library/Developer/Xcode/DerivedData/RSMS-galdljqllugdxqeukomoxaxsigpi/Build/Intermediates.noindex/RazorpayCheckout.build/Debug-iphonesimulator/RazorpayCheckout.build/DerivedSources/arm64 -Xcc -I/Users/shashipandey/Library/Developer/Xcode/DerivedData/RSMS-galdljqllugdxqeukomoxaxsigpi/Build/Intermediates.noindex/RazorpayCheckout.build/Debug-iphonesimulator/RazorpayCheckout.build/DerivedSources -Xcc -DSWIFT_PACKAGE -Xcc -DDEBUG\=1 -emit-objc-header -emit-objc-header-path /Users/shashipandey/Library/Developer/Xcode/DerivedData/RSMS-galdljqllugdxqeukomoxaxsigpi/Build/Intermediates.noindex/RazorpayCheckout.build/Debug-iphonesimulator/RazorpayCheckout.build/Objects-normal/arm64/RazorpayCheckout-Swift.h -working-directory /Users/shashipandey/Desktop/Team-8/RSMS.xcodeproj -experimental-emit-module-separately -disable-cmo

SwiftDriver RazorpayCheckout normal x86_64 com.apple.xcode.tools.swift.compiler (in target 'RazorpayCheckout' from project 'RazorpayCheckout')
    cd /Users/shashipandey/Desktop/Team-8/RSMS.xcodeproj
    builtin-SwiftDriver -- /Applications/Xcode.app/Contents/Developer/Toolchains/XcodeDefault.xctoolchain/usr/bin/swiftc -module-name RazorpayCheckout -Onone @/Users/shashipandey/Library/Developer/Xcode/DerivedData/RSMS-galdljqllugdxqeukomoxaxsigpi/Build/Intermediates.noindex/RazorpayCheckout.build/Debug-iphonesimulator/RazorpayCheckout.build/Objects-normal/x86_64/RazorpayCheckout.SwiftFileList -DSWIFT_PACKAGE -DDEBUG -DSWIFT_MODULE_RESOURCE_BUNDLE_UNAVAILABLE -DXcode -plugin-path /Applications/Xcode.app/Contents/Developer/Toolchains/XcodeDefault.xctoolchain/usr/lib/swift/host/plugins/testing -enable-experimental-feature DebugDescriptionMacro -sdk /Applications/Xcode.app/Contents/Developer/Platforms/iPhoneSimulator.platform/Developer/SDKs/iPhoneSimulator26.5.sdk -target x86_64-apple-ios13.0-simulator -g -module-cache-path /Users/shashipandey/Library/Developer/Xcode/DerivedData/ModuleCache.noindex -Xfrontend -serialize-debugging-options -enable-testing -suppress-warnings -index-store-path /Users/shashipandey/Library/Developer/Xcode/DerivedData/RSMS-galdljqllugdxqeukomoxaxsigpi/Index.noindex/DataStore -Xcc -D_LIBCPP_HARDENING_MODE\=_LIBCPP_HARDENING_MODE_DEBUG -swift-version 5 -I /Users/shashipandey/Library/Developer/Xcode/DerivedData/RSMS-galdljqllugdxqeukomoxaxsigpi/Build/Products/Debug-iphonesimulator -Isystem /Applications/Xcode.app/Contents/Developer/Platforms/iPhoneSimulator.platform/Developer/usr/lib -F /Users/shashipandey/Library/Developer/Xcode/DerivedData/RSMS-galdljqllugdxqeukomoxaxsigpi/Build/Products/Debug-iphonesimulator -F /Applications/Xcode.app/Contents/Developer/Platforms/iPhoneSimulator.platform/Developer/Library/Frameworks -F /Applications/Xcode.app/Contents/Developer/Platforms/iPhoneSimulator.platform/Developer/SDKs/iPhoneSimulator26.5.sdk/Developer/Library/Frameworks -parse-as-library -c -j10 -enable-batch-mode -incremental -Xcc -ivfsstatcache -Xcc /Users/shashipandey/Library/Developer/Xcode/DerivedData/SDKStatCaches.noindex/iphonesimulator26.5-23F81a-6cfe768891a92b912361537c460fe42b.sdkstatcache -output-file-map /Users/shashipandey/Library/Developer/Xcode/DerivedData/RSMS-galdljqllugdxqeukomoxaxsigpi/Build/Intermediates.noindex/RazorpayCheckout.build/Debug-iphonesimulator/RazorpayCheckout.build/Objects-normal/x86_64/RazorpayCheckout-OutputFileMap.json -use-frontend-parseable-output -save-temps -no-color-diagnostics -explicit-module-build -module-cache-path /Users/shashipandey/Library/Developer/Xcode/DerivedData/RSMS-galdljqllugdxqeukomoxaxsigpi/Build/Intermediates.noindex/SwiftExplicitPrecompiledModules -clang-scanner-module-cache-path /Users/shashipandey/Library/Developer/Xcode/DerivedData/ModuleCache.noindex -sdk-module-cache-path /Users/shashipandey/Library/Developer/Xcode/DerivedData/ModuleCache.noindex -serialize-diagnostics -emit-dependencies -emit-module -emit-module-path /Users/shashipandey/Library/Developer/Xcode/DerivedData/RSMS-galdljqllugdxqeukomoxaxsigpi/Build/Intermediates.noindex/RazorpayCheckout.build/Debug-iphonesimulator/RazorpayCheckout.build/Objects-normal/x86_64/RazorpayCheckout.swiftmodule -validate-clang-modules-once -clang-build-session-file /Users/shashipandey/Library/Developer/Xcode/DerivedData/ModuleCache.noindex/Session.modulevalidation -package-name razorpay_pod -Xcc -I/Users/shashipandey/Library/Developer/Xcode/DerivedData/RSMS-galdljqllugdxqeukomoxaxsigpi/Build/Intermediates.noindex/RazorpayCheckout.build/Debug-iphonesimulator/RazorpayCheckout.build/swift-overrides.hmap -emit-const-values -Xfrontend -const-gather-protocols-file -Xfrontend /Users/shashipandey/Library/Developer/Xcode/DerivedData/RSMS-galdljqllugdxqeukomoxaxsigpi/Build/Intermediates.noindex/RazorpayCheckout.build/Debug-iphonesimulator/RazorpayCheckout.build/Objects-normal/x86_64/RazorpayCheckout_const_extract_protocols.json -Xcc -I/Users/shashipandey/Library/Developer/Xcode/DerivedData/RSMS-galdljqllugdxqeukomoxaxsigpi/Build/Products/Debug-iphonesimulator/include -Xcc -I/Users/shashipandey/Library/Developer/Xcode/DerivedData/RSMS-galdljqllugdxqeukomoxaxsigpi/Build/Intermediates.noindex/RazorpayCheckout.build/Debug-iphonesimulator/RazorpayCheckout.build/DerivedSources-normal/x86_64 -Xcc -I/Users/shashipandey/Library/Developer/Xcode/DerivedData/RSMS-galdljqllugdxqeukomoxaxsigpi/Build/Intermediates.noindex/RazorpayCheckout.build/Debug-iphonesimulator/RazorpayCheckout.build/DerivedSources/x86_64 -Xcc -I/Users/shashipandey/Library/Developer/Xcode/DerivedData/RSMS-galdljqllugdxqeukomoxaxsigpi/Build/Intermediates.noindex/RazorpayCheckout.build/Debug-iphonesimulator/RazorpayCheckout.build/DerivedSources -Xcc -DSWIFT_PACKAGE -Xcc -DDEBUG\=1 -emit-objc-header -emit-objc-header-path /Users/shashipandey/Library/Developer/Xcode/DerivedData/RSMS-galdljqllugdxqeukomoxaxsigpi/Build/Intermediates.noindex/RazorpayCheckout.build/Debug-iphonesimulator/RazorpayCheckout.build/Objects-normal/x86_64/RazorpayCheckout-Swift.h -working-directory /Users/shashipandey/Desktop/Team-8/RSMS.xcodeproj -experimental-emit-module-separately -disable-cmo

SwiftDriver IssueReporting normal arm64 com.apple.xcode.tools.swift.compiler (in target 'IssueReporting' from project 'xctest-dynamic-overlay')
    cd /Users/shashipandey/Desktop/Team-8/RSMS.xcodeproj
    builtin-SwiftDriver -- /Applications/Xcode.app/Contents/Developer/Toolchains/XcodeDefault.xctoolchain/usr/bin/swiftc -module-name IssueReporting -Onone @/Users/shashipandey/Library/Developer/Xcode/DerivedData/RSMS-galdljqllugdxqeukomoxaxsigpi/Build/Intermediates.noindex/xctest-dynamic-overlay.build/Debug-iphonesimulator/IssueReporting.build/Objects-normal/arm64/IssueReporting.SwiftFileList -DSWIFT_PACKAGE -DDEBUG -DSWIFT_MODULE_RESOURCE_BUNDLE_UNAVAILABLE -DXcode -enable-upcoming-feature ExistentialAny -enable-upcoming-feature ImmutableWeakCaptures -enable-upcoming-feature InferIsolatedConformances -enable-upcoming-feature InternalImportsByDefault -enable-upcoming-feature MemberImportVisibility -enable-upcoming-feature NonisolatedNonsendingByDefault -plugin-path /Applications/Xcode.app/Contents/Developer/Toolchains/XcodeDefault.xctoolchain/usr/lib/swift/host/plugins/testing -enable-experimental-feature DebugDescriptionMacro -sdk /Applications/Xcode.app/Contents/Developer/Platforms/iPhoneSimulator.platform/Developer/SDKs/iPhoneSimulator26.5.sdk -target arm64-apple-ios13.0-simulator -g -module-cache-path /Users/shashipandey/Library/Developer/Xcode/DerivedData/ModuleCache.noindex -Xfrontend -serialize-debugging-options -enable-testing -suppress-warnings -index-store-path /Users/shashipandey/Library/Developer/Xcode/DerivedData/RSMS-galdljqllugdxqeukomoxaxsigpi/Index.noindex/DataStore -Xcc -D_LIBCPP_HARDENING_MODE\=_LIBCPP_HARDENING_MODE_DEBUG -swift-version 6 -I /Users/shashipandey/Library/Developer/Xcode/DerivedData/RSMS-galdljqllugdxqeukomoxaxsigpi/Build/Products/Debug-iphonesimulator -Isystem /Applications/Xcode.app/Contents/Developer/Platforms/iPhoneSimulator.platform/Developer/usr/lib -F /Users/shashipandey/Library/Developer/Xcode/DerivedData/RSMS-galdljqllugdxqeukomoxaxsigpi/Build/Products/Debug-iphonesimulator -F /Applications/Xcode.app/Contents/Developer/Platforms/iPhoneSimulator.platform/Developer/Library/Frameworks -F /Applications/Xcode.app/Contents/Developer/Platforms/iPhoneSimulator.platform/Developer/SDKs/iPhoneSimulator26.5.sdk/Developer/Library/Frameworks -c -j10 -enable-batch-mode -incremental -Xcc -ivfsstatcache -Xcc /Users/shashipandey/Library/Developer/Xcode/DerivedData/SDKStatCaches.noindex/iphonesimulator26.5-23F81a-6cfe768891a92b912361537c460fe42b.sdkstatcache -output-file-map /Users/shashipandey/Library/Developer/Xcode/DerivedData/RSMS-galdljqllugdxqeukomoxaxsigpi/Build/Intermediates.noindex/xctest-dynamic-overlay.build/Debug-iphonesimulator/IssueReporting.build/Objects-normal/arm64/IssueReporting-OutputFileMap.json -use-frontend-parseable-output -save-temps -no-color-diagnostics -explicit-module-build -module-cache-path /Users/shashipandey/Library/Developer/Xcode/DerivedData/RSMS-galdljqllugdxqeukomoxaxsigpi/Build/Intermediates.noindex/SwiftExplicitPrecompiledModules -clang-scanner-module-cache-path /Users/shashipandey/Library/Developer/Xcode/DerivedData/ModuleCache.noindex -sdk-module-cache-path /Users/shashipandey/Library/Developer/Xcode/DerivedData/ModuleCache.noindex -serialize-diagnostics -emit-dependencies -emit-module -emit-module-path /Users/shashipandey/Library/Developer/Xcode/DerivedData/RSMS-galdljqllugdxqeukomoxaxsigpi/Build/Intermediates.noindex/xctest-dynamic-overlay.build/Debug-iphonesimulator/IssueReporting.build/Objects-normal/arm64/IssueReporting.swiftmodule -user-module-version 1.10.1 -validate-clang-modules-once -clang-build-session-file /Users/shashipandey/Library/Developer/Xcode/DerivedData/ModuleCache.noindex/Session.modulevalidation -package-name xctest_dynamic_overlay -Xcc -I/Users/shashipandey/Library/Developer/Xcode/DerivedData/RSMS-galdljqllugdxqeukomoxaxsigpi/Build/Intermediates.noindex/xctest-dynamic-overlay.build/Debug-iphonesimulator/IssueReporting.build/swift-overrides.hmap -emit-const-values -Xfrontend -const-gather-protocols-file -Xfrontend /Users/shashipandey/Library/Developer/Xcode/DerivedData/RSMS-galdljqllugdxqeukomoxaxsigpi/Build/Intermediates.noindex/xctest-dynamic-overlay.build/Debug-iphonesimulator/IssueReporting.build/Objects-normal/arm64/IssueReporting_const_extract_protocols.json -Xcc -I/Users/shashipandey/Library/Developer/Xcode/DerivedData/RSMS-galdljqllugdxqeukomoxaxsigpi/Build/Products/Debug-iphonesimulator/include -Xcc -I/Users/shashipandey/Library/Developer/Xcode/DerivedData/RSMS-galdljqllugdxqeukomoxaxsigpi/Build/Intermediates.noindex/xctest-dynamic-overlay.build/Debug-iphonesimulator/IssueReporting.build/DerivedSources-normal/arm64 -Xcc -I/Users/shashipandey/Library/Developer/Xcode/DerivedData/RSMS-galdljqllugdxqeukomoxaxsigpi/Build/Intermediates.noindex/xctest-dynamic-overlay.build/Debug-iphonesimulator/IssueReporting.build/DerivedSources/arm64 -Xcc -I/Users/shashipandey/Library/Developer/Xcode/DerivedData/RSMS-galdljqllugdxqeukomoxaxsigpi/Build/Intermediates.noindex/xctest-dynamic-overlay.build/Debug-iphonesimulator/IssueReporting.build/DerivedSources -Xcc -DSWIFT_PACKAGE -Xcc -DDEBUG\=1 -emit-objc-header -emit-objc-header-path /Users/shashipandey/Library/Developer/Xcode/DerivedData/RSMS-galdljqllugdxqeukomoxaxsigpi/Build/Intermediates.noindex/xctest-dynamic-overlay.build/Debug-iphonesimulator/IssueReporting.build/Objects-normal/arm64/IssueReporting-Swift.h -working-directory /Users/shashipandey/Desktop/Team-8/RSMS.xcodeproj -experimental-emit-module-separately -disable-cmo

SwiftDriver IssueReporting normal x86_64 com.apple.xcode.tools.swift.compiler (in target 'IssueReporting' from project 'xctest-dynamic-overlay')
    cd /Users/shashipandey/Desktop/Team-8/RSMS.xcodeproj
    builtin-SwiftDriver -- /Applications/Xcode.app/Contents/Developer/Toolchains/XcodeDefault.xctoolchain/usr/bin/swiftc -module-name IssueReporting -Onone @/Users/shashipandey/Library/Developer/Xcode/DerivedData/RSMS-galdljqllugdxqeukomoxaxsigpi/Build/Intermediates.noindex/xctest-dynamic-overlay.build/Debug-iphonesimulator/IssueReporting.build/Objects-normal/x86_64/IssueReporting.SwiftFileList -DSWIFT_PACKAGE -DDEBUG -DSWIFT_MODULE_RESOURCE_BUNDLE_UNAVAILABLE -DXcode -enable-upcoming-feature ExistentialAny -enable-upcoming-feature ImmutableWeakCaptures -enable-upcoming-feature InferIsolatedConformances -enable-upcoming-feature InternalImportsByDefault -enable-upcoming-feature MemberImportVisibility -enable-upcoming-feature NonisolatedNonsendingByDefault -plugin-path /Applications/Xcode.app/Contents/Developer/Toolchains/XcodeDefault.xctoolchain/usr/lib/swift/host/plugins/testing -enable-experimental-feature DebugDescriptionMacro -sdk /Applications/Xcode.app/Contents/Developer/Platforms/iPhoneSimulator.platform/Developer/SDKs/iPhoneSimulator26.5.sdk -target x86_64-apple-ios13.0-simulator -g -module-cache-path /Users/shashipandey/Library/Developer/Xcode/DerivedData/ModuleCache.noindex -Xfrontend -serialize-debugging-options -enable-testing -suppress-warnings -index-store-path /Users/shashipandey/Library/Developer/Xcode/DerivedData/RSMS-galdljqllugdxqeukomoxaxsigpi/Index.noindex/DataStore -Xcc -D_LIBCPP_HARDENING_MODE\=_LIBCPP_HARDENING_MODE_DEBUG -swift-version 6 -I /Users/shashipandey/Library/Developer/Xcode/DerivedData/RSMS-galdljqllugdxqeukomoxaxsigpi/Build/Products/Debug-iphonesimulator -Isystem /Applications/Xcode.app/Contents/Developer/Platforms/iPhoneSimulator.platform/Developer/usr/lib -F /Users/shashipandey/Library/Developer/Xcode/DerivedData/RSMS-galdljqllugdxqeukomoxaxsigpi/Build/Products/Debug-iphonesimulator -F /Applications/Xcode.app/Contents/Developer/Platforms/iPhoneSimulator.platform/Developer/Library/Frameworks -F /Applications/Xcode.app/Contents/Developer/Platforms/iPhoneSimulator.platform/Developer/SDKs/iPhoneSimulator26.5.sdk/Developer/Library/Frameworks -c -j10 -enable-batch-mode -incremental -Xcc -ivfsstatcache -Xcc /Users/shashipandey/Library/Developer/Xcode/DerivedData/SDKStatCaches.noindex/iphonesimulator26.5-23F81a-6cfe768891a92b912361537c460fe42b.sdkstatcache -output-file-map /Users/shashipandey/Library/Developer/Xcode/DerivedData/RSMS-galdljqllugdxqeukomoxaxsigpi/Build/Intermediates.noindex/xctest-dynamic-overlay.build/Debug-iphonesimulator/IssueReporting.build/Objects-normal/x86_64/IssueReporting-OutputFileMap.json -use-frontend-parseable-output -save-temps -no-color-diagnostics -explicit-module-build -module-cache-path /Users/shashipandey/Library/Developer/Xcode/DerivedData/RSMS-galdljqllugdxqeukomoxaxsigpi/Build/Intermediates.noindex/SwiftExplicitPrecompiledModules -clang-scanner-module-cache-path /Users/shashipandey/Library/Developer/Xcode/DerivedData/ModuleCache.noindex -sdk-module-cache-path /Users/shashipandey/Library/Developer/Xcode/DerivedData/ModuleCache.noindex -serialize-diagnostics -emit-dependencies -emit-module -emit-module-path /Users/shashipandey/Library/Developer/Xcode/DerivedData/RSMS-galdljqllugdxqeukomoxaxsigpi/Build/Intermediates.noindex/xctest-dynamic-overlay.build/Debug-iphonesimulator/IssueReporting.build/Objects-normal/x86_64/IssueReporting.swiftmodule -user-module-version 1.10.1 -validate-clang-modules-once -clang-build-session-file /Users/shashipandey/Library/Developer/Xcode/DerivedData/ModuleCache.noindex/Session.modulevalidation -package-name xctest_dynamic_overlay -Xcc -I/Users/shashipandey/Library/Developer/Xcode/DerivedData/RSMS-galdljqllugdxqeukomoxaxsigpi/Build/Intermediates.noindex/xctest-dynamic-overlay.build/Debug-iphonesimulator/IssueReporting.build/swift-overrides.hmap -emit-const-values -Xfrontend -const-gather-protocols-file -Xfrontend /Users/shashipandey/Library/Developer/Xcode/DerivedData/RSMS-galdljqllugdxqeukomoxaxsigpi/Build/Intermediates.noindex/xctest-dynamic-overlay.build/Debug-iphonesimulator/IssueReporting.build/Objects-normal/x86_64/IssueReporting_const_extract_protocols.json -Xcc -I/Users/shashipandey/Library/Developer/Xcode/DerivedData/RSMS-galdljqllugdxqeukomoxaxsigpi/Build/Products/Debug-iphonesimulator/include -Xcc -I/Users/shashipandey/Library/Developer/Xcode/DerivedData/RSMS-galdljqllugdxqeukomoxaxsigpi/Build/Intermediates.noindex/xctest-dynamic-overlay.build/Debug-iphonesimulator/IssueReporting.build/DerivedSources-normal/x86_64 -Xcc -I/Users/shashipandey/Library/Developer/Xcode/DerivedData/RSMS-galdljqllugdxqeukomoxaxsigpi/Build/Intermediates.noindex/xctest-dynamic-overlay.build/Debug-iphonesimulator/IssueReporting.build/DerivedSources/x86_64 -Xcc -I/Users/shashipandey/Library/Developer/Xcode/DerivedData/RSMS-galdljqllugdxqeukomoxaxsigpi/Build/Intermediates.noindex/xctest-dynamic-overlay.build/Debug-iphonesimulator/IssueReporting.build/DerivedSources -Xcc -DSWIFT_PACKAGE -Xcc -DDEBUG\=1 -emit-objc-header -emit-objc-header-path /Users/shashipandey/Library/Developer/Xcode/DerivedData/RSMS-galdljqllugdxqeukomoxaxsigpi/Build/Intermediates.noindex/xctest-dynamic-overlay.build/Debug-iphonesimulator/IssueReporting.build/Objects-normal/x86_64/IssueReporting-Swift.h -working-directory /Users/shashipandey/Desktop/Team-8/RSMS.xcodeproj -experimental-emit-module-separately -disable-cmo

SwiftDriver\ Compilation\ Requirements ConcurrencyExtras normal x86_64 com.apple.xcode.tools.swift.compiler (in target 'ConcurrencyExtras' from project 'swift-concurrency-extras')
    cd /Users/shashipandey/Desktop/Team-8/RSMS.xcodeproj
    builtin-Swift-Compilation-Requirements -- /Applications/Xcode.app/Contents/Developer/Toolchains/XcodeDefault.xctoolchain/usr/bin/swiftc -module-name ConcurrencyExtras -Onone @/Users/shashipandey/Library/Developer/Xcode/DerivedData/RSMS-galdljqllugdxqeukomoxaxsigpi/Build/Intermediates.noindex/swift-concurrency-extras.build/Debug-iphonesimulator/ConcurrencyExtras.build/Objects-normal/x86_64/ConcurrencyExtras.SwiftFileList -DSWIFT_PACKAGE -DDEBUG -DSWIFT_MODULE_RESOURCE_BUNDLE_UNAVAILABLE -DXcode -enable-upcoming-feature NonisolatedNonsendingByDefault -plugin-path /Applications/Xcode.app/Contents/Developer/Toolchains/XcodeDefault.xctoolchain/usr/lib/swift/host/plugins/testing -enable-experimental-feature DebugDescriptionMacro -sdk /Applications/Xcode.app/Contents/Developer/Platforms/iPhoneSimulator.platform/Developer/SDKs/iPhoneSimulator26.5.sdk -target x86_64-apple-ios13.0-simulator -g -module-cache-path /Users/shashipandey/Library/Developer/Xcode/DerivedData/ModuleCache.noindex -Xfrontend -serialize-debugging-options -enable-testing -suppress-warnings -index-store-path /Users/shashipandey/Library/Developer/Xcode/DerivedData/RSMS-galdljqllugdxqeukomoxaxsigpi/Index.noindex/DataStore -Xcc -D_LIBCPP_HARDENING_MODE\=_LIBCPP_HARDENING_MODE_DEBUG -swift-version 6 -I /Users/shashipandey/Library/Developer/Xcode/DerivedData/RSMS-galdljqllugdxqeukomoxaxsigpi/Build/Products/Debug-iphonesimulator -Isystem /Applications/Xcode.app/Contents/Developer/Platforms/iPhoneSimulator.platform/Developer/usr/lib -F /Users/shashipandey/Library/Developer/Xcode/DerivedData/RSMS-galdljqllugdxqeukomoxaxsigpi/Build/Products/Debug-iphonesimulator -F /Applications/Xcode.app/Contents/Developer/Platforms/iPhoneSimulator.platform/Developer/Library/Frameworks -F /Applications/Xcode.app/Contents/Developer/Platforms/iPhoneSimulator.platform/Developer/SDKs/iPhoneSimulator26.5.sdk/Developer/Library/Frameworks -c -j10 -enable-batch-mode -incremental -Xcc -ivfsstatcache -Xcc /Users/shashipandey/Library/Developer/Xcode/DerivedData/SDKStatCaches.noindex/iphonesimulator26.5-23F81a-6cfe768891a92b912361537c460fe42b.sdkstatcache -output-file-map /Users/shashipandey/Library/Developer/Xcode/DerivedData/RSMS-galdljqllugdxqeukomoxaxsigpi/Build/Intermediates.noindex/swift-concurrency-extras.build/Debug-iphonesimulator/ConcurrencyExtras.build/Objects-normal/x86_64/ConcurrencyExtras-OutputFileMap.json -use-frontend-parseable-output -save-temps -no-color-diagnostics -explicit-module-build -module-cache-path /Users/shashipandey/Library/Developer/Xcode/DerivedData/RSMS-galdljqllugdxqeukomoxaxsigpi/Build/Intermediates.noindex/SwiftExplicitPrecompiledModules -clang-scanner-module-cache-path /Users/shashipandey/Library/Developer/Xcode/DerivedData/ModuleCache.noindex -sdk-module-cache-path /Users/shashipandey/Library/Developer/Xcode/DerivedData/ModuleCache.noindex -serialize-diagnostics -emit-dependencies -emit-module -emit-module-path /Users/shashipandey/Library/Developer/Xcode/DerivedData/RSMS-galdljqllugdxqeukomoxaxsigpi/Build/Intermediates.noindex/swift-concurrency-extras.build/Debug-iphonesimulator/ConcurrencyExtras.build/Objects-normal/x86_64/ConcurrencyExtras.swiftmodule -user-module-version 1.4.0 -validate-clang-modules-once -clang-build-session-file /Users/shashipandey/Library/Developer/Xcode/DerivedData/ModuleCache.noindex/Session.modulevalidation -package-name swift_concurrency_extras -Xcc -I/Users/shashipandey/Library/Developer/Xcode/DerivedData/RSMS-galdljqllugdxqeukomoxaxsigpi/Build/Intermediates.noindex/swift-concurrency-extras.build/Debug-iphonesimulator/ConcurrencyExtras.build/swift-overrides.hmap -emit-const-values -Xfrontend -const-gather-protocols-file -Xfrontend /Users/shashipandey/Library/Developer/Xcode/DerivedData/RSMS-galdljqllugdxqeukomoxaxsigpi/Build/Intermediates.noindex/swift-concurrency-extras.build/Debug-iphonesimulator/ConcurrencyExtras.build/Objects-normal/x86_64/ConcurrencyExtras_const_extract_protocols.json -Xcc -I/Users/shashipandey/Library/Developer/Xcode/DerivedData/RSMS-galdljqllugdxqeukomoxaxsigpi/Build/Products/Debug-iphonesimulator/include -Xcc -I/Users/shashipandey/Library/Developer/Xcode/DerivedData/RSMS-galdljqllugdxqeukomoxaxsigpi/Build/Intermediates.noindex/swift-concurrency-extras.build/Debug-iphonesimulator/ConcurrencyExtras.build/DerivedSources-normal/x86_64 -Xcc -I/Users/shashipandey/Library/Developer/Xcode/DerivedData/RSMS-galdljqllugdxqeukomoxaxsigpi/Build/Intermediates.noindex/swift-concurrency-extras.build/Debug-iphonesimulator/ConcurrencyExtras.build/DerivedSources/x86_64 -Xcc -I/Users/shashipandey/Library/Developer/Xcode/DerivedData/RSMS-galdljqllugdxqeukomoxaxsigpi/Build/Intermediates.noindex/swift-concurrency-extras.build/Debug-iphonesimulator/ConcurrencyExtras.build/DerivedSources -Xcc -DSWIFT_PACKAGE -Xcc -DDEBUG\=1 -emit-objc-header -emit-objc-header-path /Users/shashipandey/Library/Developer/Xcode/DerivedData/RSMS-galdljqllugdxqeukomoxaxsigpi/Build/Intermediates.noindex/swift-concurrency-extras.build/Debug-iphonesimulator/ConcurrencyExtras.build/Objects-normal/x86_64/ConcurrencyExtras-Swift.h -working-directory /Users/shashipandey/Desktop/Team-8/RSMS.xcodeproj -experimental-emit-module-separately -disable-cmo

SwiftDriver\ Compilation ConcurrencyExtras normal x86_64 com.apple.xcode.tools.swift.compiler (in target 'ConcurrencyExtras' from project 'swift-concurrency-extras')
    cd /Users/shashipandey/Desktop/Team-8/RSMS.xcodeproj
    builtin-Swift-Compilation -- /Applications/Xcode.app/Contents/Developer/Toolchains/XcodeDefault.xctoolchain/usr/bin/swiftc -module-name ConcurrencyExtras -Onone @/Users/shashipandey/Library/Developer/Xcode/DerivedData/RSMS-galdljqllugdxqeukomoxaxsigpi/Build/Intermediates.noindex/swift-concurrency-extras.build/Debug-iphonesimulator/ConcurrencyExtras.build/Objects-normal/x86_64/ConcurrencyExtras.SwiftFileList -DSWIFT_PACKAGE -DDEBUG -DSWIFT_MODULE_RESOURCE_BUNDLE_UNAVAILABLE -DXcode -enable-upcoming-feature NonisolatedNonsendingByDefault -plugin-path /Applications/Xcode.app/Contents/Developer/Toolchains/XcodeDefault.xctoolchain/usr/lib/swift/host/plugins/testing -enable-experimental-feature DebugDescriptionMacro -sdk /Applications/Xcode.app/Contents/Developer/Platforms/iPhoneSimulator.platform/Developer/SDKs/iPhoneSimulator26.5.sdk -target x86_64-apple-ios13.0-simulator -g -module-cache-path /Users/shashipandey/Library/Developer/Xcode/DerivedData/ModuleCache.noindex -Xfrontend -serialize-debugging-options -enable-testing -suppress-warnings -index-store-path /Users/shashipandey/Library/Developer/Xcode/DerivedData/RSMS-galdljqllugdxqeukomoxaxsigpi/Index.noindex/DataStore -Xcc -D_LIBCPP_HARDENING_MODE\=_LIBCPP_HARDENING_MODE_DEBUG -swift-version 6 -I /Users/shashipandey/Library/Developer/Xcode/DerivedData/RSMS-galdljqllugdxqeukomoxaxsigpi/Build/Products/Debug-iphonesimulator -Isystem /Applications/Xcode.app/Contents/Developer/Platforms/iPhoneSimulator.platform/Developer/usr/lib -F /Users/shashipandey/Library/Developer/Xcode/DerivedData/RSMS-galdljqllugdxqeukomoxaxsigpi/Build/Products/Debug-iphonesimulator -F /Applications/Xcode.app/Contents/Developer/Platforms/iPhoneSimulator.platform/Developer/Library/Frameworks -F /Applications/Xcode.app/Contents/Developer/Platforms/iPhoneSimulator.platform/Developer/SDKs/iPhoneSimulator26.5.sdk/Developer/Library/Frameworks -c -j10 -enable-batch-mode -incremental -Xcc -ivfsstatcache -Xcc /Users/shashipandey/Library/Developer/Xcode/DerivedData/SDKStatCaches.noindex/iphonesimulator26.5-23F81a-6cfe768891a92b912361537c460fe42b.sdkstatcache -output-file-map /Users/shashipandey/Library/Developer/Xcode/DerivedData/RSMS-galdljqllugdxqeukomoxaxsigpi/Build/Intermediates.noindex/swift-concurrency-extras.build/Debug-iphonesimulator/ConcurrencyExtras.build/Objects-normal/x86_64/ConcurrencyExtras-OutputFileMap.json -use-frontend-parseable-output -save-temps -no-color-diagnostics -explicit-module-build -module-cache-path /Users/shashipandey/Library/Developer/Xcode/DerivedData/RSMS-galdljqllugdxqeukomoxaxsigpi/Build/Intermediates.noindex/SwiftExplicitPrecompiledModules -clang-scanner-module-cache-path /Users/shashipandey/Library/Developer/Xcode/DerivedData/ModuleCache.noindex -sdk-module-cache-path /Users/shashipandey/Library/Developer/Xcode/DerivedData/ModuleCache.noindex -serialize-diagnostics -emit-dependencies -emit-module -emit-module-path /Users/shashipandey/Library/Developer/Xcode/DerivedData/RSMS-galdljqllugdxqeukomoxaxsigpi/Build/Intermediates.noindex/swift-concurrency-extras.build/Debug-iphonesimulator/ConcurrencyExtras.build/Objects-normal/x86_64/ConcurrencyExtras.swiftmodule -user-module-version 1.4.0 -validate-clang-modules-once -clang-build-session-file /Users/shashipandey/Library/Developer/Xcode/DerivedData/ModuleCache.noindex/Session.modulevalidation -package-name swift_concurrency_extras -Xcc -I/Users/shashipandey/Library/Developer/Xcode/DerivedData/RSMS-galdljqllugdxqeukomoxaxsigpi/Build/Intermediates.noindex/swift-concurrency-extras.build/Debug-iphonesimulator/ConcurrencyExtras.build/swift-overrides.hmap -emit-const-values -Xfrontend -const-gather-protocols-file -Xfrontend /Users/shashipandey/Library/Developer/Xcode/DerivedData/RSMS-galdljqllugdxqeukomoxaxsigpi/Build/Intermediates.noindex/swift-concurrency-extras.build/Debug-iphonesimulator/ConcurrencyExtras.build/Objects-normal/x86_64/ConcurrencyExtras_const_extract_protocols.json -Xcc -I/Users/shashipandey/Library/Developer/Xcode/DerivedData/RSMS-galdljqllugdxqeukomoxaxsigpi/Build/Products/Debug-iphonesimulator/include -Xcc -I/Users/shashipandey/Library/Developer/Xcode/DerivedData/RSMS-galdljqllugdxqeukomoxaxsigpi/Build/Intermediates.noindex/swift-concurrency-extras.build/Debug-iphonesimulator/ConcurrencyExtras.build/DerivedSources-normal/x86_64 -Xcc -I/Users/shashipandey/Library/Developer/Xcode/DerivedData/RSMS-galdljqllugdxqeukomoxaxsigpi/Build/Intermediates.noindex/swift-concurrency-extras.build/Debug-iphonesimulator/ConcurrencyExtras.build/DerivedSources/x86_64 -Xcc -I/Users/shashipandey/Library/Developer/Xcode/DerivedData/RSMS-galdljqllugdxqeukomoxaxsigpi/Build/Intermediates.noindex/swift-concurrency-extras.build/Debug-iphonesimulator/ConcurrencyExtras.build/DerivedSources -Xcc -DSWIFT_PACKAGE -Xcc -DDEBUG\=1 -emit-objc-header -emit-objc-header-path /Users/shashipandey/Library/Developer/Xcode/DerivedData/RSMS-galdljqllugdxqeukomoxaxsigpi/Build/Intermediates.noindex/swift-concurrency-extras.build/Debug-iphonesimulator/ConcurrencyExtras.build/Objects-normal/x86_64/ConcurrencyExtras-Swift.h -working-directory /Users/shashipandey/Desktop/Team-8/RSMS.xcodeproj -experimental-emit-module-separately -disable-cmo

SwiftDriver\ Compilation\ Requirements ConcurrencyExtras normal arm64 com.apple.xcode.tools.swift.compiler (in target 'ConcurrencyExtras' from project 'swift-concurrency-extras')
    cd /Users/shashipandey/Desktop/Team-8/RSMS.xcodeproj
    builtin-Swift-Compilation-Requirements -- /Applications/Xcode.app/Contents/Developer/Toolchains/XcodeDefault.xctoolchain/usr/bin/swiftc -module-name ConcurrencyExtras -Onone @/Users/shashipandey/Library/Developer/Xcode/DerivedData/RSMS-galdljqllugdxqeukomoxaxsigpi/Build/Intermediates.noindex/swift-concurrency-extras.build/Debug-iphonesimulator/ConcurrencyExtras.build/Objects-normal/arm64/ConcurrencyExtras.SwiftFileList -DSWIFT_PACKAGE -DDEBUG -DSWIFT_MODULE_RESOURCE_BUNDLE_UNAVAILABLE -DXcode -enable-upcoming-feature NonisolatedNonsendingByDefault -plugin-path /Applications/Xcode.app/Contents/Developer/Toolchains/XcodeDefault.xctoolchain/usr/lib/swift/host/plugins/testing -enable-experimental-feature DebugDescriptionMacro -sdk /Applications/Xcode.app/Contents/Developer/Platforms/iPhoneSimulator.platform/Developer/SDKs/iPhoneSimulator26.5.sdk -target arm64-apple-ios13.0-simulator -g -module-cache-path /Users/shashipandey/Library/Developer/Xcode/DerivedData/ModuleCache.noindex -Xfrontend -serialize-debugging-options -enable-testing -suppress-warnings -index-store-path /Users/shashipandey/Library/Developer/Xcode/DerivedData/RSMS-galdljqllugdxqeukomoxaxsigpi/Index.noindex/DataStore -Xcc -D_LIBCPP_HARDENING_MODE\=_LIBCPP_HARDENING_MODE_DEBUG -swift-version 6 -I /Users/shashipandey/Library/Developer/Xcode/DerivedData/RSMS-galdljqllugdxqeukomoxaxsigpi/Build/Products/Debug-iphonesimulator -Isystem /Applications/Xcode.app/Contents/Developer/Platforms/iPhoneSimulator.platform/Developer/usr/lib -F /Users/shashipandey/Library/Developer/Xcode/DerivedData/RSMS-galdljqllugdxqeukomoxaxsigpi/Build/Products/Debug-iphonesimulator -F /Applications/Xcode.app/Contents/Developer/Platforms/iPhoneSimulator.platform/Developer/Library/Frameworks -F /Applications/Xcode.app/Contents/Developer/Platforms/iPhoneSimulator.platform/Developer/SDKs/iPhoneSimulator26.5.sdk/Developer/Library/Frameworks -c -j10 -enable-batch-mode -incremental -Xcc -ivfsstatcache -Xcc /Users/shashipandey/Library/Developer/Xcode/DerivedData/SDKStatCaches.noindex/iphonesimulator26.5-23F81a-6cfe768891a92b912361537c460fe42b.sdkstatcache -output-file-map /Users/shashipandey/Library/Developer/Xcode/DerivedData/RSMS-galdljqllugdxqeukomoxaxsigpi/Build/Intermediates.noindex/swift-concurrency-extras.build/Debug-iphonesimulator/ConcurrencyExtras.build/Objects-normal/arm64/ConcurrencyExtras-OutputFileMap.json -use-frontend-parseable-output -save-temps -no-color-diagnostics -explicit-module-build -module-cache-path /Users/shashipandey/Library/Developer/Xcode/DerivedData/RSMS-galdljqllugdxqeukomoxaxsigpi/Build/Intermediates.noindex/SwiftExplicitPrecompiledModules -clang-scanner-module-cache-path /Users/shashipandey/Library/Developer/Xcode/DerivedData/ModuleCache.noindex -sdk-module-cache-path /Users/shashipandey/Library/Developer/Xcode/DerivedData/ModuleCache.noindex -serialize-diagnostics -emit-dependencies -emit-module -emit-module-path /Users/shashipandey/Library/Developer/Xcode/DerivedData/RSMS-galdljqllugdxqeukomoxaxsigpi/Build/Intermediates.noindex/swift-concurrency-extras.build/Debug-iphonesimulator/ConcurrencyExtras.build/Objects-normal/arm64/ConcurrencyExtras.swiftmodule -user-module-version 1.4.0 -validate-clang-modules-once -clang-build-session-file /Users/shashipandey/Library/Developer/Xcode/DerivedData/ModuleCache.noindex/Session.modulevalidation -package-name swift_concurrency_extras -Xcc -I/Users/shashipandey/Library/Developer/Xcode/DerivedData/RSMS-galdljqllugdxqeukomoxaxsigpi/Build/Intermediates.noindex/swift-concurrency-extras.build/Debug-iphonesimulator/ConcurrencyExtras.build/swift-overrides.hmap -emit-const-values -Xfrontend -const-gather-protocols-file -Xfrontend /Users/shashipandey/Library/Developer/Xcode/DerivedData/RSMS-galdljqllugdxqeukomoxaxsigpi/Build/Intermediates.noindex/swift-concurrency-extras.build/Debug-iphonesimulator/ConcurrencyExtras.build/Objects-normal/arm64/ConcurrencyExtras_const_extract_protocols.json -Xcc -I/Users/shashipandey/Library/Developer/Xcode/DerivedData/RSMS-galdljqllugdxqeukomoxaxsigpi/Build/Products/Debug-iphonesimulator/include -Xcc -I/Users/shashipandey/Library/Developer/Xcode/DerivedData/RSMS-galdljqllugdxqeukomoxaxsigpi/Build/Intermediates.noindex/swift-concurrency-extras.build/Debug-iphonesimulator/ConcurrencyExtras.build/DerivedSources-normal/arm64 -Xcc -I/Users/shashipandey/Library/Developer/Xcode/DerivedData/RSMS-galdljqllugdxqeukomoxaxsigpi/Build/Intermediates.noindex/swift-concurrency-extras.build/Debug-iphonesimulator/ConcurrencyExtras.build/DerivedSources/arm64 -Xcc -I/Users/shashipandey/Library/Developer/Xcode/DerivedData/RSMS-galdljqllugdxqeukomoxaxsigpi/Build/Intermediates.noindex/swift-concurrency-extras.build/Debug-iphonesimulator/ConcurrencyExtras.build/DerivedSources -Xcc -DSWIFT_PACKAGE -Xcc -DDEBUG\=1 -emit-objc-header -emit-objc-header-path /Users/shashipandey/Library/Developer/Xcode/DerivedData/RSMS-galdljqllugdxqeukomoxaxsigpi/Build/Intermediates.noindex/swift-concurrency-extras.build/Debug-iphonesimulator/ConcurrencyExtras.build/Objects-normal/arm64/ConcurrencyExtras-Swift.h -working-directory /Users/shashipandey/Desktop/Team-8/RSMS.xcodeproj -experimental-emit-module-separately -disable-cmo

SwiftDriver\ Compilation\ Requirements IssueReporting normal arm64 com.apple.xcode.tools.swift.compiler (in target 'IssueReporting' from project 'xctest-dynamic-overlay')
    cd /Users/shashipandey/Desktop/Team-8/RSMS.xcodeproj
    builtin-Swift-Compilation-Requirements -- /Applications/Xcode.app/Contents/Developer/Toolchains/XcodeDefault.xctoolchain/usr/bin/swiftc -module-name IssueReporting -Onone @/Users/shashipandey/Library/Developer/Xcode/DerivedData/RSMS-galdljqllugdxqeukomoxaxsigpi/Build/Intermediates.noindex/xctest-dynamic-overlay.build/Debug-iphonesimulator/IssueReporting.build/Objects-normal/arm64/IssueReporting.SwiftFileList -DSWIFT_PACKAGE -DDEBUG -DSWIFT_MODULE_RESOURCE_BUNDLE_UNAVAILABLE -DXcode -enable-upcoming-feature ExistentialAny -enable-upcoming-feature ImmutableWeakCaptures -enable-upcoming-feature InferIsolatedConformances -enable-upcoming-feature InternalImportsByDefault -enable-upcoming-feature MemberImportVisibility -enable-upcoming-feature NonisolatedNonsendingByDefault -plugin-path /Applications/Xcode.app/Contents/Developer/Toolchains/XcodeDefault.xctoolchain/usr/lib/swift/host/plugins/testing -enable-experimental-feature DebugDescriptionMacro -sdk /Applications/Xcode.app/Contents/Developer/Platforms/iPhoneSimulator.platform/Developer/SDKs/iPhoneSimulator26.5.sdk -target arm64-apple-ios13.0-simulator -g -module-cache-path /Users/shashipandey/Library/Developer/Xcode/DerivedData/ModuleCache.noindex -Xfrontend -serialize-debugging-options -enable-testing -suppress-warnings -index-store-path /Users/shashipandey/Library/Developer/Xcode/DerivedData/RSMS-galdljqllugdxqeukomoxaxsigpi/Index.noindex/DataStore -Xcc -D_LIBCPP_HARDENING_MODE\=_LIBCPP_HARDENING_MODE_DEBUG -swift-version 6 -I /Users/shashipandey/Library/Developer/Xcode/DerivedData/RSMS-galdljqllugdxqeukomoxaxsigpi/Build/Products/Debug-iphonesimulator -Isystem /Applications/Xcode.app/Contents/Developer/Platforms/iPhoneSimulator.platform/Developer/usr/lib -F /Users/shashipandey/Library/Developer/Xcode/DerivedData/RSMS-galdljqllugdxqeukomoxaxsigpi/Build/Products/Debug-iphonesimulator -F /Applications/Xcode.app/Contents/Developer/Platforms/iPhoneSimulator.platform/Developer/Library/Frameworks -F /Applications/Xcode.app/Contents/Developer/Platforms/iPhoneSimulator.platform/Developer/SDKs/iPhoneSimulator26.5.sdk/Developer/Library/Frameworks -c -j10 -enable-batch-mode -incremental -Xcc -ivfsstatcache -Xcc /Users/shashipandey/Library/Developer/Xcode/DerivedData/SDKStatCaches.noindex/iphonesimulator26.5-23F81a-6cfe768891a92b912361537c460fe42b.sdkstatcache -output-file-map /Users/shashipandey/Library/Developer/Xcode/DerivedData/RSMS-galdljqllugdxqeukomoxaxsigpi/Build/Intermediates.noindex/xctest-dynamic-overlay.build/Debug-iphonesimulator/IssueReporting.build/Objects-normal/arm64/IssueReporting-OutputFileMap.json -use-frontend-parseable-output -save-temps -no-color-diagnostics -explicit-module-build -module-cache-path /Users/shashipandey/Library/Developer/Xcode/DerivedData/RSMS-galdljqllugdxqeukomoxaxsigpi/Build/Intermediates.noindex/SwiftExplicitPrecompiledModules -clang-scanner-module-cache-path /Users/shashipandey/Library/Developer/Xcode/DerivedData/ModuleCache.noindex -sdk-module-cache-path /Users/shashipandey/Library/Developer/Xcode/DerivedData/ModuleCache.noindex -serialize-diagnostics -emit-dependencies -emit-module -emit-module-path /Users/shashipandey/Library/Developer/Xcode/DerivedData/RSMS-galdljqllugdxqeukomoxaxsigpi/Build/Intermediates.noindex/xctest-dynamic-overlay.build/Debug-iphonesimulator/IssueReporting.build/Objects-normal/arm64/IssueReporting.swiftmodule -user-module-version 1.10.1 -validate-clang-modules-once -clang-build-session-file /Users/shashipandey/Library/Developer/Xcode/DerivedData/ModuleCache.noindex/Session.modulevalidation -package-name xctest_dynamic_overlay -Xcc -I/Users/shashipandey/Library/Developer/Xcode/DerivedData/RSMS-galdljqllugdxqeukomoxaxsigpi/Build/Intermediates.noindex/xctest-dynamic-overlay.build/Debug-iphonesimulator/IssueReporting.build/swift-overrides.hmap -emit-const-values -Xfrontend -const-gather-protocols-file -Xfrontend /Users/shashipandey/Library/Developer/Xcode/DerivedData/RSMS-galdljqllugdxqeukomoxaxsigpi/Build/Intermediates.noindex/xctest-dynamic-overlay.build/Debug-iphonesimulator/IssueReporting.build/Objects-normal/arm64/IssueReporting_const_extract_protocols.json -Xcc -I/Users/shashipandey/Library/Developer/Xcode/DerivedData/RSMS-galdljqllugdxqeukomoxaxsigpi/Build/Products/Debug-iphonesimulator/include -Xcc -I/Users/shashipandey/Library/Developer/Xcode/DerivedData/RSMS-galdljqllugdxqeukomoxaxsigpi/Build/Intermediates.noindex/xctest-dynamic-overlay.build/Debug-iphonesimulator/IssueReporting.build/DerivedSources-normal/arm64 -Xcc -I/Users/shashipandey/Library/Developer/Xcode/DerivedData/RSMS-galdljqllugdxqeukomoxaxsigpi/Build/Intermediates.noindex/xctest-dynamic-overlay.build/Debug-iphonesimulator/IssueReporting.build/DerivedSources/arm64 -Xcc -I/Users/shashipandey/Library/Developer/Xcode/DerivedData/RSMS-galdljqllugdxqeukomoxaxsigpi/Build/Intermediates.noindex/xctest-dynamic-overlay.build/Debug-iphonesimulator/IssueReporting.build/DerivedSources -Xcc -DSWIFT_PACKAGE -Xcc -DDEBUG\=1 -emit-objc-header -emit-objc-header-path /Users/shashipandey/Library/Developer/Xcode/DerivedData/RSMS-galdljqllugdxqeukomoxaxsigpi/Build/Intermediates.noindex/xctest-dynamic-overlay.build/Debug-iphonesimulator/IssueReporting.build/Objects-normal/arm64/IssueReporting-Swift.h -working-directory /Users/shashipandey/Desktop/Team-8/RSMS.xcodeproj -experimental-emit-module-separately -disable-cmo

SwiftDriver\ Compilation IssueReporting normal arm64 com.apple.xcode.tools.swift.compiler (in target 'IssueReporting' from project 'xctest-dynamic-overlay')
    cd /Users/shashipandey/Desktop/Team-8/RSMS.xcodeproj
    builtin-Swift-Compilation -- /Applications/Xcode.app/Contents/Developer/Toolchains/XcodeDefault.xctoolchain/usr/bin/swiftc -module-name IssueReporting -Onone @/Users/shashipandey/Library/Developer/Xcode/DerivedData/RSMS-galdljqllugdxqeukomoxaxsigpi/Build/Intermediates.noindex/xctest-dynamic-overlay.build/Debug-iphonesimulator/IssueReporting.build/Objects-normal/arm64/IssueReporting.SwiftFileList -DSWIFT_PACKAGE -DDEBUG -DSWIFT_MODULE_RESOURCE_BUNDLE_UNAVAILABLE -DXcode -enable-upcoming-feature ExistentialAny -enable-upcoming-feature ImmutableWeakCaptures -enable-upcoming-feature InferIsolatedConformances -enable-upcoming-feature InternalImportsByDefault -enable-upcoming-feature MemberImportVisibility -enable-upcoming-feature NonisolatedNonsendingByDefault -plugin-path /Applications/Xcode.app/Contents/Developer/Toolchains/XcodeDefault.xctoolchain/usr/lib/swift/host/plugins/testing -enable-experimental-feature DebugDescriptionMacro -sdk /Applications/Xcode.app/Contents/Developer/Platforms/iPhoneSimulator.platform/Developer/SDKs/iPhoneSimulator26.5.sdk -target arm64-apple-ios13.0-simulator -g -module-cache-path /Users/shashipandey/Library/Developer/Xcode/DerivedData/ModuleCache.noindex -Xfrontend -serialize-debugging-options -enable-testing -suppress-warnings -index-store-path /Users/shashipandey/Library/Developer/Xcode/DerivedData/RSMS-galdljqllugdxqeukomoxaxsigpi/Index.noindex/DataStore -Xcc -D_LIBCPP_HARDENING_MODE\=_LIBCPP_HARDENING_MODE_DEBUG -swift-version 6 -I /Users/shashipandey/Library/Developer/Xcode/DerivedData/RSMS-galdljqllugdxqeukomoxaxsigpi/Build/Products/Debug-iphonesimulator -Isystem /Applications/Xcode.app/Contents/Developer/Platforms/iPhoneSimulator.platform/Developer/usr/lib -F /Users/shashipandey/Library/Developer/Xcode/DerivedData/RSMS-galdljqllugdxqeukomoxaxsigpi/Build/Products/Debug-iphonesimulator -F /Applications/Xcode.app/Contents/Developer/Platforms/iPhoneSimulator.platform/Developer/Library/Frameworks -F /Applications/Xcode.app/Contents/Developer/Platforms/iPhoneSimulator.platform/Developer/SDKs/iPhoneSimulator26.5.sdk/Developer/Library/Frameworks -c -j10 -enable-batch-mode -incremental -Xcc -ivfsstatcache -Xcc /Users/shashipandey/Library/Developer/Xcode/DerivedData/SDKStatCaches.noindex/iphonesimulator26.5-23F81a-6cfe768891a92b912361537c460fe42b.sdkstatcache -output-file-map /Users/shashipandey/Library/Developer/Xcode/DerivedData/RSMS-galdljqllugdxqeukomoxaxsigpi/Build/Intermediates.noindex/xctest-dynamic-overlay.build/Debug-iphonesimulator/IssueReporting.build/Objects-normal/arm64/IssueReporting-OutputFileMap.json -use-frontend-parseable-output -save-temps -no-color-diagnostics -explicit-module-build -module-cache-path /Users/shashipandey/Library/Developer/Xcode/DerivedData/RSMS-galdljqllugdxqeukomoxaxsigpi/Build/Intermediates.noindex/SwiftExplicitPrecompiledModules -clang-scanner-module-cache-path /Users/shashipandey/Library/Developer/Xcode/DerivedData/ModuleCache.noindex -sdk-module-cache-path /Users/shashipandey/Library/Developer/Xcode/DerivedData/ModuleCache.noindex -serialize-diagnostics -emit-dependencies -emit-module -emit-module-path /Users/shashipandey/Library/Developer/Xcode/DerivedData/RSMS-galdljqllugdxqeukomoxaxsigpi/Build/Intermediates.noindex/xctest-dynamic-overlay.build/Debug-iphonesimulator/IssueReporting.build/Objects-normal/arm64/IssueReporting.swiftmodule -user-module-version 1.10.1 -validate-clang-modules-once -clang-build-session-file /Users/shashipandey/Library/Developer/Xcode/DerivedData/ModuleCache.noindex/Session.modulevalidation -package-name xctest_dynamic_overlay -Xcc -I/Users/shashipandey/Library/Developer/Xcode/DerivedData/RSMS-galdljqllugdxqeukomoxaxsigpi/Build/Intermediates.noindex/xctest-dynamic-overlay.build/Debug-iphonesimulator/IssueReporting.build/swift-overrides.hmap -emit-const-values -Xfrontend -const-gather-protocols-file -Xfrontend /Users/shashipandey/Library/Developer/Xcode/DerivedData/RSMS-galdljqllugdxqeukomoxaxsigpi/Build/Intermediates.noindex/xctest-dynamic-overlay.build/Debug-iphonesimulator/IssueReporting.build/Objects-normal/arm64/IssueReporting_const_extract_protocols.json -Xcc -I/Users/shashipandey/Library/Developer/Xcode/DerivedData/RSMS-galdljqllugdxqeukomoxaxsigpi/Build/Products/Debug-iphonesimulator/include -Xcc -I/Users/shashipandey/Library/Developer/Xcode/DerivedData/RSMS-galdljqllugdxqeukomoxaxsigpi/Build/Intermediates.noindex/xctest-dynamic-overlay.build/Debug-iphonesimulator/IssueReporting.build/DerivedSources-normal/arm64 -Xcc -I/Users/shashipandey/Library/Developer/Xcode/DerivedData/RSMS-galdljqllugdxqeukomoxaxsigpi/Build/Intermediates.noindex/xctest-dynamic-overlay.build/Debug-iphonesimulator/IssueReporting.build/DerivedSources/arm64 -Xcc -I/Users/shashipandey/Library/Developer/Xcode/DerivedData/RSMS-galdljqllugdxqeukomoxaxsigpi/Build/Intermediates.noindex/xctest-dynamic-overlay.build/Debug-iphonesimulator/IssueReporting.build/DerivedSources -Xcc -DSWIFT_PACKAGE -Xcc -DDEBUG\=1 -emit-objc-header -emit-objc-header-path /Users/shashipandey/Library/Developer/Xcode/DerivedData/RSMS-galdljqllugdxqeukomoxaxsigpi/Build/Intermediates.noindex/xctest-dynamic-overlay.build/Debug-iphonesimulator/IssueReporting.build/Objects-normal/arm64/IssueReporting-Swift.h -working-directory /Users/shashipandey/Desktop/Team-8/RSMS.xcodeproj -experimental-emit-module-separately -disable-cmo

SwiftDriver\ Compilation ConcurrencyExtras normal arm64 com.apple.xcode.tools.swift.compiler (in target 'ConcurrencyExtras' from project 'swift-concurrency-extras')
    cd /Users/shashipandey/Desktop/Team-8/RSMS.xcodeproj
    builtin-Swift-Compilation -- /Applications/Xcode.app/Contents/Developer/Toolchains/XcodeDefault.xctoolchain/usr/bin/swiftc -module-name ConcurrencyExtras -Onone @/Users/shashipandey/Library/Developer/Xcode/DerivedData/RSMS-galdljqllugdxqeukomoxaxsigpi/Build/Intermediates.noindex/swift-concurrency-extras.build/Debug-iphonesimulator/ConcurrencyExtras.build/Objects-normal/arm64/ConcurrencyExtras.SwiftFileList -DSWIFT_PACKAGE -DDEBUG -DSWIFT_MODULE_RESOURCE_BUNDLE_UNAVAILABLE -DXcode -enable-upcoming-feature NonisolatedNonsendingByDefault -plugin-path /Applications/Xcode.app/Contents/Developer/Toolchains/XcodeDefault.xctoolchain/usr/lib/swift/host/plugins/testing -enable-experimental-feature DebugDescriptionMacro -sdk /Applications/Xcode.app/Contents/Developer/Platforms/iPhoneSimulator.platform/Developer/SDKs/iPhoneSimulator26.5.sdk -target arm64-apple-ios13.0-simulator -g -module-cache-path /Users/shashipandey/Library/Developer/Xcode/DerivedData/ModuleCache.noindex -Xfrontend -serialize-debugging-options -enable-testing -suppress-warnings -index-store-path /Users/shashipandey/Library/Developer/Xcode/DerivedData/RSMS-galdljqllugdxqeukomoxaxsigpi/Index.noindex/DataStore -Xcc -D_LIBCPP_HARDENING_MODE\=_LIBCPP_HARDENING_MODE_DEBUG -swift-version 6 -I /Users/shashipandey/Library/Developer/Xcode/DerivedData/RSMS-galdljqllugdxqeukomoxaxsigpi/Build/Products/Debug-iphonesimulator -Isystem /Applications/Xcode.app/Contents/Developer/Platforms/iPhoneSimulator.platform/Developer/usr/lib -F /Users/shashipandey/Library/Developer/Xcode/DerivedData/RSMS-galdljqllugdxqeukomoxaxsigpi/Build/Products/Debug-iphonesimulator -F /Applications/Xcode.app/Contents/Developer/Platforms/iPhoneSimulator.platform/Developer/Library/Frameworks -F /Applications/Xcode.app/Contents/Developer/Platforms/iPhoneSimulator.platform/Developer/SDKs/iPhoneSimulator26.5.sdk/Developer/Library/Frameworks -c -j10 -enable-batch-mode -incremental -Xcc -ivfsstatcache -Xcc /Users/shashipandey/Library/Developer/Xcode/DerivedData/SDKStatCaches.noindex/iphonesimulator26.5-23F81a-6cfe768891a92b912361537c460fe42b.sdkstatcache -output-file-map /Users/shashipandey/Library/Developer/Xcode/DerivedData/RSMS-galdljqllugdxqeukomoxaxsigpi/Build/Intermediates.noindex/swift-concurrency-extras.build/Debug-iphonesimulator/ConcurrencyExtras.build/Objects-normal/arm64/ConcurrencyExtras-OutputFileMap.json -use-frontend-parseable-output -save-temps -no-color-diagnostics -explicit-module-build -module-cache-path /Users/shashipandey/Library/Developer/Xcode/DerivedData/RSMS-galdljqllugdxqeukomoxaxsigpi/Build/Intermediates.noindex/SwiftExplicitPrecompiledModules -clang-scanner-module-cache-path /Users/shashipandey/Library/Developer/Xcode/DerivedData/ModuleCache.noindex -sdk-module-cache-path /Users/shashipandey/Library/Developer/Xcode/DerivedData/ModuleCache.noindex -serialize-diagnostics -emit-dependencies -emit-module -emit-module-path /Users/shashipandey/Library/Developer/Xcode/DerivedData/RSMS-galdljqllugdxqeukomoxaxsigpi/Build/Intermediates.noindex/swift-concurrency-extras.build/Debug-iphonesimulator/ConcurrencyExtras.build/Objects-normal/arm64/ConcurrencyExtras.swiftmodule -user-module-version 1.4.0 -validate-clang-modules-once -clang-build-session-file /Users/shashipandey/Library/Developer/Xcode/DerivedData/ModuleCache.noindex/Session.modulevalidation -package-name swift_concurrency_extras -Xcc -I/Users/shashipandey/Library/Developer/Xcode/DerivedData/RSMS-galdljqllugdxqeukomoxaxsigpi/Build/Intermediates.noindex/swift-concurrency-extras.build/Debug-iphonesimulator/ConcurrencyExtras.build/swift-overrides.hmap -emit-const-values -Xfrontend -const-gather-protocols-file -Xfrontend /Users/shashipandey/Library/Developer/Xcode/DerivedData/RSMS-galdljqllugdxqeukomoxaxsigpi/Build/Intermediates.noindex/swift-concurrency-extras.build/Debug-iphonesimulator/ConcurrencyExtras.build/Objects-normal/arm64/ConcurrencyExtras_const_extract_protocols.json -Xcc -I/Users/shashipandey/Library/Developer/Xcode/DerivedData/RSMS-galdljqllugdxqeukomoxaxsigpi/Build/Products/Debug-iphonesimulator/include -Xcc -I/Users/shashipandey/Library/Developer/Xcode/DerivedData/RSMS-galdljqllugdxqeukomoxaxsigpi/Build/Intermediates.noindex/swift-concurrency-extras.build/Debug-iphonesimulator/ConcurrencyExtras.build/DerivedSources-normal/arm64 -Xcc -I/Users/shashipandey/Library/Developer/Xcode/DerivedData/RSMS-galdljqllugdxqeukomoxaxsigpi/Build/Intermediates.noindex/swift-concurrency-extras.build/Debug-iphonesimulator/ConcurrencyExtras.build/DerivedSources/arm64 -Xcc -I/Users/shashipandey/Library/Developer/Xcode/DerivedData/RSMS-galdljqllugdxqeukomoxaxsigpi/Build/Intermediates.noindex/swift-concurrency-extras.build/Debug-iphonesimulator/ConcurrencyExtras.build/DerivedSources -Xcc -DSWIFT_PACKAGE -Xcc -DDEBUG\=1 -emit-objc-header -emit-objc-header-path /Users/shashipandey/Library/Developer/Xcode/DerivedData/RSMS-galdljqllugdxqeukomoxaxsigpi/Build/Intermediates.noindex/swift-concurrency-extras.build/Debug-iphonesimulator/ConcurrencyExtras.build/Objects-normal/arm64/ConcurrencyExtras-Swift.h -working-directory /Users/shashipandey/Desktop/Team-8/RSMS.xcodeproj -experimental-emit-module-separately -disable-cmo

Copy /Users/shashipandey/Library/Developer/Xcode/DerivedData/RSMS-galdljqllugdxqeukomoxaxsigpi/Build/Products/Debug-iphonesimulator/PackageFrameworks/IssueReporting.framework/Modules/IssueReporting.swiftmodule/arm64-apple-ios-simulator.swiftmodule /Users/shashipandey/Library/Developer/Xcode/DerivedData/RSMS-galdljqllugdxqeukomoxaxsigpi/Build/Intermediates.noindex/xctest-dynamic-overlay.build/Debug-iphonesimulator/IssueReporting.build/Objects-normal/arm64/IssueReporting.swiftmodule (in target 'IssueReporting' from project 'xctest-dynamic-overlay')
    cd /Users/shashipandey/Library/Developer/Xcode/DerivedData/RSMS-galdljqllugdxqeukomoxaxsigpi/SourcePackages/checkouts/xctest-dynamic-overlay
    builtin-copy -exclude .DS_Store -exclude CVS -exclude .svn -exclude .git -exclude .hg -resolve-src-symlinks -rename /Users/shashipandey/Library/Developer/Xcode/DerivedData/RSMS-galdljqllugdxqeukomoxaxsigpi/Build/Intermediates.noindex/xctest-dynamic-overlay.build/Debug-iphonesimulator/IssueReporting.build/Objects-normal/arm64/IssueReporting.swiftmodule /Users/shashipandey/Library/Developer/Xcode/DerivedData/RSMS-galdljqllugdxqeukomoxaxsigpi/Build/Products/Debug-iphonesimulator/PackageFrameworks/IssueReporting.framework/Modules/IssueReporting.swiftmodule/arm64-apple-ios-simulator.swiftmodule

Copy /Users/shashipandey/Library/Developer/Xcode/DerivedData/RSMS-galdljqllugdxqeukomoxaxsigpi/Build/Products/Debug-iphonesimulator/PackageFrameworks/IssueReporting.framework/Modules/IssueReporting.swiftmodule/arm64-apple-ios-simulator.swiftdoc /Users/shashipandey/Library/Developer/Xcode/DerivedData/RSMS-galdljqllugdxqeukomoxaxsigpi/Build/Intermediates.noindex/xctest-dynamic-overlay.build/Debug-iphonesimulator/IssueReporting.build/Objects-normal/arm64/IssueReporting.swiftdoc (in target 'IssueReporting' from project 'xctest-dynamic-overlay')
    cd /Users/shashipandey/Library/Developer/Xcode/DerivedData/RSMS-galdljqllugdxqeukomoxaxsigpi/SourcePackages/checkouts/xctest-dynamic-overlay
    builtin-copy -exclude .DS_Store -exclude CVS -exclude .svn -exclude .git -exclude .hg -resolve-src-symlinks -rename /Users/shashipandey/Library/Developer/Xcode/DerivedData/RSMS-galdljqllugdxqeukomoxaxsigpi/Build/Intermediates.noindex/xctest-dynamic-overlay.build/Debug-iphonesimulator/IssueReporting.build/Objects-normal/arm64/IssueReporting.swiftdoc /Users/shashipandey/Library/Developer/Xcode/DerivedData/RSMS-galdljqllugdxqeukomoxaxsigpi/Build/Products/Debug-iphonesimulator/PackageFrameworks/IssueReporting.framework/Modules/IssueReporting.swiftmodule/arm64-apple-ios-simulator.swiftdoc

Copy /Users/shashipandey/Library/Developer/Xcode/DerivedData/RSMS-galdljqllugdxqeukomoxaxsigpi/Build/Products/Debug-iphonesimulator/PackageFrameworks/IssueReporting.framework/Modules/IssueReporting.swiftmodule/arm64-apple-ios-simulator.abi.json /Users/shashipandey/Library/Developer/Xcode/DerivedData/RSMS-galdljqllugdxqeukomoxaxsigpi/Build/Intermediates.noindex/xctest-dynamic-overlay.build/Debug-iphonesimulator/IssueReporting.build/Objects-normal/arm64/IssueReporting.abi.json (in target 'IssueReporting' from project 'xctest-dynamic-overlay')
    cd /Users/shashipandey/Library/Developer/Xcode/DerivedData/RSMS-galdljqllugdxqeukomoxaxsigpi/SourcePackages/checkouts/xctest-dynamic-overlay
    builtin-copy -exclude .DS_Store -exclude CVS -exclude .svn -exclude .git -exclude .hg -resolve-src-symlinks -rename /Users/shashipandey/Library/Developer/Xcode/DerivedData/RSMS-galdljqllugdxqeukomoxaxsigpi/Build/Intermediates.noindex/xctest-dynamic-overlay.build/Debug-iphonesimulator/IssueReporting.build/Objects-normal/arm64/IssueReporting.abi.json /Users/shashipandey/Library/Developer/Xcode/DerivedData/RSMS-galdljqllugdxqeukomoxaxsigpi/Build/Products/Debug-iphonesimulator/PackageFrameworks/IssueReporting.framework/Modules/IssueReporting.swiftmodule/arm64-apple-ios-simulator.abi.json

Copy /Users/shashipandey/Library/Developer/Xcode/DerivedData/RSMS-galdljqllugdxqeukomoxaxsigpi/Build/Products/Debug-iphonesimulator/PackageFrameworks/IssueReporting.framework/Modules/IssueReporting.swiftmodule/Project/arm64-apple-ios-simulator.swiftsourceinfo /Users/shashipandey/Library/Developer/Xcode/DerivedData/RSMS-galdljqllugdxqeukomoxaxsigpi/Build/Intermediates.noindex/xctest-dynamic-overlay.build/Debug-iphonesimulator/IssueReporting.build/Objects-normal/arm64/IssueReporting.swiftsourceinfo (in target 'IssueReporting' from project 'xctest-dynamic-overlay')
    cd /Users/shashipandey/Library/Developer/Xcode/DerivedData/RSMS-galdljqllugdxqeukomoxaxsigpi/SourcePackages/checkouts/xctest-dynamic-overlay
    builtin-copy -exclude .DS_Store -exclude CVS -exclude .svn -exclude .git -exclude .hg -resolve-src-symlinks -rename /Users/shashipandey/Library/Developer/Xcode/DerivedData/RSMS-galdljqllugdxqeukomoxaxsigpi/Build/Intermediates.noindex/xctest-dynamic-overlay.build/Debug-iphonesimulator/IssueReporting.build/Objects-normal/arm64/IssueReporting.swiftsourceinfo /Users/shashipandey/Library/Developer/Xcode/DerivedData/RSMS-galdljqllugdxqeukomoxaxsigpi/Build/Products/Debug-iphonesimulator/PackageFrameworks/IssueReporting.framework/Modules/IssueReporting.swiftmodule/Project/arm64-apple-ios-simulator.swiftsourceinfo

SwiftMergeGeneratedHeaders /Users/shashipandey/Library/Developer/Xcode/DerivedData/RSMS-galdljqllugdxqeukomoxaxsigpi/Build/Intermediates.noindex/GeneratedModuleMaps-iphonesimulator/ConcurrencyExtras-Swift.h /Users/shashipandey/Library/Developer/Xcode/DerivedData/RSMS-galdljqllugdxqeukomoxaxsigpi/Build/Intermediates.noindex/swift-concurrency-extras.build/Debug-iphonesimulator/ConcurrencyExtras.build/Objects-normal/arm64/ConcurrencyExtras-Swift.h /Users/shashipandey/Library/Developer/Xcode/DerivedData/RSMS-galdljqllugdxqeukomoxaxsigpi/Build/Intermediates.noindex/swift-concurrency-extras.build/Debug-iphonesimulator/ConcurrencyExtras.build/Objects-normal/x86_64/ConcurrencyExtras-Swift.h (in target 'ConcurrencyExtras' from project 'swift-concurrency-extras')
    cd /Users/shashipandey/Library/Developer/Xcode/DerivedData/RSMS-galdljqllugdxqeukomoxaxsigpi/SourcePackages/checkouts/swift-concurrency-extras
    builtin-swiftHeaderTool -arch arm64 /Users/shashipandey/Library/Developer/Xcode/DerivedData/RSMS-galdljqllugdxqeukomoxaxsigpi/Build/Intermediates.noindex/swift-concurrency-extras.build/Debug-iphonesimulator/ConcurrencyExtras.build/Objects-normal/arm64/ConcurrencyExtras-Swift.h -arch x86_64 /Users/shashipandey/Library/Developer/Xcode/DerivedData/RSMS-galdljqllugdxqeukomoxaxsigpi/Build/Intermediates.noindex/swift-concurrency-extras.build/Debug-iphonesimulator/ConcurrencyExtras.build/Objects-normal/x86_64/ConcurrencyExtras-Swift.h -o /Users/shashipandey/Library/Developer/Xcode/DerivedData/RSMS-galdljqllugdxqeukomoxaxsigpi/Build/Intermediates.noindex/GeneratedModuleMaps-iphonesimulator/ConcurrencyExtras-Swift.h

SwiftDriver\ Compilation\ Requirements IssueReporting normal x86_64 com.apple.xcode.tools.swift.compiler (in target 'IssueReporting' from project 'xctest-dynamic-overlay')
    cd /Users/shashipandey/Desktop/Team-8/RSMS.xcodeproj
    builtin-Swift-Compilation-Requirements -- /Applications/Xcode.app/Contents/Developer/Toolchains/XcodeDefault.xctoolchain/usr/bin/swiftc -module-name IssueReporting -Onone @/Users/shashipandey/Library/Developer/Xcode/DerivedData/RSMS-galdljqllugdxqeukomoxaxsigpi/Build/Intermediates.noindex/xctest-dynamic-overlay.build/Debug-iphonesimulator/IssueReporting.build/Objects-normal/x86_64/IssueReporting.SwiftFileList -DSWIFT_PACKAGE -DDEBUG -DSWIFT_MODULE_RESOURCE_BUNDLE_UNAVAILABLE -DXcode -enable-upcoming-feature ExistentialAny -enable-upcoming-feature ImmutableWeakCaptures -enable-upcoming-feature InferIsolatedConformances -enable-upcoming-feature InternalImportsByDefault -enable-upcoming-feature MemberImportVisibility -enable-upcoming-feature NonisolatedNonsendingByDefault -plugin-path /Applications/Xcode.app/Contents/Developer/Toolchains/XcodeDefault.xctoolchain/usr/lib/swift/host/plugins/testing -enable-experimental-feature DebugDescriptionMacro -sdk /Applications/Xcode.app/Contents/Developer/Platforms/iPhoneSimulator.platform/Developer/SDKs/iPhoneSimulator26.5.sdk -target x86_64-apple-ios13.0-simulator -g -module-cache-path /Users/shashipandey/Library/Developer/Xcode/DerivedData/ModuleCache.noindex -Xfrontend -serialize-debugging-options -enable-testing -suppress-warnings -index-store-path /Users/shashipandey/Library/Developer/Xcode/DerivedData/RSMS-galdljqllugdxqeukomoxaxsigpi/Index.noindex/DataStore -Xcc -D_LIBCPP_HARDENING_MODE\=_LIBCPP_HARDENING_MODE_DEBUG -swift-version 6 -I /Users/shashipandey/Library/Developer/Xcode/DerivedData/RSMS-galdljqllugdxqeukomoxaxsigpi/Build/Products/Debug-iphonesimulator -Isystem /Applications/Xcode.app/Contents/Developer/Platforms/iPhoneSimulator.platform/Developer/usr/lib -F /Users/shashipandey/Library/Developer/Xcode/DerivedData/RSMS-galdljqllugdxqeukomoxaxsigpi/Build/Products/Debug-iphonesimulator -F /Applications/Xcode.app/Contents/Developer/Platforms/iPhoneSimulator.platform/Developer/Library/Frameworks -F /Applications/Xcode.app/Contents/Developer/Platforms/iPhoneSimulator.platform/Developer/SDKs/iPhoneSimulator26.5.sdk/Developer/Library/Frameworks -c -j10 -enable-batch-mode -incremental -Xcc -ivfsstatcache -Xcc /Users/shashipandey/Library/Developer/Xcode/DerivedData/SDKStatCaches.noindex/iphonesimulator26.5-23F81a-6cfe768891a92b912361537c460fe42b.sdkstatcache -output-file-map /Users/shashipandey/Library/Developer/Xcode/DerivedData/RSMS-galdljqllugdxqeukomoxaxsigpi/Build/Intermediates.noindex/xctest-dynamic-overlay.build/Debug-iphonesimulator/IssueReporting.build/Objects-normal/x86_64/IssueReporting-OutputFileMap.json -use-frontend-parseable-output -save-temps -no-color-diagnostics -explicit-module-build -module-cache-path /Users/shashipandey/Library/Developer/Xcode/DerivedData/RSMS-galdljqllugdxqeukomoxaxsigpi/Build/Intermediates.noindex/SwiftExplicitPrecompiledModules -clang-scanner-module-cache-path /Users/shashipandey/Library/Developer/Xcode/DerivedData/ModuleCache.noindex -sdk-module-cache-path /Users/shashipandey/Library/Developer/Xcode/DerivedData/ModuleCache.noindex -serialize-diagnostics -emit-dependencies -emit-module -emit-module-path /Users/shashipandey/Library/Developer/Xcode/DerivedData/RSMS-galdljqllugdxqeukomoxaxsigpi/Build/Intermediates.noindex/xctest-dynamic-overlay.build/Debug-iphonesimulator/IssueReporting.build/Objects-normal/x86_64/IssueReporting.swiftmodule -user-module-version 1.10.1 -validate-clang-modules-once -clang-build-session-file /Users/shashipandey/Library/Developer/Xcode/DerivedData/ModuleCache.noindex/Session.modulevalidation -package-name xctest_dynamic_overlay -Xcc -I/Users/shashipandey/Library/Developer/Xcode/DerivedData/RSMS-galdljqllugdxqeukomoxaxsigpi/Build/Intermediates.noindex/xctest-dynamic-overlay.build/Debug-iphonesimulator/IssueReporting.build/swift-overrides.hmap -emit-const-values -Xfrontend -const-gather-protocols-file -Xfrontend /Users/shashipandey/Library/Developer/Xcode/DerivedData/RSMS-galdljqllugdxqeukomoxaxsigpi/Build/Intermediates.noindex/xctest-dynamic-overlay.build/Debug-iphonesimulator/IssueReporting.build/Objects-normal/x86_64/IssueReporting_const_extract_protocols.json -Xcc -I/Users/shashipandey/Library/Developer/Xcode/DerivedData/RSMS-galdljqllugdxqeukomoxaxsigpi/Build/Products/Debug-iphonesimulator/include -Xcc -I/Users/shashipandey/Library/Developer/Xcode/DerivedData/RSMS-galdljqllugdxqeukomoxaxsigpi/Build/Intermediates.noindex/xctest-dynamic-overlay.build/Debug-iphonesimulator/IssueReporting.build/DerivedSources-normal/x86_64 -Xcc -I/Users/shashipandey/Library/Developer/Xcode/DerivedData/RSMS-galdljqllugdxqeukomoxaxsigpi/Build/Intermediates.noindex/xctest-dynamic-overlay.build/Debug-iphonesimulator/IssueReporting.build/DerivedSources/x86_64 -Xcc -I/Users/shashipandey/Library/Developer/Xcode/DerivedData/RSMS-galdljqllugdxqeukomoxaxsigpi/Build/Intermediates.noindex/xctest-dynamic-overlay.build/Debug-iphonesimulator/IssueReporting.build/DerivedSources -Xcc -DSWIFT_PACKAGE -Xcc -DDEBUG\=1 -emit-objc-header -emit-objc-header-path /Users/shashipandey/Library/Developer/Xcode/DerivedData/RSMS-galdljqllugdxqeukomoxaxsigpi/Build/Intermediates.noindex/xctest-dynamic-overlay.build/Debug-iphonesimulator/IssueReporting.build/Objects-normal/x86_64/IssueReporting-Swift.h -working-directory /Users/shashipandey/Desktop/Team-8/RSMS.xcodeproj -experimental-emit-module-separately -disable-cmo

Copy /Users/shashipandey/Library/Developer/Xcode/DerivedData/RSMS-galdljqllugdxqeukomoxaxsigpi/Build/Products/Debug-iphonesimulator/ConcurrencyExtras.swiftmodule/arm64-apple-ios-simulator.swiftmodule /Users/shashipandey/Library/Developer/Xcode/DerivedData/RSMS-galdljqllugdxqeukomoxaxsigpi/Build/Intermediates.noindex/swift-concurrency-extras.build/Debug-iphonesimulator/ConcurrencyExtras.build/Objects-normal/arm64/ConcurrencyExtras.swiftmodule (in target 'ConcurrencyExtras' from project 'swift-concurrency-extras')
    cd /Users/shashipandey/Library/Developer/Xcode/DerivedData/RSMS-galdljqllugdxqeukomoxaxsigpi/SourcePackages/checkouts/swift-concurrency-extras
    builtin-copy -exclude .DS_Store -exclude CVS -exclude .svn -exclude .git -exclude .hg -resolve-src-symlinks -rename /Users/shashipandey/Library/Developer/Xcode/DerivedData/RSMS-galdljqllugdxqeukomoxaxsigpi/Build/Intermediates.noindex/swift-concurrency-extras.build/Debug-iphonesimulator/ConcurrencyExtras.build/Objects-normal/arm64/ConcurrencyExtras.swiftmodule /Users/shashipandey/Library/Developer/Xcode/DerivedData/RSMS-galdljqllugdxqeukomoxaxsigpi/Build/Products/Debug-iphonesimulator/ConcurrencyExtras.swiftmodule/arm64-apple-ios-simulator.swiftmodule

Copy /Users/shashipandey/Library/Developer/Xcode/DerivedData/RSMS-galdljqllugdxqeukomoxaxsigpi/Build/Products/Debug-iphonesimulator/ConcurrencyExtras.swiftmodule/arm64-apple-ios-simulator.swiftdoc /Users/shashipandey/Library/Developer/Xcode/DerivedData/RSMS-galdljqllugdxqeukomoxaxsigpi/Build/Intermediates.noindex/swift-concurrency-extras.build/Debug-iphonesimulator/ConcurrencyExtras.build/Objects-normal/arm64/ConcurrencyExtras.swiftdoc (in target 'ConcurrencyExtras' from project 'swift-concurrency-extras')
    cd /Users/shashipandey/Library/Developer/Xcode/DerivedData/RSMS-galdljqllugdxqeukomoxaxsigpi/SourcePackages/checkouts/swift-concurrency-extras
    builtin-copy -exclude .DS_Store -exclude CVS -exclude .svn -exclude .git -exclude .hg -resolve-src-symlinks -rename /Users/shashipandey/Library/Developer/Xcode/DerivedData/RSMS-galdljqllugdxqeukomoxaxsigpi/Build/Intermediates.noindex/swift-concurrency-extras.build/Debug-iphonesimulator/ConcurrencyExtras.build/Objects-normal/arm64/ConcurrencyExtras.swiftdoc /Users/shashipandey/Library/Developer/Xcode/DerivedData/RSMS-galdljqllugdxqeukomoxaxsigpi/Build/Products/Debug-iphonesimulator/ConcurrencyExtras.swiftmodule/arm64-apple-ios-simulator.swiftdoc

Copy /Users/shashipandey/Library/Developer/Xcode/DerivedData/RSMS-galdljqllugdxqeukomoxaxsigpi/Build/Products/Debug-iphonesimulator/ConcurrencyExtras.swiftmodule/arm64-apple-ios-simulator.abi.json /Users/shashipandey/Library/Developer/Xcode/DerivedData/RSMS-galdljqllugdxqeukomoxaxsigpi/Build/Intermediates.noindex/swift-concurrency-extras.build/Debug-iphonesimulator/ConcurrencyExtras.build/Objects-normal/arm64/ConcurrencyExtras.abi.json (in target 'ConcurrencyExtras' from project 'swift-concurrency-extras')
    cd /Users/shashipandey/Library/Developer/Xcode/DerivedData/RSMS-galdljqllugdxqeukomoxaxsigpi/SourcePackages/checkouts/swift-concurrency-extras
    builtin-copy -exclude .DS_Store -exclude CVS -exclude .svn -exclude .git -exclude .hg -resolve-src-symlinks -rename /Users/shashipandey/Library/Developer/Xcode/DerivedData/RSMS-galdljqllugdxqeukomoxaxsigpi/Build/Intermediates.noindex/swift-concurrency-extras.build/Debug-iphonesimulator/ConcurrencyExtras.build/Objects-normal/arm64/ConcurrencyExtras.abi.json /Users/shashipandey/Library/Developer/Xcode/DerivedData/RSMS-galdljqllugdxqeukomoxaxsigpi/Build/Products/Debug-iphonesimulator/ConcurrencyExtras.swiftmodule/arm64-apple-ios-simulator.abi.json

SwiftMergeGeneratedHeaders /Users/shashipandey/Library/Developer/Xcode/DerivedData/RSMS-galdljqllugdxqeukomoxaxsigpi/Build/Intermediates.noindex/GeneratedModuleMaps-iphonesimulator/IssueReporting-Swift.h /Users/shashipandey/Library/Developer/Xcode/DerivedData/RSMS-galdljqllugdxqeukomoxaxsigpi/Build/Intermediates.noindex/xctest-dynamic-overlay.build/Debug-iphonesimulator/IssueReporting.build/Objects-normal/arm64/IssueReporting-Swift.h /Users/shashipandey/Library/Developer/Xcode/DerivedData/RSMS-galdljqllugdxqeukomoxaxsigpi/Build/Intermediates.noindex/xctest-dynamic-overlay.build/Debug-iphonesimulator/IssueReporting.build/Objects-normal/x86_64/IssueReporting-Swift.h (in target 'IssueReporting' from project 'xctest-dynamic-overlay')
    cd /Users/shashipandey/Library/Developer/Xcode/DerivedData/RSMS-galdljqllugdxqeukomoxaxsigpi/SourcePackages/checkouts/xctest-dynamic-overlay
    builtin-swiftHeaderTool -arch arm64 /Users/shashipandey/Library/Developer/Xcode/DerivedData/RSMS-galdljqllugdxqeukomoxaxsigpi/Build/Intermediates.noindex/xctest-dynamic-overlay.build/Debug-iphonesimulator/IssueReporting.build/Objects-normal/arm64/IssueReporting-Swift.h -arch x86_64 /Users/shashipandey/Library/Developer/Xcode/DerivedData/RSMS-galdljqllugdxqeukomoxaxsigpi/Build/Intermediates.noindex/xctest-dynamic-overlay.build/Debug-iphonesimulator/IssueReporting.build/Objects-normal/x86_64/IssueReporting-Swift.h -o /Users/shashipandey/Library/Developer/Xcode/DerivedData/RSMS-galdljqllugdxqeukomoxaxsigpi/Build/Intermediates.noindex/GeneratedModuleMaps-iphonesimulator/IssueReporting-Swift.h

Copy /Users/shashipandey/Library/Developer/Xcode/DerivedData/RSMS-galdljqllugdxqeukomoxaxsigpi/Build/Products/Debug-iphonesimulator/ConcurrencyExtras.swiftmodule/Project/arm64-apple-ios-simulator.swiftsourceinfo /Users/shashipandey/Library/Developer/Xcode/DerivedData/RSMS-galdljqllugdxqeukomoxaxsigpi/Build/Intermediates.noindex/swift-concurrency-extras.build/Debug-iphonesimulator/ConcurrencyExtras.build/Objects-normal/arm64/ConcurrencyExtras.swiftsourceinfo (in target 'ConcurrencyExtras' from project 'swift-concurrency-extras')
    cd /Users/shashipandey/Library/Developer/Xcode/DerivedData/RSMS-galdljqllugdxqeukomoxaxsigpi/SourcePackages/checkouts/swift-concurrency-extras
    builtin-copy -exclude .DS_Store -exclude CVS -exclude .svn -exclude .git -exclude .hg -resolve-src-symlinks -rename /Users/shashipandey/Library/Developer/Xcode/DerivedData/RSMS-galdljqllugdxqeukomoxaxsigpi/Build/Intermediates.noindex/swift-concurrency-extras.build/Debug-iphonesimulator/ConcurrencyExtras.build/Objects-normal/arm64/ConcurrencyExtras.swiftsourceinfo /Users/shashipandey/Library/Developer/Xcode/DerivedData/RSMS-galdljqllugdxqeukomoxaxsigpi/Build/Products/Debug-iphonesimulator/ConcurrencyExtras.swiftmodule/Project/arm64-apple-ios-simulator.swiftsourceinfo

SwiftDriver\ Compilation IssueReporting normal x86_64 com.apple.xcode.tools.swift.compiler (in target 'IssueReporting' from project 'xctest-dynamic-overlay')
    cd /Users/shashipandey/Desktop/Team-8/RSMS.xcodeproj
    builtin-Swift-Compilation -- /Applications/Xcode.app/Contents/Developer/Toolchains/XcodeDefault.xctoolchain/usr/bin/swiftc -module-name IssueReporting -Onone @/Users/shashipandey/Library/Developer/Xcode/DerivedData/RSMS-galdljqllugdxqeukomoxaxsigpi/Build/Intermediates.noindex/xctest-dynamic-overlay.build/Debug-iphonesimulator/IssueReporting.build/Objects-normal/x86_64/IssueReporting.SwiftFileList -DSWIFT_PACKAGE -DDEBUG -DSWIFT_MODULE_RESOURCE_BUNDLE_UNAVAILABLE -DXcode -enable-upcoming-feature ExistentialAny -enable-upcoming-feature ImmutableWeakCaptures -enable-upcoming-feature InferIsolatedConformances -enable-upcoming-feature InternalImportsByDefault -enable-upcoming-feature MemberImportVisibility -enable-upcoming-feature NonisolatedNonsendingByDefault -plugin-path /Applications/Xcode.app/Contents/Developer/Toolchains/XcodeDefault.xctoolchain/usr/lib/swift/host/plugins/testing -enable-experimental-feature DebugDescriptionMacro -sdk /Applications/Xcode.app/Contents/Developer/Platforms/iPhoneSimulator.platform/Developer/SDKs/iPhoneSimulator26.5.sdk -target x86_64-apple-ios13.0-simulator -g -module-cache-path /Users/shashipandey/Library/Developer/Xcode/DerivedData/ModuleCache.noindex -Xfrontend -serialize-debugging-options -enable-testing -suppress-warnings -index-store-path /Users/shashipandey/Library/Developer/Xcode/DerivedData/RSMS-galdljqllugdxqeukomoxaxsigpi/Index.noindex/DataStore -Xcc -D_LIBCPP_HARDENING_MODE\=_LIBCPP_HARDENING_MODE_DEBUG -swift-version 6 -I /Users/shashipandey/Library/Developer/Xcode/DerivedData/RSMS-galdljqllugdxqeukomoxaxsigpi/Build/Products/Debug-iphonesimulator -Isystem /Applications/Xcode.app/Contents/Developer/Platforms/iPhoneSimulator.platform/Developer/usr/lib -F /Users/shashipandey/Library/Developer/Xcode/DerivedData/RSMS-galdljqllugdxqeukomoxaxsigpi/Build/Products/Debug-iphonesimulator -F /Applications/Xcode.app/Contents/Developer/Platforms/iPhoneSimulator.platform/Developer/Library/Frameworks -F /Applications/Xcode.app/Contents/Developer/Platforms/iPhoneSimulator.platform/Developer/SDKs/iPhoneSimulator26.5.sdk/Developer/Library/Frameworks -c -j10 -enable-batch-mode -incremental -Xcc -ivfsstatcache -Xcc /Users/shashipandey/Library/Developer/Xcode/DerivedData/SDKStatCaches.noindex/iphonesimulator26.5-23F81a-6cfe768891a92b912361537c460fe42b.sdkstatcache -output-file-map /Users/shashipandey/Library/Developer/Xcode/DerivedData/RSMS-galdljqllugdxqeukomoxaxsigpi/Build/Intermediates.noindex/xctest-dynamic-overlay.build/Debug-iphonesimulator/IssueReporting.build/Objects-normal/x86_64/IssueReporting-OutputFileMap.json -use-frontend-parseable-output -save-temps -no-color-diagnostics -explicit-module-build -module-cache-path /Users/shashipandey/Library/Developer/Xcode/DerivedData/RSMS-galdljqllugdxqeukomoxaxsigpi/Build/Intermediates.noindex/SwiftExplicitPrecompiledModules -clang-scanner-module-cache-path /Users/shashipandey/Library/Developer/Xcode/DerivedData/ModuleCache.noindex -sdk-module-cache-path /Users/shashipandey/Library/Developer/Xcode/DerivedData/ModuleCache.noindex -serialize-diagnostics -emit-dependencies -emit-module -emit-module-path /Users/shashipandey/Library/Developer/Xcode/DerivedData/RSMS-galdljqllugdxqeukomoxaxsigpi/Build/Intermediates.noindex/xctest-dynamic-overlay.build/Debug-iphonesimulator/IssueReporting.build/Objects-normal/x86_64/IssueReporting.swiftmodule -user-module-version 1.10.1 -validate-clang-modules-once -clang-build-session-file /Users/shashipandey/Library/Developer/Xcode/DerivedData/ModuleCache.noindex/Session.modulevalidation -package-name xctest_dynamic_overlay -Xcc -I/Users/shashipandey/Library/Developer/Xcode/DerivedData/RSMS-galdljqllugdxqeukomoxaxsigpi/Build/Intermediates.noindex/xctest-dynamic-overlay.build/Debug-iphonesimulator/IssueReporting.build/swift-overrides.hmap -emit-const-values -Xfrontend -const-gather-protocols-file -Xfrontend /Users/shashipandey/Library/Developer/Xcode/DerivedData/RSMS-galdljqllugdxqeukomoxaxsigpi/Build/Intermediates.noindex/xctest-dynamic-overlay.build/Debug-iphonesimulator/IssueReporting.build/Objects-normal/x86_64/IssueReporting_const_extract_protocols.json -Xcc -I/Users/shashipandey/Library/Developer/Xcode/DerivedData/RSMS-galdljqllugdxqeukomoxaxsigpi/Build/Products/Debug-iphonesimulator/include -Xcc -I/Users/shashipandey/Library/Developer/Xcode/DerivedData/RSMS-galdljqllugdxqeukomoxaxsigpi/Build/Intermediates.noindex/xctest-dynamic-overlay.build/Debug-iphonesimulator/IssueReporting.build/DerivedSources-normal/x86_64 -Xcc -I/Users/shashipandey/Library/Developer/Xcode/DerivedData/RSMS-galdljqllugdxqeukomoxaxsigpi/Build/Intermediates.noindex/xctest-dynamic-overlay.build/Debug-iphonesimulator/IssueReporting.build/DerivedSources/x86_64 -Xcc -I/Users/shashipandey/Library/Developer/Xcode/DerivedData/RSMS-galdljqllugdxqeukomoxaxsigpi/Build/Intermediates.noindex/xctest-dynamic-overlay.build/Debug-iphonesimulator/IssueReporting.build/DerivedSources -Xcc -DSWIFT_PACKAGE -Xcc -DDEBUG\=1 -emit-objc-header -emit-objc-header-path /Users/shashipandey/Library/Developer/Xcode/DerivedData/RSMS-galdljqllugdxqeukomoxaxsigpi/Build/Intermediates.noindex/xctest-dynamic-overlay.build/Debug-iphonesimulator/IssueReporting.build/Objects-normal/x86_64/IssueReporting-Swift.h -working-directory /Users/shashipandey/Desktop/Team-8/RSMS.xcodeproj -experimental-emit-module-separately -disable-cmo

SwiftDriver\ Compilation\ Requirements HTTPTypes normal x86_64 com.apple.xcode.tools.swift.compiler (in target 'HTTPTypes' from project 'swift-http-types')
    cd /Users/shashipandey/Desktop/Team-8/RSMS.xcodeproj
    builtin-Swift-Compilation-Requirements -- /Applications/Xcode.app/Contents/Developer/Toolchains/XcodeDefault.xctoolchain/usr/bin/swiftc -module-name HTTPTypes -Onone @/Users/shashipandey/Library/Developer/Xcode/DerivedData/RSMS-galdljqllugdxqeukomoxaxsigpi/Build/Intermediates.noindex/swift-http-types.build/Debug-iphonesimulator/HTTPTypes.build/Objects-normal/x86_64/HTTPTypes.SwiftFileList -DSWIFT_PACKAGE -DDEBUG -DSWIFT_MODULE_RESOURCE_BUNDLE_UNAVAILABLE -DFoundationURL -DXcode -enable-upcoming-feature InternalImportsByDefault -enable-upcoming-feature MemberImportVisibility -plugin-path /Applications/Xcode.app/Contents/Developer/Toolchains/XcodeDefault.xctoolchain/usr/lib/swift/host/plugins/testing -enable-experimental-feature DebugDescriptionMacro -sdk /Applications/Xcode.app/Contents/Developer/Platforms/iPhoneSimulator.platform/Developer/SDKs/iPhoneSimulator26.5.sdk -target x86_64-apple-ios12.0-simulator -g -module-cache-path /Users/shashipandey/Library/Developer/Xcode/DerivedData/ModuleCache.noindex -Xfrontend -serialize-debugging-options -enable-testing -suppress-warnings -index-store-path /Users/shashipandey/Library/Developer/Xcode/DerivedData/RSMS-galdljqllugdxqeukomoxaxsigpi/Index.noindex/DataStore -Xcc -D_LIBCPP_HARDENING_MODE\=_LIBCPP_HARDENING_MODE_DEBUG -swift-version 6 -I /Users/shashipandey/Library/Developer/Xcode/DerivedData/RSMS-galdljqllugdxqeukomoxaxsigpi/Build/Products/Debug-iphonesimulator -Isystem /Applications/Xcode.app/Contents/Developer/Platforms/iPhoneSimulator.platform/Developer/usr/lib -F /Users/shashipandey/Library/Developer/Xcode/DerivedData/RSMS-galdljqllugdxqeukomoxaxsigpi/Build/Products/Debug-iphonesimulator -F /Applications/Xcode.app/Contents/Developer/Platforms/iPhoneSimulator.platform/Developer/Library/Frameworks -F /Applications/Xcode.app/Contents/Developer/Platforms/iPhoneSimulator.platform/Developer/SDKs/iPhoneSimulator26.5.sdk/Developer/Library/Frameworks -c -j10 -enable-batch-mode -incremental -Xcc -ivfsstatcache -Xcc /Users/shashipandey/Library/Developer/Xcode/DerivedData/SDKStatCaches.noindex/iphonesimulator26.5-23F81a-6cfe768891a92b912361537c460fe42b.sdkstatcache -output-file-map /Users/shashipandey/Library/Developer/Xcode/DerivedData/RSMS-galdljqllugdxqeukomoxaxsigpi/Build/Intermediates.noindex/swift-http-types.build/Debug-iphonesimulator/HTTPTypes.build/Objects-normal/x86_64/HTTPTypes-OutputFileMap.json -use-frontend-parseable-output -save-temps -no-color-diagnostics -explicit-module-build -module-cache-path /Users/shashipandey/Library/Developer/Xcode/DerivedData/RSMS-galdljqllugdxqeukomoxaxsigpi/Build/Intermediates.noindex/SwiftExplicitPrecompiledModules -clang-scanner-module-cache-path /Users/shashipandey/Library/Developer/Xcode/DerivedData/ModuleCache.noindex -sdk-module-cache-path /Users/shashipandey/Library/Developer/Xcode/DerivedData/ModuleCache.noindex -serialize-diagnostics -emit-dependencies -emit-module -emit-module-path /Users/shashipandey/Library/Developer/Xcode/DerivedData/RSMS-galdljqllugdxqeukomoxaxsigpi/Build/Intermediates.noindex/swift-http-types.build/Debug-iphonesimulator/HTTPTypes.build/Objects-normal/x86_64/HTTPTypes.swiftmodule -user-module-version 1.6.0 -validate-clang-modules-once -clang-build-session-file /Users/shashipandey/Library/Developer/Xcode/DerivedData/ModuleCache.noindex/Session.modulevalidation -package-name swift_http_types -Xcc -I/Users/shashipandey/Library/Developer/Xcode/DerivedData/RSMS-galdljqllugdxqeukomoxaxsigpi/Build/Intermediates.noindex/swift-http-types.build/Debug-iphonesimulator/HTTPTypes.build/swift-overrides.hmap -emit-const-values -Xfrontend -const-gather-protocols-file -Xfrontend /Users/shashipandey/Library/Developer/Xcode/DerivedData/RSMS-galdljqllugdxqeukomoxaxsigpi/Build/Intermediates.noindex/swift-http-types.build/Debug-iphonesimulator/HTTPTypes.build/Objects-normal/x86_64/HTTPTypes_const_extract_protocols.json -Xcc -I/Users/shashipandey/Library/Developer/Xcode/DerivedData/RSMS-galdljqllugdxqeukomoxaxsigpi/Build/Products/Debug-iphonesimulator/include -Xcc -I/Users/shashipandey/Library/Developer/Xcode/DerivedData/RSMS-galdljqllugdxqeukomoxaxsigpi/Build/Intermediates.noindex/swift-http-types.build/Debug-iphonesimulator/HTTPTypes.build/DerivedSources-normal/x86_64 -Xcc -I/Users/shashipandey/Library/Developer/Xcode/DerivedData/RSMS-galdljqllugdxqeukomoxaxsigpi/Build/Intermediates.noindex/swift-http-types.build/Debug-iphonesimulator/HTTPTypes.build/DerivedSources/x86_64 -Xcc -I/Users/shashipandey/Library/Developer/Xcode/DerivedData/RSMS-galdljqllugdxqeukomoxaxsigpi/Build/Intermediates.noindex/swift-http-types.build/Debug-iphonesimulator/HTTPTypes.build/DerivedSources -Xcc -DSWIFT_PACKAGE -Xcc -DDEBUG\=1 -emit-objc-header -emit-objc-header-path /Users/shashipandey/Library/Developer/Xcode/DerivedData/RSMS-galdljqllugdxqeukomoxaxsigpi/Build/Intermediates.noindex/swift-http-types.build/Debug-iphonesimulator/HTTPTypes.build/Objects-normal/x86_64/HTTPTypes-Swift.h -working-directory /Users/shashipandey/Desktop/Team-8/RSMS.xcodeproj -experimental-emit-module-separately -disable-cmo

Ld /Users/shashipandey/Library/Developer/Xcode/DerivedData/RSMS-galdljqllugdxqeukomoxaxsigpi/Build/Intermediates.noindex/swift-concurrency-extras.build/Debug-iphonesimulator/ConcurrencyExtras.build/Objects-normal/arm64/Binary/ConcurrencyExtras.o normal arm64 (in target 'ConcurrencyExtras' from project 'swift-concurrency-extras')
    cd /Users/shashipandey/Library/Developer/Xcode/DerivedData/RSMS-galdljqllugdxqeukomoxaxsigpi/SourcePackages/checkouts/swift-concurrency-extras
    /Applications/Xcode.app/Contents/Developer/Toolchains/XcodeDefault.xctoolchain/usr/bin/clang -Xlinker -reproducible -target arm64-apple-ios13.0-simulator -r -isysroot /Applications/Xcode.app/Contents/Developer/Platforms/iPhoneSimulator.platform/Developer/SDKs/iPhoneSimulator26.5.sdk -O0 -w -F/Users/shashipandey/Library/Developer/Xcode/DerivedData/RSMS-galdljqllugdxqeukomoxaxsigpi/Build/Intermediates.noindex/EagerLinkingTBDs/Debug-iphonesimulator -F/Users/shashipandey/Library/Developer/Xcode/DerivedData/RSMS-galdljqllugdxqeukomoxaxsigpi/Build/Products/Debug-iphonesimulator -iframework /Applications/Xcode.app/Contents/Developer/Platforms/iPhoneSimulator.platform/Developer/Library/Frameworks -iframework /Applications/Xcode.app/Contents/Developer/Platforms/iPhoneSimulator.platform/Developer/SDKs/iPhoneSimulator26.5.sdk/Developer/Library/Frameworks -filelist /Users/shashipandey/Library/Developer/Xcode/DerivedData/RSMS-galdljqllugdxqeukomoxaxsigpi/Build/Intermediates.noindex/swift-concurrency-extras.build/Debug-iphonesimulator/ConcurrencyExtras.build/Objects-normal/arm64/ConcurrencyExtras.LinkFileList -nostdlib -Xlinker -object_path_lto -Xlinker /Users/shashipandey/Library/Developer/Xcode/DerivedData/RSMS-galdljqllugdxqeukomoxaxsigpi/Build/Intermediates.noindex/swift-concurrency-extras.build/Debug-iphonesimulator/ConcurrencyExtras.build/Objects-normal/arm64/ConcurrencyExtras_lto.o -Xlinker -no_deduplicate -Xlinker -objc_abi_version -Xlinker 2 -Xlinker -dependency_info -Xlinker /Users/shashipandey/Library/Developer/Xcode/DerivedData/RSMS-galdljqllugdxqeukomoxaxsigpi/Build/Intermediates.noindex/swift-concurrency-extras.build/Debug-iphonesimulator/ConcurrencyExtras.build/Objects-normal/arm64/ConcurrencyExtras_dependency_info.dat -fobjc-link-runtime -L/Applications/Xcode.app/Contents/Developer/Toolchains/XcodeDefault.xctoolchain/usr/lib/swift/iphonesimulator -L/usr/lib/swift -Xlinker -add_ast_path -Xlinker /Users/shashipandey/Library/Developer/Xcode/DerivedData/RSMS-galdljqllugdxqeukomoxaxsigpi/Build/Intermediates.noindex/swift-concurrency-extras.build/Debug-iphonesimulator/ConcurrencyExtras.build/Objects-normal/arm64/ConcurrencyExtras.swiftmodule @/Users/shashipandey/Library/Developer/Xcode/DerivedData/RSMS-galdljqllugdxqeukomoxaxsigpi/Build/Intermediates.noindex/swift-concurrency-extras.build/Debug-iphonesimulator/ConcurrencyExtras.build/Objects-normal/arm64/ConcurrencyExtras-linker-args.resp -o /Users/shashipandey/Library/Developer/Xcode/DerivedData/RSMS-galdljqllugdxqeukomoxaxsigpi/Build/Intermediates.noindex/swift-concurrency-extras.build/Debug-iphonesimulator/ConcurrencyExtras.build/Objects-normal/arm64/Binary/ConcurrencyExtras.o

SwiftDriver\ Compilation HTTPTypes normal x86_64 com.apple.xcode.tools.swift.compiler (in target 'HTTPTypes' from project 'swift-http-types')
    cd /Users/shashipandey/Desktop/Team-8/RSMS.xcodeproj
    builtin-Swift-Compilation -- /Applications/Xcode.app/Contents/Developer/Toolchains/XcodeDefault.xctoolchain/usr/bin/swiftc -module-name HTTPTypes -Onone @/Users/shashipandey/Library/Developer/Xcode/DerivedData/RSMS-galdljqllugdxqeukomoxaxsigpi/Build/Intermediates.noindex/swift-http-types.build/Debug-iphonesimulator/HTTPTypes.build/Objects-normal/x86_64/HTTPTypes.SwiftFileList -DSWIFT_PACKAGE -DDEBUG -DSWIFT_MODULE_RESOURCE_BUNDLE_UNAVAILABLE -DFoundationURL -DXcode -enable-upcoming-feature InternalImportsByDefault -enable-upcoming-feature MemberImportVisibility -plugin-path /Applications/Xcode.app/Contents/Developer/Toolchains/XcodeDefault.xctoolchain/usr/lib/swift/host/plugins/testing -enable-experimental-feature DebugDescriptionMacro -sdk /Applications/Xcode.app/Contents/Developer/Platforms/iPhoneSimulator.platform/Developer/SDKs/iPhoneSimulator26.5.sdk -target x86_64-apple-ios12.0-simulator -g -module-cache-path /Users/shashipandey/Library/Developer/Xcode/DerivedData/ModuleCache.noindex -Xfrontend -serialize-debugging-options -enable-testing -suppress-warnings -index-store-path /Users/shashipandey/Library/Developer/Xcode/DerivedData/RSMS-galdljqllugdxqeukomoxaxsigpi/Index.noindex/DataStore -Xcc -D_LIBCPP_HARDENING_MODE\=_LIBCPP_HARDENING_MODE_DEBUG -swift-version 6 -I /Users/shashipandey/Library/Developer/Xcode/DerivedData/RSMS-galdljqllugdxqeukomoxaxsigpi/Build/Products/Debug-iphonesimulator -Isystem /Applications/Xcode.app/Contents/Developer/Platforms/iPhoneSimulator.platform/Developer/usr/lib -F /Users/shashipandey/Library/Developer/Xcode/DerivedData/RSMS-galdljqllugdxqeukomoxaxsigpi/Build/Products/Debug-iphonesimulator -F /Applications/Xcode.app/Contents/Developer/Platforms/iPhoneSimulator.platform/Developer/Library/Frameworks -F /Applications/Xcode.app/Contents/Developer/Platforms/iPhoneSimulator.platform/Developer/SDKs/iPhoneSimulator26.5.sdk/Developer/Library/Frameworks -c -j10 -enable-batch-mode -incremental -Xcc -ivfsstatcache -Xcc /Users/shashipandey/Library/Developer/Xcode/DerivedData/SDKStatCaches.noindex/iphonesimulator26.5-23F81a-6cfe768891a92b912361537c460fe42b.sdkstatcache -output-file-map /Users/shashipandey/Library/Developer/Xcode/DerivedData/RSMS-galdljqllugdxqeukomoxaxsigpi/Build/Intermediates.noindex/swift-http-types.build/Debug-iphonesimulator/HTTPTypes.build/Objects-normal/x86_64/HTTPTypes-OutputFileMap.json -use-frontend-parseable-output -save-temps -no-color-diagnostics -explicit-module-build -module-cache-path /Users/shashipandey/Library/Developer/Xcode/DerivedData/RSMS-galdljqllugdxqeukomoxaxsigpi/Build/Intermediates.noindex/SwiftExplicitPrecompiledModules -clang-scanner-module-cache-path /Users/shashipandey/Library/Developer/Xcode/DerivedData/ModuleCache.noindex -sdk-module-cache-path /Users/shashipandey/Library/Developer/Xcode/DerivedData/ModuleCache.noindex -serialize-diagnostics -emit-dependencies -emit-module -emit-module-path /Users/shashipandey/Library/Developer/Xcode/DerivedData/RSMS-galdljqllugdxqeukomoxaxsigpi/Build/Intermediates.noindex/swift-http-types.build/Debug-iphonesimulator/HTTPTypes.build/Objects-normal/x86_64/HTTPTypes.swiftmodule -user-module-version 1.6.0 -validate-clang-modules-once -clang-build-session-file /Users/shashipandey/Library/Developer/Xcode/DerivedData/ModuleCache.noindex/Session.modulevalidation -package-name swift_http_types -Xcc -I/Users/shashipandey/Library/Developer/Xcode/DerivedData/RSMS-galdljqllugdxqeukomoxaxsigpi/Build/Intermediates.noindex/swift-http-types.build/Debug-iphonesimulator/HTTPTypes.build/swift-overrides.hmap -emit-const-values -Xfrontend -const-gather-protocols-file -Xfrontend /Users/shashipandey/Library/Developer/Xcode/DerivedData/RSMS-galdljqllugdxqeukomoxaxsigpi/Build/Intermediates.noindex/swift-http-types.build/Debug-iphonesimulator/HTTPTypes.build/Objects-normal/x86_64/HTTPTypes_const_extract_protocols.json -Xcc -I/Users/shashipandey/Library/Developer/Xcode/DerivedData/RSMS-galdljqllugdxqeukomoxaxsigpi/Build/Products/Debug-iphonesimulator/include -Xcc -I/Users/shashipandey/Library/Developer/Xcode/DerivedData/RSMS-galdljqllugdxqeukomoxaxsigpi/Build/Intermediates.noindex/swift-http-types.build/Debug-iphonesimulator/HTTPTypes.build/DerivedSources-normal/x86_64 -Xcc -I/Users/shashipandey/Library/Developer/Xcode/DerivedData/RSMS-galdljqllugdxqeukomoxaxsigpi/Build/Intermediates.noindex/swift-http-types.build/Debug-iphonesimulator/HTTPTypes.build/DerivedSources/x86_64 -Xcc -I/Users/shashipandey/Library/Developer/Xcode/DerivedData/RSMS-galdljqllugdxqeukomoxaxsigpi/Build/Intermediates.noindex/swift-http-types.build/Debug-iphonesimulator/HTTPTypes.build/DerivedSources -Xcc -DSWIFT_PACKAGE -Xcc -DDEBUG\=1 -emit-objc-header -emit-objc-header-path /Users/shashipandey/Library/Developer/Xcode/DerivedData/RSMS-galdljqllugdxqeukomoxaxsigpi/Build/Intermediates.noindex/swift-http-types.build/Debug-iphonesimulator/HTTPTypes.build/Objects-normal/x86_64/HTTPTypes-Swift.h -working-directory /Users/shashipandey/Desktop/Team-8/RSMS.xcodeproj -experimental-emit-module-separately -disable-cmo

Ld /Users/shashipandey/Library/Developer/Xcode/DerivedData/RSMS-galdljqllugdxqeukomoxaxsigpi/Build/Intermediates.noindex/xctest-dynamic-overlay.build/Debug-iphonesimulator/IssueReporting.build/Objects-normal/arm64/Binary/IssueReporting normal arm64 (in target 'IssueReporting' from project 'xctest-dynamic-overlay')
    cd /Users/shashipandey/Library/Developer/Xcode/DerivedData/RSMS-galdljqllugdxqeukomoxaxsigpi/SourcePackages/checkouts/xctest-dynamic-overlay
    /Applications/Xcode.app/Contents/Developer/Toolchains/XcodeDefault.xctoolchain/usr/bin/clang -Xlinker -reproducible -target arm64-apple-ios13.0-simulator -dynamiclib -isysroot /Applications/Xcode.app/Contents/Developer/Platforms/iPhoneSimulator.platform/Developer/SDKs/iPhoneSimulator26.5.sdk -O0 -w -L/Users/shashipandey/Library/Developer/Xcode/DerivedData/RSMS-galdljqllugdxqeukomoxaxsigpi/Build/Intermediates.noindex/EagerLinkingTBDs/Debug-iphonesimulator -L/Users/shashipandey/Library/Developer/Xcode/DerivedData/RSMS-galdljqllugdxqeukomoxaxsigpi/Build/Products/Debug-iphonesimulator -L/Applications/Xcode.app/Contents/Developer/Platforms/iPhoneSimulator.platform/Developer/usr/lib -F/Users/shashipandey/Library/Developer/Xcode/DerivedData/RSMS-galdljqllugdxqeukomoxaxsigpi/Build/Intermediates.noindex/EagerLinkingTBDs/Debug-iphonesimulator -F/Users/shashipandey/Library/Developer/Xcode/DerivedData/RSMS-galdljqllugdxqeukomoxaxsigpi/Build/Products/Debug-iphonesimulator -iframework /Applications/Xcode.app/Contents/Developer/Platforms/iPhoneSimulator.platform/Developer/Library/Frameworks -iframework /Applications/Xcode.app/Contents/Developer/Platforms/iPhoneSimulator.platform/Developer/SDKs/iPhoneSimulator26.5.sdk/Developer/Library/Frameworks -filelist /Users/shashipandey/Library/Developer/Xcode/DerivedData/RSMS-galdljqllugdxqeukomoxaxsigpi/Build/Intermediates.noindex/xctest-dynamic-overlay.build/Debug-iphonesimulator/IssueReporting.build/Objects-normal/arm64/IssueReporting.LinkFileList -install_name @rpath/IssueReporting.framework/IssueReporting -Xlinker -rpath -Xlinker /usr/lib/swift -Xlinker -dead_strip -Xlinker -object_path_lto -Xlinker /Users/shashipandey/Library/Developer/Xcode/DerivedData/RSMS-galdljqllugdxqeukomoxaxsigpi/Build/Intermediates.noindex/xctest-dynamic-overlay.build/Debug-iphonesimulator/IssueReporting.build/Objects-normal/arm64/IssueReporting_lto.o -rdynamic -Xlinker -no_deduplicate -Xlinker -objc_abi_version -Xlinker 2 -Xlinker -dependency_info -Xlinker /Users/shashipandey/Library/Developer/Xcode/DerivedData/RSMS-galdljqllugdxqeukomoxaxsigpi/Build/Intermediates.noindex/xctest-dynamic-overlay.build/Debug-iphonesimulator/IssueReporting.build/Objects-normal/arm64/IssueReporting_dependency_info.dat -fobjc-link-runtime -L/Applications/Xcode.app/Contents/Developer/Toolchains/XcodeDefault.xctoolchain/usr/lib/swift/iphonesimulator -L/usr/lib/swift -Xlinker -add_ast_path -Xlinker /Users/shashipandey/Library/Developer/Xcode/DerivedData/RSMS-galdljqllugdxqeukomoxaxsigpi/Build/Intermediates.noindex/xctest-dynamic-overlay.build/Debug-iphonesimulator/IssueReporting.build/Objects-normal/arm64/IssueReporting.swiftmodule @/Users/shashipandey/Library/Developer/Xcode/DerivedData/RSMS-galdljqllugdxqeukomoxaxsigpi/Build/Intermediates.noindex/xctest-dynamic-overlay.build/Debug-iphonesimulator/IssueReporting.build/Objects-normal/arm64/IssueReporting-linker-args.resp -o /Users/shashipandey/Library/Developer/Xcode/DerivedData/RSMS-galdljqllugdxqeukomoxaxsigpi/Build/Intermediates.noindex/xctest-dynamic-overlay.build/Debug-iphonesimulator/IssueReporting.build/Objects-normal/arm64/Binary/IssueReporting

SwiftDriver XCTestDynamicOverlay normal arm64 com.apple.xcode.tools.swift.compiler (in target 'XCTestDynamicOverlay' from project 'xctest-dynamic-overlay')
    cd /Users/shashipandey/Desktop/Team-8/RSMS.xcodeproj
    builtin-SwiftDriver -- /Applications/Xcode.app/Contents/Developer/Toolchains/XcodeDefault.xctoolchain/usr/bin/swiftc -module-name XCTestDynamicOverlay -Onone @/Users/shashipandey/Library/Developer/Xcode/DerivedData/RSMS-galdljqllugdxqeukomoxaxsigpi/Build/Intermediates.noindex/xctest-dynamic-overlay.build/Debug-iphonesimulator/XCTestDynamicOverlay.build/Objects-normal/arm64/XCTestDynamicOverlay.SwiftFileList -DSWIFT_PACKAGE -DDEBUG -DSWIFT_MODULE_RESOURCE_BUNDLE_UNAVAILABLE -DXcode -enable-upcoming-feature ExistentialAny -enable-upcoming-feature ImmutableWeakCaptures -enable-upcoming-feature InferIsolatedConformances -enable-upcoming-feature InternalImportsByDefault -enable-upcoming-feature MemberImportVisibility -enable-upcoming-feature NonisolatedNonsendingByDefault -plugin-path /Applications/Xcode.app/Contents/Developer/Toolchains/XcodeDefault.xctoolchain/usr/lib/swift/host/plugins/testing -enable-experimental-feature DebugDescriptionMacro -sdk /Applications/Xcode.app/Contents/Developer/Platforms/iPhoneSimulator.platform/Developer/SDKs/iPhoneSimulator26.5.sdk -target arm64-apple-ios13.0-simulator -g -module-cache-path /Users/shashipandey/Library/Developer/Xcode/DerivedData/ModuleCache.noindex -Xfrontend -serialize-debugging-options -enable-testing -suppress-warnings -index-store-path /Users/shashipandey/Library/Developer/Xcode/DerivedData/RSMS-galdljqllugdxqeukomoxaxsigpi/Index.noindex/DataStore -Xcc -D_LIBCPP_HARDENING_MODE\=_LIBCPP_HARDENING_MODE_DEBUG -swift-version 6 -I /Users/shashipandey/Library/Developer/Xcode/DerivedData/RSMS-galdljqllugdxqeukomoxaxsigpi/Build/Products/Debug-iphonesimulator -Isystem /Applications/Xcode.app/Contents/Developer/Platforms/iPhoneSimulator.platform/Developer/usr/lib -F /Users/shashipandey/Library/Developer/Xcode/DerivedData/RSMS-galdljqllugdxqeukomoxaxsigpi/Build/Products/Debug-iphonesimulator/PackageFrameworks -F /Users/shashipandey/Library/Developer/Xcode/DerivedData/RSMS-galdljqllugdxqeukomoxaxsigpi/Build/Products/Debug-iphonesimulator -F /Applications/Xcode.app/Contents/Developer/Platforms/iPhoneSimulator.platform/Developer/Library/Frameworks -F /Applications/Xcode.app/Contents/Developer/Platforms/iPhoneSimulator.platform/Developer/SDKs/iPhoneSimulator26.5.sdk/Developer/Library/Frameworks -c -j10 -enable-batch-mode -incremental -Xcc -ivfsstatcache -Xcc /Users/shashipandey/Library/Developer/Xcode/DerivedData/SDKStatCaches.noindex/iphonesimulator26.5-23F81a-6cfe768891a92b912361537c460fe42b.sdkstatcache -output-file-map /Users/shashipandey/Library/Developer/Xcode/DerivedData/RSMS-galdljqllugdxqeukomoxaxsigpi/Build/Intermediates.noindex/xctest-dynamic-overlay.build/Debug-iphonesimulator/XCTestDynamicOverlay.build/Objects-normal/arm64/XCTestDynamicOverlay-OutputFileMap.json -use-frontend-parseable-output -save-temps -no-color-diagnostics -explicit-module-build -module-cache-path /Users/shashipandey/Library/Developer/Xcode/DerivedData/RSMS-galdljqllugdxqeukomoxaxsigpi/Build/Intermediates.noindex/SwiftExplicitPrecompiledModules -clang-scanner-module-cache-path /Users/shashipandey/Library/Developer/Xcode/DerivedData/ModuleCache.noindex -sdk-module-cache-path /Users/shashipandey/Library/Developer/Xcode/DerivedData/ModuleCache.noindex -serialize-diagnostics -emit-dependencies -emit-module -emit-module-path /Users/shashipandey/Library/Developer/Xcode/DerivedData/RSMS-galdljqllugdxqeukomoxaxsigpi/Build/Intermediates.noindex/xctest-dynamic-overlay.build/Debug-iphonesimulator/XCTestDynamicOverlay.build/Objects-normal/arm64/XCTestDynamicOverlay.swiftmodule -user-module-version 1.10.1 -validate-clang-modules-once -clang-build-session-file /Users/shashipandey/Library/Developer/Xcode/DerivedData/ModuleCache.noindex/Session.modulevalidation -package-name xctest_dynamic_overlay -Xcc -I/Users/shashipandey/Library/Developer/Xcode/DerivedData/RSMS-galdljqllugdxqeukomoxaxsigpi/Build/Intermediates.noindex/xctest-dynamic-overlay.build/Debug-iphonesimulator/XCTestDynamicOverlay.build/swift-overrides.hmap -emit-const-values -Xfrontend -const-gather-protocols-file -Xfrontend /Users/shashipandey/Library/Developer/Xcode/DerivedData/RSMS-galdljqllugdxqeukomoxaxsigpi/Build/Intermediates.noindex/xctest-dynamic-overlay.build/Debug-iphonesimulator/XCTestDynamicOverlay.build/Objects-normal/arm64/XCTestDynamicOverlay_const_extract_protocols.json -Xcc -I/Users/shashipandey/Library/Developer/Xcode/DerivedData/RSMS-galdljqllugdxqeukomoxaxsigpi/Build/Products/Debug-iphonesimulator/include -Xcc -I/Users/shashipandey/Library/Developer/Xcode/DerivedData/RSMS-galdljqllugdxqeukomoxaxsigpi/Build/Intermediates.noindex/xctest-dynamic-overlay.build/Debug-iphonesimulator/XCTestDynamicOverlay.build/DerivedSources-normal/arm64 -Xcc -I/Users/shashipandey/Library/Developer/Xcode/DerivedData/RSMS-galdljqllugdxqeukomoxaxsigpi/Build/Intermediates.noindex/xctest-dynamic-overlay.build/Debug-iphonesimulator/XCTestDynamicOverlay.build/DerivedSources/arm64 -Xcc -I/Users/shashipandey/Library/Developer/Xcode/DerivedData/RSMS-galdljqllugdxqeukomoxaxsigpi/Build/Intermediates.noindex/xctest-dynamic-overlay.build/Debug-iphonesimulator/XCTestDynamicOverlay.build/DerivedSources -Xcc -DSWIFT_PACKAGE -Xcc -DDEBUG\=1 -emit-objc-header -emit-objc-header-path /Users/shashipandey/Library/Developer/Xcode/DerivedData/RSMS-galdljqllugdxqeukomoxaxsigpi/Build/Intermediates.noindex/xctest-dynamic-overlay.build/Debug-iphonesimulator/XCTestDynamicOverlay.build/Objects-normal/arm64/XCTestDynamicOverlay-Swift.h -working-directory /Users/shashipandey/Desktop/Team-8/RSMS.xcodeproj -experimental-emit-module-separately -disable-cmo

SwiftDriver XCTestDynamicOverlay normal x86_64 com.apple.xcode.tools.swift.compiler (in target 'XCTestDynamicOverlay' from project 'xctest-dynamic-overlay')
    cd /Users/shashipandey/Desktop/Team-8/RSMS.xcodeproj
    builtin-SwiftDriver -- /Applications/Xcode.app/Contents/Developer/Toolchains/XcodeDefault.xctoolchain/usr/bin/swiftc -module-name XCTestDynamicOverlay -Onone @/Users/shashipandey/Library/Developer/Xcode/DerivedData/RSMS-galdljqllugdxqeukomoxaxsigpi/Build/Intermediates.noindex/xctest-dynamic-overlay.build/Debug-iphonesimulator/XCTestDynamicOverlay.build/Objects-normal/x86_64/XCTestDynamicOverlay.SwiftFileList -DSWIFT_PACKAGE -DDEBUG -DSWIFT_MODULE_RESOURCE_BUNDLE_UNAVAILABLE -DXcode -enable-upcoming-feature ExistentialAny -enable-upcoming-feature ImmutableWeakCaptures -enable-upcoming-feature InferIsolatedConformances -enable-upcoming-feature InternalImportsByDefault -enable-upcoming-feature MemberImportVisibility -enable-upcoming-feature NonisolatedNonsendingByDefault -plugin-path /Applications/Xcode.app/Contents/Developer/Toolchains/XcodeDefault.xctoolchain/usr/lib/swift/host/plugins/testing -enable-experimental-feature DebugDescriptionMacro -sdk /Applications/Xcode.app/Contents/Developer/Platforms/iPhoneSimulator.platform/Developer/SDKs/iPhoneSimulator26.5.sdk -target x86_64-apple-ios13.0-simulator -g -module-cache-path /Users/shashipandey/Library/Developer/Xcode/DerivedData/ModuleCache.noindex -Xfrontend -serialize-debugging-options -enable-testing -suppress-warnings -index-store-path /Users/shashipandey/Library/Developer/Xcode/DerivedData/RSMS-galdljqllugdxqeukomoxaxsigpi/Index.noindex/DataStore -Xcc -D_LIBCPP_HARDENING_MODE\=_LIBCPP_HARDENING_MODE_DEBUG -swift-version 6 -I /Users/shashipandey/Library/Developer/Xcode/DerivedData/RSMS-galdljqllugdxqeukomoxaxsigpi/Build/Products/Debug-iphonesimulator -Isystem /Applications/Xcode.app/Contents/Developer/Platforms/iPhoneSimulator.platform/Developer/usr/lib -F /Users/shashipandey/Library/Developer/Xcode/DerivedData/RSMS-galdljqllugdxqeukomoxaxsigpi/Build/Products/Debug-iphonesimulator/PackageFrameworks -F /Users/shashipandey/Library/Developer/Xcode/DerivedData/RSMS-galdljqllugdxqeukomoxaxsigpi/Build/Products/Debug-iphonesimulator -F /Applications/Xcode.app/Contents/Developer/Platforms/iPhoneSimulator.platform/Developer/Library/Frameworks -F /Applications/Xcode.app/Contents/Developer/Platforms/iPhoneSimulator.platform/Developer/SDKs/iPhoneSimulator26.5.sdk/Developer/Library/Frameworks -c -j10 -enable-batch-mode -incremental -Xcc -ivfsstatcache -Xcc /Users/shashipandey/Library/Developer/Xcode/DerivedData/SDKStatCaches.noindex/iphonesimulator26.5-23F81a-6cfe768891a92b912361537c460fe42b.sdkstatcache -output-file-map /Users/shashipandey/Library/Developer/Xcode/DerivedData/RSMS-galdljqllugdxqeukomoxaxsigpi/Build/Intermediates.noindex/xctest-dynamic-overlay.build/Debug-iphonesimulator/XCTestDynamicOverlay.build/Objects-normal/x86_64/XCTestDynamicOverlay-OutputFileMap.json -use-frontend-parseable-output -save-temps -no-color-diagnostics -explicit-module-build -module-cache-path /Users/shashipandey/Library/Developer/Xcode/DerivedData/RSMS-galdljqllugdxqeukomoxaxsigpi/Build/Intermediates.noindex/SwiftExplicitPrecompiledModules -clang-scanner-module-cache-path /Users/shashipandey/Library/Developer/Xcode/DerivedData/ModuleCache.noindex -sdk-module-cache-path /Users/shashipandey/Library/Developer/Xcode/DerivedData/ModuleCache.noindex -serialize-diagnostics -emit-dependencies -emit-module -emit-module-path /Users/shashipandey/Library/Developer/Xcode/DerivedData/RSMS-galdljqllugdxqeukomoxaxsigpi/Build/Intermediates.noindex/xctest-dynamic-overlay.build/Debug-iphonesimulator/XCTestDynamicOverlay.build/Objects-normal/x86_64/XCTestDynamicOverlay.swiftmodule -user-module-version 1.10.1 -validate-clang-modules-once -clang-build-session-file /Users/shashipandey/Library/Developer/Xcode/DerivedData/ModuleCache.noindex/Session.modulevalidation -package-name xctest_dynamic_overlay -Xcc -I/Users/shashipandey/Library/Developer/Xcode/DerivedData/RSMS-galdljqllugdxqeukomoxaxsigpi/Build/Intermediates.noindex/xctest-dynamic-overlay.build/Debug-iphonesimulator/XCTestDynamicOverlay.build/swift-overrides.hmap -emit-const-values -Xfrontend -const-gather-protocols-file -Xfrontend /Users/shashipandey/Library/Developer/Xcode/DerivedData/RSMS-galdljqllugdxqeukomoxaxsigpi/Build/Intermediates.noindex/xctest-dynamic-overlay.build/Debug-iphonesimulator/XCTestDynamicOverlay.build/Objects-normal/x86_64/XCTestDynamicOverlay_const_extract_protocols.json -Xcc -I/Users/shashipandey/Library/Developer/Xcode/DerivedData/RSMS-galdljqllugdxqeukomoxaxsigpi/Build/Products/Debug-iphonesimulator/include -Xcc -I/Users/shashipandey/Library/Developer/Xcode/DerivedData/RSMS-galdljqllugdxqeukomoxaxsigpi/Build/Intermediates.noindex/xctest-dynamic-overlay.build/Debug-iphonesimulator/XCTestDynamicOverlay.build/DerivedSources-normal/x86_64 -Xcc -I/Users/shashipandey/Library/Developer/Xcode/DerivedData/RSMS-galdljqllugdxqeukomoxaxsigpi/Build/Intermediates.noindex/xctest-dynamic-overlay.build/Debug-iphonesimulator/XCTestDynamicOverlay.build/DerivedSources/x86_64 -Xcc -I/Users/shashipandey/Library/Developer/Xcode/DerivedData/RSMS-galdljqllugdxqeukomoxaxsigpi/Build/Intermediates.noindex/xctest-dynamic-overlay.build/Debug-iphonesimulator/XCTestDynamicOverlay.build/DerivedSources -Xcc -DSWIFT_PACKAGE -Xcc -DDEBUG\=1 -emit-objc-header -emit-objc-header-path /Users/shashipandey/Library/Developer/Xcode/DerivedData/RSMS-galdljqllugdxqeukomoxaxsigpi/Build/Intermediates.noindex/xctest-dynamic-overlay.build/Debug-iphonesimulator/XCTestDynamicOverlay.build/Objects-normal/x86_64/XCTestDynamicOverlay-Swift.h -working-directory /Users/shashipandey/Desktop/Team-8/RSMS.xcodeproj -experimental-emit-module-separately -disable-cmo

SwiftDriver Clocks normal arm64 com.apple.xcode.tools.swift.compiler (in target 'Clocks' from project 'swift-clocks')
    cd /Users/shashipandey/Desktop/Team-8/RSMS.xcodeproj
    builtin-SwiftDriver -- /Applications/Xcode.app/Contents/Developer/Toolchains/XcodeDefault.xctoolchain/usr/bin/swiftc -module-name Clocks -Onone @/Users/shashipandey/Library/Developer/Xcode/DerivedData/RSMS-galdljqllugdxqeukomoxaxsigpi/Build/Intermediates.noindex/swift-clocks.build/Debug-iphonesimulator/Clocks.build/Objects-normal/arm64/Clocks.SwiftFileList -DSWIFT_PACKAGE -DDEBUG -DSWIFT_MODULE_RESOURCE_BUNDLE_UNAVAILABLE -DXcode -enable-upcoming-feature ExistentialAny -enable-upcoming-feature ImmutableWeakCaptures -enable-upcoming-feature InferIsolatedConformances -enable-upcoming-feature InternalImportsByDefault -enable-upcoming-feature MemberImportVisibility -enable-upcoming-feature NonisolatedNonsendingByDefault -plugin-path /Applications/Xcode.app/Contents/Developer/Toolchains/XcodeDefault.xctoolchain/usr/lib/swift/host/plugins/testing -enable-experimental-feature DebugDescriptionMacro -sdk /Applications/Xcode.app/Contents/Developer/Platforms/iPhoneSimulator.platform/Developer/SDKs/iPhoneSimulator26.5.sdk -target arm64-apple-ios13.0-simulator -g -module-cache-path /Users/shashipandey/Library/Developer/Xcode/DerivedData/ModuleCache.noindex -Xfrontend -serialize-debugging-options -enable-testing -suppress-warnings -index-store-path /Users/shashipandey/Library/Developer/Xcode/DerivedData/RSMS-galdljqllugdxqeukomoxaxsigpi/Index.noindex/DataStore -Xcc -D_LIBCPP_HARDENING_MODE\=_LIBCPP_HARDENING_MODE_DEBUG -swift-version 6 -I /Users/shashipandey/Library/Developer/Xcode/DerivedData/RSMS-galdljqllugdxqeukomoxaxsigpi/Build/Products/Debug-iphonesimulator -Isystem /Applications/Xcode.app/Contents/Developer/Platforms/iPhoneSimulator.platform/Developer/usr/lib -F /Users/shashipandey/Library/Developer/Xcode/DerivedData/RSMS-galdljqllugdxqeukomoxaxsigpi/Build/Products/Debug-iphonesimulator/PackageFrameworks -F /Users/shashipandey/Library/Developer/Xcode/DerivedData/RSMS-galdljqllugdxqeukomoxaxsigpi/Build/Products/Debug-iphonesimulator/PackageFrameworks -F /Users/shashipandey/Library/Developer/Xcode/DerivedData/RSMS-galdljqllugdxqeukomoxaxsigpi/Build/Products/Debug-iphonesimulator -F /Applications/Xcode.app/Contents/Developer/Platforms/iPhoneSimulator.platform/Developer/Library/Frameworks -F /Applications/Xcode.app/Contents/Developer/Platforms/iPhoneSimulator.platform/Developer/SDKs/iPhoneSimulator26.5.sdk/Developer/Library/Frameworks -c -j10 -enable-batch-mode -incremental -Xcc -ivfsstatcache -Xcc /Users/shashipandey/Library/Developer/Xcode/DerivedData/SDKStatCaches.noindex/iphonesimulator26.5-23F81a-6cfe768891a92b912361537c460fe42b.sdkstatcache -output-file-map /Users/shashipandey/Library/Developer/Xcode/DerivedData/RSMS-galdljqllugdxqeukomoxaxsigpi/Build/Intermediates.noindex/swift-clocks.build/Debug-iphonesimulator/Clocks.build/Objects-normal/arm64/Clocks-OutputFileMap.json -use-frontend-parseable-output -save-temps -no-color-diagnostics -explicit-module-build -module-cache-path /Users/shashipandey/Library/Developer/Xcode/DerivedData/RSMS-galdljqllugdxqeukomoxaxsigpi/Build/Intermediates.noindex/SwiftExplicitPrecompiledModules -clang-scanner-module-cache-path /Users/shashipandey/Library/Developer/Xcode/DerivedData/ModuleCache.noindex -sdk-module-cache-path /Users/shashipandey/Library/Developer/Xcode/DerivedData/ModuleCache.noindex -serialize-diagnostics -emit-dependencies -emit-module -emit-module-path /Users/shashipandey/Library/Developer/Xcode/DerivedData/RSMS-galdljqllugdxqeukomoxaxsigpi/Build/Intermediates.noindex/swift-clocks.build/Debug-iphonesimulator/Clocks.build/Objects-normal/arm64/Clocks.swiftmodule -user-module-version 1.1.0 -validate-clang-modules-once -clang-build-session-file /Users/shashipandey/Library/Developer/Xcode/DerivedData/ModuleCache.noindex/Session.modulevalidation -package-name swift_clocks -Xcc -I/Users/shashipandey/Library/Developer/Xcode/DerivedData/RSMS-galdljqllugdxqeukomoxaxsigpi/Build/Intermediates.noindex/swift-clocks.build/Debug-iphonesimulator/Clocks.build/swift-overrides.hmap -emit-const-values -Xfrontend -const-gather-protocols-file -Xfrontend /Users/shashipandey/Library/Developer/Xcode/DerivedData/RSMS-galdljqllugdxqeukomoxaxsigpi/Build/Intermediates.noindex/swift-clocks.build/Debug-iphonesimulator/Clocks.build/Objects-normal/arm64/Clocks_const_extract_protocols.json -Xcc -I/Users/shashipandey/Library/Developer/Xcode/DerivedData/RSMS-galdljqllugdxqeukomoxaxsigpi/Build/Products/Debug-iphonesimulator/include -Xcc -I/Users/shashipandey/Library/Developer/Xcode/DerivedData/RSMS-galdljqllugdxqeukomoxaxsigpi/Build/Intermediates.noindex/swift-clocks.build/Debug-iphonesimulator/Clocks.build/DerivedSources-normal/arm64 -Xcc -I/Users/shashipandey/Library/Developer/Xcode/DerivedData/RSMS-galdljqllugdxqeukomoxaxsigpi/Build/Intermediates.noindex/swift-clocks.build/Debug-iphonesimulator/Clocks.build/DerivedSources/arm64 -Xcc -I/Users/shashipandey/Library/Developer/Xcode/DerivedData/RSMS-galdljqllugdxqeukomoxaxsigpi/Build/Intermediates.noindex/swift-clocks.build/Debug-iphonesimulator/Clocks.build/DerivedSources -Xcc -DSWIFT_PACKAGE -Xcc -DDEBUG\=1 -emit-objc-header -emit-objc-header-path /Users/shashipandey/Library/Developer/Xcode/DerivedData/RSMS-galdljqllugdxqeukomoxaxsigpi/Build/Intermediates.noindex/swift-clocks.build/Debug-iphonesimulator/Clocks.build/Objects-normal/arm64/Clocks-Swift.h -working-directory /Users/shashipandey/Desktop/Team-8/RSMS.xcodeproj -experimental-emit-module-separately -disable-cmo

CreateUniversalBinary /Users/shashipandey/Library/Developer/Xcode/DerivedData/RSMS-galdljqllugdxqeukomoxaxsigpi/Build/Products/Debug-iphonesimulator/ConcurrencyExtras.o normal arm64\ x86_64 (in target 'ConcurrencyExtras' from project 'swift-concurrency-extras')
    cd /Users/shashipandey/Library/Developer/Xcode/DerivedData/RSMS-galdljqllugdxqeukomoxaxsigpi/SourcePackages/checkouts/swift-concurrency-extras
    /Applications/Xcode.app/Contents/Developer/Toolchains/XcodeDefault.xctoolchain/usr/bin/lipo -create /Users/shashipandey/Library/Developer/Xcode/DerivedData/RSMS-galdljqllugdxqeukomoxaxsigpi/Build/Intermediates.noindex/swift-concurrency-extras.build/Debug-iphonesimulator/ConcurrencyExtras.build/Objects-normal/arm64/Binary/ConcurrencyExtras.o /Users/shashipandey/Library/Developer/Xcode/DerivedData/RSMS-galdljqllugdxqeukomoxaxsigpi/Build/Intermediates.noindex/swift-concurrency-extras.build/Debug-iphonesimulator/ConcurrencyExtras.build/Objects-normal/x86_64/Binary/ConcurrencyExtras.o -output /Users/shashipandey/Library/Developer/Xcode/DerivedData/RSMS-galdljqllugdxqeukomoxaxsigpi/Build/Products/Debug-iphonesimulator/ConcurrencyExtras.o

SwiftDriver Clocks normal x86_64 com.apple.xcode.tools.swift.compiler (in target 'Clocks' from project 'swift-clocks')
    cd /Users/shashipandey/Desktop/Team-8/RSMS.xcodeproj
    builtin-SwiftDriver -- /Applications/Xcode.app/Contents/Developer/Toolchains/XcodeDefault.xctoolchain/usr/bin/swiftc -module-name Clocks -Onone @/Users/shashipandey/Library/Developer/Xcode/DerivedData/RSMS-galdljqllugdxqeukomoxaxsigpi/Build/Intermediates.noindex/swift-clocks.build/Debug-iphonesimulator/Clocks.build/Objects-normal/x86_64/Clocks.SwiftFileList -DSWIFT_PACKAGE -DDEBUG -DSWIFT_MODULE_RESOURCE_BUNDLE_UNAVAILABLE -DXcode -enable-upcoming-feature ExistentialAny -enable-upcoming-feature ImmutableWeakCaptures -enable-upcoming-feature InferIsolatedConformances -enable-upcoming-feature InternalImportsByDefault -enable-upcoming-feature MemberImportVisibility -enable-upcoming-feature NonisolatedNonsendingByDefault -plugin-path /Applications/Xcode.app/Contents/Developer/Toolchains/XcodeDefault.xctoolchain/usr/lib/swift/host/plugins/testing -enable-experimental-feature DebugDescriptionMacro -sdk /Applications/Xcode.app/Contents/Developer/Platforms/iPhoneSimulator.platform/Developer/SDKs/iPhoneSimulator26.5.sdk -target x86_64-apple-ios13.0-simulator -g -module-cache-path /Users/shashipandey/Library/Developer/Xcode/DerivedData/ModuleCache.noindex -Xfrontend -serialize-debugging-options -enable-testing -suppress-warnings -index-store-path /Users/shashipandey/Library/Developer/Xcode/DerivedData/RSMS-galdljqllugdxqeukomoxaxsigpi/Index.noindex/DataStore -Xcc -D_LIBCPP_HARDENING_MODE\=_LIBCPP_HARDENING_MODE_DEBUG -swift-version 6 -I /Users/shashipandey/Library/Developer/Xcode/DerivedData/RSMS-galdljqllugdxqeukomoxaxsigpi/Build/Products/Debug-iphonesimulator -Isystem /Applications/Xcode.app/Contents/Developer/Platforms/iPhoneSimulator.platform/Developer/usr/lib -F /Users/shashipandey/Library/Developer/Xcode/DerivedData/RSMS-galdljqllugdxqeukomoxaxsigpi/Build/Products/Debug-iphonesimulator/PackageFrameworks -F /Users/shashipandey/Library/Developer/Xcode/DerivedData/RSMS-galdljqllugdxqeukomoxaxsigpi/Build/Products/Debug-iphonesimulator/PackageFrameworks -F /Users/shashipandey/Library/Developer/Xcode/DerivedData/RSMS-galdljqllugdxqeukomoxaxsigpi/Build/Products/Debug-iphonesimulator -F /Applications/Xcode.app/Contents/Developer/Platforms/iPhoneSimulator.platform/Developer/Library/Frameworks -F /Applications/Xcode.app/Contents/Developer/Platforms/iPhoneSimulator.platform/Developer/SDKs/iPhoneSimulator26.5.sdk/Developer/Library/Frameworks -c -j10 -enable-batch-mode -incremental -Xcc -ivfsstatcache -Xcc /Users/shashipandey/Library/Developer/Xcode/DerivedData/SDKStatCaches.noindex/iphonesimulator26.5-23F81a-6cfe768891a92b912361537c460fe42b.sdkstatcache -output-file-map /Users/shashipandey/Library/Developer/Xcode/DerivedData/RSMS-galdljqllugdxqeukomoxaxsigpi/Build/Intermediates.noindex/swift-clocks.build/Debug-iphonesimulator/Clocks.build/Objects-normal/x86_64/Clocks-OutputFileMap.json -use-frontend-parseable-output -save-temps -no-color-diagnostics -explicit-module-build -module-cache-path /Users/shashipandey/Library/Developer/Xcode/DerivedData/RSMS-galdljqllugdxqeukomoxaxsigpi/Build/Intermediates.noindex/SwiftExplicitPrecompiledModules -clang-scanner-module-cache-path /Users/shashipandey/Library/Developer/Xcode/DerivedData/ModuleCache.noindex -sdk-module-cache-path /Users/shashipandey/Library/Developer/Xcode/DerivedData/ModuleCache.noindex -serialize-diagnostics -emit-dependencies -emit-module -emit-module-path /Users/shashipandey/Library/Developer/Xcode/DerivedData/RSMS-galdljqllugdxqeukomoxaxsigpi/Build/Intermediates.noindex/swift-clocks.build/Debug-iphonesimulator/Clocks.build/Objects-normal/x86_64/Clocks.swiftmodule -user-module-version 1.1.0 -validate-clang-modules-once -clang-build-session-file /Users/shashipandey/Library/Developer/Xcode/DerivedData/ModuleCache.noindex/Session.modulevalidation -package-name swift_clocks -Xcc -I/Users/shashipandey/Library/Developer/Xcode/DerivedData/RSMS-galdljqllugdxqeukomoxaxsigpi/Build/Intermediates.noindex/swift-clocks.build/Debug-iphonesimulator/Clocks.build/swift-overrides.hmap -emit-const-values -Xfrontend -const-gather-protocols-file -Xfrontend /Users/shashipandey/Library/Developer/Xcode/DerivedData/RSMS-galdljqllugdxqeukomoxaxsigpi/Build/Intermediates.noindex/swift-clocks.build/Debug-iphonesimulator/Clocks.build/Objects-normal/x86_64/Clocks_const_extract_protocols.json -Xcc -I/Users/shashipandey/Library/Developer/Xcode/DerivedData/RSMS-galdljqllugdxqeukomoxaxsigpi/Build/Products/Debug-iphonesimulator/include -Xcc -I/Users/shashipandey/Library/Developer/Xcode/DerivedData/RSMS-galdljqllugdxqeukomoxaxsigpi/Build/Intermediates.noindex/swift-clocks.build/Debug-iphonesimulator/Clocks.build/DerivedSources-normal/x86_64 -Xcc -I/Users/shashipandey/Library/Developer/Xcode/DerivedData/RSMS-galdljqllugdxqeukomoxaxsigpi/Build/Intermediates.noindex/swift-clocks.build/Debug-iphonesimulator/Clocks.build/DerivedSources/x86_64 -Xcc -I/Users/shashipandey/Library/Developer/Xcode/DerivedData/RSMS-galdljqllugdxqeukomoxaxsigpi/Build/Intermediates.noindex/swift-clocks.build/Debug-iphonesimulator/Clocks.build/DerivedSources -Xcc -DSWIFT_PACKAGE -Xcc -DDEBUG\=1 -emit-objc-header -emit-objc-header-path /Users/shashipandey/Library/Developer/Xcode/DerivedData/RSMS-galdljqllugdxqeukomoxaxsigpi/Build/Intermediates.noindex/swift-clocks.build/Debug-iphonesimulator/Clocks.build/Objects-normal/x86_64/Clocks-Swift.h -working-directory /Users/shashipandey/Desktop/Team-8/RSMS.xcodeproj -experimental-emit-module-separately -disable-cmo

SwiftDriver\ Compilation\ Requirements HTTPTypes normal arm64 com.apple.xcode.tools.swift.compiler (in target 'HTTPTypes' from project 'swift-http-types')
    cd /Users/shashipandey/Desktop/Team-8/RSMS.xcodeproj
    builtin-Swift-Compilation-Requirements -- /Applications/Xcode.app/Contents/Developer/Toolchains/XcodeDefault.xctoolchain/usr/bin/swiftc -module-name HTTPTypes -Onone @/Users/shashipandey/Library/Developer/Xcode/DerivedData/RSMS-galdljqllugdxqeukomoxaxsigpi/Build/Intermediates.noindex/swift-http-types.build/Debug-iphonesimulator/HTTPTypes.build/Objects-normal/arm64/HTTPTypes.SwiftFileList -DSWIFT_PACKAGE -DDEBUG -DSWIFT_MODULE_RESOURCE_BUNDLE_UNAVAILABLE -DFoundationURL -DXcode -enable-upcoming-feature InternalImportsByDefault -enable-upcoming-feature MemberImportVisibility -plugin-path /Applications/Xcode.app/Contents/Developer/Toolchains/XcodeDefault.xctoolchain/usr/lib/swift/host/plugins/testing -enable-experimental-feature DebugDescriptionMacro -sdk /Applications/Xcode.app/Contents/Developer/Platforms/iPhoneSimulator.platform/Developer/SDKs/iPhoneSimulator26.5.sdk -target arm64-apple-ios12.0-simulator -g -module-cache-path /Users/shashipandey/Library/Developer/Xcode/DerivedData/ModuleCache.noindex -Xfrontend -serialize-debugging-options -enable-testing -suppress-warnings -index-store-path /Users/shashipandey/Library/Developer/Xcode/DerivedData/RSMS-galdljqllugdxqeukomoxaxsigpi/Index.noindex/DataStore -Xcc -D_LIBCPP_HARDENING_MODE\=_LIBCPP_HARDENING_MODE_DEBUG -swift-version 6 -I /Users/shashipandey/Library/Developer/Xcode/DerivedData/RSMS-galdljqllugdxqeukomoxaxsigpi/Build/Products/Debug-iphonesimulator -Isystem /Applications/Xcode.app/Contents/Developer/Platforms/iPhoneSimulator.platform/Developer/usr/lib -F /Users/shashipandey/Library/Developer/Xcode/DerivedData/RSMS-galdljqllugdxqeukomoxaxsigpi/Build/Products/Debug-iphonesimulator -F /Applications/Xcode.app/Contents/Developer/Platforms/iPhoneSimulator.platform/Developer/Library/Frameworks -F /Applications/Xcode.app/Contents/Developer/Platforms/iPhoneSimulator.platform/Developer/SDKs/iPhoneSimulator26.5.sdk/Developer/Library/Frameworks -c -j10 -enable-batch-mode -incremental -Xcc -ivfsstatcache -Xcc /Users/shashipandey/Library/Developer/Xcode/DerivedData/SDKStatCaches.noindex/iphonesimulator26.5-23F81a-6cfe768891a92b912361537c460fe42b.sdkstatcache -output-file-map /Users/shashipandey/Library/Developer/Xcode/DerivedData/RSMS-galdljqllugdxqeukomoxaxsigpi/Build/Intermediates.noindex/swift-http-types.build/Debug-iphonesimulator/HTTPTypes.build/Objects-normal/arm64/HTTPTypes-OutputFileMap.json -use-frontend-parseable-output -save-temps -no-color-diagnostics -explicit-module-build -module-cache-path /Users/shashipandey/Library/Developer/Xcode/DerivedData/RSMS-galdljqllugdxqeukomoxaxsigpi/Build/Intermediates.noindex/SwiftExplicitPrecompiledModules -clang-scanner-module-cache-path /Users/shashipandey/Library/Developer/Xcode/DerivedData/ModuleCache.noindex -sdk-module-cache-path /Users/shashipandey/Library/Developer/Xcode/DerivedData/ModuleCache.noindex -serialize-diagnostics -emit-dependencies -emit-module -emit-module-path /Users/shashipandey/Library/Developer/Xcode/DerivedData/RSMS-galdljqllugdxqeukomoxaxsigpi/Build/Intermediates.noindex/swift-http-types.build/Debug-iphonesimulator/HTTPTypes.build/Objects-normal/arm64/HTTPTypes.swiftmodule -user-module-version 1.6.0 -validate-clang-modules-once -clang-build-session-file /Users/shashipandey/Library/Developer/Xcode/DerivedData/ModuleCache.noindex/Session.modulevalidation -package-name swift_http_types -Xcc -I/Users/shashipandey/Library/Developer/Xcode/DerivedData/RSMS-galdljqllugdxqeukomoxaxsigpi/Build/Intermediates.noindex/swift-http-types.build/Debug-iphonesimulator/HTTPTypes.build/swift-overrides.hmap -emit-const-values -Xfrontend -const-gather-protocols-file -Xfrontend /Users/shashipandey/Library/Developer/Xcode/DerivedData/RSMS-galdljqllugdxqeukomoxaxsigpi/Build/Intermediates.noindex/swift-http-types.build/Debug-iphonesimulator/HTTPTypes.build/Objects-normal/arm64/HTTPTypes_const_extract_protocols.json -Xcc -I/Users/shashipandey/Library/Developer/Xcode/DerivedData/RSMS-galdljqllugdxqeukomoxaxsigpi/Build/Products/Debug-iphonesimulator/include -Xcc -I/Users/shashipandey/Library/Developer/Xcode/DerivedData/RSMS-galdljqllugdxqeukomoxaxsigpi/Build/Intermediates.noindex/swift-http-types.build/Debug-iphonesimulator/HTTPTypes.build/DerivedSources-normal/arm64 -Xcc -I/Users/shashipandey/Library/Developer/Xcode/DerivedData/RSMS-galdljqllugdxqeukomoxaxsigpi/Build/Intermediates.noindex/swift-http-types.build/Debug-iphonesimulator/HTTPTypes.build/DerivedSources/arm64 -Xcc -I/Users/shashipandey/Library/Developer/Xcode/DerivedData/RSMS-galdljqllugdxqeukomoxaxsigpi/Build/Intermediates.noindex/swift-http-types.build/Debug-iphonesimulator/HTTPTypes.build/DerivedSources -Xcc -DSWIFT_PACKAGE -Xcc -DDEBUG\=1 -emit-objc-header -emit-objc-header-path /Users/shashipandey/Library/Developer/Xcode/DerivedData/RSMS-galdljqllugdxqeukomoxaxsigpi/Build/Intermediates.noindex/swift-http-types.build/Debug-iphonesimulator/HTTPTypes.build/Objects-normal/arm64/HTTPTypes-Swift.h -working-directory /Users/shashipandey/Desktop/Team-8/RSMS.xcodeproj -experimental-emit-module-separately -disable-cmo

SwiftDriver\ Compilation HTTPTypes normal arm64 com.apple.xcode.tools.swift.compiler (in target 'HTTPTypes' from project 'swift-http-types')
    cd /Users/shashipandey/Desktop/Team-8/RSMS.xcodeproj
    builtin-Swift-Compilation -- /Applications/Xcode.app/Contents/Developer/Toolchains/XcodeDefault.xctoolchain/usr/bin/swiftc -module-name HTTPTypes -Onone @/Users/shashipandey/Library/Developer/Xcode/DerivedData/RSMS-galdljqllugdxqeukomoxaxsigpi/Build/Intermediates.noindex/swift-http-types.build/Debug-iphonesimulator/HTTPTypes.build/Objects-normal/arm64/HTTPTypes.SwiftFileList -DSWIFT_PACKAGE -DDEBUG -DSWIFT_MODULE_RESOURCE_BUNDLE_UNAVAILABLE -DFoundationURL -DXcode -enable-upcoming-feature InternalImportsByDefault -enable-upcoming-feature MemberImportVisibility -plugin-path /Applications/Xcode.app/Contents/Developer/Toolchains/XcodeDefault.xctoolchain/usr/lib/swift/host/plugins/testing -enable-experimental-feature DebugDescriptionMacro -sdk /Applications/Xcode.app/Contents/Developer/Platforms/iPhoneSimulator.platform/Developer/SDKs/iPhoneSimulator26.5.sdk -target arm64-apple-ios12.0-simulator -g -module-cache-path /Users/shashipandey/Library/Developer/Xcode/DerivedData/ModuleCache.noindex -Xfrontend -serialize-debugging-options -enable-testing -suppress-warnings -index-store-path /Users/shashipandey/Library/Developer/Xcode/DerivedData/RSMS-galdljqllugdxqeukomoxaxsigpi/Index.noindex/DataStore -Xcc -D_LIBCPP_HARDENING_MODE\=_LIBCPP_HARDENING_MODE_DEBUG -swift-version 6 -I /Users/shashipandey/Library/Developer/Xcode/DerivedData/RSMS-galdljqllugdxqeukomoxaxsigpi/Build/Products/Debug-iphonesimulator -Isystem /Applications/Xcode.app/Contents/Developer/Platforms/iPhoneSimulator.platform/Developer/usr/lib -F /Users/shashipandey/Library/Developer/Xcode/DerivedData/RSMS-galdljqllugdxqeukomoxaxsigpi/Build/Products/Debug-iphonesimulator -F /Applications/Xcode.app/Contents/Developer/Platforms/iPhoneSimulator.platform/Developer/Library/Frameworks -F /Applications/Xcode.app/Contents/Developer/Platforms/iPhoneSimulator.platform/Developer/SDKs/iPhoneSimulator26.5.sdk/Developer/Library/Frameworks -c -j10 -enable-batch-mode -incremental -Xcc -ivfsstatcache -Xcc /Users/shashipandey/Library/Developer/Xcode/DerivedData/SDKStatCaches.noindex/iphonesimulator26.5-23F81a-6cfe768891a92b912361537c460fe42b.sdkstatcache -output-file-map /Users/shashipandey/Library/Developer/Xcode/DerivedData/RSMS-galdljqllugdxqeukomoxaxsigpi/Build/Intermediates.noindex/swift-http-types.build/Debug-iphonesimulator/HTTPTypes.build/Objects-normal/arm64/HTTPTypes-OutputFileMap.json -use-frontend-parseable-output -save-temps -no-color-diagnostics -explicit-module-build -module-cache-path /Users/shashipandey/Library/Developer/Xcode/DerivedData/RSMS-galdljqllugdxqeukomoxaxsigpi/Build/Intermediates.noindex/SwiftExplicitPrecompiledModules -clang-scanner-module-cache-path /Users/shashipandey/Library/Developer/Xcode/DerivedData/ModuleCache.noindex -sdk-module-cache-path /Users/shashipandey/Library/Developer/Xcode/DerivedData/ModuleCache.noindex -serialize-diagnostics -emit-dependencies -emit-module -emit-module-path /Users/shashipandey/Library/Developer/Xcode/DerivedData/RSMS-galdljqllugdxqeukomoxaxsigpi/Build/Intermediates.noindex/swift-http-types.build/Debug-iphonesimulator/HTTPTypes.build/Objects-normal/arm64/HTTPTypes.swiftmodule -user-module-version 1.6.0 -validate-clang-modules-once -clang-build-session-file /Users/shashipandey/Library/Developer/Xcode/DerivedData/ModuleCache.noindex/Session.modulevalidation -package-name swift_http_types -Xcc -I/Users/shashipandey/Library/Developer/Xcode/DerivedData/RSMS-galdljqllugdxqeukomoxaxsigpi/Build/Intermediates.noindex/swift-http-types.build/Debug-iphonesimulator/HTTPTypes.build/swift-overrides.hmap -emit-const-values -Xfrontend -const-gather-protocols-file -Xfrontend /Users/shashipandey/Library/Developer/Xcode/DerivedData/RSMS-galdljqllugdxqeukomoxaxsigpi/Build/Intermediates.noindex/swift-http-types.build/Debug-iphonesimulator/HTTPTypes.build/Objects-normal/arm64/HTTPTypes_const_extract_protocols.json -Xcc -I/Users/shashipandey/Library/Developer/Xcode/DerivedData/RSMS-galdljqllugdxqeukomoxaxsigpi/Build/Products/Debug-iphonesimulator/include -Xcc -I/Users/shashipandey/Library/Developer/Xcode/DerivedData/RSMS-galdljqllugdxqeukomoxaxsigpi/Build/Intermediates.noindex/swift-http-types.build/Debug-iphonesimulator/HTTPTypes.build/DerivedSources-normal/arm64 -Xcc -I/Users/shashipandey/Library/Developer/Xcode/DerivedData/RSMS-galdljqllugdxqeukomoxaxsigpi/Build/Intermediates.noindex/swift-http-types.build/Debug-iphonesimulator/HTTPTypes.build/DerivedSources/arm64 -Xcc -I/Users/shashipandey/Library/Developer/Xcode/DerivedData/RSMS-galdljqllugdxqeukomoxaxsigpi/Build/Intermediates.noindex/swift-http-types.build/Debug-iphonesimulator/HTTPTypes.build/DerivedSources -Xcc -DSWIFT_PACKAGE -Xcc -DDEBUG\=1 -emit-objc-header -emit-objc-header-path /Users/shashipandey/Library/Developer/Xcode/DerivedData/RSMS-galdljqllugdxqeukomoxaxsigpi/Build/Intermediates.noindex/swift-http-types.build/Debug-iphonesimulator/HTTPTypes.build/Objects-normal/arm64/HTTPTypes-Swift.h -working-directory /Users/shashipandey/Desktop/Team-8/RSMS.xcodeproj -experimental-emit-module-separately -disable-cmo

SwiftMergeGeneratedHeaders /Users/shashipandey/Library/Developer/Xcode/DerivedData/RSMS-galdljqllugdxqeukomoxaxsigpi/Build/Intermediates.noindex/GeneratedModuleMaps-iphonesimulator/HTTPTypes-Swift.h /Users/shashipandey/Library/Developer/Xcode/DerivedData/RSMS-galdljqllugdxqeukomoxaxsigpi/Build/Intermediates.noindex/swift-http-types.build/Debug-iphonesimulator/HTTPTypes.build/Objects-normal/arm64/HTTPTypes-Swift.h /Users/shashipandey/Library/Developer/Xcode/DerivedData/RSMS-galdljqllugdxqeukomoxaxsigpi/Build/Intermediates.noindex/swift-http-types.build/Debug-iphonesimulator/HTTPTypes.build/Objects-normal/x86_64/HTTPTypes-Swift.h (in target 'HTTPTypes' from project 'swift-http-types')
    cd /Users/shashipandey/Library/Developer/Xcode/DerivedData/RSMS-galdljqllugdxqeukomoxaxsigpi/SourcePackages/checkouts/swift-http-types
    builtin-swiftHeaderTool -arch arm64 /Users/shashipandey/Library/Developer/Xcode/DerivedData/RSMS-galdljqllugdxqeukomoxaxsigpi/Build/Intermediates.noindex/swift-http-types.build/Debug-iphonesimulator/HTTPTypes.build/Objects-normal/arm64/HTTPTypes-Swift.h -arch x86_64 /Users/shashipandey/Library/Developer/Xcode/DerivedData/RSMS-galdljqllugdxqeukomoxaxsigpi/Build/Intermediates.noindex/swift-http-types.build/Debug-iphonesimulator/HTTPTypes.build/Objects-normal/x86_64/HTTPTypes-Swift.h -o /Users/shashipandey/Library/Developer/Xcode/DerivedData/RSMS-galdljqllugdxqeukomoxaxsigpi/Build/Intermediates.noindex/GeneratedModuleMaps-iphonesimulator/HTTPTypes-Swift.h

Copy /Users/shashipandey/Library/Developer/Xcode/DerivedData/RSMS-galdljqllugdxqeukomoxaxsigpi/Build/Products/Debug-iphonesimulator/HTTPTypes.swiftmodule/arm64-apple-ios-simulator.swiftmodule /Users/shashipandey/Library/Developer/Xcode/DerivedData/RSMS-galdljqllugdxqeukomoxaxsigpi/Build/Intermediates.noindex/swift-http-types.build/Debug-iphonesimulator/HTTPTypes.build/Objects-normal/arm64/HTTPTypes.swiftmodule (in target 'HTTPTypes' from project 'swift-http-types')
    cd /Users/shashipandey/Library/Developer/Xcode/DerivedData/RSMS-galdljqllugdxqeukomoxaxsigpi/SourcePackages/checkouts/swift-http-types
    builtin-copy -exclude .DS_Store -exclude CVS -exclude .svn -exclude .git -exclude .hg -resolve-src-symlinks -rename /Users/shashipandey/Library/Developer/Xcode/DerivedData/RSMS-galdljqllugdxqeukomoxaxsigpi/Build/Intermediates.noindex/swift-http-types.build/Debug-iphonesimulator/HTTPTypes.build/Objects-normal/arm64/HTTPTypes.swiftmodule /Users/shashipandey/Library/Developer/Xcode/DerivedData/RSMS-galdljqllugdxqeukomoxaxsigpi/Build/Products/Debug-iphonesimulator/HTTPTypes.swiftmodule/arm64-apple-ios-simulator.swiftmodule

Copy /Users/shashipandey/Library/Developer/Xcode/DerivedData/RSMS-galdljqllugdxqeukomoxaxsigpi/Build/Products/Debug-iphonesimulator/HTTPTypes.swiftmodule/arm64-apple-ios-simulator.swiftdoc /Users/shashipandey/Library/Developer/Xcode/DerivedData/RSMS-galdljqllugdxqeukomoxaxsigpi/Build/Intermediates.noindex/swift-http-types.build/Debug-iphonesimulator/HTTPTypes.build/Objects-normal/arm64/HTTPTypes.swiftdoc (in target 'HTTPTypes' from project 'swift-http-types')
    cd /Users/shashipandey/Library/Developer/Xcode/DerivedData/RSMS-galdljqllugdxqeukomoxaxsigpi/SourcePackages/checkouts/swift-http-types
    builtin-copy -exclude .DS_Store -exclude CVS -exclude .svn -exclude .git -exclude .hg -resolve-src-symlinks -rename /Users/shashipandey/Library/Developer/Xcode/DerivedData/RSMS-galdljqllugdxqeukomoxaxsigpi/Build/Intermediates.noindex/swift-http-types.build/Debug-iphonesimulator/HTTPTypes.build/Objects-normal/arm64/HTTPTypes.swiftdoc /Users/shashipandey/Library/Developer/Xcode/DerivedData/RSMS-galdljqllugdxqeukomoxaxsigpi/Build/Products/Debug-iphonesimulator/HTTPTypes.swiftmodule/arm64-apple-ios-simulator.swiftdoc

Copy /Users/shashipandey/Library/Developer/Xcode/DerivedData/RSMS-galdljqllugdxqeukomoxaxsigpi/Build/Products/Debug-iphonesimulator/HTTPTypes.swiftmodule/arm64-apple-ios-simulator.abi.json /Users/shashipandey/Library/Developer/Xcode/DerivedData/RSMS-galdljqllugdxqeukomoxaxsigpi/Build/Intermediates.noindex/swift-http-types.build/Debug-iphonesimulator/HTTPTypes.build/Objects-normal/arm64/HTTPTypes.abi.json (in target 'HTTPTypes' from project 'swift-http-types')
    cd /Users/shashipandey/Library/Developer/Xcode/DerivedData/RSMS-galdljqllugdxqeukomoxaxsigpi/SourcePackages/checkouts/swift-http-types
    builtin-copy -exclude .DS_Store -exclude CVS -exclude .svn -exclude .git -exclude .hg -resolve-src-symlinks -rename /Users/shashipandey/Library/Developer/Xcode/DerivedData/RSMS-galdljqllugdxqeukomoxaxsigpi/Build/Intermediates.noindex/swift-http-types.build/Debug-iphonesimulator/HTTPTypes.build/Objects-normal/arm64/HTTPTypes.abi.json /Users/shashipandey/Library/Developer/Xcode/DerivedData/RSMS-galdljqllugdxqeukomoxaxsigpi/Build/Products/Debug-iphonesimulator/HTTPTypes.swiftmodule/arm64-apple-ios-simulator.abi.json

Copy /Users/shashipandey/Library/Developer/Xcode/DerivedData/RSMS-galdljqllugdxqeukomoxaxsigpi/Build/Products/Debug-iphonesimulator/HTTPTypes.swiftmodule/Project/arm64-apple-ios-simulator.swiftsourceinfo /Users/shashipandey/Library/Developer/Xcode/DerivedData/RSMS-galdljqllugdxqeukomoxaxsigpi/Build/Intermediates.noindex/swift-http-types.build/Debug-iphonesimulator/HTTPTypes.build/Objects-normal/arm64/HTTPTypes.swiftsourceinfo (in target 'HTTPTypes' from project 'swift-http-types')
    cd /Users/shashipandey/Library/Developer/Xcode/DerivedData/RSMS-galdljqllugdxqeukomoxaxsigpi/SourcePackages/checkouts/swift-http-types
    builtin-copy -exclude .DS_Store -exclude CVS -exclude .svn -exclude .git -exclude .hg -resolve-src-symlinks -rename /Users/shashipandey/Library/Developer/Xcode/DerivedData/RSMS-galdljqllugdxqeukomoxaxsigpi/Build/Intermediates.noindex/swift-http-types.build/Debug-iphonesimulator/HTTPTypes.build/Objects-normal/arm64/HTTPTypes.swiftsourceinfo /Users/shashipandey/Library/Developer/Xcode/DerivedData/RSMS-galdljqllugdxqeukomoxaxsigpi/Build/Products/Debug-iphonesimulator/HTTPTypes.swiftmodule/Project/arm64-apple-ios-simulator.swiftsourceinfo

ExtractAppIntentsMetadata (in target 'ConcurrencyExtras' from project 'swift-concurrency-extras')
    cd /Users/shashipandey/Library/Developer/Xcode/DerivedData/RSMS-galdljqllugdxqeukomoxaxsigpi/SourcePackages/checkouts/swift-concurrency-extras
    /Applications/Xcode.app/Contents/Developer/Toolchains/XcodeDefault.xctoolchain/usr/bin/appintentsmetadataprocessor --toolchain-dir /Applications/Xcode.app/Contents/Developer/Toolchains/XcodeDefault.xctoolchain --module-name ConcurrencyExtras --sdk-root /Applications/Xcode.app/Contents/Developer/Platforms/iPhoneSimulator.platform/Developer/SDKs/iPhoneSimulator26.5.sdk --xcode-version 17F113 --platform-family iOS --deployment-target 13.0 --bundle-identifier swift-concurrency-extras.ConcurrencyExtras --output /Users/shashipandey/Library/Developer/Xcode/DerivedData/RSMS-galdljqllugdxqeukomoxaxsigpi/Build/Products/Debug-iphonesimulator/ConcurrencyExtras.appintents --target-triple arm64-apple-ios13.0-simulator --target-triple x86_64-apple-ios13.0-simulator --binary-file /Users/shashipandey/Library/Developer/Xcode/DerivedData/RSMS-galdljqllugdxqeukomoxaxsigpi/Build/Products/Debug-iphonesimulator/ConcurrencyExtras.o --dependency-file /Users/shashipandey/Library/Developer/Xcode/DerivedData/RSMS-galdljqllugdxqeukomoxaxsigpi/Build/Intermediates.noindex/swift-concurrency-extras.build/Debug-iphonesimulator/ConcurrencyExtras.build/Objects-normal/arm64/ConcurrencyExtras_dependency_info.dat --dependency-file /Users/shashipandey/Library/Developer/Xcode/DerivedData/RSMS-galdljqllugdxqeukomoxaxsigpi/Build/Intermediates.noindex/swift-concurrency-extras.build/Debug-iphonesimulator/ConcurrencyExtras.build/Objects-normal/x86_64/ConcurrencyExtras_dependency_info.dat --stringsdata-file /Users/shashipandey/Library/Developer/Xcode/DerivedData/RSMS-galdljqllugdxqeukomoxaxsigpi/Build/Intermediates.noindex/swift-concurrency-extras.build/Debug-iphonesimulator/ConcurrencyExtras.build/Objects-normal/arm64/ExtractedAppShortcutsMetadata.stringsdata --stringsdata-file /Users/shashipandey/Library/Developer/Xcode/DerivedData/RSMS-galdljqllugdxqeukomoxaxsigpi/Build/Intermediates.noindex/swift-concurrency-extras.build/Debug-iphonesimulator/ConcurrencyExtras.build/Objects-normal/x86_64/ExtractedAppShortcutsMetadata.stringsdata --source-file-list /Users/shashipandey/Library/Developer/Xcode/DerivedData/RSMS-galdljqllugdxqeukomoxaxsigpi/Build/Intermediates.noindex/swift-concurrency-extras.build/Debug-iphonesimulator/ConcurrencyExtras.build/Objects-normal/arm64/ConcurrencyExtras.SwiftFileList --source-file-list /Users/shashipandey/Library/Developer/Xcode/DerivedData/RSMS-galdljqllugdxqeukomoxaxsigpi/Build/Intermediates.noindex/swift-concurrency-extras.build/Debug-iphonesimulator/ConcurrencyExtras.build/Objects-normal/x86_64/ConcurrencyExtras.SwiftFileList --metadata-file-list /Users/shashipandey/Library/Developer/Xcode/DerivedData/RSMS-galdljqllugdxqeukomoxaxsigpi/Build/Intermediates.noindex/swift-concurrency-extras.build/Debug-iphonesimulator/ConcurrencyExtras.build/ConcurrencyExtras.DependencyMetadataFileList --static-metadata-file-list /Users/shashipandey/Library/Developer/Xcode/DerivedData/RSMS-galdljqllugdxqeukomoxaxsigpi/Build/Intermediates.noindex/swift-concurrency-extras.build/Debug-iphonesimulator/ConcurrencyExtras.build/ConcurrencyExtras.DependencyStaticMetadataFileList --swift-const-vals-list /Users/shashipandey/Library/Developer/Xcode/DerivedData/RSMS-galdljqllugdxqeukomoxaxsigpi/Build/Intermediates.noindex/swift-concurrency-extras.build/Debug-iphonesimulator/ConcurrencyExtras.build/Objects-normal/arm64/ConcurrencyExtras.SwiftConstValuesFileList --swift-const-vals-list /Users/shashipandey/Library/Developer/Xcode/DerivedData/RSMS-galdljqllugdxqeukomoxaxsigpi/Build/Intermediates.noindex/swift-concurrency-extras.build/Debug-iphonesimulator/ConcurrencyExtras.build/Objects-normal/x86_64/ConcurrencyExtras.SwiftConstValuesFileList --force --compile-time-extraction --deployment-aware-processing --validate-assistant-intents --no-app-shortcuts-localization
2026-07-07 16:58:05.878 appintentsmetadataprocessor[23108:377537] Starting appintentsmetadataprocessor export
2026-07-07 16:58:05.909 appintentsmetadataprocessor[23108:377537] Extracted no relevant App Intents symbols, skipping writing output

CreateUniversalBinary /Users/shashipandey/Library/Developer/Xcode/DerivedData/RSMS-galdljqllugdxqeukomoxaxsigpi/Build/Products/Debug-iphonesimulator/PackageFrameworks/IssueReporting.framework/IssueReporting normal arm64\ x86_64 (in target 'IssueReporting' from project 'xctest-dynamic-overlay')
    cd /Users/shashipandey/Library/Developer/Xcode/DerivedData/RSMS-galdljqllugdxqeukomoxaxsigpi/SourcePackages/checkouts/xctest-dynamic-overlay
    /Applications/Xcode.app/Contents/Developer/Toolchains/XcodeDefault.xctoolchain/usr/bin/lipo -create /Users/shashipandey/Library/Developer/Xcode/DerivedData/RSMS-galdljqllugdxqeukomoxaxsigpi/Build/Intermediates.noindex/xctest-dynamic-overlay.build/Debug-iphonesimulator/IssueReporting.build/Objects-normal/arm64/Binary/IssueReporting /Users/shashipandey/Library/Developer/Xcode/DerivedData/RSMS-galdljqllugdxqeukomoxaxsigpi/Build/Intermediates.noindex/xctest-dynamic-overlay.build/Debug-iphonesimulator/IssueReporting.build/Objects-normal/x86_64/Binary/IssueReporting -output /Users/shashipandey/Library/Developer/Xcode/DerivedData/RSMS-galdljqllugdxqeukomoxaxsigpi/Build/Products/Debug-iphonesimulator/PackageFrameworks/IssueReporting.framework/IssueReporting

Ld /Users/shashipandey/Library/Developer/Xcode/DerivedData/RSMS-galdljqllugdxqeukomoxaxsigpi/Build/Intermediates.noindex/swift-http-types.build/Debug-iphonesimulator/HTTPTypes.build/Objects-normal/arm64/Binary/HTTPTypes.o normal arm64 (in target 'HTTPTypes' from project 'swift-http-types')
    cd /Users/shashipandey/Library/Developer/Xcode/DerivedData/RSMS-galdljqllugdxqeukomoxaxsigpi/SourcePackages/checkouts/swift-http-types
    /Applications/Xcode.app/Contents/Developer/Toolchains/XcodeDefault.xctoolchain/usr/bin/clang -Xlinker -reproducible -target arm64-apple-ios12.0-simulator -r -isysroot /Applications/Xcode.app/Contents/Developer/Platforms/iPhoneSimulator.platform/Developer/SDKs/iPhoneSimulator26.5.sdk -O0 -w -F/Users/shashipandey/Library/Developer/Xcode/DerivedData/RSMS-galdljqllugdxqeukomoxaxsigpi/Build/Intermediates.noindex/EagerLinkingTBDs/Debug-iphonesimulator -F/Users/shashipandey/Library/Developer/Xcode/DerivedData/RSMS-galdljqllugdxqeukomoxaxsigpi/Build/Products/Debug-iphonesimulator -iframework /Applications/Xcode.app/Contents/Developer/Platforms/iPhoneSimulator.platform/Developer/Library/Frameworks -iframework /Applications/Xcode.app/Contents/Developer/Platforms/iPhoneSimulator.platform/Developer/SDKs/iPhoneSimulator26.5.sdk/Developer/Library/Frameworks -filelist /Users/shashipandey/Library/Developer/Xcode/DerivedData/RSMS-galdljqllugdxqeukomoxaxsigpi/Build/Intermediates.noindex/swift-http-types.build/Debug-iphonesimulator/HTTPTypes.build/Objects-normal/arm64/HTTPTypes.LinkFileList -nostdlib -Xlinker -object_path_lto -Xlinker /Users/shashipandey/Library/Developer/Xcode/DerivedData/RSMS-galdljqllugdxqeukomoxaxsigpi/Build/Intermediates.noindex/swift-http-types.build/Debug-iphonesimulator/HTTPTypes.build/Objects-normal/arm64/HTTPTypes_lto.o -Xlinker -no_deduplicate -Xlinker -objc_abi_version -Xlinker 2 -Xlinker -dependency_info -Xlinker /Users/shashipandey/Library/Developer/Xcode/DerivedData/RSMS-galdljqllugdxqeukomoxaxsigpi/Build/Intermediates.noindex/swift-http-types.build/Debug-iphonesimulator/HTTPTypes.build/Objects-normal/arm64/HTTPTypes_dependency_info.dat -fobjc-link-runtime -L/Applications/Xcode.app/Contents/Developer/Toolchains/XcodeDefault.xctoolchain/usr/lib/swift/iphonesimulator -L/usr/lib/swift -Xlinker -add_ast_path -Xlinker /Users/shashipandey/Library/Developer/Xcode/DerivedData/RSMS-galdljqllugdxqeukomoxaxsigpi/Build/Intermediates.noindex/swift-http-types.build/Debug-iphonesimulator/HTTPTypes.build/Objects-normal/arm64/HTTPTypes.swiftmodule @/Users/shashipandey/Library/Developer/Xcode/DerivedData/RSMS-galdljqllugdxqeukomoxaxsigpi/Build/Intermediates.noindex/swift-http-types.build/Debug-iphonesimulator/HTTPTypes.build/Objects-normal/arm64/HTTPTypes-linker-args.resp -o /Users/shashipandey/Library/Developer/Xcode/DerivedData/RSMS-galdljqllugdxqeukomoxaxsigpi/Build/Intermediates.noindex/swift-http-types.build/Debug-iphonesimulator/HTTPTypes.build/Objects-normal/arm64/Binary/HTTPTypes.o

CreateUniversalBinary /Users/shashipandey/Library/Developer/Xcode/DerivedData/RSMS-galdljqllugdxqeukomoxaxsigpi/Build/Products/Debug-iphonesimulator/HTTPTypes.o normal arm64\ x86_64 (in target 'HTTPTypes' from project 'swift-http-types')
    cd /Users/shashipandey/Library/Developer/Xcode/DerivedData/RSMS-galdljqllugdxqeukomoxaxsigpi/SourcePackages/checkouts/swift-http-types
    /Applications/Xcode.app/Contents/Developer/Toolchains/XcodeDefault.xctoolchain/usr/bin/lipo -create /Users/shashipandey/Library/Developer/Xcode/DerivedData/RSMS-galdljqllugdxqeukomoxaxsigpi/Build/Intermediates.noindex/swift-http-types.build/Debug-iphonesimulator/HTTPTypes.build/Objects-normal/arm64/Binary/HTTPTypes.o /Users/shashipandey/Library/Developer/Xcode/DerivedData/RSMS-galdljqllugdxqeukomoxaxsigpi/Build/Intermediates.noindex/swift-http-types.build/Debug-iphonesimulator/HTTPTypes.build/Objects-normal/x86_64/Binary/HTTPTypes.o -output /Users/shashipandey/Library/Developer/Xcode/DerivedData/RSMS-galdljqllugdxqeukomoxaxsigpi/Build/Products/Debug-iphonesimulator/HTTPTypes.o

ExtractAppIntentsMetadata (in target 'IssueReporting' from project 'xctest-dynamic-overlay')
    cd /Users/shashipandey/Library/Developer/Xcode/DerivedData/RSMS-galdljqllugdxqeukomoxaxsigpi/SourcePackages/checkouts/xctest-dynamic-overlay
    /Applications/Xcode.app/Contents/Developer/Toolchains/XcodeDefault.xctoolchain/usr/bin/appintentsmetadataprocessor --toolchain-dir /Applications/Xcode.app/Contents/Developer/Toolchains/XcodeDefault.xctoolchain --module-name IssueReporting --sdk-root /Applications/Xcode.app/Contents/Developer/Platforms/iPhoneSimulator.platform/Developer/SDKs/iPhoneSimulator26.5.sdk --xcode-version 17F113 --platform-family iOS --deployment-target 13.0 --bundle-identifier xctest-dynamic-overlay.IssueReporting --output /Users/shashipandey/Library/Developer/Xcode/DerivedData/RSMS-galdljqllugdxqeukomoxaxsigpi/Build/Products/Debug-iphonesimulator/PackageFrameworks/IssueReporting.framework --target-triple arm64-apple-ios13.0-simulator --target-triple x86_64-apple-ios13.0-simulator --binary-file /Users/shashipandey/Library/Developer/Xcode/DerivedData/RSMS-galdljqllugdxqeukomoxaxsigpi/Build/Products/Debug-iphonesimulator/PackageFrameworks/IssueReporting.framework/IssueReporting --dependency-file /Users/shashipandey/Library/Developer/Xcode/DerivedData/RSMS-galdljqllugdxqeukomoxaxsigpi/Build/Intermediates.noindex/xctest-dynamic-overlay.build/Debug-iphonesimulator/IssueReporting.build/Objects-normal/arm64/IssueReporting_dependency_info.dat --dependency-file /Users/shashipandey/Library/Developer/Xcode/DerivedData/RSMS-galdljqllugdxqeukomoxaxsigpi/Build/Intermediates.noindex/xctest-dynamic-overlay.build/Debug-iphonesimulator/IssueReporting.build/Objects-normal/x86_64/IssueReporting_dependency_info.dat --stringsdata-file /Users/shashipandey/Library/Developer/Xcode/DerivedData/RSMS-galdljqllugdxqeukomoxaxsigpi/Build/Intermediates.noindex/xctest-dynamic-overlay.build/Debug-iphonesimulator/IssueReporting.build/Objects-normal/arm64/ExtractedAppShortcutsMetadata.stringsdata --stringsdata-file /Users/shashipandey/Library/Developer/Xcode/DerivedData/RSMS-galdljqllugdxqeukomoxaxsigpi/Build/Intermediates.noindex/xctest-dynamic-overlay.build/Debug-iphonesimulator/IssueReporting.build/Objects-normal/x86_64/ExtractedAppShortcutsMetadata.stringsdata --source-file-list /Users/shashipandey/Library/Developer/Xcode/DerivedData/RSMS-galdljqllugdxqeukomoxaxsigpi/Build/Intermediates.noindex/xctest-dynamic-overlay.build/Debug-iphonesimulator/IssueReporting.build/Objects-normal/arm64/IssueReporting.SwiftFileList --source-file-list /Users/shashipandey/Library/Developer/Xcode/DerivedData/RSMS-galdljqllugdxqeukomoxaxsigpi/Build/Intermediates.noindex/xctest-dynamic-overlay.build/Debug-iphonesimulator/IssueReporting.build/Objects-normal/x86_64/IssueReporting.SwiftFileList --metadata-file-list /Users/shashipandey/Library/Developer/Xcode/DerivedData/RSMS-galdljqllugdxqeukomoxaxsigpi/Build/Intermediates.noindex/xctest-dynamic-overlay.build/Debug-iphonesimulator/IssueReporting.build/IssueReporting.DependencyMetadataFileList --static-metadata-file-list /Users/shashipandey/Library/Developer/Xcode/DerivedData/RSMS-galdljqllugdxqeukomoxaxsigpi/Build/Intermediates.noindex/xctest-dynamic-overlay.build/Debug-iphonesimulator/IssueReporting.build/IssueReporting.DependencyStaticMetadataFileList --swift-const-vals-list /Users/shashipandey/Library/Developer/Xcode/DerivedData/RSMS-galdljqllugdxqeukomoxaxsigpi/Build/Intermediates.noindex/xctest-dynamic-overlay.build/Debug-iphonesimulator/IssueReporting.build/Objects-normal/arm64/IssueReporting.SwiftConstValuesFileList --swift-const-vals-list /Users/shashipandey/Library/Developer/Xcode/DerivedData/RSMS-galdljqllugdxqeukomoxaxsigpi/Build/Intermediates.noindex/xctest-dynamic-overlay.build/Debug-iphonesimulator/IssueReporting.build/Objects-normal/x86_64/IssueReporting.SwiftConstValuesFileList --compile-time-extraction --deployment-aware-processing --validate-assistant-intents --no-app-shortcuts-localization
2026-07-07 16:58:05.922 appintentsmetadataprocessor[23114:377579] Starting appintentsmetadataprocessor export
2026-07-07 16:58:05.923 appintentsmetadataprocessor[23114:377579] warning: Metadata extraction skipped. No AppIntents.framework dependency found.

ExtractAppIntentsMetadata (in target 'HTTPTypes' from project 'swift-http-types')
    cd /Users/shashipandey/Library/Developer/Xcode/DerivedData/RSMS-galdljqllugdxqeukomoxaxsigpi/SourcePackages/checkouts/swift-http-types
    /Applications/Xcode.app/Contents/Developer/Toolchains/XcodeDefault.xctoolchain/usr/bin/appintentsmetadataprocessor --toolchain-dir /Applications/Xcode.app/Contents/Developer/Toolchains/XcodeDefault.xctoolchain --module-name HTTPTypes --sdk-root /Applications/Xcode.app/Contents/Developer/Platforms/iPhoneSimulator.platform/Developer/SDKs/iPhoneSimulator26.5.sdk --xcode-version 17F113 --platform-family iOS --deployment-target 12.0 --bundle-identifier swift-http-types.HTTPTypes --output /Users/shashipandey/Library/Developer/Xcode/DerivedData/RSMS-galdljqllugdxqeukomoxaxsigpi/Build/Products/Debug-iphonesimulator/HTTPTypes.appintents --target-triple arm64-apple-ios12.0-simulator --target-triple x86_64-apple-ios12.0-simulator --binary-file /Users/shashipandey/Library/Developer/Xcode/DerivedData/RSMS-galdljqllugdxqeukomoxaxsigpi/Build/Products/Debug-iphonesimulator/HTTPTypes.o --dependency-file /Users/shashipandey/Library/Developer/Xcode/DerivedData/RSMS-galdljqllugdxqeukomoxaxsigpi/Build/Intermediates.noindex/swift-http-types.build/Debug-iphonesimulator/HTTPTypes.build/Objects-normal/arm64/HTTPTypes_dependency_info.dat --dependency-file /Users/shashipandey/Library/Developer/Xcode/DerivedData/RSMS-galdljqllugdxqeukomoxaxsigpi/Build/Intermediates.noindex/swift-http-types.build/Debug-iphonesimulator/HTTPTypes.build/Objects-normal/x86_64/HTTPTypes_dependency_info.dat --stringsdata-file /Users/shashipandey/Library/Developer/Xcode/DerivedData/RSMS-galdljqllugdxqeukomoxaxsigpi/Build/Intermediates.noindex/swift-http-types.build/Debug-iphonesimulator/HTTPTypes.build/Objects-normal/arm64/ExtractedAppShortcutsMetadata.stringsdata --stringsdata-file /Users/shashipandey/Library/Developer/Xcode/DerivedData/RSMS-galdljqllugdxqeukomoxaxsigpi/Build/Intermediates.noindex/swift-http-types.build/Debug-iphonesimulator/HTTPTypes.build/Objects-normal/x86_64/ExtractedAppShortcutsMetadata.stringsdata --source-file-list /Users/shashipandey/Library/Developer/Xcode/DerivedData/RSMS-galdljqllugdxqeukomoxaxsigpi/Build/Intermediates.noindex/swift-http-types.build/Debug-iphonesimulator/HTTPTypes.build/Objects-normal/arm64/HTTPTypes.SwiftFileList --source-file-list /Users/shashipandey/Library/Developer/Xcode/DerivedData/RSMS-galdljqllugdxqeukomoxaxsigpi/Build/Intermediates.noindex/swift-http-types.build/Debug-iphonesimulator/HTTPTypes.build/Objects-normal/x86_64/HTTPTypes.SwiftFileList --metadata-file-list /Users/shashipandey/Library/Developer/Xcode/DerivedData/RSMS-galdljqllugdxqeukomoxaxsigpi/Build/Intermediates.noindex/swift-http-types.build/Debug-iphonesimulator/HTTPTypes.build/HTTPTypes.DependencyMetadataFileList --static-metadata-file-list /Users/shashipandey/Library/Developer/Xcode/DerivedData/RSMS-galdljqllugdxqeukomoxaxsigpi/Build/Intermediates.noindex/swift-http-types.build/Debug-iphonesimulator/HTTPTypes.build/HTTPTypes.DependencyStaticMetadataFileList --swift-const-vals-list /Users/shashipandey/Library/Developer/Xcode/DerivedData/RSMS-galdljqllugdxqeukomoxaxsigpi/Build/Intermediates.noindex/swift-http-types.build/Debug-iphonesimulator/HTTPTypes.build/Objects-normal/arm64/HTTPTypes.SwiftConstValuesFileList --swift-const-vals-list /Users/shashipandey/Library/Developer/Xcode/DerivedData/RSMS-galdljqllugdxqeukomoxaxsigpi/Build/Intermediates.noindex/swift-http-types.build/Debug-iphonesimulator/HTTPTypes.build/Objects-normal/x86_64/HTTPTypes.SwiftConstValuesFileList --force --compile-time-extraction --deployment-aware-processing --validate-assistant-intents --no-app-shortcuts-localization
2026-07-07 16:58:05.921 appintentsmetadataprocessor[23115:377580] Starting appintentsmetadataprocessor export
2026-07-07 16:58:05.932 appintentsmetadataprocessor[23115:377580] Extracted no relevant App Intents symbols, skipping writing output

RegisterExecutionPolicyException /Users/shashipandey/Library/Developer/Xcode/DerivedData/RSMS-galdljqllugdxqeukomoxaxsigpi/Build/Products/Debug-iphonesimulator/ConcurrencyExtras.o (in target 'ConcurrencyExtras' from project 'swift-concurrency-extras')
    cd /Users/shashipandey/Library/Developer/Xcode/DerivedData/RSMS-galdljqllugdxqeukomoxaxsigpi/SourcePackages/checkouts/swift-concurrency-extras
    builtin-RegisterExecutionPolicyException /Users/shashipandey/Library/Developer/Xcode/DerivedData/RSMS-galdljqllugdxqeukomoxaxsigpi/Build/Products/Debug-iphonesimulator/ConcurrencyExtras.o

Ld /Users/shashipandey/Library/Developer/Xcode/DerivedData/RSMS-galdljqllugdxqeukomoxaxsigpi/Build/Intermediates.noindex/swift-concurrency-extras.build/Debug-iphonesimulator/ConcurrencyExtras\ product.build/Objects-normal/x86_64/Binary/ConcurrencyExtras_-2B4B167800F2E3ED_PackageProduct normal x86_64 (in target 'ConcurrencyExtras' from project 'swift-concurrency-extras')
    cd /Users/shashipandey/Library/Developer/Xcode/DerivedData/RSMS-galdljqllugdxqeukomoxaxsigpi/SourcePackages/checkouts/swift-concurrency-extras
    /Applications/Xcode.app/Contents/Developer/Toolchains/XcodeDefault.xctoolchain/usr/bin/clang -Xlinker -reproducible -target x86_64-apple-ios13.0-simulator -dynamiclib -isysroot /Applications/Xcode.app/Contents/Developer/Platforms/iPhoneSimulator.platform/Developer/SDKs/iPhoneSimulator26.5.sdk -O0 -w -L/Users/shashipandey/Library/Developer/Xcode/DerivedData/RSMS-galdljqllugdxqeukomoxaxsigpi/Build/Intermediates.noindex/EagerLinkingTBDs/Debug-iphonesimulator -L/Users/shashipandey/Library/Developer/Xcode/DerivedData/RSMS-galdljqllugdxqeukomoxaxsigpi/Build/Products/Debug-iphonesimulator -L/Applications/Xcode.app/Contents/Developer/Platforms/iPhoneSimulator.platform/Developer/usr/lib -F/Users/shashipandey/Library/Developer/Xcode/DerivedData/RSMS-galdljqllugdxqeukomoxaxsigpi/Build/Intermediates.noindex/EagerLinkingTBDs/Debug-iphonesimulator -F/Users/shashipandey/Library/Developer/Xcode/DerivedData/RSMS-galdljqllugdxqeukomoxaxsigpi/Build/Products/Debug-iphonesimulator/PackageFrameworks -F/Users/shashipandey/Library/Developer/Xcode/DerivedData/RSMS-galdljqllugdxqeukomoxaxsigpi/Build/Products/Debug-iphonesimulator -iframework /Applications/Xcode.app/Contents/Developer/Platforms/iPhoneSimulator.platform/Developer/Library/Frameworks -iframework /Applications/Xcode.app/Contents/Developer/Platforms/iPhoneSimulator.platform/Developer/SDKs/iPhoneSimulator26.5.sdk/Developer/Library/Frameworks -filelist /Users/shashipandey/Library/Developer/Xcode/DerivedData/RSMS-galdljqllugdxqeukomoxaxsigpi/Build/Intermediates.noindex/swift-concurrency-extras.build/Debug-iphonesimulator/ConcurrencyExtras\ product.build/Objects-normal/x86_64/ConcurrencyExtras_-2B4B167800F2E3ED_PackageProduct.LinkFileList -install_name @rpath/ConcurrencyExtras_-2B4B167800F2E3ED_PackageProduct.framework/ConcurrencyExtras_-2B4B167800F2E3ED_PackageProduct -Xlinker -rpath -Xlinker /usr/lib/swift -Xlinker -rpath -Xlinker /Users/shashipandey/Library/Developer/Xcode/DerivedData/RSMS-galdljqllugdxqeukomoxaxsigpi/Build/Products/Debug-iphonesimulator/PackageFrameworks -Xlinker -dead_strip -Xlinker -object_path_lto -Xlinker /Users/shashipandey/Library/Developer/Xcode/DerivedData/RSMS-galdljqllugdxqeukomoxaxsigpi/Build/Intermediates.noindex/swift-concurrency-extras.build/Debug-iphonesimulator/ConcurrencyExtras\ product.build/Objects-normal/x86_64/ConcurrencyExtras_-2B4B167800F2E3ED_PackageProduct_lto.o -rdynamic -Xlinker -no_deduplicate -Xlinker -objc_abi_version -Xlinker 2 -Xlinker -dependency_info -Xlinker /Users/shashipandey/Library/Developer/Xcode/DerivedData/RSMS-galdljqllugdxqeukomoxaxsigpi/Build/Intermediates.noindex/swift-concurrency-extras.build/Debug-iphonesimulator/ConcurrencyExtras\ product.build/Objects-normal/x86_64/ConcurrencyExtras_-2B4B167800F2E3ED_PackageProduct_dependency_info.dat -fobjc-link-runtime -L/Applications/Xcode.app/Contents/Developer/Toolchains/XcodeDefault.xctoolchain/usr/lib/swift/iphonesimulator -L/usr/lib/swift -Wl,-no_warn_duplicate_libraries -o /Users/shashipandey/Library/Developer/Xcode/DerivedData/RSMS-galdljqllugdxqeukomoxaxsigpi/Build/Intermediates.noindex/swift-concurrency-extras.build/Debug-iphonesimulator/ConcurrencyExtras\ product.build/Objects-normal/x86_64/Binary/ConcurrencyExtras_-2B4B167800F2E3ED_PackageProduct -Xlinker -add_ast_path -Xlinker /Users/shashipandey/Library/Developer/Xcode/DerivedData/RSMS-galdljqllugdxqeukomoxaxsigpi/Build/Intermediates.noindex/swift-concurrency-extras.build/Debug-iphonesimulator/ConcurrencyExtras.build/Objects-normal/x86_64/ConcurrencyExtras.swiftmodule @/Users/shashipandey/Library/Developer/Xcode/DerivedData/RSMS-galdljqllugdxqeukomoxaxsigpi/Build/Intermediates.noindex/swift-concurrency-extras.build/Debug-iphonesimulator/ConcurrencyExtras.build/Objects-normal/x86_64/ConcurrencyExtras-linker-args.resp

Ld /Users/shashipandey/Library/Developer/Xcode/DerivedData/RSMS-galdljqllugdxqeukomoxaxsigpi/Build/Intermediates.noindex/swift-concurrency-extras.build/Debug-iphonesimulator/ConcurrencyExtras\ product.build/Objects-normal/arm64/Binary/ConcurrencyExtras_-2B4B167800F2E3ED_PackageProduct normal arm64 (in target 'ConcurrencyExtras' from project 'swift-concurrency-extras')
    cd /Users/shashipandey/Library/Developer/Xcode/DerivedData/RSMS-galdljqllugdxqeukomoxaxsigpi/SourcePackages/checkouts/swift-concurrency-extras
    /Applications/Xcode.app/Contents/Developer/Toolchains/XcodeDefault.xctoolchain/usr/bin/clang -Xlinker -reproducible -target arm64-apple-ios13.0-simulator -dynamiclib -isysroot /Applications/Xcode.app/Contents/Developer/Platforms/iPhoneSimulator.platform/Developer/SDKs/iPhoneSimulator26.5.sdk -O0 -w -L/Users/shashipandey/Library/Developer/Xcode/DerivedData/RSMS-galdljqllugdxqeukomoxaxsigpi/Build/Intermediates.noindex/EagerLinkingTBDs/Debug-iphonesimulator -L/Users/shashipandey/Library/Developer/Xcode/DerivedData/RSMS-galdljqllugdxqeukomoxaxsigpi/Build/Products/Debug-iphonesimulator -L/Applications/Xcode.app/Contents/Developer/Platforms/iPhoneSimulator.platform/Developer/usr/lib -F/Users/shashipandey/Library/Developer/Xcode/DerivedData/RSMS-galdljqllugdxqeukomoxaxsigpi/Build/Intermediates.noindex/EagerLinkingTBDs/Debug-iphonesimulator -F/Users/shashipandey/Library/Developer/Xcode/DerivedData/RSMS-galdljqllugdxqeukomoxaxsigpi/Build/Products/Debug-iphonesimulator/PackageFrameworks -F/Users/shashipandey/Library/Developer/Xcode/DerivedData/RSMS-galdljqllugdxqeukomoxaxsigpi/Build/Products/Debug-iphonesimulator -iframework /Applications/Xcode.app/Contents/Developer/Platforms/iPhoneSimulator.platform/Developer/Library/Frameworks -iframework /Applications/Xcode.app/Contents/Developer/Platforms/iPhoneSimulator.platform/Developer/SDKs/iPhoneSimulator26.5.sdk/Developer/Library/Frameworks -filelist /Users/shashipandey/Library/Developer/Xcode/DerivedData/RSMS-galdljqllugdxqeukomoxaxsigpi/Build/Intermediates.noindex/swift-concurrency-extras.build/Debug-iphonesimulator/ConcurrencyExtras\ product.build/Objects-normal/arm64/ConcurrencyExtras_-2B4B167800F2E3ED_PackageProduct.LinkFileList -install_name @rpath/ConcurrencyExtras_-2B4B167800F2E3ED_PackageProduct.framework/ConcurrencyExtras_-2B4B167800F2E3ED_PackageProduct -Xlinker -rpath -Xlinker /usr/lib/swift -Xlinker -rpath -Xlinker /Users/shashipandey/Library/Developer/Xcode/DerivedData/RSMS-galdljqllugdxqeukomoxaxsigpi/Build/Products/Debug-iphonesimulator/PackageFrameworks -Xlinker -dead_strip -Xlinker -object_path_lto -Xlinker /Users/shashipandey/Library/Developer/Xcode/DerivedData/RSMS-galdljqllugdxqeukomoxaxsigpi/Build/Intermediates.noindex/swift-concurrency-extras.build/Debug-iphonesimulator/ConcurrencyExtras\ product.build/Objects-normal/arm64/ConcurrencyExtras_-2B4B167800F2E3ED_PackageProduct_lto.o -rdynamic -Xlinker -no_deduplicate -Xlinker -objc_abi_version -Xlinker 2 -Xlinker -dependency_info -Xlinker /Users/shashipandey/Library/Developer/Xcode/DerivedData/RSMS-galdljqllugdxqeukomoxaxsigpi/Build/Intermediates.noindex/swift-concurrency-extras.build/Debug-iphonesimulator/ConcurrencyExtras\ product.build/Objects-normal/arm64/ConcurrencyExtras_-2B4B167800F2E3ED_PackageProduct_dependency_info.dat -fobjc-link-runtime -L/Applications/Xcode.app/Contents/Developer/Toolchains/XcodeDefault.xctoolchain/usr/lib/swift/iphonesimulator -L/usr/lib/swift -Wl,-no_warn_duplicate_libraries -o /Users/shashipandey/Library/Developer/Xcode/DerivedData/RSMS-galdljqllugdxqeukomoxaxsigpi/Build/Intermediates.noindex/swift-concurrency-extras.build/Debug-iphonesimulator/ConcurrencyExtras\ product.build/Objects-normal/arm64/Binary/ConcurrencyExtras_-2B4B167800F2E3ED_PackageProduct -Xlinker -add_ast_path -Xlinker /Users/shashipandey/Library/Developer/Xcode/DerivedData/RSMS-galdljqllugdxqeukomoxaxsigpi/Build/Intermediates.noindex/swift-concurrency-extras.build/Debug-iphonesimulator/ConcurrencyExtras.build/Objects-normal/arm64/ConcurrencyExtras.swiftmodule @/Users/shashipandey/Library/Developer/Xcode/DerivedData/RSMS-galdljqllugdxqeukomoxaxsigpi/Build/Intermediates.noindex/swift-concurrency-extras.build/Debug-iphonesimulator/ConcurrencyExtras.build/Objects-normal/arm64/ConcurrencyExtras-linker-args.resp

RegisterExecutionPolicyException /Users/shashipandey/Library/Developer/Xcode/DerivedData/RSMS-galdljqllugdxqeukomoxaxsigpi/Build/Products/Debug-iphonesimulator/HTTPTypes.o (in target 'HTTPTypes' from project 'swift-http-types')
    cd /Users/shashipandey/Library/Developer/Xcode/DerivedData/RSMS-galdljqllugdxqeukomoxaxsigpi/SourcePackages/checkouts/swift-http-types
    builtin-RegisterExecutionPolicyException /Users/shashipandey/Library/Developer/Xcode/DerivedData/RSMS-galdljqllugdxqeukomoxaxsigpi/Build/Products/Debug-iphonesimulator/HTTPTypes.o

ProcessInfoPlistFile /Users/shashipandey/Library/Developer/Xcode/DerivedData/RSMS-galdljqllugdxqeukomoxaxsigpi/Build/Products/Debug-iphonesimulator/PackageFrameworks/ConcurrencyExtras_-2B4B167800F2E3ED_PackageProduct.framework/Info.plist /Users/shashipandey/Library/Developer/Xcode/DerivedData/RSMS-galdljqllugdxqeukomoxaxsigpi/Build/Intermediates.noindex/swift-concurrency-extras.build/Debug-iphonesimulator/ConcurrencyExtras\ product.build/empty-ConcurrencyExtras_-2B4B167800F2E3ED_PackageProduct.plist (in target 'ConcurrencyExtras' from project 'swift-concurrency-extras')
    cd /Users/shashipandey/Library/Developer/Xcode/DerivedData/RSMS-galdljqllugdxqeukomoxaxsigpi/SourcePackages/checkouts/swift-concurrency-extras
    builtin-infoPlistUtility /Users/shashipandey/Library/Developer/Xcode/DerivedData/RSMS-galdljqllugdxqeukomoxaxsigpi/Build/Intermediates.noindex/swift-concurrency-extras.build/Debug-iphonesimulator/ConcurrencyExtras\ product.build/empty-ConcurrencyExtras_-2B4B167800F2E3ED_PackageProduct.plist -producttype com.apple.product-type.framework -expandbuildsettings -format binary -platform iphonesimulator -o /Users/shashipandey/Library/Developer/Xcode/DerivedData/RSMS-galdljqllugdxqeukomoxaxsigpi/Build/Products/Debug-iphonesimulator/PackageFrameworks/ConcurrencyExtras_-2B4B167800F2E3ED_PackageProduct.framework/Info.plist

CreateUniversalBinary /Users/shashipandey/Library/Developer/Xcode/DerivedData/RSMS-galdljqllugdxqeukomoxaxsigpi/Build/Products/Debug-iphonesimulator/PackageFrameworks/ConcurrencyExtras_-2B4B167800F2E3ED_PackageProduct.framework/ConcurrencyExtras_-2B4B167800F2E3ED_PackageProduct normal arm64\ x86_64 (in target 'ConcurrencyExtras' from project 'swift-concurrency-extras')
    cd /Users/shashipandey/Library/Developer/Xcode/DerivedData/RSMS-galdljqllugdxqeukomoxaxsigpi/SourcePackages/checkouts/swift-concurrency-extras
    /Applications/Xcode.app/Contents/Developer/Toolchains/XcodeDefault.xctoolchain/usr/bin/lipo -create /Users/shashipandey/Library/Developer/Xcode/DerivedData/RSMS-galdljqllugdxqeukomoxaxsigpi/Build/Intermediates.noindex/swift-concurrency-extras.build/Debug-iphonesimulator/ConcurrencyExtras\ product.build/Objects-normal/arm64/Binary/ConcurrencyExtras_-2B4B167800F2E3ED_PackageProduct /Users/shashipandey/Library/Developer/Xcode/DerivedData/RSMS-galdljqllugdxqeukomoxaxsigpi/Build/Intermediates.noindex/swift-concurrency-extras.build/Debug-iphonesimulator/ConcurrencyExtras\ product.build/Objects-normal/x86_64/Binary/ConcurrencyExtras_-2B4B167800F2E3ED_PackageProduct -output /Users/shashipandey/Library/Developer/Xcode/DerivedData/RSMS-galdljqllugdxqeukomoxaxsigpi/Build/Products/Debug-iphonesimulator/PackageFrameworks/ConcurrencyExtras_-2B4B167800F2E3ED_PackageProduct.framework/ConcurrencyExtras_-2B4B167800F2E3ED_PackageProduct

GenerateTAPI /Users/shashipandey/Library/Developer/Xcode/DerivedData/RSMS-galdljqllugdxqeukomoxaxsigpi/Build/Intermediates.noindex/EagerLinkingTBDs/Debug-iphonesimulator/ConcurrencyExtras_-2B4B167800F2E3ED_PackageProduct.framework/ConcurrencyExtras_-2B4B167800F2E3ED_PackageProduct.tbd (in target 'ConcurrencyExtras' from project 'swift-concurrency-extras')
    cd /Users/shashipandey/Library/Developer/Xcode/DerivedData/RSMS-galdljqllugdxqeukomoxaxsigpi/SourcePackages/checkouts/swift-concurrency-extras
    /Applications/Xcode.app/Contents/Developer/Toolchains/XcodeDefault.xctoolchain/usr/bin/tapi stubify -isysroot /Applications/Xcode.app/Contents/Developer/Platforms/iPhoneSimulator.platform/Developer/SDKs/iPhoneSimulator26.5.sdk -F/Users/shashipandey/Library/Developer/Xcode/DerivedData/RSMS-galdljqllugdxqeukomoxaxsigpi/Build/Products/Debug-iphonesimulator/PackageFrameworks -F/Users/shashipandey/Library/Developer/Xcode/DerivedData/RSMS-galdljqllugdxqeukomoxaxsigpi/Build/Products/Debug-iphonesimulator -iframework /Applications/Xcode.app/Contents/Developer/Platforms/iPhoneSimulator.platform/Developer/Library/Frameworks -iframework /Applications/Xcode.app/Contents/Developer/Platforms/iPhoneSimulator.platform/Developer/SDKs/iPhoneSimulator26.5.sdk/Developer/Library/Frameworks -L/Users/shashipandey/Library/Developer/Xcode/DerivedData/RSMS-galdljqllugdxqeukomoxaxsigpi/Build/Products/Debug-iphonesimulator -L/Applications/Xcode.app/Contents/Developer/Platforms/iPhoneSimulator.platform/Developer/usr/lib /Users/shashipandey/Library/Developer/Xcode/DerivedData/RSMS-galdljqllugdxqeukomoxaxsigpi/Build/Products/Debug-iphonesimulator/PackageFrameworks/ConcurrencyExtras_-2B4B167800F2E3ED_PackageProduct.framework/ConcurrencyExtras_-2B4B167800F2E3ED_PackageProduct -o /Users/shashipandey/Library/Developer/Xcode/DerivedData/RSMS-galdljqllugdxqeukomoxaxsigpi/Build/Intermediates.noindex/EagerLinkingTBDs/Debug-iphonesimulator/ConcurrencyExtras_-2B4B167800F2E3ED_PackageProduct.framework/ConcurrencyExtras_-2B4B167800F2E3ED_PackageProduct.tbd

Ld /Users/shashipandey/Library/Developer/Xcode/DerivedData/RSMS-galdljqllugdxqeukomoxaxsigpi/Build/Intermediates.noindex/swift-http-types.build/Debug-iphonesimulator/HTTPTypes\ product.build/Objects-normal/x86_64/Binary/HTTPTypes_6E0498CBABC4245E_PackageProduct normal x86_64 (in target 'HTTPTypes' from project 'swift-http-types')
    cd /Users/shashipandey/Library/Developer/Xcode/DerivedData/RSMS-galdljqllugdxqeukomoxaxsigpi/SourcePackages/checkouts/swift-http-types
    /Applications/Xcode.app/Contents/Developer/Toolchains/XcodeDefault.xctoolchain/usr/bin/clang -Xlinker -reproducible -target x86_64-apple-ios12.0-simulator -dynamiclib -isysroot /Applications/Xcode.app/Contents/Developer/Platforms/iPhoneSimulator.platform/Developer/SDKs/iPhoneSimulator26.5.sdk -O0 -w -L/Users/shashipandey/Library/Developer/Xcode/DerivedData/RSMS-galdljqllugdxqeukomoxaxsigpi/Build/Intermediates.noindex/EagerLinkingTBDs/Debug-iphonesimulator -L/Users/shashipandey/Library/Developer/Xcode/DerivedData/RSMS-galdljqllugdxqeukomoxaxsigpi/Build/Products/Debug-iphonesimulator -L/Applications/Xcode.app/Contents/Developer/Platforms/iPhoneSimulator.platform/Developer/usr/lib -F/Users/shashipandey/Library/Developer/Xcode/DerivedData/RSMS-galdljqllugdxqeukomoxaxsigpi/Build/Intermediates.noindex/EagerLinkingTBDs/Debug-iphonesimulator -F/Users/shashipandey/Library/Developer/Xcode/DerivedData/RSMS-galdljqllugdxqeukomoxaxsigpi/Build/Products/Debug-iphonesimulator/PackageFrameworks -F/Users/shashipandey/Library/Developer/Xcode/DerivedData/RSMS-galdljqllugdxqeukomoxaxsigpi/Build/Products/Debug-iphonesimulator -iframework /Applications/Xcode.app/Contents/Developer/Platforms/iPhoneSimulator.platform/Developer/Library/Frameworks -iframework /Applications/Xcode.app/Contents/Developer/Platforms/iPhoneSimulator.platform/Developer/SDKs/iPhoneSimulator26.5.sdk/Developer/Library/Frameworks -filelist /Users/shashipandey/Library/Developer/Xcode/DerivedData/RSMS-galdljqllugdxqeukomoxaxsigpi/Build/Intermediates.noindex/swift-http-types.build/Debug-iphonesimulator/HTTPTypes\ product.build/Objects-normal/x86_64/HTTPTypes_6E0498CBABC4245E_PackageProduct.LinkFileList -install_name @rpath/HTTPTypes_6E0498CBABC4245E_PackageProduct.framework/HTTPTypes_6E0498CBABC4245E_PackageProduct -Xlinker -rpath -Xlinker /usr/lib/swift -Xlinker -rpath -Xlinker /Users/shashipandey/Library/Developer/Xcode/DerivedData/RSMS-galdljqllugdxqeukomoxaxsigpi/Build/Products/Debug-iphonesimulator/PackageFrameworks -Xlinker -dead_strip -Xlinker -object_path_lto -Xlinker /Users/shashipandey/Library/Developer/Xcode/DerivedData/RSMS-galdljqllugdxqeukomoxaxsigpi/Build/Intermediates.noindex/swift-http-types.build/Debug-iphonesimulator/HTTPTypes\ product.build/Objects-normal/x86_64/HTTPTypes_6E0498CBABC4245E_PackageProduct_lto.o -rdynamic -Xlinker -no_deduplicate -Xlinker -objc_abi_version -Xlinker 2 -Xlinker -dependency_info -Xlinker /Users/shashipandey/Library/Developer/Xcode/DerivedData/RSMS-galdljqllugdxqeukomoxaxsigpi/Build/Intermediates.noindex/swift-http-types.build/Debug-iphonesimulator/HTTPTypes\ product.build/Objects-normal/x86_64/HTTPTypes_6E0498CBABC4245E_PackageProduct_dependency_info.dat -fobjc-link-runtime -L/Applications/Xcode.app/Contents/Developer/Toolchains/XcodeDefault.xctoolchain/usr/lib/swift/iphonesimulator -L/usr/lib/swift -Wl,-no_warn_duplicate_libraries -o /Users/shashipandey/Library/Developer/Xcode/DerivedData/RSMS-galdljqllugdxqeukomoxaxsigpi/Build/Intermediates.noindex/swift-http-types.build/Debug-iphonesimulator/HTTPTypes\ product.build/Objects-normal/x86_64/Binary/HTTPTypes_6E0498CBABC4245E_PackageProduct -Xlinker -add_ast_path -Xlinker /Users/shashipandey/Library/Developer/Xcode/DerivedData/RSMS-galdljqllugdxqeukomoxaxsigpi/Build/Intermediates.noindex/swift-http-types.build/Debug-iphonesimulator/HTTPTypes.build/Objects-normal/x86_64/HTTPTypes.swiftmodule @/Users/shashipandey/Library/Developer/Xcode/DerivedData/RSMS-galdljqllugdxqeukomoxaxsigpi/Build/Intermediates.noindex/swift-http-types.build/Debug-iphonesimulator/HTTPTypes.build/Objects-normal/x86_64/HTTPTypes-linker-args.resp

Ld /Users/shashipandey/Library/Developer/Xcode/DerivedData/RSMS-galdljqllugdxqeukomoxaxsigpi/Build/Intermediates.noindex/swift-http-types.build/Debug-iphonesimulator/HTTPTypes\ product.build/Objects-normal/arm64/Binary/HTTPTypes_6E0498CBABC4245E_PackageProduct normal arm64 (in target 'HTTPTypes' from project 'swift-http-types')
    cd /Users/shashipandey/Library/Developer/Xcode/DerivedData/RSMS-galdljqllugdxqeukomoxaxsigpi/SourcePackages/checkouts/swift-http-types
    /Applications/Xcode.app/Contents/Developer/Toolchains/XcodeDefault.xctoolchain/usr/bin/clang -Xlinker -reproducible -target arm64-apple-ios12.0-simulator -dynamiclib -isysroot /Applications/Xcode.app/Contents/Developer/Platforms/iPhoneSimulator.platform/Developer/SDKs/iPhoneSimulator26.5.sdk -O0 -w -L/Users/shashipandey/Library/Developer/Xcode/DerivedData/RSMS-galdljqllugdxqeukomoxaxsigpi/Build/Intermediates.noindex/EagerLinkingTBDs/Debug-iphonesimulator -L/Users/shashipandey/Library/Developer/Xcode/DerivedData/RSMS-galdljqllugdxqeukomoxaxsigpi/Build/Products/Debug-iphonesimulator -L/Applications/Xcode.app/Contents/Developer/Platforms/iPhoneSimulator.platform/Developer/usr/lib -F/Users/shashipandey/Library/Developer/Xcode/DerivedData/RSMS-galdljqllugdxqeukomoxaxsigpi/Build/Intermediates.noindex/EagerLinkingTBDs/Debug-iphonesimulator -F/Users/shashipandey/Library/Developer/Xcode/DerivedData/RSMS-galdljqllugdxqeukomoxaxsigpi/Build/Products/Debug-iphonesimulator/PackageFrameworks -F/Users/shashipandey/Library/Developer/Xcode/DerivedData/RSMS-galdljqllugdxqeukomoxaxsigpi/Build/Products/Debug-iphonesimulator -iframework /Applications/Xcode.app/Contents/Developer/Platforms/iPhoneSimulator.platform/Developer/Library/Frameworks -iframework /Applications/Xcode.app/Contents/Developer/Platforms/iPhoneSimulator.platform/Developer/SDKs/iPhoneSimulator26.5.sdk/Developer/Library/Frameworks -filelist /Users/shashipandey/Library/Developer/Xcode/DerivedData/RSMS-galdljqllugdxqeukomoxaxsigpi/Build/Intermediates.noindex/swift-http-types.build/Debug-iphonesimulator/HTTPTypes\ product.build/Objects-normal/arm64/HTTPTypes_6E0498CBABC4245E_PackageProduct.LinkFileList -install_name @rpath/HTTPTypes_6E0498CBABC4245E_PackageProduct.framework/HTTPTypes_6E0498CBABC4245E_PackageProduct -Xlinker -rpath -Xlinker /usr/lib/swift -Xlinker -rpath -Xlinker /Users/shashipandey/Library/Developer/Xcode/DerivedData/RSMS-galdljqllugdxqeukomoxaxsigpi/Build/Products/Debug-iphonesimulator/PackageFrameworks -Xlinker -dead_strip -Xlinker -object_path_lto -Xlinker /Users/shashipandey/Library/Developer/Xcode/DerivedData/RSMS-galdljqllugdxqeukomoxaxsigpi/Build/Intermediates.noindex/swift-http-types.build/Debug-iphonesimulator/HTTPTypes\ product.build/Objects-normal/arm64/HTTPTypes_6E0498CBABC4245E_PackageProduct_lto.o -rdynamic -Xlinker -no_deduplicate -Xlinker -objc_abi_version -Xlinker 2 -Xlinker -dependency_info -Xlinker /Users/shashipandey/Library/Developer/Xcode/DerivedData/RSMS-galdljqllugdxqeukomoxaxsigpi/Build/Intermediates.noindex/swift-http-types.build/Debug-iphonesimulator/HTTPTypes\ product.build/Objects-normal/arm64/HTTPTypes_6E0498CBABC4245E_PackageProduct_dependency_info.dat -fobjc-link-runtime -L/Applications/Xcode.app/Contents/Developer/Toolchains/XcodeDefault.xctoolchain/usr/lib/swift/iphonesimulator -L/usr/lib/swift -Wl,-no_warn_duplicate_libraries -o /Users/shashipandey/Library/Developer/Xcode/DerivedData/RSMS-galdljqllugdxqeukomoxaxsigpi/Build/Intermediates.noindex/swift-http-types.build/Debug-iphonesimulator/HTTPTypes\ product.build/Objects-normal/arm64/Binary/HTTPTypes_6E0498CBABC4245E_PackageProduct -Xlinker -add_ast_path -Xlinker /Users/shashipandey/Library/Developer/Xcode/DerivedData/RSMS-galdljqllugdxqeukomoxaxsigpi/Build/Intermediates.noindex/swift-http-types.build/Debug-iphonesimulator/HTTPTypes.build/Objects-normal/arm64/HTTPTypes.swiftmodule @/Users/shashipandey/Library/Developer/Xcode/DerivedData/RSMS-galdljqllugdxqeukomoxaxsigpi/Build/Intermediates.noindex/swift-http-types.build/Debug-iphonesimulator/HTTPTypes.build/Objects-normal/arm64/HTTPTypes-linker-args.resp

SwiftDriver\ Compilation\ Requirements XCTestDynamicOverlay normal arm64 com.apple.xcode.tools.swift.compiler (in target 'XCTestDynamicOverlay' from project 'xctest-dynamic-overlay')
    cd /Users/shashipandey/Desktop/Team-8/RSMS.xcodeproj
    builtin-Swift-Compilation-Requirements -- /Applications/Xcode.app/Contents/Developer/Toolchains/XcodeDefault.xctoolchain/usr/bin/swiftc -module-name XCTestDynamicOverlay -Onone @/Users/shashipandey/Library/Developer/Xcode/DerivedData/RSMS-galdljqllugdxqeukomoxaxsigpi/Build/Intermediates.noindex/xctest-dynamic-overlay.build/Debug-iphonesimulator/XCTestDynamicOverlay.build/Objects-normal/arm64/XCTestDynamicOverlay.SwiftFileList -DSWIFT_PACKAGE -DDEBUG -DSWIFT_MODULE_RESOURCE_BUNDLE_UNAVAILABLE -DXcode -enable-upcoming-feature ExistentialAny -enable-upcoming-feature ImmutableWeakCaptures -enable-upcoming-feature InferIsolatedConformances -enable-upcoming-feature InternalImportsByDefault -enable-upcoming-feature MemberImportVisibility -enable-upcoming-feature NonisolatedNonsendingByDefault -plugin-path /Applications/Xcode.app/Contents/Developer/Toolchains/XcodeDefault.xctoolchain/usr/lib/swift/host/plugins/testing -enable-experimental-feature DebugDescriptionMacro -sdk /Applications/Xcode.app/Contents/Developer/Platforms/iPhoneSimulator.platform/Developer/SDKs/iPhoneSimulator26.5.sdk -target arm64-apple-ios13.0-simulator -g -module-cache-path /Users/shashipandey/Library/Developer/Xcode/DerivedData/ModuleCache.noindex -Xfrontend -serialize-debugging-options -enable-testing -suppress-warnings -index-store-path /Users/shashipandey/Library/Developer/Xcode/DerivedData/RSMS-galdljqllugdxqeukomoxaxsigpi/Index.noindex/DataStore -Xcc -D_LIBCPP_HARDENING_MODE\=_LIBCPP_HARDENING_MODE_DEBUG -swift-version 6 -I /Users/shashipandey/Library/Developer/Xcode/DerivedData/RSMS-galdljqllugdxqeukomoxaxsigpi/Build/Products/Debug-iphonesimulator -Isystem /Applications/Xcode.app/Contents/Developer/Platforms/iPhoneSimulator.platform/Developer/usr/lib -F /Users/shashipandey/Library/Developer/Xcode/DerivedData/RSMS-galdljqllugdxqeukomoxaxsigpi/Build/Products/Debug-iphonesimulator/PackageFrameworks -F /Users/shashipandey/Library/Developer/Xcode/DerivedData/RSMS-galdljqllugdxqeukomoxaxsigpi/Build/Products/Debug-iphonesimulator -F /Applications/Xcode.app/Contents/Developer/Platforms/iPhoneSimulator.platform/Developer/Library/Frameworks -F /Applications/Xcode.app/Contents/Developer/Platforms/iPhoneSimulator.platform/Developer/SDKs/iPhoneSimulator26.5.sdk/Developer/Library/Frameworks -c -j10 -enable-batch-mode -incremental -Xcc -ivfsstatcache -Xcc /Users/shashipandey/Library/Developer/Xcode/DerivedData/SDKStatCaches.noindex/iphonesimulator26.5-23F81a-6cfe768891a92b912361537c460fe42b.sdkstatcache -output-file-map /Users/shashipandey/Library/Developer/Xcode/DerivedData/RSMS-galdljqllugdxqeukomoxaxsigpi/Build/Intermediates.noindex/xctest-dynamic-overlay.build/Debug-iphonesimulator/XCTestDynamicOverlay.build/Objects-normal/arm64/XCTestDynamicOverlay-OutputFileMap.json -use-frontend-parseable-output -save-temps -no-color-diagnostics -explicit-module-build -module-cache-path /Users/shashipandey/Library/Developer/Xcode/DerivedData/RSMS-galdljqllugdxqeukomoxaxsigpi/Build/Intermediates.noindex/SwiftExplicitPrecompiledModules -clang-scanner-module-cache-path /Users/shashipandey/Library/Developer/Xcode/DerivedData/ModuleCache.noindex -sdk-module-cache-path /Users/shashipandey/Library/Developer/Xcode/DerivedData/ModuleCache.noindex -serialize-diagnostics -emit-dependencies -emit-module -emit-module-path /Users/shashipandey/Library/Developer/Xcode/DerivedData/RSMS-galdljqllugdxqeukomoxaxsigpi/Build/Intermediates.noindex/xctest-dynamic-overlay.build/Debug-iphonesimulator/XCTestDynamicOverlay.build/Objects-normal/arm64/XCTestDynamicOverlay.swiftmodule -user-module-version 1.10.1 -validate-clang-modules-once -clang-build-session-file /Users/shashipandey/Library/Developer/Xcode/DerivedData/ModuleCache.noindex/Session.modulevalidation -package-name xctest_dynamic_overlay -Xcc -I/Users/shashipandey/Library/Developer/Xcode/DerivedData/RSMS-galdljqllugdxqeukomoxaxsigpi/Build/Intermediates.noindex/xctest-dynamic-overlay.build/Debug-iphonesimulator/XCTestDynamicOverlay.build/swift-overrides.hmap -emit-const-values -Xfrontend -const-gather-protocols-file -Xfrontend /Users/shashipandey/Library/Developer/Xcode/DerivedData/RSMS-galdljqllugdxqeukomoxaxsigpi/Build/Intermediates.noindex/xctest-dynamic-overlay.build/Debug-iphonesimulator/XCTestDynamicOverlay.build/Objects-normal/arm64/XCTestDynamicOverlay_const_extract_protocols.json -Xcc -I/Users/shashipandey/Library/Developer/Xcode/DerivedData/RSMS-galdljqllugdxqeukomoxaxsigpi/Build/Products/Debug-iphonesimulator/include -Xcc -I/Users/shashipandey/Library/Developer/Xcode/DerivedData/RSMS-galdljqllugdxqeukomoxaxsigpi/Build/Intermediates.noindex/xctest-dynamic-overlay.build/Debug-iphonesimulator/XCTestDynamicOverlay.build/DerivedSources-normal/arm64 -Xcc -I/Users/shashipandey/Library/Developer/Xcode/DerivedData/RSMS-galdljqllugdxqeukomoxaxsigpi/Build/Intermediates.noindex/xctest-dynamic-overlay.build/Debug-iphonesimulator/XCTestDynamicOverlay.build/DerivedSources/arm64 -Xcc -I/Users/shashipandey/Library/Developer/Xcode/DerivedData/RSMS-galdljqllugdxqeukomoxaxsigpi/Build/Intermediates.noindex/xctest-dynamic-overlay.build/Debug-iphonesimulator/XCTestDynamicOverlay.build/DerivedSources -Xcc -DSWIFT_PACKAGE -Xcc -DDEBUG\=1 -emit-objc-header -emit-objc-header-path /Users/shashipandey/Library/Developer/Xcode/DerivedData/RSMS-galdljqllugdxqeukomoxaxsigpi/Build/Intermediates.noindex/xctest-dynamic-overlay.build/Debug-iphonesimulator/XCTestDynamicOverlay.build/Objects-normal/arm64/XCTestDynamicOverlay-Swift.h -working-directory /Users/shashipandey/Desktop/Team-8/RSMS.xcodeproj -experimental-emit-module-separately -disable-cmo

SwiftDriver\ Compilation\ Requirements XCTestDynamicOverlay normal x86_64 com.apple.xcode.tools.swift.compiler (in target 'XCTestDynamicOverlay' from project 'xctest-dynamic-overlay')
    cd /Users/shashipandey/Desktop/Team-8/RSMS.xcodeproj
    builtin-Swift-Compilation-Requirements -- /Applications/Xcode.app/Contents/Developer/Toolchains/XcodeDefault.xctoolchain/usr/bin/swiftc -module-name XCTestDynamicOverlay -Onone @/Users/shashipandey/Library/Developer/Xcode/DerivedData/RSMS-galdljqllugdxqeukomoxaxsigpi/Build/Intermediates.noindex/xctest-dynamic-overlay.build/Debug-iphonesimulator/XCTestDynamicOverlay.build/Objects-normal/x86_64/XCTestDynamicOverlay.SwiftFileList -DSWIFT_PACKAGE -DDEBUG -DSWIFT_MODULE_RESOURCE_BUNDLE_UNAVAILABLE -DXcode -enable-upcoming-feature ExistentialAny -enable-upcoming-feature ImmutableWeakCaptures -enable-upcoming-feature InferIsolatedConformances -enable-upcoming-feature InternalImportsByDefault -enable-upcoming-feature MemberImportVisibility -enable-upcoming-feature NonisolatedNonsendingByDefault -plugin-path /Applications/Xcode.app/Contents/Developer/Toolchains/XcodeDefault.xctoolchain/usr/lib/swift/host/plugins/testing -enable-experimental-feature DebugDescriptionMacro -sdk /Applications/Xcode.app/Contents/Developer/Platforms/iPhoneSimulator.platform/Developer/SDKs/iPhoneSimulator26.5.sdk -target x86_64-apple-ios13.0-simulator -g -module-cache-path /Users/shashipandey/Library/Developer/Xcode/DerivedData/ModuleCache.noindex -Xfrontend -serialize-debugging-options -enable-testing -suppress-warnings -index-store-path /Users/shashipandey/Library/Developer/Xcode/DerivedData/RSMS-galdljqllugdxqeukomoxaxsigpi/Index.noindex/DataStore -Xcc -D_LIBCPP_HARDENING_MODE\=_LIBCPP_HARDENING_MODE_DEBUG -swift-version 6 -I /Users/shashipandey/Library/Developer/Xcode/DerivedData/RSMS-galdljqllugdxqeukomoxaxsigpi/Build/Products/Debug-iphonesimulator -Isystem /Applications/Xcode.app/Contents/Developer/Platforms/iPhoneSimulator.platform/Developer/usr/lib -F /Users/shashipandey/Library/Developer/Xcode/DerivedData/RSMS-galdljqllugdxqeukomoxaxsigpi/Build/Products/Debug-iphonesimulator/PackageFrameworks -F /Users/shashipandey/Library/Developer/Xcode/DerivedData/RSMS-galdljqllugdxqeukomoxaxsigpi/Build/Products/Debug-iphonesimulator -F /Applications/Xcode.app/Contents/Developer/Platforms/iPhoneSimulator.platform/Developer/Library/Frameworks -F /Applications/Xcode.app/Contents/Developer/Platforms/iPhoneSimulator.platform/Developer/SDKs/iPhoneSimulator26.5.sdk/Developer/Library/Frameworks -c -j10 -enable-batch-mode -incremental -Xcc -ivfsstatcache -Xcc /Users/shashipandey/Library/Developer/Xcode/DerivedData/SDKStatCaches.noindex/iphonesimulator26.5-23F81a-6cfe768891a92b912361537c460fe42b.sdkstatcache -output-file-map /Users/shashipandey/Library/Developer/Xcode/DerivedData/RSMS-galdljqllugdxqeukomoxaxsigpi/Build/Intermediates.noindex/xctest-dynamic-overlay.build/Debug-iphonesimulator/XCTestDynamicOverlay.build/Objects-normal/x86_64/XCTestDynamicOverlay-OutputFileMap.json -use-frontend-parseable-output -save-temps -no-color-diagnostics -explicit-module-build -module-cache-path /Users/shashipandey/Library/Developer/Xcode/DerivedData/RSMS-galdljqllugdxqeukomoxaxsigpi/Build/Intermediates.noindex/SwiftExplicitPrecompiledModules -clang-scanner-module-cache-path /Users/shashipandey/Library/Developer/Xcode/DerivedData/ModuleCache.noindex -sdk-module-cache-path /Users/shashipandey/Library/Developer/Xcode/DerivedData/ModuleCache.noindex -serialize-diagnostics -emit-dependencies -emit-module -emit-module-path /Users/shashipandey/Library/Developer/Xcode/DerivedData/RSMS-galdljqllugdxqeukomoxaxsigpi/Build/Intermediates.noindex/xctest-dynamic-overlay.build/Debug-iphonesimulator/XCTestDynamicOverlay.build/Objects-normal/x86_64/XCTestDynamicOverlay.swiftmodule -user-module-version 1.10.1 -validate-clang-modules-once -clang-build-session-file /Users/shashipandey/Library/Developer/Xcode/DerivedData/ModuleCache.noindex/Session.modulevalidation -package-name xctest_dynamic_overlay -Xcc -I/Users/shashipandey/Library/Developer/Xcode/DerivedData/RSMS-galdljqllugdxqeukomoxaxsigpi/Build/Intermediates.noindex/xctest-dynamic-overlay.build/Debug-iphonesimulator/XCTestDynamicOverlay.build/swift-overrides.hmap -emit-const-values -Xfrontend -const-gather-protocols-file -Xfrontend /Users/shashipandey/Library/Developer/Xcode/DerivedData/RSMS-galdljqllugdxqeukomoxaxsigpi/Build/Intermediates.noindex/xctest-dynamic-overlay.build/Debug-iphonesimulator/XCTestDynamicOverlay.build/Objects-normal/x86_64/XCTestDynamicOverlay_const_extract_protocols.json -Xcc -I/Users/shashipandey/Library/Developer/Xcode/DerivedData/RSMS-galdljqllugdxqeukomoxaxsigpi/Build/Products/Debug-iphonesimulator/include -Xcc -I/Users/shashipandey/Library/Developer/Xcode/DerivedData/RSMS-galdljqllugdxqeukomoxaxsigpi/Build/Intermediates.noindex/xctest-dynamic-overlay.build/Debug-iphonesimulator/XCTestDynamicOverlay.build/DerivedSources-normal/x86_64 -Xcc -I/Users/shashipandey/Library/Developer/Xcode/DerivedData/RSMS-galdljqllugdxqeukomoxaxsigpi/Build/Intermediates.noindex/xctest-dynamic-overlay.build/Debug-iphonesimulator/XCTestDynamicOverlay.build/DerivedSources/x86_64 -Xcc -I/Users/shashipandey/Library/Developer/Xcode/DerivedData/RSMS-galdljqllugdxqeukomoxaxsigpi/Build/Intermediates.noindex/xctest-dynamic-overlay.build/Debug-iphonesimulator/XCTestDynamicOverlay.build/DerivedSources -Xcc -DSWIFT_PACKAGE -Xcc -DDEBUG\=1 -emit-objc-header -emit-objc-header-path /Users/shashipandey/Library/Developer/Xcode/DerivedData/RSMS-galdljqllugdxqeukomoxaxsigpi/Build/Intermediates.noindex/xctest-dynamic-overlay.build/Debug-iphonesimulator/XCTestDynamicOverlay.build/Objects-normal/x86_64/XCTestDynamicOverlay-Swift.h -working-directory /Users/shashipandey/Desktop/Team-8/RSMS.xcodeproj -experimental-emit-module-separately -disable-cmo

Copy /Users/shashipandey/Library/Developer/Xcode/DerivedData/RSMS-galdljqllugdxqeukomoxaxsigpi/Build/Products/Debug-iphonesimulator/XCTestDynamicOverlay.swiftmodule/arm64-apple-ios-simulator.swiftmodule /Users/shashipandey/Library/Developer/Xcode/DerivedData/RSMS-galdljqllugdxqeukomoxaxsigpi/Build/Intermediates.noindex/xctest-dynamic-overlay.build/Debug-iphonesimulator/XCTestDynamicOverlay.build/Objects-normal/arm64/XCTestDynamicOverlay.swiftmodule (in target 'XCTestDynamicOverlay' from project 'xctest-dynamic-overlay')
    cd /Users/shashipandey/Library/Developer/Xcode/DerivedData/RSMS-galdljqllugdxqeukomoxaxsigpi/SourcePackages/checkouts/xctest-dynamic-overlay
    builtin-copy -exclude .DS_Store -exclude CVS -exclude .svn -exclude .git -exclude .hg -resolve-src-symlinks -rename /Users/shashipandey/Library/Developer/Xcode/DerivedData/RSMS-galdljqllugdxqeukomoxaxsigpi/Build/Intermediates.noindex/xctest-dynamic-overlay.build/Debug-iphonesimulator/XCTestDynamicOverlay.build/Objects-normal/arm64/XCTestDynamicOverlay.swiftmodule /Users/shashipandey/Library/Developer/Xcode/DerivedData/RSMS-galdljqllugdxqeukomoxaxsigpi/Build/Products/Debug-iphonesimulator/XCTestDynamicOverlay.swiftmodule/arm64-apple-ios-simulator.swiftmodule

Copy /Users/shashipandey/Library/Developer/Xcode/DerivedData/RSMS-galdljqllugdxqeukomoxaxsigpi/Build/Products/Debug-iphonesimulator/XCTestDynamicOverlay.swiftmodule/arm64-apple-ios-simulator.swiftdoc /Users/shashipandey/Library/Developer/Xcode/DerivedData/RSMS-galdljqllugdxqeukomoxaxsigpi/Build/Intermediates.noindex/xctest-dynamic-overlay.build/Debug-iphonesimulator/XCTestDynamicOverlay.build/Objects-normal/arm64/XCTestDynamicOverlay.swiftdoc (in target 'XCTestDynamicOverlay' from project 'xctest-dynamic-overlay')
    cd /Users/shashipandey/Library/Developer/Xcode/DerivedData/RSMS-galdljqllugdxqeukomoxaxsigpi/SourcePackages/checkouts/xctest-dynamic-overlay
    builtin-copy -exclude .DS_Store -exclude CVS -exclude .svn -exclude .git -exclude .hg -resolve-src-symlinks -rename /Users/shashipandey/Library/Developer/Xcode/DerivedData/RSMS-galdljqllugdxqeukomoxaxsigpi/Build/Intermediates.noindex/xctest-dynamic-overlay.build/Debug-iphonesimulator/XCTestDynamicOverlay.build/Objects-normal/arm64/XCTestDynamicOverlay.swiftdoc /Users/shashipandey/Library/Developer/Xcode/DerivedData/RSMS-galdljqllugdxqeukomoxaxsigpi/Build/Products/Debug-iphonesimulator/XCTestDynamicOverlay.swiftmodule/arm64-apple-ios-simulator.swiftdoc

SwiftMergeGeneratedHeaders /Users/shashipandey/Library/Developer/Xcode/DerivedData/RSMS-galdljqllugdxqeukomoxaxsigpi/Build/Intermediates.noindex/GeneratedModuleMaps-iphonesimulator/XCTestDynamicOverlay-Swift.h /Users/shashipandey/Library/Developer/Xcode/DerivedData/RSMS-galdljqllugdxqeukomoxaxsigpi/Build/Intermediates.noindex/xctest-dynamic-overlay.build/Debug-iphonesimulator/XCTestDynamicOverlay.build/Objects-normal/arm64/XCTestDynamicOverlay-Swift.h /Users/shashipandey/Library/Developer/Xcode/DerivedData/RSMS-galdljqllugdxqeukomoxaxsigpi/Build/Intermediates.noindex/xctest-dynamic-overlay.build/Debug-iphonesimulator/XCTestDynamicOverlay.build/Objects-normal/x86_64/XCTestDynamicOverlay-Swift.h (in target 'XCTestDynamicOverlay' from project 'xctest-dynamic-overlay')
    cd /Users/shashipandey/Library/Developer/Xcode/DerivedData/RSMS-galdljqllugdxqeukomoxaxsigpi/SourcePackages/checkouts/xctest-dynamic-overlay
    builtin-swiftHeaderTool -arch arm64 /Users/shashipandey/Library/Developer/Xcode/DerivedData/RSMS-galdljqllugdxqeukomoxaxsigpi/Build/Intermediates.noindex/xctest-dynamic-overlay.build/Debug-iphonesimulator/XCTestDynamicOverlay.build/Objects-normal/arm64/XCTestDynamicOverlay-Swift.h -arch x86_64 /Users/shashipandey/Library/Developer/Xcode/DerivedData/RSMS-galdljqllugdxqeukomoxaxsigpi/Build/Intermediates.noindex/xctest-dynamic-overlay.build/Debug-iphonesimulator/XCTestDynamicOverlay.build/Objects-normal/x86_64/XCTestDynamicOverlay-Swift.h -o /Users/shashipandey/Library/Developer/Xcode/DerivedData/RSMS-galdljqllugdxqeukomoxaxsigpi/Build/Intermediates.noindex/GeneratedModuleMaps-iphonesimulator/XCTestDynamicOverlay-Swift.h

Copy /Users/shashipandey/Library/Developer/Xcode/DerivedData/RSMS-galdljqllugdxqeukomoxaxsigpi/Build/Products/Debug-iphonesimulator/XCTestDynamicOverlay.swiftmodule/arm64-apple-ios-simulator.abi.json /Users/shashipandey/Library/Developer/Xcode/DerivedData/RSMS-galdljqllugdxqeukomoxaxsigpi/Build/Intermediates.noindex/xctest-dynamic-overlay.build/Debug-iphonesimulator/XCTestDynamicOverlay.build/Objects-normal/arm64/XCTestDynamicOverlay.abi.json (in target 'XCTestDynamicOverlay' from project 'xctest-dynamic-overlay')
    cd /Users/shashipandey/Library/Developer/Xcode/DerivedData/RSMS-galdljqllugdxqeukomoxaxsigpi/SourcePackages/checkouts/xctest-dynamic-overlay
    builtin-copy -exclude .DS_Store -exclude CVS -exclude .svn -exclude .git -exclude .hg -resolve-src-symlinks -rename /Users/shashipandey/Library/Developer/Xcode/DerivedData/RSMS-galdljqllugdxqeukomoxaxsigpi/Build/Intermediates.noindex/xctest-dynamic-overlay.build/Debug-iphonesimulator/XCTestDynamicOverlay.build/Objects-normal/arm64/XCTestDynamicOverlay.abi.json /Users/shashipandey/Library/Developer/Xcode/DerivedData/RSMS-galdljqllugdxqeukomoxaxsigpi/Build/Products/Debug-iphonesimulator/XCTestDynamicOverlay.swiftmodule/arm64-apple-ios-simulator.abi.json

Copy /Users/shashipandey/Library/Developer/Xcode/DerivedData/RSMS-galdljqllugdxqeukomoxaxsigpi/Build/Products/Debug-iphonesimulator/XCTestDynamicOverlay.swiftmodule/Project/arm64-apple-ios-simulator.swiftsourceinfo /Users/shashipandey/Library/Developer/Xcode/DerivedData/RSMS-galdljqllugdxqeukomoxaxsigpi/Build/Intermediates.noindex/xctest-dynamic-overlay.build/Debug-iphonesimulator/XCTestDynamicOverlay.build/Objects-normal/arm64/XCTestDynamicOverlay.swiftsourceinfo (in target 'XCTestDynamicOverlay' from project 'xctest-dynamic-overlay')
    cd /Users/shashipandey/Library/Developer/Xcode/DerivedData/RSMS-galdljqllugdxqeukomoxaxsigpi/SourcePackages/checkouts/xctest-dynamic-overlay
    builtin-copy -exclude .DS_Store -exclude CVS -exclude .svn -exclude .git -exclude .hg -resolve-src-symlinks -rename /Users/shashipandey/Library/Developer/Xcode/DerivedData/RSMS-galdljqllugdxqeukomoxaxsigpi/Build/Intermediates.noindex/xctest-dynamic-overlay.build/Debug-iphonesimulator/XCTestDynamicOverlay.build/Objects-normal/arm64/XCTestDynamicOverlay.swiftsourceinfo /Users/shashipandey/Library/Developer/Xcode/DerivedData/RSMS-galdljqllugdxqeukomoxaxsigpi/Build/Products/Debug-iphonesimulator/XCTestDynamicOverlay.swiftmodule/Project/arm64-apple-ios-simulator.swiftsourceinfo

SwiftDriver\ Compilation XCTestDynamicOverlay normal x86_64 com.apple.xcode.tools.swift.compiler (in target 'XCTestDynamicOverlay' from project 'xctest-dynamic-overlay')
    cd /Users/shashipandey/Desktop/Team-8/RSMS.xcodeproj
    builtin-Swift-Compilation -- /Applications/Xcode.app/Contents/Developer/Toolchains/XcodeDefault.xctoolchain/usr/bin/swiftc -module-name XCTestDynamicOverlay -Onone @/Users/shashipandey/Library/Developer/Xcode/DerivedData/RSMS-galdljqllugdxqeukomoxaxsigpi/Build/Intermediates.noindex/xctest-dynamic-overlay.build/Debug-iphonesimulator/XCTestDynamicOverlay.build/Objects-normal/x86_64/XCTestDynamicOverlay.SwiftFileList -DSWIFT_PACKAGE -DDEBUG -DSWIFT_MODULE_RESOURCE_BUNDLE_UNAVAILABLE -DXcode -enable-upcoming-feature ExistentialAny -enable-upcoming-feature ImmutableWeakCaptures -enable-upcoming-feature InferIsolatedConformances -enable-upcoming-feature InternalImportsByDefault -enable-upcoming-feature MemberImportVisibility -enable-upcoming-feature NonisolatedNonsendingByDefault -plugin-path /Applications/Xcode.app/Contents/Developer/Toolchains/XcodeDefault.xctoolchain/usr/lib/swift/host/plugins/testing -enable-experimental-feature DebugDescriptionMacro -sdk /Applications/Xcode.app/Contents/Developer/Platforms/iPhoneSimulator.platform/Developer/SDKs/iPhoneSimulator26.5.sdk -target x86_64-apple-ios13.0-simulator -g -module-cache-path /Users/shashipandey/Library/Developer/Xcode/DerivedData/ModuleCache.noindex -Xfrontend -serialize-debugging-options -enable-testing -suppress-warnings -index-store-path /Users/shashipandey/Library/Developer/Xcode/DerivedData/RSMS-galdljqllugdxqeukomoxaxsigpi/Index.noindex/DataStore -Xcc -D_LIBCPP_HARDENING_MODE\=_LIBCPP_HARDENING_MODE_DEBUG -swift-version 6 -I /Users/shashipandey/Library/Developer/Xcode/DerivedData/RSMS-galdljqllugdxqeukomoxaxsigpi/Build/Products/Debug-iphonesimulator -Isystem /Applications/Xcode.app/Contents/Developer/Platforms/iPhoneSimulator.platform/Developer/usr/lib -F /Users/shashipandey/Library/Developer/Xcode/DerivedData/RSMS-galdljqllugdxqeukomoxaxsigpi/Build/Products/Debug-iphonesimulator/PackageFrameworks -F /Users/shashipandey/Library/Developer/Xcode/DerivedData/RSMS-galdljqllugdxqeukomoxaxsigpi/Build/Products/Debug-iphonesimulator -F /Applications/Xcode.app/Contents/Developer/Platforms/iPhoneSimulator.platform/Developer/Library/Frameworks -F /Applications/Xcode.app/Contents/Developer/Platforms/iPhoneSimulator.platform/Developer/SDKs/iPhoneSimulator26.5.sdk/Developer/Library/Frameworks -c -j10 -enable-batch-mode -incremental -Xcc -ivfsstatcache -Xcc /Users/shashipandey/Library/Developer/Xcode/DerivedData/SDKStatCaches.noindex/iphonesimulator26.5-23F81a-6cfe768891a92b912361537c460fe42b.sdkstatcache -output-file-map /Users/shashipandey/Library/Developer/Xcode/DerivedData/RSMS-galdljqllugdxqeukomoxaxsigpi/Build/Intermediates.noindex/xctest-dynamic-overlay.build/Debug-iphonesimulator/XCTestDynamicOverlay.build/Objects-normal/x86_64/XCTestDynamicOverlay-OutputFileMap.json -use-frontend-parseable-output -save-temps -no-color-diagnostics -explicit-module-build -module-cache-path /Users/shashipandey/Library/Developer/Xcode/DerivedData/RSMS-galdljqllugdxqeukomoxaxsigpi/Build/Intermediates.noindex/SwiftExplicitPrecompiledModules -clang-scanner-module-cache-path /Users/shashipandey/Library/Developer/Xcode/DerivedData/ModuleCache.noindex -sdk-module-cache-path /Users/shashipandey/Library/Developer/Xcode/DerivedData/ModuleCache.noindex -serialize-diagnostics -emit-dependencies -emit-module -emit-module-path /Users/shashipandey/Library/Developer/Xcode/DerivedData/RSMS-galdljqllugdxqeukomoxaxsigpi/Build/Intermediates.noindex/xctest-dynamic-overlay.build/Debug-iphonesimulator/XCTestDynamicOverlay.build/Objects-normal/x86_64/XCTestDynamicOverlay.swiftmodule -user-module-version 1.10.1 -validate-clang-modules-once -clang-build-session-file /Users/shashipandey/Library/Developer/Xcode/DerivedData/ModuleCache.noindex/Session.modulevalidation -package-name xctest_dynamic_overlay -Xcc -I/Users/shashipandey/Library/Developer/Xcode/DerivedData/RSMS-galdljqllugdxqeukomoxaxsigpi/Build/Intermediates.noindex/xctest-dynamic-overlay.build/Debug-iphonesimulator/XCTestDynamicOverlay.build/swift-overrides.hmap -emit-const-values -Xfrontend -const-gather-protocols-file -Xfrontend /Users/shashipandey/Library/Developer/Xcode/DerivedData/RSMS-galdljqllugdxqeukomoxaxsigpi/Build/Intermediates.noindex/xctest-dynamic-overlay.build/Debug-iphonesimulator/XCTestDynamicOverlay.build/Objects-normal/x86_64/XCTestDynamicOverlay_const_extract_protocols.json -Xcc -I/Users/shashipandey/Library/Developer/Xcode/DerivedData/RSMS-galdljqllugdxqeukomoxaxsigpi/Build/Products/Debug-iphonesimulator/include -Xcc -I/Users/shashipandey/Library/Developer/Xcode/DerivedData/RSMS-galdljqllugdxqeukomoxaxsigpi/Build/Intermediates.noindex/xctest-dynamic-overlay.build/Debug-iphonesimulator/XCTestDynamicOverlay.build/DerivedSources-normal/x86_64 -Xcc -I/Users/shashipandey/Library/Developer/Xcode/DerivedData/RSMS-galdljqllugdxqeukomoxaxsigpi/Build/Intermediates.noindex/xctest-dynamic-overlay.build/Debug-iphonesimulator/XCTestDynamicOverlay.build/DerivedSources/x86_64 -Xcc -I/Users/shashipandey/Library/Developer/Xcode/DerivedData/RSMS-galdljqllugdxqeukomoxaxsigpi/Build/Intermediates.noindex/xctest-dynamic-overlay.build/Debug-iphonesimulator/XCTestDynamicOverlay.build/DerivedSources -Xcc -DSWIFT_PACKAGE -Xcc -DDEBUG\=1 -emit-objc-header -emit-objc-header-path /Users/shashipandey/Library/Developer/Xcode/DerivedData/RSMS-galdljqllugdxqeukomoxaxsigpi/Build/Intermediates.noindex/xctest-dynamic-overlay.build/Debug-iphonesimulator/XCTestDynamicOverlay.build/Objects-normal/x86_64/XCTestDynamicOverlay-Swift.h -working-directory /Users/shashipandey/Desktop/Team-8/RSMS.xcodeproj -experimental-emit-module-separately -disable-cmo

SwiftDriver\ Compilation XCTestDynamicOverlay normal arm64 com.apple.xcode.tools.swift.compiler (in target 'XCTestDynamicOverlay' from project 'xctest-dynamic-overlay')
    cd /Users/shashipandey/Desktop/Team-8/RSMS.xcodeproj
    builtin-Swift-Compilation -- /Applications/Xcode.app/Contents/Developer/Toolchains/XcodeDefault.xctoolchain/usr/bin/swiftc -module-name XCTestDynamicOverlay -Onone @/Users/shashipandey/Library/Developer/Xcode/DerivedData/RSMS-galdljqllugdxqeukomoxaxsigpi/Build/Intermediates.noindex/xctest-dynamic-overlay.build/Debug-iphonesimulator/XCTestDynamicOverlay.build/Objects-normal/arm64/XCTestDynamicOverlay.SwiftFileList -DSWIFT_PACKAGE -DDEBUG -DSWIFT_MODULE_RESOURCE_BUNDLE_UNAVAILABLE -DXcode -enable-upcoming-feature ExistentialAny -enable-upcoming-feature ImmutableWeakCaptures -enable-upcoming-feature InferIsolatedConformances -enable-upcoming-feature InternalImportsByDefault -enable-upcoming-feature MemberImportVisibility -enable-upcoming-feature NonisolatedNonsendingByDefault -plugin-path /Applications/Xcode.app/Contents/Developer/Toolchains/XcodeDefault.xctoolchain/usr/lib/swift/host/plugins/testing -enable-experimental-feature DebugDescriptionMacro -sdk /Applications/Xcode.app/Contents/Developer/Platforms/iPhoneSimulator.platform/Developer/SDKs/iPhoneSimulator26.5.sdk -target arm64-apple-ios13.0-simulator -g -module-cache-path /Users/shashipandey/Library/Developer/Xcode/DerivedData/ModuleCache.noindex -Xfrontend -serialize-debugging-options -enable-testing -suppress-warnings -index-store-path /Users/shashipandey/Library/Developer/Xcode/DerivedData/RSMS-galdljqllugdxqeukomoxaxsigpi/Index.noindex/DataStore -Xcc -D_LIBCPP_HARDENING_MODE\=_LIBCPP_HARDENING_MODE_DEBUG -swift-version 6 -I /Users/shashipandey/Library/Developer/Xcode/DerivedData/RSMS-galdljqllugdxqeukomoxaxsigpi/Build/Products/Debug-iphonesimulator -Isystem /Applications/Xcode.app/Contents/Developer/Platforms/iPhoneSimulator.platform/Developer/usr/lib -F /Users/shashipandey/Library/Developer/Xcode/DerivedData/RSMS-galdljqllugdxqeukomoxaxsigpi/Build/Products/Debug-iphonesimulator/PackageFrameworks -F /Users/shashipandey/Library/Developer/Xcode/DerivedData/RSMS-galdljqllugdxqeukomoxaxsigpi/Build/Products/Debug-iphonesimulator -F /Applications/Xcode.app/Contents/Developer/Platforms/iPhoneSimulator.platform/Developer/Library/Frameworks -F /Applications/Xcode.app/Contents/Developer/Platforms/iPhoneSimulator.platform/Developer/SDKs/iPhoneSimulator26.5.sdk/Developer/Library/Frameworks -c -j10 -enable-batch-mode -incremental -Xcc -ivfsstatcache -Xcc /Users/shashipandey/Library/Developer/Xcode/DerivedData/SDKStatCaches.noindex/iphonesimulator26.5-23F81a-6cfe768891a92b912361537c460fe42b.sdkstatcache -output-file-map /Users/shashipandey/Library/Developer/Xcode/DerivedData/RSMS-galdljqllugdxqeukomoxaxsigpi/Build/Intermediates.noindex/xctest-dynamic-overlay.build/Debug-iphonesimulator/XCTestDynamicOverlay.build/Objects-normal/arm64/XCTestDynamicOverlay-OutputFileMap.json -use-frontend-parseable-output -save-temps -no-color-diagnostics -explicit-module-build -module-cache-path /Users/shashipandey/Library/Developer/Xcode/DerivedData/RSMS-galdljqllugdxqeukomoxaxsigpi/Build/Intermediates.noindex/SwiftExplicitPrecompiledModules -clang-scanner-module-cache-path /Users/shashipandey/Library/Developer/Xcode/DerivedData/ModuleCache.noindex -sdk-module-cache-path /Users/shashipandey/Library/Developer/Xcode/DerivedData/ModuleCache.noindex -serialize-diagnostics -emit-dependencies -emit-module -emit-module-path /Users/shashipandey/Library/Developer/Xcode/DerivedData/RSMS-galdljqllugdxqeukomoxaxsigpi/Build/Intermediates.noindex/xctest-dynamic-overlay.build/Debug-iphonesimulator/XCTestDynamicOverlay.build/Objects-normal/arm64/XCTestDynamicOverlay.swiftmodule -user-module-version 1.10.1 -validate-clang-modules-once -clang-build-session-file /Users/shashipandey/Library/Developer/Xcode/DerivedData/ModuleCache.noindex/Session.modulevalidation -package-name xctest_dynamic_overlay -Xcc -I/Users/shashipandey/Library/Developer/Xcode/DerivedData/RSMS-galdljqllugdxqeukomoxaxsigpi/Build/Intermediates.noindex/xctest-dynamic-overlay.build/Debug-iphonesimulator/XCTestDynamicOverlay.build/swift-overrides.hmap -emit-const-values -Xfrontend -const-gather-protocols-file -Xfrontend /Users/shashipandey/Library/Developer/Xcode/DerivedData/RSMS-galdljqllugdxqeukomoxaxsigpi/Build/Intermediates.noindex/xctest-dynamic-overlay.build/Debug-iphonesimulator/XCTestDynamicOverlay.build/Objects-normal/arm64/XCTestDynamicOverlay_const_extract_protocols.json -Xcc -I/Users/shashipandey/Library/Developer/Xcode/DerivedData/RSMS-galdljqllugdxqeukomoxaxsigpi/Build/Products/Debug-iphonesimulator/include -Xcc -I/Users/shashipandey/Library/Developer/Xcode/DerivedData/RSMS-galdljqllugdxqeukomoxaxsigpi/Build/Intermediates.noindex/xctest-dynamic-overlay.build/Debug-iphonesimulator/XCTestDynamicOverlay.build/DerivedSources-normal/arm64 -Xcc -I/Users/shashipandey/Library/Developer/Xcode/DerivedData/RSMS-galdljqllugdxqeukomoxaxsigpi/Build/Intermediates.noindex/xctest-dynamic-overlay.build/Debug-iphonesimulator/XCTestDynamicOverlay.build/DerivedSources/arm64 -Xcc -I/Users/shashipandey/Library/Developer/Xcode/DerivedData/RSMS-galdljqllugdxqeukomoxaxsigpi/Build/Intermediates.noindex/xctest-dynamic-overlay.build/Debug-iphonesimulator/XCTestDynamicOverlay.build/DerivedSources -Xcc -DSWIFT_PACKAGE -Xcc -DDEBUG\=1 -emit-objc-header -emit-objc-header-path /Users/shashipandey/Library/Developer/Xcode/DerivedData/RSMS-galdljqllugdxqeukomoxaxsigpi/Build/Intermediates.noindex/xctest-dynamic-overlay.build/Debug-iphonesimulator/XCTestDynamicOverlay.build/Objects-normal/arm64/XCTestDynamicOverlay-Swift.h -working-directory /Users/shashipandey/Desktop/Team-8/RSMS.xcodeproj -experimental-emit-module-separately -disable-cmo

SwiftDriver\ Compilation\ Requirements RazorpayCheckout normal arm64 com.apple.xcode.tools.swift.compiler (in target 'RazorpayCheckout' from project 'RazorpayCheckout')
    cd /Users/shashipandey/Desktop/Team-8/RSMS.xcodeproj
    builtin-Swift-Compilation-Requirements -- /Applications/Xcode.app/Contents/Developer/Toolchains/XcodeDefault.xctoolchain/usr/bin/swiftc -module-name RazorpayCheckout -Onone @/Users/shashipandey/Library/Developer/Xcode/DerivedData/RSMS-galdljqllugdxqeukomoxaxsigpi/Build/Intermediates.noindex/RazorpayCheckout.build/Debug-iphonesimulator/RazorpayCheckout.build/Objects-normal/arm64/RazorpayCheckout.SwiftFileList -DSWIFT_PACKAGE -DDEBUG -DSWIFT_MODULE_RESOURCE_BUNDLE_UNAVAILABLE -DXcode -plugin-path /Applications/Xcode.app/Contents/Developer/Toolchains/XcodeDefault.xctoolchain/usr/lib/swift/host/plugins/testing -enable-experimental-feature DebugDescriptionMacro -sdk /Applications/Xcode.app/Contents/Developer/Platforms/iPhoneSimulator.platform/Developer/SDKs/iPhoneSimulator26.5.sdk -target arm64-apple-ios13.0-simulator -g -module-cache-path /Users/shashipandey/Library/Developer/Xcode/DerivedData/ModuleCache.noindex -Xfrontend -serialize-debugging-options -enable-testing -suppress-warnings -index-store-path /Users/shashipandey/Library/Developer/Xcode/DerivedData/RSMS-galdljqllugdxqeukomoxaxsigpi/Index.noindex/DataStore -Xcc -D_LIBCPP_HARDENING_MODE\=_LIBCPP_HARDENING_MODE_DEBUG -swift-version 5 -I /Users/shashipandey/Library/Developer/Xcode/DerivedData/RSMS-galdljqllugdxqeukomoxaxsigpi/Build/Products/Debug-iphonesimulator -Isystem /Applications/Xcode.app/Contents/Developer/Platforms/iPhoneSimulator.platform/Developer/usr/lib -F /Users/shashipandey/Library/Developer/Xcode/DerivedData/RSMS-galdljqllugdxqeukomoxaxsigpi/Build/Products/Debug-iphonesimulator -F /Applications/Xcode.app/Contents/Developer/Platforms/iPhoneSimulator.platform/Developer/Library/Frameworks -F /Applications/Xcode.app/Contents/Developer/Platforms/iPhoneSimulator.platform/Developer/SDKs/iPhoneSimulator26.5.sdk/Developer/Library/Frameworks -parse-as-library -c -j10 -enable-batch-mode -incremental -Xcc -ivfsstatcache -Xcc /Users/shashipandey/Library/Developer/Xcode/DerivedData/SDKStatCaches.noindex/iphonesimulator26.5-23F81a-6cfe768891a92b912361537c460fe42b.sdkstatcache -output-file-map /Users/shashipandey/Library/Developer/Xcode/DerivedData/RSMS-galdljqllugdxqeukomoxaxsigpi/Build/Intermediates.noindex/RazorpayCheckout.build/Debug-iphonesimulator/RazorpayCheckout.build/Objects-normal/arm64/RazorpayCheckout-OutputFileMap.json -use-frontend-parseable-output -save-temps -no-color-diagnostics -explicit-module-build -module-cache-path /Users/shashipandey/Library/Developer/Xcode/DerivedData/RSMS-galdljqllugdxqeukomoxaxsigpi/Build/Intermediates.noindex/SwiftExplicitPrecompiledModules -clang-scanner-module-cache-path /Users/shashipandey/Library/Developer/Xcode/DerivedData/ModuleCache.noindex -sdk-module-cache-path /Users/shashipandey/Library/Developer/Xcode/DerivedData/ModuleCache.noindex -serialize-diagnostics -emit-dependencies -emit-module -emit-module-path /Users/shashipandey/Library/Developer/Xcode/DerivedData/RSMS-galdljqllugdxqeukomoxaxsigpi/Build/Intermediates.noindex/RazorpayCheckout.build/Debug-iphonesimulator/RazorpayCheckout.build/Objects-normal/arm64/RazorpayCheckout.swiftmodule -validate-clang-modules-once -clang-build-session-file /Users/shashipandey/Library/Developer/Xcode/DerivedData/ModuleCache.noindex/Session.modulevalidation -package-name razorpay_pod -Xcc -I/Users/shashipandey/Library/Developer/Xcode/DerivedData/RSMS-galdljqllugdxqeukomoxaxsigpi/Build/Intermediates.noindex/RazorpayCheckout.build/Debug-iphonesimulator/RazorpayCheckout.build/swift-overrides.hmap -emit-const-values -Xfrontend -const-gather-protocols-file -Xfrontend /Users/shashipandey/Library/Developer/Xcode/DerivedData/RSMS-galdljqllugdxqeukomoxaxsigpi/Build/Intermediates.noindex/RazorpayCheckout.build/Debug-iphonesimulator/RazorpayCheckout.build/Objects-normal/arm64/RazorpayCheckout_const_extract_protocols.json -Xcc -I/Users/shashipandey/Library/Developer/Xcode/DerivedData/RSMS-galdljqllugdxqeukomoxaxsigpi/Build/Products/Debug-iphonesimulator/include -Xcc -I/Users/shashipandey/Library/Developer/Xcode/DerivedData/RSMS-galdljqllugdxqeukomoxaxsigpi/Build/Intermediates.noindex/RazorpayCheckout.build/Debug-iphonesimulator/RazorpayCheckout.build/DerivedSources-normal/arm64 -Xcc -I/Users/shashipandey/Library/Developer/Xcode/DerivedData/RSMS-galdljqllugdxqeukomoxaxsigpi/Build/Intermediates.noindex/RazorpayCheckout.build/Debug-iphonesimulator/RazorpayCheckout.build/DerivedSources/arm64 -Xcc -I/Users/shashipandey/Library/Developer/Xcode/DerivedData/RSMS-galdljqllugdxqeukomoxaxsigpi/Build/Intermediates.noindex/RazorpayCheckout.build/Debug-iphonesimulator/RazorpayCheckout.build/DerivedSources -Xcc -DSWIFT_PACKAGE -Xcc -DDEBUG\=1 -emit-objc-header -emit-objc-header-path /Users/shashipandey/Library/Developer/Xcode/DerivedData/RSMS-galdljqllugdxqeukomoxaxsigpi/Build/Intermediates.noindex/RazorpayCheckout.build/Debug-iphonesimulator/RazorpayCheckout.build/Objects-normal/arm64/RazorpayCheckout-Swift.h -working-directory /Users/shashipandey/Desktop/Team-8/RSMS.xcodeproj -experimental-emit-module-separately -disable-cmo

SwiftDriver\ Compilation RazorpayCheckout normal arm64 com.apple.xcode.tools.swift.compiler (in target 'RazorpayCheckout' from project 'RazorpayCheckout')
    cd /Users/shashipandey/Desktop/Team-8/RSMS.xcodeproj
    builtin-Swift-Compilation -- /Applications/Xcode.app/Contents/Developer/Toolchains/XcodeDefault.xctoolchain/usr/bin/swiftc -module-name RazorpayCheckout -Onone @/Users/shashipandey/Library/Developer/Xcode/DerivedData/RSMS-galdljqllugdxqeukomoxaxsigpi/Build/Intermediates.noindex/RazorpayCheckout.build/Debug-iphonesimulator/RazorpayCheckout.build/Objects-normal/arm64/RazorpayCheckout.SwiftFileList -DSWIFT_PACKAGE -DDEBUG -DSWIFT_MODULE_RESOURCE_BUNDLE_UNAVAILABLE -DXcode -plugin-path /Applications/Xcode.app/Contents/Developer/Toolchains/XcodeDefault.xctoolchain/usr/lib/swift/host/plugins/testing -enable-experimental-feature DebugDescriptionMacro -sdk /Applications/Xcode.app/Contents/Developer/Platforms/iPhoneSimulator.platform/Developer/SDKs/iPhoneSimulator26.5.sdk -target arm64-apple-ios13.0-simulator -g -module-cache-path /Users/shashipandey/Library/Developer/Xcode/DerivedData/ModuleCache.noindex -Xfrontend -serialize-debugging-options -enable-testing -suppress-warnings -index-store-path /Users/shashipandey/Library/Developer/Xcode/DerivedData/RSMS-galdljqllugdxqeukomoxaxsigpi/Index.noindex/DataStore -Xcc -D_LIBCPP_HARDENING_MODE\=_LIBCPP_HARDENING_MODE_DEBUG -swift-version 5 -I /Users/shashipandey/Library/Developer/Xcode/DerivedData/RSMS-galdljqllugdxqeukomoxaxsigpi/Build/Products/Debug-iphonesimulator -Isystem /Applications/Xcode.app/Contents/Developer/Platforms/iPhoneSimulator.platform/Developer/usr/lib -F /Users/shashipandey/Library/Developer/Xcode/DerivedData/RSMS-galdljqllugdxqeukomoxaxsigpi/Build/Products/Debug-iphonesimulator -F /Applications/Xcode.app/Contents/Developer/Platforms/iPhoneSimulator.platform/Developer/Library/Frameworks -F /Applications/Xcode.app/Contents/Developer/Platforms/iPhoneSimulator.platform/Developer/SDKs/iPhoneSimulator26.5.sdk/Developer/Library/Frameworks -parse-as-library -c -j10 -enable-batch-mode -incremental -Xcc -ivfsstatcache -Xcc /Users/shashipandey/Library/Developer/Xcode/DerivedData/SDKStatCaches.noindex/iphonesimulator26.5-23F81a-6cfe768891a92b912361537c460fe42b.sdkstatcache -output-file-map /Users/shashipandey/Library/Developer/Xcode/DerivedData/RSMS-galdljqllugdxqeukomoxaxsigpi/Build/Intermediates.noindex/RazorpayCheckout.build/Debug-iphonesimulator/RazorpayCheckout.build/Objects-normal/arm64/RazorpayCheckout-OutputFileMap.json -use-frontend-parseable-output -save-temps -no-color-diagnostics -explicit-module-build -module-cache-path /Users/shashipandey/Library/Developer/Xcode/DerivedData/RSMS-galdljqllugdxqeukomoxaxsigpi/Build/Intermediates.noindex/SwiftExplicitPrecompiledModules -clang-scanner-module-cache-path /Users/shashipandey/Library/Developer/Xcode/DerivedData/ModuleCache.noindex -sdk-module-cache-path /Users/shashipandey/Library/Developer/Xcode/DerivedData/ModuleCache.noindex -serialize-diagnostics -emit-dependencies -emit-module -emit-module-path /Users/shashipandey/Library/Developer/Xcode/DerivedData/RSMS-galdljqllugdxqeukomoxaxsigpi/Build/Intermediates.noindex/RazorpayCheckout.build/Debug-iphonesimulator/RazorpayCheckout.build/Objects-normal/arm64/RazorpayCheckout.swiftmodule -validate-clang-modules-once -clang-build-session-file /Users/shashipandey/Library/Developer/Xcode/DerivedData/ModuleCache.noindex/Session.modulevalidation -package-name razorpay_pod -Xcc -I/Users/shashipandey/Library/Developer/Xcode/DerivedData/RSMS-galdljqllugdxqeukomoxaxsigpi/Build/Intermediates.noindex/RazorpayCheckout.build/Debug-iphonesimulator/RazorpayCheckout.build/swift-overrides.hmap -emit-const-values -Xfrontend -const-gather-protocols-file -Xfrontend /Users/shashipandey/Library/Developer/Xcode/DerivedData/RSMS-galdljqllugdxqeukomoxaxsigpi/Build/Intermediates.noindex/RazorpayCheckout.build/Debug-iphonesimulator/RazorpayCheckout.build/Objects-normal/arm64/RazorpayCheckout_const_extract_protocols.json -Xcc -I/Users/shashipandey/Library/Developer/Xcode/DerivedData/RSMS-galdljqllugdxqeukomoxaxsigpi/Build/Products/Debug-iphonesimulator/include -Xcc -I/Users/shashipandey/Library/Developer/Xcode/DerivedData/RSMS-galdljqllugdxqeukomoxaxsigpi/Build/Intermediates.noindex/RazorpayCheckout.build/Debug-iphonesimulator/RazorpayCheckout.build/DerivedSources-normal/arm64 -Xcc -I/Users/shashipandey/Library/Developer/Xcode/DerivedData/RSMS-galdljqllugdxqeukomoxaxsigpi/Build/Intermediates.noindex/RazorpayCheckout.build/Debug-iphonesimulator/RazorpayCheckout.build/DerivedSources/arm64 -Xcc -I/Users/shashipandey/Library/Developer/Xcode/DerivedData/RSMS-galdljqllugdxqeukomoxaxsigpi/Build/Intermediates.noindex/RazorpayCheckout.build/Debug-iphonesimulator/RazorpayCheckout.build/DerivedSources -Xcc -DSWIFT_PACKAGE -Xcc -DDEBUG\=1 -emit-objc-header -emit-objc-header-path /Users/shashipandey/Library/Developer/Xcode/DerivedData/RSMS-galdljqllugdxqeukomoxaxsigpi/Build/Intermediates.noindex/RazorpayCheckout.build/Debug-iphonesimulator/RazorpayCheckout.build/Objects-normal/arm64/RazorpayCheckout-Swift.h -working-directory /Users/shashipandey/Desktop/Team-8/RSMS.xcodeproj -experimental-emit-module-separately -disable-cmo

Ld /Users/shashipandey/Library/Developer/Xcode/DerivedData/RSMS-galdljqllugdxqeukomoxaxsigpi/Build/Intermediates.noindex/xctest-dynamic-overlay.build/Debug-iphonesimulator/XCTestDynamicOverlay.build/Objects-normal/arm64/Binary/XCTestDynamicOverlay.o normal arm64 (in target 'XCTestDynamicOverlay' from project 'xctest-dynamic-overlay')
    cd /Users/shashipandey/Library/Developer/Xcode/DerivedData/RSMS-galdljqllugdxqeukomoxaxsigpi/SourcePackages/checkouts/xctest-dynamic-overlay
    /Applications/Xcode.app/Contents/Developer/Toolchains/XcodeDefault.xctoolchain/usr/bin/clang -Xlinker -reproducible -target arm64-apple-ios13.0-simulator -r -isysroot /Applications/Xcode.app/Contents/Developer/Platforms/iPhoneSimulator.platform/Developer/SDKs/iPhoneSimulator26.5.sdk -O0 -w -F/Users/shashipandey/Library/Developer/Xcode/DerivedData/RSMS-galdljqllugdxqeukomoxaxsigpi/Build/Intermediates.noindex/EagerLinkingTBDs/Debug-iphonesimulator -F/Users/shashipandey/Library/Developer/Xcode/DerivedData/RSMS-galdljqllugdxqeukomoxaxsigpi/Build/Products/Debug-iphonesimulator/PackageFrameworks -F/Users/shashipandey/Library/Developer/Xcode/DerivedData/RSMS-galdljqllugdxqeukomoxaxsigpi/Build/Products/Debug-iphonesimulator -iframework /Applications/Xcode.app/Contents/Developer/Platforms/iPhoneSimulator.platform/Developer/Library/Frameworks -iframework /Applications/Xcode.app/Contents/Developer/Platforms/iPhoneSimulator.platform/Developer/SDKs/iPhoneSimulator26.5.sdk/Developer/Library/Frameworks -filelist /Users/shashipandey/Library/Developer/Xcode/DerivedData/RSMS-galdljqllugdxqeukomoxaxsigpi/Build/Intermediates.noindex/xctest-dynamic-overlay.build/Debug-iphonesimulator/XCTestDynamicOverlay.build/Objects-normal/arm64/XCTestDynamicOverlay.LinkFileList -nostdlib -Xlinker -object_path_lto -Xlinker /Users/shashipandey/Library/Developer/Xcode/DerivedData/RSMS-galdljqllugdxqeukomoxaxsigpi/Build/Intermediates.noindex/xctest-dynamic-overlay.build/Debug-iphonesimulator/XCTestDynamicOverlay.build/Objects-normal/arm64/XCTestDynamicOverlay_lto.o -Xlinker -no_deduplicate -Xlinker -objc_abi_version -Xlinker 2 -Xlinker -dependency_info -Xlinker /Users/shashipandey/Library/Developer/Xcode/DerivedData/RSMS-galdljqllugdxqeukomoxaxsigpi/Build/Intermediates.noindex/xctest-dynamic-overlay.build/Debug-iphonesimulator/XCTestDynamicOverlay.build/Objects-normal/arm64/XCTestDynamicOverlay_dependency_info.dat -fobjc-link-runtime -L/Applications/Xcode.app/Contents/Developer/Toolchains/XcodeDefault.xctoolchain/usr/lib/swift/iphonesimulator -L/usr/lib/swift -Xlinker -add_ast_path -Xlinker /Users/shashipandey/Library/Developer/Xcode/DerivedData/RSMS-galdljqllugdxqeukomoxaxsigpi/Build/Intermediates.noindex/xctest-dynamic-overlay.build/Debug-iphonesimulator/XCTestDynamicOverlay.build/Objects-normal/arm64/XCTestDynamicOverlay.swiftmodule @/Users/shashipandey/Library/Developer/Xcode/DerivedData/RSMS-galdljqllugdxqeukomoxaxsigpi/Build/Intermediates.noindex/xctest-dynamic-overlay.build/Debug-iphonesimulator/XCTestDynamicOverlay.build/Objects-normal/arm64/XCTestDynamicOverlay-linker-args.resp -o /Users/shashipandey/Library/Developer/Xcode/DerivedData/RSMS-galdljqllugdxqeukomoxaxsigpi/Build/Intermediates.noindex/xctest-dynamic-overlay.build/Debug-iphonesimulator/XCTestDynamicOverlay.build/Objects-normal/arm64/Binary/XCTestDynamicOverlay.o

Copy /Users/shashipandey/Library/Developer/Xcode/DerivedData/RSMS-galdljqllugdxqeukomoxaxsigpi/Build/Products/Debug-iphonesimulator/RazorpayCheckout.swiftmodule/arm64-apple-ios-simulator.swiftmodule /Users/shashipandey/Library/Developer/Xcode/DerivedData/RSMS-galdljqllugdxqeukomoxaxsigpi/Build/Intermediates.noindex/RazorpayCheckout.build/Debug-iphonesimulator/RazorpayCheckout.build/Objects-normal/arm64/RazorpayCheckout.swiftmodule (in target 'RazorpayCheckout' from project 'RazorpayCheckout')
    cd /Users/shashipandey/Library/Developer/Xcode/DerivedData/RSMS-galdljqllugdxqeukomoxaxsigpi/SourcePackages/checkouts/razorpay-pod
    builtin-copy -exclude .DS_Store -exclude CVS -exclude .svn -exclude .git -exclude .hg -resolve-src-symlinks -rename /Users/shashipandey/Library/Developer/Xcode/DerivedData/RSMS-galdljqllugdxqeukomoxaxsigpi/Build/Intermediates.noindex/RazorpayCheckout.build/Debug-iphonesimulator/RazorpayCheckout.build/Objects-normal/arm64/RazorpayCheckout.swiftmodule /Users/shashipandey/Library/Developer/Xcode/DerivedData/RSMS-galdljqllugdxqeukomoxaxsigpi/Build/Products/Debug-iphonesimulator/RazorpayCheckout.swiftmodule/arm64-apple-ios-simulator.swiftmodule

Copy /Users/shashipandey/Library/Developer/Xcode/DerivedData/RSMS-galdljqllugdxqeukomoxaxsigpi/Build/Products/Debug-iphonesimulator/RazorpayCheckout.swiftmodule/arm64-apple-ios-simulator.swiftdoc /Users/shashipandey/Library/Developer/Xcode/DerivedData/RSMS-galdljqllugdxqeukomoxaxsigpi/Build/Intermediates.noindex/RazorpayCheckout.build/Debug-iphonesimulator/RazorpayCheckout.build/Objects-normal/arm64/RazorpayCheckout.swiftdoc (in target 'RazorpayCheckout' from project 'RazorpayCheckout')
    cd /Users/shashipandey/Library/Developer/Xcode/DerivedData/RSMS-galdljqllugdxqeukomoxaxsigpi/SourcePackages/checkouts/razorpay-pod
    builtin-copy -exclude .DS_Store -exclude CVS -exclude .svn -exclude .git -exclude .hg -resolve-src-symlinks -rename /Users/shashipandey/Library/Developer/Xcode/DerivedData/RSMS-galdljqllugdxqeukomoxaxsigpi/Build/Intermediates.noindex/RazorpayCheckout.build/Debug-iphonesimulator/RazorpayCheckout.build/Objects-normal/arm64/RazorpayCheckout.swiftdoc /Users/shashipandey/Library/Developer/Xcode/DerivedData/RSMS-galdljqllugdxqeukomoxaxsigpi/Build/Products/Debug-iphonesimulator/RazorpayCheckout.swiftmodule/arm64-apple-ios-simulator.swiftdoc

SwiftDriver\ Compilation\ Requirements RazorpayCheckout normal x86_64 com.apple.xcode.tools.swift.compiler (in target 'RazorpayCheckout' from project 'RazorpayCheckout')
    cd /Users/shashipandey/Desktop/Team-8/RSMS.xcodeproj
    builtin-Swift-Compilation-Requirements -- /Applications/Xcode.app/Contents/Developer/Toolchains/XcodeDefault.xctoolchain/usr/bin/swiftc -module-name RazorpayCheckout -Onone @/Users/shashipandey/Library/Developer/Xcode/DerivedData/RSMS-galdljqllugdxqeukomoxaxsigpi/Build/Intermediates.noindex/RazorpayCheckout.build/Debug-iphonesimulator/RazorpayCheckout.build/Objects-normal/x86_64/RazorpayCheckout.SwiftFileList -DSWIFT_PACKAGE -DDEBUG -DSWIFT_MODULE_RESOURCE_BUNDLE_UNAVAILABLE -DXcode -plugin-path /Applications/Xcode.app/Contents/Developer/Toolchains/XcodeDefault.xctoolchain/usr/lib/swift/host/plugins/testing -enable-experimental-feature DebugDescriptionMacro -sdk /Applications/Xcode.app/Contents/Developer/Platforms/iPhoneSimulator.platform/Developer/SDKs/iPhoneSimulator26.5.sdk -target x86_64-apple-ios13.0-simulator -g -module-cache-path /Users/shashipandey/Library/Developer/Xcode/DerivedData/ModuleCache.noindex -Xfrontend -serialize-debugging-options -enable-testing -suppress-warnings -index-store-path /Users/shashipandey/Library/Developer/Xcode/DerivedData/RSMS-galdljqllugdxqeukomoxaxsigpi/Index.noindex/DataStore -Xcc -D_LIBCPP_HARDENING_MODE\=_LIBCPP_HARDENING_MODE_DEBUG -swift-version 5 -I /Users/shashipandey/Library/Developer/Xcode/DerivedData/RSMS-galdljqllugdxqeukomoxaxsigpi/Build/Products/Debug-iphonesimulator -Isystem /Applications/Xcode.app/Contents/Developer/Platforms/iPhoneSimulator.platform/Developer/usr/lib -F /Users/shashipandey/Library/Developer/Xcode/DerivedData/RSMS-galdljqllugdxqeukomoxaxsigpi/Build/Products/Debug-iphonesimulator -F /Applications/Xcode.app/Contents/Developer/Platforms/iPhoneSimulator.platform/Developer/Library/Frameworks -F /Applications/Xcode.app/Contents/Developer/Platforms/iPhoneSimulator.platform/Developer/SDKs/iPhoneSimulator26.5.sdk/Developer/Library/Frameworks -parse-as-library -c -j10 -enable-batch-mode -incremental -Xcc -ivfsstatcache -Xcc /Users/shashipandey/Library/Developer/Xcode/DerivedData/SDKStatCaches.noindex/iphonesimulator26.5-23F81a-6cfe768891a92b912361537c460fe42b.sdkstatcache -output-file-map /Users/shashipandey/Library/Developer/Xcode/DerivedData/RSMS-galdljqllugdxqeukomoxaxsigpi/Build/Intermediates.noindex/RazorpayCheckout.build/Debug-iphonesimulator/RazorpayCheckout.build/Objects-normal/x86_64/RazorpayCheckout-OutputFileMap.json -use-frontend-parseable-output -save-temps -no-color-diagnostics -explicit-module-build -module-cache-path /Users/shashipandey/Library/Developer/Xcode/DerivedData/RSMS-galdljqllugdxqeukomoxaxsigpi/Build/Intermediates.noindex/SwiftExplicitPrecompiledModules -clang-scanner-module-cache-path /Users/shashipandey/Library/Developer/Xcode/DerivedData/ModuleCache.noindex -sdk-module-cache-path /Users/shashipandey/Library/Developer/Xcode/DerivedData/ModuleCache.noindex -serialize-diagnostics -emit-dependencies -emit-module -emit-module-path /Users/shashipandey/Library/Developer/Xcode/DerivedData/RSMS-galdljqllugdxqeukomoxaxsigpi/Build/Intermediates.noindex/RazorpayCheckout.build/Debug-iphonesimulator/RazorpayCheckout.build/Objects-normal/x86_64/RazorpayCheckout.swiftmodule -validate-clang-modules-once -clang-build-session-file /Users/shashipandey/Library/Developer/Xcode/DerivedData/ModuleCache.noindex/Session.modulevalidation -package-name razorpay_pod -Xcc -I/Users/shashipandey/Library/Developer/Xcode/DerivedData/RSMS-galdljqllugdxqeukomoxaxsigpi/Build/Intermediates.noindex/RazorpayCheckout.build/Debug-iphonesimulator/RazorpayCheckout.build/swift-overrides.hmap -emit-const-values -Xfrontend -const-gather-protocols-file -Xfrontend /Users/shashipandey/Library/Developer/Xcode/DerivedData/RSMS-galdljqllugdxqeukomoxaxsigpi/Build/Intermediates.noindex/RazorpayCheckout.build/Debug-iphonesimulator/RazorpayCheckout.build/Objects-normal/x86_64/RazorpayCheckout_const_extract_protocols.json -Xcc -I/Users/shashipandey/Library/Developer/Xcode/DerivedData/RSMS-galdljqllugdxqeukomoxaxsigpi/Build/Products/Debug-iphonesimulator/include -Xcc -I/Users/shashipandey/Library/Developer/Xcode/DerivedData/RSMS-galdljqllugdxqeukomoxaxsigpi/Build/Intermediates.noindex/RazorpayCheckout.build/Debug-iphonesimulator/RazorpayCheckout.build/DerivedSources-normal/x86_64 -Xcc -I/Users/shashipandey/Library/Developer/Xcode/DerivedData/RSMS-galdljqllugdxqeukomoxaxsigpi/Build/Intermediates.noindex/RazorpayCheckout.build/Debug-iphonesimulator/RazorpayCheckout.build/DerivedSources/x86_64 -Xcc -I/Users/shashipandey/Library/Developer/Xcode/DerivedData/RSMS-galdljqllugdxqeukomoxaxsigpi/Build/Intermediates.noindex/RazorpayCheckout.build/Debug-iphonesimulator/RazorpayCheckout.build/DerivedSources -Xcc -DSWIFT_PACKAGE -Xcc -DDEBUG\=1 -emit-objc-header -emit-objc-header-path /Users/shashipandey/Library/Developer/Xcode/DerivedData/RSMS-galdljqllugdxqeukomoxaxsigpi/Build/Intermediates.noindex/RazorpayCheckout.build/Debug-iphonesimulator/RazorpayCheckout.build/Objects-normal/x86_64/RazorpayCheckout-Swift.h -working-directory /Users/shashipandey/Desktop/Team-8/RSMS.xcodeproj -experimental-emit-module-separately -disable-cmo

Copy /Users/shashipandey/Library/Developer/Xcode/DerivedData/RSMS-galdljqllugdxqeukomoxaxsigpi/Build/Products/Debug-iphonesimulator/RazorpayCheckout.swiftmodule/arm64-apple-ios-simulator.abi.json /Users/shashipandey/Library/Developer/Xcode/DerivedData/RSMS-galdljqllugdxqeukomoxaxsigpi/Build/Intermediates.noindex/RazorpayCheckout.build/Debug-iphonesimulator/RazorpayCheckout.build/Objects-normal/arm64/RazorpayCheckout.abi.json (in target 'RazorpayCheckout' from project 'RazorpayCheckout')
    cd /Users/shashipandey/Library/Developer/Xcode/DerivedData/RSMS-galdljqllugdxqeukomoxaxsigpi/SourcePackages/checkouts/razorpay-pod
    builtin-copy -exclude .DS_Store -exclude CVS -exclude .svn -exclude .git -exclude .hg -resolve-src-symlinks -rename /Users/shashipandey/Library/Developer/Xcode/DerivedData/RSMS-galdljqllugdxqeukomoxaxsigpi/Build/Intermediates.noindex/RazorpayCheckout.build/Debug-iphonesimulator/RazorpayCheckout.build/Objects-normal/arm64/RazorpayCheckout.abi.json /Users/shashipandey/Library/Developer/Xcode/DerivedData/RSMS-galdljqllugdxqeukomoxaxsigpi/Build/Products/Debug-iphonesimulator/RazorpayCheckout.swiftmodule/arm64-apple-ios-simulator.abi.json

Copy /Users/shashipandey/Library/Developer/Xcode/DerivedData/RSMS-galdljqllugdxqeukomoxaxsigpi/Build/Products/Debug-iphonesimulator/RazorpayCheckout.swiftmodule/Project/arm64-apple-ios-simulator.swiftsourceinfo /Users/shashipandey/Library/Developer/Xcode/DerivedData/RSMS-galdljqllugdxqeukomoxaxsigpi/Build/Intermediates.noindex/RazorpayCheckout.build/Debug-iphonesimulator/RazorpayCheckout.build/Objects-normal/arm64/RazorpayCheckout.swiftsourceinfo (in target 'RazorpayCheckout' from project 'RazorpayCheckout')
    cd /Users/shashipandey/Library/Developer/Xcode/DerivedData/RSMS-galdljqllugdxqeukomoxaxsigpi/SourcePackages/checkouts/razorpay-pod
    builtin-copy -exclude .DS_Store -exclude CVS -exclude .svn -exclude .git -exclude .hg -resolve-src-symlinks -rename /Users/shashipandey/Library/Developer/Xcode/DerivedData/RSMS-galdljqllugdxqeukomoxaxsigpi/Build/Intermediates.noindex/RazorpayCheckout.build/Debug-iphonesimulator/RazorpayCheckout.build/Objects-normal/arm64/RazorpayCheckout.swiftsourceinfo /Users/shashipandey/Library/Developer/Xcode/DerivedData/RSMS-galdljqllugdxqeukomoxaxsigpi/Build/Products/Debug-iphonesimulator/RazorpayCheckout.swiftmodule/Project/arm64-apple-ios-simulator.swiftsourceinfo

SwiftDriver\ Compilation RazorpayCheckout normal x86_64 com.apple.xcode.tools.swift.compiler (in target 'RazorpayCheckout' from project 'RazorpayCheckout')
    cd /Users/shashipandey/Desktop/Team-8/RSMS.xcodeproj
    builtin-Swift-Compilation -- /Applications/Xcode.app/Contents/Developer/Toolchains/XcodeDefault.xctoolchain/usr/bin/swiftc -module-name RazorpayCheckout -Onone @/Users/shashipandey/Library/Developer/Xcode/DerivedData/RSMS-galdljqllugdxqeukomoxaxsigpi/Build/Intermediates.noindex/RazorpayCheckout.build/Debug-iphonesimulator/RazorpayCheckout.build/Objects-normal/x86_64/RazorpayCheckout.SwiftFileList -DSWIFT_PACKAGE -DDEBUG -DSWIFT_MODULE_RESOURCE_BUNDLE_UNAVAILABLE -DXcode -plugin-path /Applications/Xcode.app/Contents/Developer/Toolchains/XcodeDefault.xctoolchain/usr/lib/swift/host/plugins/testing -enable-experimental-feature DebugDescriptionMacro -sdk /Applications/Xcode.app/Contents/Developer/Platforms/iPhoneSimulator.platform/Developer/SDKs/iPhoneSimulator26.5.sdk -target x86_64-apple-ios13.0-simulator -g -module-cache-path /Users/shashipandey/Library/Developer/Xcode/DerivedData/ModuleCache.noindex -Xfrontend -serialize-debugging-options -enable-testing -suppress-warnings -index-store-path /Users/shashipandey/Library/Developer/Xcode/DerivedData/RSMS-galdljqllugdxqeukomoxaxsigpi/Index.noindex/DataStore -Xcc -D_LIBCPP_HARDENING_MODE\=_LIBCPP_HARDENING_MODE_DEBUG -swift-version 5 -I /Users/shashipandey/Library/Developer/Xcode/DerivedData/RSMS-galdljqllugdxqeukomoxaxsigpi/Build/Products/Debug-iphonesimulator -Isystem /Applications/Xcode.app/Contents/Developer/Platforms/iPhoneSimulator.platform/Developer/usr/lib -F /Users/shashipandey/Library/Developer/Xcode/DerivedData/RSMS-galdljqllugdxqeukomoxaxsigpi/Build/Products/Debug-iphonesimulator -F /Applications/Xcode.app/Contents/Developer/Platforms/iPhoneSimulator.platform/Developer/Library/Frameworks -F /Applications/Xcode.app/Contents/Developer/Platforms/iPhoneSimulator.platform/Developer/SDKs/iPhoneSimulator26.5.sdk/Developer/Library/Frameworks -parse-as-library -c -j10 -enable-batch-mode -incremental -Xcc -ivfsstatcache -Xcc /Users/shashipandey/Library/Developer/Xcode/DerivedData/SDKStatCaches.noindex/iphonesimulator26.5-23F81a-6cfe768891a92b912361537c460fe42b.sdkstatcache -output-file-map /Users/shashipandey/Library/Developer/Xcode/DerivedData/RSMS-galdljqllugdxqeukomoxaxsigpi/Build/Intermediates.noindex/RazorpayCheckout.build/Debug-iphonesimulator/RazorpayCheckout.build/Objects-normal/x86_64/RazorpayCheckout-OutputFileMap.json -use-frontend-parseable-output -save-temps -no-color-diagnostics -explicit-module-build -module-cache-path /Users/shashipandey/Library/Developer/Xcode/DerivedData/RSMS-galdljqllugdxqeukomoxaxsigpi/Build/Intermediates.noindex/SwiftExplicitPrecompiledModules -clang-scanner-module-cache-path /Users/shashipandey/Library/Developer/Xcode/DerivedData/ModuleCache.noindex -sdk-module-cache-path /Users/shashipandey/Library/Developer/Xcode/DerivedData/ModuleCache.noindex -serialize-diagnostics -emit-dependencies -emit-module -emit-module-path /Users/shashipandey/Library/Developer/Xcode/DerivedData/RSMS-galdljqllugdxqeukomoxaxsigpi/Build/Intermediates.noindex/RazorpayCheckout.build/Debug-iphonesimulator/RazorpayCheckout.build/Objects-normal/x86_64/RazorpayCheckout.swiftmodule -validate-clang-modules-once -clang-build-session-file /Users/shashipandey/Library/Developer/Xcode/DerivedData/ModuleCache.noindex/Session.modulevalidation -package-name razorpay_pod -Xcc -I/Users/shashipandey/Library/Developer/Xcode/DerivedData/RSMS-galdljqllugdxqeukomoxaxsigpi/Build/Intermediates.noindex/RazorpayCheckout.build/Debug-iphonesimulator/RazorpayCheckout.build/swift-overrides.hmap -emit-const-values -Xfrontend -const-gather-protocols-file -Xfrontend /Users/shashipandey/Library/Developer/Xcode/DerivedData/RSMS-galdljqllugdxqeukomoxaxsigpi/Build/Intermediates.noindex/RazorpayCheckout.build/Debug-iphonesimulator/RazorpayCheckout.build/Objects-normal/x86_64/RazorpayCheckout_const_extract_protocols.json -Xcc -I/Users/shashipandey/Library/Developer/Xcode/DerivedData/RSMS-galdljqllugdxqeukomoxaxsigpi/Build/Products/Debug-iphonesimulator/include -Xcc -I/Users/shashipandey/Library/Developer/Xcode/DerivedData/RSMS-galdljqllugdxqeukomoxaxsigpi/Build/Intermediates.noindex/RazorpayCheckout.build/Debug-iphonesimulator/RazorpayCheckout.build/DerivedSources-normal/x86_64 -Xcc -I/Users/shashipandey/Library/Developer/Xcode/DerivedData/RSMS-galdljqllugdxqeukomoxaxsigpi/Build/Intermediates.noindex/RazorpayCheckout.build/Debug-iphonesimulator/RazorpayCheckout.build/DerivedSources/x86_64 -Xcc -I/Users/shashipandey/Library/Developer/Xcode/DerivedData/RSMS-galdljqllugdxqeukomoxaxsigpi/Build/Intermediates.noindex/RazorpayCheckout.build/Debug-iphonesimulator/RazorpayCheckout.build/DerivedSources -Xcc -DSWIFT_PACKAGE -Xcc -DDEBUG\=1 -emit-objc-header -emit-objc-header-path /Users/shashipandey/Library/Developer/Xcode/DerivedData/RSMS-galdljqllugdxqeukomoxaxsigpi/Build/Intermediates.noindex/RazorpayCheckout.build/Debug-iphonesimulator/RazorpayCheckout.build/Objects-normal/x86_64/RazorpayCheckout-Swift.h -working-directory /Users/shashipandey/Desktop/Team-8/RSMS.xcodeproj -experimental-emit-module-separately -disable-cmo

ProcessInfoPlistFile /Users/shashipandey/Library/Developer/Xcode/DerivedData/RSMS-galdljqllugdxqeukomoxaxsigpi/Build/Products/Debug-iphonesimulator/PackageFrameworks/HTTPTypes_6E0498CBABC4245E_PackageProduct.framework/Info.plist /Users/shashipandey/Library/Developer/Xcode/DerivedData/RSMS-galdljqllugdxqeukomoxaxsigpi/Build/Intermediates.noindex/swift-http-types.build/Debug-iphonesimulator/HTTPTypes\ product.build/empty-HTTPTypes_6E0498CBABC4245E_PackageProduct.plist (in target 'HTTPTypes' from project 'swift-http-types')
    cd /Users/shashipandey/Library/Developer/Xcode/DerivedData/RSMS-galdljqllugdxqeukomoxaxsigpi/SourcePackages/checkouts/swift-http-types
    builtin-infoPlistUtility /Users/shashipandey/Library/Developer/Xcode/DerivedData/RSMS-galdljqllugdxqeukomoxaxsigpi/Build/Intermediates.noindex/swift-http-types.build/Debug-iphonesimulator/HTTPTypes\ product.build/empty-HTTPTypes_6E0498CBABC4245E_PackageProduct.plist -producttype com.apple.product-type.framework -expandbuildsettings -format binary -platform iphonesimulator -o /Users/shashipandey/Library/Developer/Xcode/DerivedData/RSMS-galdljqllugdxqeukomoxaxsigpi/Build/Products/Debug-iphonesimulator/PackageFrameworks/HTTPTypes_6E0498CBABC4245E_PackageProduct.framework/Info.plist

SwiftMergeGeneratedHeaders /Users/shashipandey/Library/Developer/Xcode/DerivedData/RSMS-galdljqllugdxqeukomoxaxsigpi/Build/Intermediates.noindex/GeneratedModuleMaps-iphonesimulator/RazorpayCheckout-Swift.h /Users/shashipandey/Library/Developer/Xcode/DerivedData/RSMS-galdljqllugdxqeukomoxaxsigpi/Build/Intermediates.noindex/RazorpayCheckout.build/Debug-iphonesimulator/RazorpayCheckout.build/Objects-normal/arm64/RazorpayCheckout-Swift.h /Users/shashipandey/Library/Developer/Xcode/DerivedData/RSMS-galdljqllugdxqeukomoxaxsigpi/Build/Intermediates.noindex/RazorpayCheckout.build/Debug-iphonesimulator/RazorpayCheckout.build/Objects-normal/x86_64/RazorpayCheckout-Swift.h (in target 'RazorpayCheckout' from project 'RazorpayCheckout')
    cd /Users/shashipandey/Library/Developer/Xcode/DerivedData/RSMS-galdljqllugdxqeukomoxaxsigpi/SourcePackages/checkouts/razorpay-pod
    builtin-swiftHeaderTool -arch arm64 /Users/shashipandey/Library/Developer/Xcode/DerivedData/RSMS-galdljqllugdxqeukomoxaxsigpi/Build/Intermediates.noindex/RazorpayCheckout.build/Debug-iphonesimulator/RazorpayCheckout.build/Objects-normal/arm64/RazorpayCheckout-Swift.h -arch x86_64 /Users/shashipandey/Library/Developer/Xcode/DerivedData/RSMS-galdljqllugdxqeukomoxaxsigpi/Build/Intermediates.noindex/RazorpayCheckout.build/Debug-iphonesimulator/RazorpayCheckout.build/Objects-normal/x86_64/RazorpayCheckout-Swift.h -o /Users/shashipandey/Library/Developer/Xcode/DerivedData/RSMS-galdljqllugdxqeukomoxaxsigpi/Build/Intermediates.noindex/GeneratedModuleMaps-iphonesimulator/RazorpayCheckout-Swift.h

Ld /Users/shashipandey/Library/Developer/Xcode/DerivedData/RSMS-galdljqllugdxqeukomoxaxsigpi/Build/Intermediates.noindex/RazorpayCheckout.build/Debug-iphonesimulator/RazorpayCheckout.build/Objects-normal/arm64/Binary/RazorpayCheckout.o normal arm64 (in target 'RazorpayCheckout' from project 'RazorpayCheckout')
    cd /Users/shashipandey/Library/Developer/Xcode/DerivedData/RSMS-galdljqllugdxqeukomoxaxsigpi/SourcePackages/checkouts/razorpay-pod
    /Applications/Xcode.app/Contents/Developer/Toolchains/XcodeDefault.xctoolchain/usr/bin/clang -Xlinker -reproducible -target arm64-apple-ios13.0-simulator -r -isysroot /Applications/Xcode.app/Contents/Developer/Platforms/iPhoneSimulator.platform/Developer/SDKs/iPhoneSimulator26.5.sdk -O0 -w -F/Users/shashipandey/Library/Developer/Xcode/DerivedData/RSMS-galdljqllugdxqeukomoxaxsigpi/Build/Intermediates.noindex/EagerLinkingTBDs/Debug-iphonesimulator -F/Users/shashipandey/Library/Developer/Xcode/DerivedData/RSMS-galdljqllugdxqeukomoxaxsigpi/Build/Products/Debug-iphonesimulator -iframework /Applications/Xcode.app/Contents/Developer/Platforms/iPhoneSimulator.platform/Developer/Library/Frameworks -iframework /Applications/Xcode.app/Contents/Developer/Platforms/iPhoneSimulator.platform/Developer/SDKs/iPhoneSimulator26.5.sdk/Developer/Library/Frameworks -filelist /Users/shashipandey/Library/Developer/Xcode/DerivedData/RSMS-galdljqllugdxqeukomoxaxsigpi/Build/Intermediates.noindex/RazorpayCheckout.build/Debug-iphonesimulator/RazorpayCheckout.build/Objects-normal/arm64/RazorpayCheckout.LinkFileList -nostdlib -Xlinker -object_path_lto -Xlinker /Users/shashipandey/Library/Developer/Xcode/DerivedData/RSMS-galdljqllugdxqeukomoxaxsigpi/Build/Intermediates.noindex/RazorpayCheckout.build/Debug-iphonesimulator/RazorpayCheckout.build/Objects-normal/arm64/RazorpayCheckout_lto.o -Xlinker -no_deduplicate -Xlinker -objc_abi_version -Xlinker 2 -Xlinker -dependency_info -Xlinker /Users/shashipandey/Library/Developer/Xcode/DerivedData/RSMS-galdljqllugdxqeukomoxaxsigpi/Build/Intermediates.noindex/RazorpayCheckout.build/Debug-iphonesimulator/RazorpayCheckout.build/Objects-normal/arm64/RazorpayCheckout_dependency_info.dat -fobjc-link-runtime -L/Applications/Xcode.app/Contents/Developer/Toolchains/XcodeDefault.xctoolchain/usr/lib/swift/iphonesimulator -L/usr/lib/swift -Xlinker -add_ast_path -Xlinker /Users/shashipandey/Library/Developer/Xcode/DerivedData/RSMS-galdljqllugdxqeukomoxaxsigpi/Build/Intermediates.noindex/RazorpayCheckout.build/Debug-iphonesimulator/RazorpayCheckout.build/Objects-normal/arm64/RazorpayCheckout.swiftmodule @/Users/shashipandey/Library/Developer/Xcode/DerivedData/RSMS-galdljqllugdxqeukomoxaxsigpi/Build/Intermediates.noindex/RazorpayCheckout.build/Debug-iphonesimulator/RazorpayCheckout.build/Objects-normal/arm64/RazorpayCheckout-linker-args.resp -o /Users/shashipandey/Library/Developer/Xcode/DerivedData/RSMS-galdljqllugdxqeukomoxaxsigpi/Build/Intermediates.noindex/RazorpayCheckout.build/Debug-iphonesimulator/RazorpayCheckout.build/Objects-normal/arm64/Binary/RazorpayCheckout.o

CreateUniversalBinary /Users/shashipandey/Library/Developer/Xcode/DerivedData/RSMS-galdljqllugdxqeukomoxaxsigpi/Build/Products/Debug-iphonesimulator/XCTestDynamicOverlay.o normal arm64\ x86_64 (in target 'XCTestDynamicOverlay' from project 'xctest-dynamic-overlay')
    cd /Users/shashipandey/Library/Developer/Xcode/DerivedData/RSMS-galdljqllugdxqeukomoxaxsigpi/SourcePackages/checkouts/xctest-dynamic-overlay
    /Applications/Xcode.app/Contents/Developer/Toolchains/XcodeDefault.xctoolchain/usr/bin/lipo -create /Users/shashipandey/Library/Developer/Xcode/DerivedData/RSMS-galdljqllugdxqeukomoxaxsigpi/Build/Intermediates.noindex/xctest-dynamic-overlay.build/Debug-iphonesimulator/XCTestDynamicOverlay.build/Objects-normal/arm64/Binary/XCTestDynamicOverlay.o /Users/shashipandey/Library/Developer/Xcode/DerivedData/RSMS-galdljqllugdxqeukomoxaxsigpi/Build/Intermediates.noindex/xctest-dynamic-overlay.build/Debug-iphonesimulator/XCTestDynamicOverlay.build/Objects-normal/x86_64/Binary/XCTestDynamicOverlay.o -output /Users/shashipandey/Library/Developer/Xcode/DerivedData/RSMS-galdljqllugdxqeukomoxaxsigpi/Build/Products/Debug-iphonesimulator/XCTestDynamicOverlay.o

ExtractAppIntentsMetadata (in target 'XCTestDynamicOverlay' from project 'xctest-dynamic-overlay')
    cd /Users/shashipandey/Library/Developer/Xcode/DerivedData/RSMS-galdljqllugdxqeukomoxaxsigpi/SourcePackages/checkouts/xctest-dynamic-overlay
    /Applications/Xcode.app/Contents/Developer/Toolchains/XcodeDefault.xctoolchain/usr/bin/appintentsmetadataprocessor --toolchain-dir /Applications/Xcode.app/Contents/Developer/Toolchains/XcodeDefault.xctoolchain --module-name XCTestDynamicOverlay --sdk-root /Applications/Xcode.app/Contents/Developer/Platforms/iPhoneSimulator.platform/Developer/SDKs/iPhoneSimulator26.5.sdk --xcode-version 17F113 --platform-family iOS --deployment-target 13.0 --bundle-identifier xctest-dynamic-overlay.XCTestDynamicOverlay --output /Users/shashipandey/Library/Developer/Xcode/DerivedData/RSMS-galdljqllugdxqeukomoxaxsigpi/Build/Products/Debug-iphonesimulator/XCTestDynamicOverlay.appintents --target-triple arm64-apple-ios13.0-simulator --target-triple x86_64-apple-ios13.0-simulator --binary-file /Users/shashipandey/Library/Developer/Xcode/DerivedData/RSMS-galdljqllugdxqeukomoxaxsigpi/Build/Products/Debug-iphonesimulator/XCTestDynamicOverlay.o --dependency-file /Users/shashipandey/Library/Developer/Xcode/DerivedData/RSMS-galdljqllugdxqeukomoxaxsigpi/Build/Intermediates.noindex/xctest-dynamic-overlay.build/Debug-iphonesimulator/XCTestDynamicOverlay.build/Objects-normal/arm64/XCTestDynamicOverlay_dependency_info.dat --dependency-file /Users/shashipandey/Library/Developer/Xcode/DerivedData/RSMS-galdljqllugdxqeukomoxaxsigpi/Build/Intermediates.noindex/xctest-dynamic-overlay.build/Debug-iphonesimulator/XCTestDynamicOverlay.build/Objects-normal/x86_64/XCTestDynamicOverlay_dependency_info.dat --stringsdata-file /Users/shashipandey/Library/Developer/Xcode/DerivedData/RSMS-galdljqllugdxqeukomoxaxsigpi/Build/Intermediates.noindex/xctest-dynamic-overlay.build/Debug-iphonesimulator/XCTestDynamicOverlay.build/Objects-normal/arm64/ExtractedAppShortcutsMetadata.stringsdata --stringsdata-file /Users/shashipandey/Library/Developer/Xcode/DerivedData/RSMS-galdljqllugdxqeukomoxaxsigpi/Build/Intermediates.noindex/xctest-dynamic-overlay.build/Debug-iphonesimulator/XCTestDynamicOverlay.build/Objects-normal/x86_64/ExtractedAppShortcutsMetadata.stringsdata --source-file-list /Users/shashipandey/Library/Developer/Xcode/DerivedData/RSMS-galdljqllugdxqeukomoxaxsigpi/Build/Intermediates.noindex/xctest-dynamic-overlay.build/Debug-iphonesimulator/XCTestDynamicOverlay.build/Objects-normal/arm64/XCTestDynamicOverlay.SwiftFileList --source-file-list /Users/shashipandey/Library/Developer/Xcode/DerivedData/RSMS-galdljqllugdxqeukomoxaxsigpi/Build/Intermediates.noindex/xctest-dynamic-overlay.build/Debug-iphonesimulator/XCTestDynamicOverlay.build/Objects-normal/x86_64/XCTestDynamicOverlay.SwiftFileList --metadata-file-list /Users/shashipandey/Library/Developer/Xcode/DerivedData/RSMS-galdljqllugdxqeukomoxaxsigpi/Build/Intermediates.noindex/xctest-dynamic-overlay.build/Debug-iphonesimulator/XCTestDynamicOverlay.build/XCTestDynamicOverlay.DependencyMetadataFileList --static-metadata-file-list /Users/shashipandey/Library/Developer/Xcode/DerivedData/RSMS-galdljqllugdxqeukomoxaxsigpi/Build/Intermediates.noindex/xctest-dynamic-overlay.build/Debug-iphonesimulator/XCTestDynamicOverlay.build/XCTestDynamicOverlay.DependencyStaticMetadataFileList --swift-const-vals-list /Users/shashipandey/Library/Developer/Xcode/DerivedData/RSMS-galdljqllugdxqeukomoxaxsigpi/Build/Intermediates.noindex/xctest-dynamic-overlay.build/Debug-iphonesimulator/XCTestDynamicOverlay.build/Objects-normal/arm64/XCTestDynamicOverlay.SwiftConstValuesFileList --swift-const-vals-list /Users/shashipandey/Library/Developer/Xcode/DerivedData/RSMS-galdljqllugdxqeukomoxaxsigpi/Build/Intermediates.noindex/xctest-dynamic-overlay.build/Debug-iphonesimulator/XCTestDynamicOverlay.build/Objects-normal/x86_64/XCTestDynamicOverlay.SwiftConstValuesFileList --force --compile-time-extraction --deployment-aware-processing --validate-assistant-intents --no-app-shortcuts-localization
2026-07-07 16:58:06.195 appintentsmetadataprocessor[23134:377689] Starting appintentsmetadataprocessor export
2026-07-07 16:58:06.201 appintentsmetadataprocessor[23134:377689] Extracted no relevant App Intents symbols, skipping writing output

CreateUniversalBinary /Users/shashipandey/Library/Developer/Xcode/DerivedData/RSMS-galdljqllugdxqeukomoxaxsigpi/Build/Products/Debug-iphonesimulator/RazorpayCheckout.o normal arm64\ x86_64 (in target 'RazorpayCheckout' from project 'RazorpayCheckout')
    cd /Users/shashipandey/Library/Developer/Xcode/DerivedData/RSMS-galdljqllugdxqeukomoxaxsigpi/SourcePackages/checkouts/razorpay-pod
    /Applications/Xcode.app/Contents/Developer/Toolchains/XcodeDefault.xctoolchain/usr/bin/lipo -create /Users/shashipandey/Library/Developer/Xcode/DerivedData/RSMS-galdljqllugdxqeukomoxaxsigpi/Build/Intermediates.noindex/RazorpayCheckout.build/Debug-iphonesimulator/RazorpayCheckout.build/Objects-normal/arm64/Binary/RazorpayCheckout.o /Users/shashipandey/Library/Developer/Xcode/DerivedData/RSMS-galdljqllugdxqeukomoxaxsigpi/Build/Intermediates.noindex/RazorpayCheckout.build/Debug-iphonesimulator/RazorpayCheckout.build/Objects-normal/x86_64/Binary/RazorpayCheckout.o -output /Users/shashipandey/Library/Developer/Xcode/DerivedData/RSMS-galdljqllugdxqeukomoxaxsigpi/Build/Products/Debug-iphonesimulator/RazorpayCheckout.o

ExtractAppIntentsMetadata (in target 'RazorpayCheckout' from project 'RazorpayCheckout')
    cd /Users/shashipandey/Library/Developer/Xcode/DerivedData/RSMS-galdljqllugdxqeukomoxaxsigpi/SourcePackages/checkouts/razorpay-pod
    /Applications/Xcode.app/Contents/Developer/Toolchains/XcodeDefault.xctoolchain/usr/bin/appintentsmetadataprocessor --toolchain-dir /Applications/Xcode.app/Contents/Developer/Toolchains/XcodeDefault.xctoolchain --module-name RazorpayCheckout --sdk-root /Applications/Xcode.app/Contents/Developer/Platforms/iPhoneSimulator.platform/Developer/SDKs/iPhoneSimulator26.5.sdk --xcode-version 17F113 --platform-family iOS --deployment-target 13.0 --bundle-identifier razorpay-pod.RazorpayCheckout --output /Users/shashipandey/Library/Developer/Xcode/DerivedData/RSMS-galdljqllugdxqeukomoxaxsigpi/Build/Products/Debug-iphonesimulator/RazorpayCheckout.appintents --target-triple arm64-apple-ios13.0-simulator --target-triple x86_64-apple-ios13.0-simulator --binary-file /Users/shashipandey/Library/Developer/Xcode/DerivedData/RSMS-galdljqllugdxqeukomoxaxsigpi/Build/Products/Debug-iphonesimulator/RazorpayCheckout.o --dependency-file /Users/shashipandey/Library/Developer/Xcode/DerivedData/RSMS-galdljqllugdxqeukomoxaxsigpi/Build/Intermediates.noindex/RazorpayCheckout.build/Debug-iphonesimulator/RazorpayCheckout.build/Objects-normal/arm64/RazorpayCheckout_dependency_info.dat --dependency-file /Users/shashipandey/Library/Developer/Xcode/DerivedData/RSMS-galdljqllugdxqeukomoxaxsigpi/Build/Intermediates.noindex/RazorpayCheckout.build/Debug-iphonesimulator/RazorpayCheckout.build/Objects-normal/x86_64/RazorpayCheckout_dependency_info.dat --stringsdata-file /Users/shashipandey/Library/Developer/Xcode/DerivedData/RSMS-galdljqllugdxqeukomoxaxsigpi/Build/Intermediates.noindex/RazorpayCheckout.build/Debug-iphonesimulator/RazorpayCheckout.build/Objects-normal/arm64/ExtractedAppShortcutsMetadata.stringsdata --stringsdata-file /Users/shashipandey/Library/Developer/Xcode/DerivedData/RSMS-galdljqllugdxqeukomoxaxsigpi/Build/Intermediates.noindex/RazorpayCheckout.build/Debug-iphonesimulator/RazorpayCheckout.build/Objects-normal/x86_64/ExtractedAppShortcutsMetadata.stringsdata --source-file-list /Users/shashipandey/Library/Developer/Xcode/DerivedData/RSMS-galdljqllugdxqeukomoxaxsigpi/Build/Intermediates.noindex/RazorpayCheckout.build/Debug-iphonesimulator/RazorpayCheckout.build/Objects-normal/arm64/RazorpayCheckout.SwiftFileList --source-file-list /Users/shashipandey/Library/Developer/Xcode/DerivedData/RSMS-galdljqllugdxqeukomoxaxsigpi/Build/Intermediates.noindex/RazorpayCheckout.build/Debug-iphonesimulator/RazorpayCheckout.build/Objects-normal/x86_64/RazorpayCheckout.SwiftFileList --metadata-file-list /Users/shashipandey/Library/Developer/Xcode/DerivedData/RSMS-galdljqllugdxqeukomoxaxsigpi/Build/Intermediates.noindex/RazorpayCheckout.build/Debug-iphonesimulator/RazorpayCheckout.build/RazorpayCheckout.DependencyMetadataFileList --static-metadata-file-list /Users/shashipandey/Library/Developer/Xcode/DerivedData/RSMS-galdljqllugdxqeukomoxaxsigpi/Build/Intermediates.noindex/RazorpayCheckout.build/Debug-iphonesimulator/RazorpayCheckout.build/RazorpayCheckout.DependencyStaticMetadataFileList --swift-const-vals-list /Users/shashipandey/Library/Developer/Xcode/DerivedData/RSMS-galdljqllugdxqeukomoxaxsigpi/Build/Intermediates.noindex/RazorpayCheckout.build/Debug-iphonesimulator/RazorpayCheckout.build/Objects-normal/arm64/RazorpayCheckout.SwiftConstValuesFileList --swift-const-vals-list /Users/shashipandey/Library/Developer/Xcode/DerivedData/RSMS-galdljqllugdxqeukomoxaxsigpi/Build/Intermediates.noindex/RazorpayCheckout.build/Debug-iphonesimulator/RazorpayCheckout.build/Objects-normal/x86_64/RazorpayCheckout.SwiftConstValuesFileList --force --compile-time-extraction --deployment-aware-processing --validate-assistant-intents --no-app-shortcuts-localization
2026-07-07 16:58:06.202 appintentsmetadataprocessor[23137:377698] Starting appintentsmetadataprocessor export
2026-07-07 16:58:06.208 appintentsmetadataprocessor[23137:377698] Extracted no relevant App Intents symbols, skipping writing output

RegisterExecutionPolicyException /Users/shashipandey/Library/Developer/Xcode/DerivedData/RSMS-galdljqllugdxqeukomoxaxsigpi/Build/Products/Debug-iphonesimulator/XCTestDynamicOverlay.o (in target 'XCTestDynamicOverlay' from project 'xctest-dynamic-overlay')
    cd /Users/shashipandey/Library/Developer/Xcode/DerivedData/RSMS-galdljqllugdxqeukomoxaxsigpi/SourcePackages/checkouts/xctest-dynamic-overlay
    builtin-RegisterExecutionPolicyException /Users/shashipandey/Library/Developer/Xcode/DerivedData/RSMS-galdljqllugdxqeukomoxaxsigpi/Build/Products/Debug-iphonesimulator/XCTestDynamicOverlay.o

RegisterExecutionPolicyException /Users/shashipandey/Library/Developer/Xcode/DerivedData/RSMS-galdljqllugdxqeukomoxaxsigpi/Build/Products/Debug-iphonesimulator/RazorpayCheckout.o (in target 'RazorpayCheckout' from project 'RazorpayCheckout')
    cd /Users/shashipandey/Library/Developer/Xcode/DerivedData/RSMS-galdljqllugdxqeukomoxaxsigpi/SourcePackages/checkouts/razorpay-pod
    builtin-RegisterExecutionPolicyException /Users/shashipandey/Library/Developer/Xcode/DerivedData/RSMS-galdljqllugdxqeukomoxaxsigpi/Build/Products/Debug-iphonesimulator/RazorpayCheckout.o

ProcessInfoPlistFile /Users/shashipandey/Library/Developer/Xcode/DerivedData/RSMS-galdljqllugdxqeukomoxaxsigpi/Build/Products/Debug-iphonesimulator/PackageFrameworks/XCTestDynamicOverlay_6187313334988FF6_PackageProduct.framework/Info.plist /Users/shashipandey/Library/Developer/Xcode/DerivedData/RSMS-galdljqllugdxqeukomoxaxsigpi/Build/Intermediates.noindex/xctest-dynamic-overlay.build/Debug-iphonesimulator/XCTestDynamicOverlay\ product.build/empty-XCTestDynamicOverlay_6187313334988FF6_PackageProduct.plist (in target 'XCTestDynamicOverlay' from project 'xctest-dynamic-overlay')
    cd /Users/shashipandey/Library/Developer/Xcode/DerivedData/RSMS-galdljqllugdxqeukomoxaxsigpi/SourcePackages/checkouts/xctest-dynamic-overlay
    builtin-infoPlistUtility /Users/shashipandey/Library/Developer/Xcode/DerivedData/RSMS-galdljqllugdxqeukomoxaxsigpi/Build/Intermediates.noindex/xctest-dynamic-overlay.build/Debug-iphonesimulator/XCTestDynamicOverlay\ product.build/empty-XCTestDynamicOverlay_6187313334988FF6_PackageProduct.plist -producttype com.apple.product-type.framework -expandbuildsettings -format binary -platform iphonesimulator -o /Users/shashipandey/Library/Developer/Xcode/DerivedData/RSMS-galdljqllugdxqeukomoxaxsigpi/Build/Products/Debug-iphonesimulator/PackageFrameworks/XCTestDynamicOverlay_6187313334988FF6_PackageProduct.framework/Info.plist

Ld /Users/shashipandey/Library/Developer/Xcode/DerivedData/RSMS-galdljqllugdxqeukomoxaxsigpi/Build/Intermediates.noindex/xctest-dynamic-overlay.build/Debug-iphonesimulator/XCTestDynamicOverlay\ product.build/Objects-normal/x86_64/Binary/XCTestDynamicOverlay_6187313334988FF6_PackageProduct normal x86_64 (in target 'XCTestDynamicOverlay' from project 'xctest-dynamic-overlay')
    cd /Users/shashipandey/Library/Developer/Xcode/DerivedData/RSMS-galdljqllugdxqeukomoxaxsigpi/SourcePackages/checkouts/xctest-dynamic-overlay
    /Applications/Xcode.app/Contents/Developer/Toolchains/XcodeDefault.xctoolchain/usr/bin/clang -Xlinker -reproducible -target x86_64-apple-ios13.0-simulator -dynamiclib -isysroot /Applications/Xcode.app/Contents/Developer/Platforms/iPhoneSimulator.platform/Developer/SDKs/iPhoneSimulator26.5.sdk -O0 -w -L/Users/shashipandey/Library/Developer/Xcode/DerivedData/RSMS-galdljqllugdxqeukomoxaxsigpi/Build/Intermediates.noindex/EagerLinkingTBDs/Debug-iphonesimulator -L/Users/shashipandey/Library/Developer/Xcode/DerivedData/RSMS-galdljqllugdxqeukomoxaxsigpi/Build/Products/Debug-iphonesimulator -L/Applications/Xcode.app/Contents/Developer/Platforms/iPhoneSimulator.platform/Developer/usr/lib -F/Users/shashipandey/Library/Developer/Xcode/DerivedData/RSMS-galdljqllugdxqeukomoxaxsigpi/Build/Intermediates.noindex/EagerLinkingTBDs/Debug-iphonesimulator -F/Users/shashipandey/Library/Developer/Xcode/DerivedData/RSMS-galdljqllugdxqeukomoxaxsigpi/Build/Products/Debug-iphonesimulator/PackageFrameworks -F/Users/shashipandey/Library/Developer/Xcode/DerivedData/RSMS-galdljqllugdxqeukomoxaxsigpi/Build/Products/Debug-iphonesimulator/PackageFrameworks -F/Users/shashipandey/Library/Developer/Xcode/DerivedData/RSMS-galdljqllugdxqeukomoxaxsigpi/Build/Products/Debug-iphonesimulator -iframework /Applications/Xcode.app/Contents/Developer/Platforms/iPhoneSimulator.platform/Developer/Library/Frameworks -iframework /Applications/Xcode.app/Contents/Developer/Platforms/iPhoneSimulator.platform/Developer/SDKs/iPhoneSimulator26.5.sdk/Developer/Library/Frameworks -filelist /Users/shashipandey/Library/Developer/Xcode/DerivedData/RSMS-galdljqllugdxqeukomoxaxsigpi/Build/Intermediates.noindex/xctest-dynamic-overlay.build/Debug-iphonesimulator/XCTestDynamicOverlay\ product.build/Objects-normal/x86_64/XCTestDynamicOverlay_6187313334988FF6_PackageProduct.LinkFileList -install_name @rpath/XCTestDynamicOverlay_6187313334988FF6_PackageProduct.framework/XCTestDynamicOverlay_6187313334988FF6_PackageProduct -Xlinker -rpath -Xlinker /usr/lib/swift -Xlinker -rpath -Xlinker /Users/shashipandey/Library/Developer/Xcode/DerivedData/RSMS-galdljqllugdxqeukomoxaxsigpi/Build/Products/Debug-iphonesimulator/PackageFrameworks -Xlinker -dead_strip -Xlinker -object_path_lto -Xlinker /Users/shashipandey/Library/Developer/Xcode/DerivedData/RSMS-galdljqllugdxqeukomoxaxsigpi/Build/Intermediates.noindex/xctest-dynamic-overlay.build/Debug-iphonesimulator/XCTestDynamicOverlay\ product.build/Objects-normal/x86_64/XCTestDynamicOverlay_6187313334988FF6_PackageProduct_lto.o -rdynamic -Xlinker -no_deduplicate -Xlinker -objc_abi_version -Xlinker 2 -Xlinker -dependency_info -Xlinker /Users/shashipandey/Library/Developer/Xcode/DerivedData/RSMS-galdljqllugdxqeukomoxaxsigpi/Build/Intermediates.noindex/xctest-dynamic-overlay.build/Debug-iphonesimulator/XCTestDynamicOverlay\ product.build/Objects-normal/x86_64/XCTestDynamicOverlay_6187313334988FF6_PackageProduct_dependency_info.dat -fobjc-link-runtime -L/Applications/Xcode.app/Contents/Developer/Toolchains/XcodeDefault.xctoolchain/usr/lib/swift/iphonesimulator -L/usr/lib/swift -Wl,-no_warn_duplicate_libraries -Wl,-no_warn_duplicate_libraries -framework IssueReporting -o /Users/shashipandey/Library/Developer/Xcode/DerivedData/RSMS-galdljqllugdxqeukomoxaxsigpi/Build/Intermediates.noindex/xctest-dynamic-overlay.build/Debug-iphonesimulator/XCTestDynamicOverlay\ product.build/Objects-normal/x86_64/Binary/XCTestDynamicOverlay_6187313334988FF6_PackageProduct -Xlinker -add_ast_path -Xlinker /Users/shashipandey/Library/Developer/Xcode/DerivedData/RSMS-galdljqllugdxqeukomoxaxsigpi/Build/Intermediates.noindex/xctest-dynamic-overlay.build/Debug-iphonesimulator/XCTestDynamicOverlay.build/Objects-normal/x86_64/XCTestDynamicOverlay.swiftmodule @/Users/shashipandey/Library/Developer/Xcode/DerivedData/RSMS-galdljqllugdxqeukomoxaxsigpi/Build/Intermediates.noindex/xctest-dynamic-overlay.build/Debug-iphonesimulator/XCTestDynamicOverlay.build/Objects-normal/x86_64/XCTestDynamicOverlay-linker-args.resp

Ld /Users/shashipandey/Library/Developer/Xcode/DerivedData/RSMS-galdljqllugdxqeukomoxaxsigpi/Build/Intermediates.noindex/xctest-dynamic-overlay.build/Debug-iphonesimulator/XCTestDynamicOverlay\ product.build/Objects-normal/arm64/Binary/XCTestDynamicOverlay_6187313334988FF6_PackageProduct normal arm64 (in target 'XCTestDynamicOverlay' from project 'xctest-dynamic-overlay')
    cd /Users/shashipandey/Library/Developer/Xcode/DerivedData/RSMS-galdljqllugdxqeukomoxaxsigpi/SourcePackages/checkouts/xctest-dynamic-overlay
    /Applications/Xcode.app/Contents/Developer/Toolchains/XcodeDefault.xctoolchain/usr/bin/clang -Xlinker -reproducible -target arm64-apple-ios13.0-simulator -dynamiclib -isysroot /Applications/Xcode.app/Contents/Developer/Platforms/iPhoneSimulator.platform/Developer/SDKs/iPhoneSimulator26.5.sdk -O0 -w -L/Users/shashipandey/Library/Developer/Xcode/DerivedData/RSMS-galdljqllugdxqeukomoxaxsigpi/Build/Intermediates.noindex/EagerLinkingTBDs/Debug-iphonesimulator -L/Users/shashipandey/Library/Developer/Xcode/DerivedData/RSMS-galdljqllugdxqeukomoxaxsigpi/Build/Products/Debug-iphonesimulator -L/Applications/Xcode.app/Contents/Developer/Platforms/iPhoneSimulator.platform/Developer/usr/lib -F/Users/shashipandey/Library/Developer/Xcode/DerivedData/RSMS-galdljqllugdxqeukomoxaxsigpi/Build/Intermediates.noindex/EagerLinkingTBDs/Debug-iphonesimulator -F/Users/shashipandey/Library/Developer/Xcode/DerivedData/RSMS-galdljqllugdxqeukomoxaxsigpi/Build/Products/Debug-iphonesimulator/PackageFrameworks -F/Users/shashipandey/Library/Developer/Xcode/DerivedData/RSMS-galdljqllugdxqeukomoxaxsigpi/Build/Products/Debug-iphonesimulator/PackageFrameworks -F/Users/shashipandey/Library/Developer/Xcode/DerivedData/RSMS-galdljqllugdxqeukomoxaxsigpi/Build/Products/Debug-iphonesimulator -iframework /Applications/Xcode.app/Contents/Developer/Platforms/iPhoneSimulator.platform/Developer/Library/Frameworks -iframework /Applications/Xcode.app/Contents/Developer/Platforms/iPhoneSimulator.platform/Developer/SDKs/iPhoneSimulator26.5.sdk/Developer/Library/Frameworks -filelist /Users/shashipandey/Library/Developer/Xcode/DerivedData/RSMS-galdljqllugdxqeukomoxaxsigpi/Build/Intermediates.noindex/xctest-dynamic-overlay.build/Debug-iphonesimulator/XCTestDynamicOverlay\ product.build/Objects-normal/arm64/XCTestDynamicOverlay_6187313334988FF6_PackageProduct.LinkFileList -install_name @rpath/XCTestDynamicOverlay_6187313334988FF6_PackageProduct.framework/XCTestDynamicOverlay_6187313334988FF6_PackageProduct -Xlinker -rpath -Xlinker /usr/lib/swift -Xlinker -rpath -Xlinker /Users/shashipandey/Library/Developer/Xcode/DerivedData/RSMS-galdljqllugdxqeukomoxaxsigpi/Build/Products/Debug-iphonesimulator/PackageFrameworks -Xlinker -dead_strip -Xlinker -object_path_lto -Xlinker /Users/shashipandey/Library/Developer/Xcode/DerivedData/RSMS-galdljqllugdxqeukomoxaxsigpi/Build/Intermediates.noindex/xctest-dynamic-overlay.build/Debug-iphonesimulator/XCTestDynamicOverlay\ product.build/Objects-normal/arm64/XCTestDynamicOverlay_6187313334988FF6_PackageProduct_lto.o -rdynamic -Xlinker -no_deduplicate -Xlinker -objc_abi_version -Xlinker 2 -Xlinker -dependency_info -Xlinker /Users/shashipandey/Library/Developer/Xcode/DerivedData/RSMS-galdljqllugdxqeukomoxaxsigpi/Build/Intermediates.noindex/xctest-dynamic-overlay.build/Debug-iphonesimulator/XCTestDynamicOverlay\ product.build/Objects-normal/arm64/XCTestDynamicOverlay_6187313334988FF6_PackageProduct_dependency_info.dat -fobjc-link-runtime -L/Applications/Xcode.app/Contents/Developer/Toolchains/XcodeDefault.xctoolchain/usr/lib/swift/iphonesimulator -L/usr/lib/swift -Wl,-no_warn_duplicate_libraries -Wl,-no_warn_duplicate_libraries -framework IssueReporting -o /Users/shashipandey/Library/Developer/Xcode/DerivedData/RSMS-galdljqllugdxqeukomoxaxsigpi/Build/Intermediates.noindex/xctest-dynamic-overlay.build/Debug-iphonesimulator/XCTestDynamicOverlay\ product.build/Objects-normal/arm64/Binary/XCTestDynamicOverlay_6187313334988FF6_PackageProduct -Xlinker -add_ast_path -Xlinker /Users/shashipandey/Library/Developer/Xcode/DerivedData/RSMS-galdljqllugdxqeukomoxaxsigpi/Build/Intermediates.noindex/xctest-dynamic-overlay.build/Debug-iphonesimulator/XCTestDynamicOverlay.build/Objects-normal/arm64/XCTestDynamicOverlay.swiftmodule @/Users/shashipandey/Library/Developer/Xcode/DerivedData/RSMS-galdljqllugdxqeukomoxaxsigpi/Build/Intermediates.noindex/xctest-dynamic-overlay.build/Debug-iphonesimulator/XCTestDynamicOverlay.build/Objects-normal/arm64/XCTestDynamicOverlay-linker-args.resp

SwiftDriver\ Compilation\ Requirements Clocks normal arm64 com.apple.xcode.tools.swift.compiler (in target 'Clocks' from project 'swift-clocks')
    cd /Users/shashipandey/Desktop/Team-8/RSMS.xcodeproj
    builtin-Swift-Compilation-Requirements -- /Applications/Xcode.app/Contents/Developer/Toolchains/XcodeDefault.xctoolchain/usr/bin/swiftc -module-name Clocks -Onone @/Users/shashipandey/Library/Developer/Xcode/DerivedData/RSMS-galdljqllugdxqeukomoxaxsigpi/Build/Intermediates.noindex/swift-clocks.build/Debug-iphonesimulator/Clocks.build/Objects-normal/arm64/Clocks.SwiftFileList -DSWIFT_PACKAGE -DDEBUG -DSWIFT_MODULE_RESOURCE_BUNDLE_UNAVAILABLE -DXcode -enable-upcoming-feature ExistentialAny -enable-upcoming-feature ImmutableWeakCaptures -enable-upcoming-feature InferIsolatedConformances -enable-upcoming-feature InternalImportsByDefault -enable-upcoming-feature MemberImportVisibility -enable-upcoming-feature NonisolatedNonsendingByDefault -plugin-path /Applications/Xcode.app/Contents/Developer/Toolchains/XcodeDefault.xctoolchain/usr/lib/swift/host/plugins/testing -enable-experimental-feature DebugDescriptionMacro -sdk /Applications/Xcode.app/Contents/Developer/Platforms/iPhoneSimulator.platform/Developer/SDKs/iPhoneSimulator26.5.sdk -target arm64-apple-ios13.0-simulator -g -module-cache-path /Users/shashipandey/Library/Developer/Xcode/DerivedData/ModuleCache.noindex -Xfrontend -serialize-debugging-options -enable-testing -suppress-warnings -index-store-path /Users/shashipandey/Library/Developer/Xcode/DerivedData/RSMS-galdljqllugdxqeukomoxaxsigpi/Index.noindex/DataStore -Xcc -D_LIBCPP_HARDENING_MODE\=_LIBCPP_HARDENING_MODE_DEBUG -swift-version 6 -I /Users/shashipandey/Library/Developer/Xcode/DerivedData/RSMS-galdljqllugdxqeukomoxaxsigpi/Build/Products/Debug-iphonesimulator -Isystem /Applications/Xcode.app/Contents/Developer/Platforms/iPhoneSimulator.platform/Developer/usr/lib -F /Users/shashipandey/Library/Developer/Xcode/DerivedData/RSMS-galdljqllugdxqeukomoxaxsigpi/Build/Products/Debug-iphonesimulator/PackageFrameworks -F /Users/shashipandey/Library/Developer/Xcode/DerivedData/RSMS-galdljqllugdxqeukomoxaxsigpi/Build/Products/Debug-iphonesimulator/PackageFrameworks -F /Users/shashipandey/Library/Developer/Xcode/DerivedData/RSMS-galdljqllugdxqeukomoxaxsigpi/Build/Products/Debug-iphonesimulator -F /Applications/Xcode.app/Contents/Developer/Platforms/iPhoneSimulator.platform/Developer/Library/Frameworks -F /Applications/Xcode.app/Contents/Developer/Platforms/iPhoneSimulator.platform/Developer/SDKs/iPhoneSimulator26.5.sdk/Developer/Library/Frameworks -c -j10 -enable-batch-mode -incremental -Xcc -ivfsstatcache -Xcc /Users/shashipandey/Library/Developer/Xcode/DerivedData/SDKStatCaches.noindex/iphonesimulator26.5-23F81a-6cfe768891a92b912361537c460fe42b.sdkstatcache -output-file-map /Users/shashipandey/Library/Developer/Xcode/DerivedData/RSMS-galdljqllugdxqeukomoxaxsigpi/Build/Intermediates.noindex/swift-clocks.build/Debug-iphonesimulator/Clocks.build/Objects-normal/arm64/Clocks-OutputFileMap.json -use-frontend-parseable-output -save-temps -no-color-diagnostics -explicit-module-build -module-cache-path /Users/shashipandey/Library/Developer/Xcode/DerivedData/RSMS-galdljqllugdxqeukomoxaxsigpi/Build/Intermediates.noindex/SwiftExplicitPrecompiledModules -clang-scanner-module-cache-path /Users/shashipandey/Library/Developer/Xcode/DerivedData/ModuleCache.noindex -sdk-module-cache-path /Users/shashipandey/Library/Developer/Xcode/DerivedData/ModuleCache.noindex -serialize-diagnostics -emit-dependencies -emit-module -emit-module-path /Users/shashipandey/Library/Developer/Xcode/DerivedData/RSMS-galdljqllugdxqeukomoxaxsigpi/Build/Intermediates.noindex/swift-clocks.build/Debug-iphonesimulator/Clocks.build/Objects-normal/arm64/Clocks.swiftmodule -user-module-version 1.1.0 -validate-clang-modules-once -clang-build-session-file /Users/shashipandey/Library/Developer/Xcode/DerivedData/ModuleCache.noindex/Session.modulevalidation -package-name swift_clocks -Xcc -I/Users/shashipandey/Library/Developer/Xcode/DerivedData/RSMS-galdljqllugdxqeukomoxaxsigpi/Build/Intermediates.noindex/swift-clocks.build/Debug-iphonesimulator/Clocks.build/swift-overrides.hmap -emit-const-values -Xfrontend -const-gather-protocols-file -Xfrontend /Users/shashipandey/Library/Developer/Xcode/DerivedData/RSMS-galdljqllugdxqeukomoxaxsigpi/Build/Intermediates.noindex/swift-clocks.build/Debug-iphonesimulator/Clocks.build/Objects-normal/arm64/Clocks_const_extract_protocols.json -Xcc -I/Users/shashipandey/Library/Developer/Xcode/DerivedData/RSMS-galdljqllugdxqeukomoxaxsigpi/Build/Products/Debug-iphonesimulator/include -Xcc -I/Users/shashipandey/Library/Developer/Xcode/DerivedData/RSMS-galdljqllugdxqeukomoxaxsigpi/Build/Intermediates.noindex/swift-clocks.build/Debug-iphonesimulator/Clocks.build/DerivedSources-normal/arm64 -Xcc -I/Users/shashipandey/Library/Developer/Xcode/DerivedData/RSMS-galdljqllugdxqeukomoxaxsigpi/Build/Intermediates.noindex/swift-clocks.build/Debug-iphonesimulator/Clocks.build/DerivedSources/arm64 -Xcc -I/Users/shashipandey/Library/Developer/Xcode/DerivedData/RSMS-galdljqllugdxqeukomoxaxsigpi/Build/Intermediates.noindex/swift-clocks.build/Debug-iphonesimulator/Clocks.build/DerivedSources -Xcc -DSWIFT_PACKAGE -Xcc -DDEBUG\=1 -emit-objc-header -emit-objc-header-path /Users/shashipandey/Library/Developer/Xcode/DerivedData/RSMS-galdljqllugdxqeukomoxaxsigpi/Build/Intermediates.noindex/swift-clocks.build/Debug-iphonesimulator/Clocks.build/Objects-normal/arm64/Clocks-Swift.h -working-directory /Users/shashipandey/Desktop/Team-8/RSMS.xcodeproj -experimental-emit-module-separately -disable-cmo

SwiftDriver\ Compilation Clocks normal arm64 com.apple.xcode.tools.swift.compiler (in target 'Clocks' from project 'swift-clocks')
    cd /Users/shashipandey/Desktop/Team-8/RSMS.xcodeproj
    builtin-Swift-Compilation -- /Applications/Xcode.app/Contents/Developer/Toolchains/XcodeDefault.xctoolchain/usr/bin/swiftc -module-name Clocks -Onone @/Users/shashipandey/Library/Developer/Xcode/DerivedData/RSMS-galdljqllugdxqeukomoxaxsigpi/Build/Intermediates.noindex/swift-clocks.build/Debug-iphonesimulator/Clocks.build/Objects-normal/arm64/Clocks.SwiftFileList -DSWIFT_PACKAGE -DDEBUG -DSWIFT_MODULE_RESOURCE_BUNDLE_UNAVAILABLE -DXcode -enable-upcoming-feature ExistentialAny -enable-upcoming-feature ImmutableWeakCaptures -enable-upcoming-feature InferIsolatedConformances -enable-upcoming-feature InternalImportsByDefault -enable-upcoming-feature MemberImportVisibility -enable-upcoming-feature NonisolatedNonsendingByDefault -plugin-path /Applications/Xcode.app/Contents/Developer/Toolchains/XcodeDefault.xctoolchain/usr/lib/swift/host/plugins/testing -enable-experimental-feature DebugDescriptionMacro -sdk /Applications/Xcode.app/Contents/Developer/Platforms/iPhoneSimulator.platform/Developer/SDKs/iPhoneSimulator26.5.sdk -target arm64-apple-ios13.0-simulator -g -module-cache-path /Users/shashipandey/Library/Developer/Xcode/DerivedData/ModuleCache.noindex -Xfrontend -serialize-debugging-options -enable-testing -suppress-warnings -index-store-path /Users/shashipandey/Library/Developer/Xcode/DerivedData/RSMS-galdljqllugdxqeukomoxaxsigpi/Index.noindex/DataStore -Xcc -D_LIBCPP_HARDENING_MODE\=_LIBCPP_HARDENING_MODE_DEBUG -swift-version 6 -I /Users/shashipandey/Library/Developer/Xcode/DerivedData/RSMS-galdljqllugdxqeukomoxaxsigpi/Build/Products/Debug-iphonesimulator -Isystem /Applications/Xcode.app/Contents/Developer/Platforms/iPhoneSimulator.platform/Developer/usr/lib -F /Users/shashipandey/Library/Developer/Xcode/DerivedData/RSMS-galdljqllugdxqeukomoxaxsigpi/Build/Products/Debug-iphonesimulator/PackageFrameworks -F /Users/shashipandey/Library/Developer/Xcode/DerivedData/RSMS-galdljqllugdxqeukomoxaxsigpi/Build/Products/Debug-iphonesimulator/PackageFrameworks -F /Users/shashipandey/Library/Developer/Xcode/DerivedData/RSMS-galdljqllugdxqeukomoxaxsigpi/Build/Products/Debug-iphonesimulator -F /Applications/Xcode.app/Contents/Developer/Platforms/iPhoneSimulator.platform/Developer/Library/Frameworks -F /Applications/Xcode.app/Contents/Developer/Platforms/iPhoneSimulator.platform/Developer/SDKs/iPhoneSimulator26.5.sdk/Developer/Library/Frameworks -c -j10 -enable-batch-mode -incremental -Xcc -ivfsstatcache -Xcc /Users/shashipandey/Library/Developer/Xcode/DerivedData/SDKStatCaches.noindex/iphonesimulator26.5-23F81a-6cfe768891a92b912361537c460fe42b.sdkstatcache -output-file-map /Users/shashipandey/Library/Developer/Xcode/DerivedData/RSMS-galdljqllugdxqeukomoxaxsigpi/Build/Intermediates.noindex/swift-clocks.build/Debug-iphonesimulator/Clocks.build/Objects-normal/arm64/Clocks-OutputFileMap.json -use-frontend-parseable-output -save-temps -no-color-diagnostics -explicit-module-build -module-cache-path /Users/shashipandey/Library/Developer/Xcode/DerivedData/RSMS-galdljqllugdxqeukomoxaxsigpi/Build/Intermediates.noindex/SwiftExplicitPrecompiledModules -clang-scanner-module-cache-path /Users/shashipandey/Library/Developer/Xcode/DerivedData/ModuleCache.noindex -sdk-module-cache-path /Users/shashipandey/Library/Developer/Xcode/DerivedData/ModuleCache.noindex -serialize-diagnostics -emit-dependencies -emit-module -emit-module-path /Users/shashipandey/Library/Developer/Xcode/DerivedData/RSMS-galdljqllugdxqeukomoxaxsigpi/Build/Intermediates.noindex/swift-clocks.build/Debug-iphonesimulator/Clocks.build/Objects-normal/arm64/Clocks.swiftmodule -user-module-version 1.1.0 -validate-clang-modules-once -clang-build-session-file /Users/shashipandey/Library/Developer/Xcode/DerivedData/ModuleCache.noindex/Session.modulevalidation -package-name swift_clocks -Xcc -I/Users/shashipandey/Library/Developer/Xcode/DerivedData/RSMS-galdljqllugdxqeukomoxaxsigpi/Build/Intermediates.noindex/swift-clocks.build/Debug-iphonesimulator/Clocks.build/swift-overrides.hmap -emit-const-values -Xfrontend -const-gather-protocols-file -Xfrontend /Users/shashipandey/Library/Developer/Xcode/DerivedData/RSMS-galdljqllugdxqeukomoxaxsigpi/Build/Intermediates.noindex/swift-clocks.build/Debug-iphonesimulator/Clocks.build/Objects-normal/arm64/Clocks_const_extract_protocols.json -Xcc -I/Users/shashipandey/Library/Developer/Xcode/DerivedData/RSMS-galdljqllugdxqeukomoxaxsigpi/Build/Products/Debug-iphonesimulator/include -Xcc -I/Users/shashipandey/Library/Developer/Xcode/DerivedData/RSMS-galdljqllugdxqeukomoxaxsigpi/Build/Intermediates.noindex/swift-clocks.build/Debug-iphonesimulator/Clocks.build/DerivedSources-normal/arm64 -Xcc -I/Users/shashipandey/Library/Developer/Xcode/DerivedData/RSMS-galdljqllugdxqeukomoxaxsigpi/Build/Intermediates.noindex/swift-clocks.build/Debug-iphonesimulator/Clocks.build/DerivedSources/arm64 -Xcc -I/Users/shashipandey/Library/Developer/Xcode/DerivedData/RSMS-galdljqllugdxqeukomoxaxsigpi/Build/Intermediates.noindex/swift-clocks.build/Debug-iphonesimulator/Clocks.build/DerivedSources -Xcc -DSWIFT_PACKAGE -Xcc -DDEBUG\=1 -emit-objc-header -emit-objc-header-path /Users/shashipandey/Library/Developer/Xcode/DerivedData/RSMS-galdljqllugdxqeukomoxaxsigpi/Build/Intermediates.noindex/swift-clocks.build/Debug-iphonesimulator/Clocks.build/Objects-normal/arm64/Clocks-Swift.h -working-directory /Users/shashipandey/Desktop/Team-8/RSMS.xcodeproj -experimental-emit-module-separately -disable-cmo

Copy /Users/shashipandey/Library/Developer/Xcode/DerivedData/RSMS-galdljqllugdxqeukomoxaxsigpi/Build/Products/Debug-iphonesimulator/Clocks.swiftmodule/arm64-apple-ios-simulator.swiftmodule /Users/shashipandey/Library/Developer/Xcode/DerivedData/RSMS-galdljqllugdxqeukomoxaxsigpi/Build/Intermediates.noindex/swift-clocks.build/Debug-iphonesimulator/Clocks.build/Objects-normal/arm64/Clocks.swiftmodule (in target 'Clocks' from project 'swift-clocks')
    cd /Users/shashipandey/Library/Developer/Xcode/DerivedData/RSMS-galdljqllugdxqeukomoxaxsigpi/SourcePackages/checkouts/swift-clocks
    builtin-copy -exclude .DS_Store -exclude CVS -exclude .svn -exclude .git -exclude .hg -resolve-src-symlinks -rename /Users/shashipandey/Library/Developer/Xcode/DerivedData/RSMS-galdljqllugdxqeukomoxaxsigpi/Build/Intermediates.noindex/swift-clocks.build/Debug-iphonesimulator/Clocks.build/Objects-normal/arm64/Clocks.swiftmodule /Users/shashipandey/Library/Developer/Xcode/DerivedData/RSMS-galdljqllugdxqeukomoxaxsigpi/Build/Products/Debug-iphonesimulator/Clocks.swiftmodule/arm64-apple-ios-simulator.swiftmodule

Copy /Users/shashipandey/Library/Developer/Xcode/DerivedData/RSMS-galdljqllugdxqeukomoxaxsigpi/Build/Products/Debug-iphonesimulator/Clocks.swiftmodule/arm64-apple-ios-simulator.swiftdoc /Users/shashipandey/Library/Developer/Xcode/DerivedData/RSMS-galdljqllugdxqeukomoxaxsigpi/Build/Intermediates.noindex/swift-clocks.build/Debug-iphonesimulator/Clocks.build/Objects-normal/arm64/Clocks.swiftdoc (in target 'Clocks' from project 'swift-clocks')
    cd /Users/shashipandey/Library/Developer/Xcode/DerivedData/RSMS-galdljqllugdxqeukomoxaxsigpi/SourcePackages/checkouts/swift-clocks
    builtin-copy -exclude .DS_Store -exclude CVS -exclude .svn -exclude .git -exclude .hg -resolve-src-symlinks -rename /Users/shashipandey/Library/Developer/Xcode/DerivedData/RSMS-galdljqllugdxqeukomoxaxsigpi/Build/Intermediates.noindex/swift-clocks.build/Debug-iphonesimulator/Clocks.build/Objects-normal/arm64/Clocks.swiftdoc /Users/shashipandey/Library/Developer/Xcode/DerivedData/RSMS-galdljqllugdxqeukomoxaxsigpi/Build/Products/Debug-iphonesimulator/Clocks.swiftmodule/arm64-apple-ios-simulator.swiftdoc

Copy /Users/shashipandey/Library/Developer/Xcode/DerivedData/RSMS-galdljqllugdxqeukomoxaxsigpi/Build/Products/Debug-iphonesimulator/Clocks.swiftmodule/arm64-apple-ios-simulator.abi.json /Users/shashipandey/Library/Developer/Xcode/DerivedData/RSMS-galdljqllugdxqeukomoxaxsigpi/Build/Intermediates.noindex/swift-clocks.build/Debug-iphonesimulator/Clocks.build/Objects-normal/arm64/Clocks.abi.json (in target 'Clocks' from project 'swift-clocks')
    cd /Users/shashipandey/Library/Developer/Xcode/DerivedData/RSMS-galdljqllugdxqeukomoxaxsigpi/SourcePackages/checkouts/swift-clocks
    builtin-copy -exclude .DS_Store -exclude CVS -exclude .svn -exclude .git -exclude .hg -resolve-src-symlinks -rename /Users/shashipandey/Library/Developer/Xcode/DerivedData/RSMS-galdljqllugdxqeukomoxaxsigpi/Build/Intermediates.noindex/swift-clocks.build/Debug-iphonesimulator/Clocks.build/Objects-normal/arm64/Clocks.abi.json /Users/shashipandey/Library/Developer/Xcode/DerivedData/RSMS-galdljqllugdxqeukomoxaxsigpi/Build/Products/Debug-iphonesimulator/Clocks.swiftmodule/arm64-apple-ios-simulator.abi.json

Copy /Users/shashipandey/Library/Developer/Xcode/DerivedData/RSMS-galdljqllugdxqeukomoxaxsigpi/Build/Products/Debug-iphonesimulator/Clocks.swiftmodule/Project/arm64-apple-ios-simulator.swiftsourceinfo /Users/shashipandey/Library/Developer/Xcode/DerivedData/RSMS-galdljqllugdxqeukomoxaxsigpi/Build/Intermediates.noindex/swift-clocks.build/Debug-iphonesimulator/Clocks.build/Objects-normal/arm64/Clocks.swiftsourceinfo (in target 'Clocks' from project 'swift-clocks')
    cd /Users/shashipandey/Library/Developer/Xcode/DerivedData/RSMS-galdljqllugdxqeukomoxaxsigpi/SourcePackages/checkouts/swift-clocks
    builtin-copy -exclude .DS_Store -exclude CVS -exclude .svn -exclude .git -exclude .hg -resolve-src-symlinks -rename /Users/shashipandey/Library/Developer/Xcode/DerivedData/RSMS-galdljqllugdxqeukomoxaxsigpi/Build/Intermediates.noindex/swift-clocks.build/Debug-iphonesimulator/Clocks.build/Objects-normal/arm64/Clocks.swiftsourceinfo /Users/shashipandey/Library/Developer/Xcode/DerivedData/RSMS-galdljqllugdxqeukomoxaxsigpi/Build/Products/Debug-iphonesimulator/Clocks.swiftmodule/Project/arm64-apple-ios-simulator.swiftsourceinfo

CreateUniversalBinary /Users/shashipandey/Library/Developer/Xcode/DerivedData/RSMS-galdljqllugdxqeukomoxaxsigpi/Build/Products/Debug-iphonesimulator/PackageFrameworks/HTTPTypes_6E0498CBABC4245E_PackageProduct.framework/HTTPTypes_6E0498CBABC4245E_PackageProduct normal arm64\ x86_64 (in target 'HTTPTypes' from project 'swift-http-types')
    cd /Users/shashipandey/Library/Developer/Xcode/DerivedData/RSMS-galdljqllugdxqeukomoxaxsigpi/SourcePackages/checkouts/swift-http-types
    /Applications/Xcode.app/Contents/Developer/Toolchains/XcodeDefault.xctoolchain/usr/bin/lipo -create /Users/shashipandey/Library/Developer/Xcode/DerivedData/RSMS-galdljqllugdxqeukomoxaxsigpi/Build/Intermediates.noindex/swift-http-types.build/Debug-iphonesimulator/HTTPTypes\ product.build/Objects-normal/arm64/Binary/HTTPTypes_6E0498CBABC4245E_PackageProduct /Users/shashipandey/Library/Developer/Xcode/DerivedData/RSMS-galdljqllugdxqeukomoxaxsigpi/Build/Intermediates.noindex/swift-http-types.build/Debug-iphonesimulator/HTTPTypes\ product.build/Objects-normal/x86_64/Binary/HTTPTypes_6E0498CBABC4245E_PackageProduct -output /Users/shashipandey/Library/Developer/Xcode/DerivedData/RSMS-galdljqllugdxqeukomoxaxsigpi/Build/Products/Debug-iphonesimulator/PackageFrameworks/HTTPTypes_6E0498CBABC4245E_PackageProduct.framework/HTTPTypes_6E0498CBABC4245E_PackageProduct

SwiftDriver\ Compilation\ Requirements Clocks normal x86_64 com.apple.xcode.tools.swift.compiler (in target 'Clocks' from project 'swift-clocks')
    cd /Users/shashipandey/Desktop/Team-8/RSMS.xcodeproj
    builtin-Swift-Compilation-Requirements -- /Applications/Xcode.app/Contents/Developer/Toolchains/XcodeDefault.xctoolchain/usr/bin/swiftc -module-name Clocks -Onone @/Users/shashipandey/Library/Developer/Xcode/DerivedData/RSMS-galdljqllugdxqeukomoxaxsigpi/Build/Intermediates.noindex/swift-clocks.build/Debug-iphonesimulator/Clocks.build/Objects-normal/x86_64/Clocks.SwiftFileList -DSWIFT_PACKAGE -DDEBUG -DSWIFT_MODULE_RESOURCE_BUNDLE_UNAVAILABLE -DXcode -enable-upcoming-feature ExistentialAny -enable-upcoming-feature ImmutableWeakCaptures -enable-upcoming-feature InferIsolatedConformances -enable-upcoming-feature InternalImportsByDefault -enable-upcoming-feature MemberImportVisibility -enable-upcoming-feature NonisolatedNonsendingByDefault -plugin-path /Applications/Xcode.app/Contents/Developer/Toolchains/XcodeDefault.xctoolchain/usr/lib/swift/host/plugins/testing -enable-experimental-feature DebugDescriptionMacro -sdk /Applications/Xcode.app/Contents/Developer/Platforms/iPhoneSimulator.platform/Developer/SDKs/iPhoneSimulator26.5.sdk -target x86_64-apple-ios13.0-simulator -g -module-cache-path /Users/shashipandey/Library/Developer/Xcode/DerivedData/ModuleCache.noindex -Xfrontend -serialize-debugging-options -enable-testing -suppress-warnings -index-store-path /Users/shashipandey/Library/Developer/Xcode/DerivedData/RSMS-galdljqllugdxqeukomoxaxsigpi/Index.noindex/DataStore -Xcc -D_LIBCPP_HARDENING_MODE\=_LIBCPP_HARDENING_MODE_DEBUG -swift-version 6 -I /Users/shashipandey/Library/Developer/Xcode/DerivedData/RSMS-galdljqllugdxqeukomoxaxsigpi/Build/Products/Debug-iphonesimulator -Isystem /Applications/Xcode.app/Contents/Developer/Platforms/iPhoneSimulator.platform/Developer/usr/lib -F /Users/shashipandey/Library/Developer/Xcode/DerivedData/RSMS-galdljqllugdxqeukomoxaxsigpi/Build/Products/Debug-iphonesimulator/PackageFrameworks -F /Users/shashipandey/Library/Developer/Xcode/DerivedData/RSMS-galdljqllugdxqeukomoxaxsigpi/Build/Products/Debug-iphonesimulator/PackageFrameworks -F /Users/shashipandey/Library/Developer/Xcode/DerivedData/RSMS-galdljqllugdxqeukomoxaxsigpi/Build/Products/Debug-iphonesimulator -F /Applications/Xcode.app/Contents/Developer/Platforms/iPhoneSimulator.platform/Developer/Library/Frameworks -F /Applications/Xcode.app/Contents/Developer/Platforms/iPhoneSimulator.platform/Developer/SDKs/iPhoneSimulator26.5.sdk/Developer/Library/Frameworks -c -j10 -enable-batch-mode -incremental -Xcc -ivfsstatcache -Xcc /Users/shashipandey/Library/Developer/Xcode/DerivedData/SDKStatCaches.noindex/iphonesimulator26.5-23F81a-6cfe768891a92b912361537c460fe42b.sdkstatcache -output-file-map /Users/shashipandey/Library/Developer/Xcode/DerivedData/RSMS-galdljqllugdxqeukomoxaxsigpi/Build/Intermediates.noindex/swift-clocks.build/Debug-iphonesimulator/Clocks.build/Objects-normal/x86_64/Clocks-OutputFileMap.json -use-frontend-parseable-output -save-temps -no-color-diagnostics -explicit-module-build -module-cache-path /Users/shashipandey/Library/Developer/Xcode/DerivedData/RSMS-galdljqllugdxqeukomoxaxsigpi/Build/Intermediates.noindex/SwiftExplicitPrecompiledModules -clang-scanner-module-cache-path /Users/shashipandey/Library/Developer/Xcode/DerivedData/ModuleCache.noindex -sdk-module-cache-path /Users/shashipandey/Library/Developer/Xcode/DerivedData/ModuleCache.noindex -serialize-diagnostics -emit-dependencies -emit-module -emit-module-path /Users/shashipandey/Library/Developer/Xcode/DerivedData/RSMS-galdljqllugdxqeukomoxaxsigpi/Build/Intermediates.noindex/swift-clocks.build/Debug-iphonesimulator/Clocks.build/Objects-normal/x86_64/Clocks.swiftmodule -user-module-version 1.1.0 -validate-clang-modules-once -clang-build-session-file /Users/shashipandey/Library/Developer/Xcode/DerivedData/ModuleCache.noindex/Session.modulevalidation -package-name swift_clocks -Xcc -I/Users/shashipandey/Library/Developer/Xcode/DerivedData/RSMS-galdljqllugdxqeukomoxaxsigpi/Build/Intermediates.noindex/swift-clocks.build/Debug-iphonesimulator/Clocks.build/swift-overrides.hmap -emit-const-values -Xfrontend -const-gather-protocols-file -Xfrontend /Users/shashipandey/Library/Developer/Xcode/DerivedData/RSMS-galdljqllugdxqeukomoxaxsigpi/Build/Intermediates.noindex/swift-clocks.build/Debug-iphonesimulator/Clocks.build/Objects-normal/x86_64/Clocks_const_extract_protocols.json -Xcc -I/Users/shashipandey/Library/Developer/Xcode/DerivedData/RSMS-galdljqllugdxqeukomoxaxsigpi/Build/Products/Debug-iphonesimulator/include -Xcc -I/Users/shashipandey/Library/Developer/Xcode/DerivedData/RSMS-galdljqllugdxqeukomoxaxsigpi/Build/Intermediates.noindex/swift-clocks.build/Debug-iphonesimulator/Clocks.build/DerivedSources-normal/x86_64 -Xcc -I/Users/shashipandey/Library/Developer/Xcode/DerivedData/RSMS-galdljqllugdxqeukomoxaxsigpi/Build/Intermediates.noindex/swift-clocks.build/Debug-iphonesimulator/Clocks.build/DerivedSources/x86_64 -Xcc -I/Users/shashipandey/Library/Developer/Xcode/DerivedData/RSMS-galdljqllugdxqeukomoxaxsigpi/Build/Intermediates.noindex/swift-clocks.build/Debug-iphonesimulator/Clocks.build/DerivedSources -Xcc -DSWIFT_PACKAGE -Xcc -DDEBUG\=1 -emit-objc-header -emit-objc-header-path /Users/shashipandey/Library/Developer/Xcode/DerivedData/RSMS-galdljqllugdxqeukomoxaxsigpi/Build/Intermediates.noindex/swift-clocks.build/Debug-iphonesimulator/Clocks.build/Objects-normal/x86_64/Clocks-Swift.h -working-directory /Users/shashipandey/Desktop/Team-8/RSMS.xcodeproj -experimental-emit-module-separately -disable-cmo

SwiftDriver\ Compilation Clocks normal x86_64 com.apple.xcode.tools.swift.compiler (in target 'Clocks' from project 'swift-clocks')
    cd /Users/shashipandey/Desktop/Team-8/RSMS.xcodeproj
    builtin-Swift-Compilation -- /Applications/Xcode.app/Contents/Developer/Toolchains/XcodeDefault.xctoolchain/usr/bin/swiftc -module-name Clocks -Onone @/Users/shashipandey/Library/Developer/Xcode/DerivedData/RSMS-galdljqllugdxqeukomoxaxsigpi/Build/Intermediates.noindex/swift-clocks.build/Debug-iphonesimulator/Clocks.build/Objects-normal/x86_64/Clocks.SwiftFileList -DSWIFT_PACKAGE -DDEBUG -DSWIFT_MODULE_RESOURCE_BUNDLE_UNAVAILABLE -DXcode -enable-upcoming-feature ExistentialAny -enable-upcoming-feature ImmutableWeakCaptures -enable-upcoming-feature InferIsolatedConformances -enable-upcoming-feature InternalImportsByDefault -enable-upcoming-feature MemberImportVisibility -enable-upcoming-feature NonisolatedNonsendingByDefault -plugin-path /Applications/Xcode.app/Contents/Developer/Toolchains/XcodeDefault.xctoolchain/usr/lib/swift/host/plugins/testing -enable-experimental-feature DebugDescriptionMacro -sdk /Applications/Xcode.app/Contents/Developer/Platforms/iPhoneSimulator.platform/Developer/SDKs/iPhoneSimulator26.5.sdk -target x86_64-apple-ios13.0-simulator -g -module-cache-path /Users/shashipandey/Library/Developer/Xcode/DerivedData/ModuleCache.noindex -Xfrontend -serialize-debugging-options -enable-testing -suppress-warnings -index-store-path /Users/shashipandey/Library/Developer/Xcode/DerivedData/RSMS-galdljqllugdxqeukomoxaxsigpi/Index.noindex/DataStore -Xcc -D_LIBCPP_HARDENING_MODE\=_LIBCPP_HARDENING_MODE_DEBUG -swift-version 6 -I /Users/shashipandey/Library/Developer/Xcode/DerivedData/RSMS-galdljqllugdxqeukomoxaxsigpi/Build/Products/Debug-iphonesimulator -Isystem /Applications/Xcode.app/Contents/Developer/Platforms/iPhoneSimulator.platform/Developer/usr/lib -F /Users/shashipandey/Library/Developer/Xcode/DerivedData/RSMS-galdljqllugdxqeukomoxaxsigpi/Build/Products/Debug-iphonesimulator/PackageFrameworks -F /Users/shashipandey/Library/Developer/Xcode/DerivedData/RSMS-galdljqllugdxqeukomoxaxsigpi/Build/Products/Debug-iphonesimulator/PackageFrameworks -F /Users/shashipandey/Library/Developer/Xcode/DerivedData/RSMS-galdljqllugdxqeukomoxaxsigpi/Build/Products/Debug-iphonesimulator -F /Applications/Xcode.app/Contents/Developer/Platforms/iPhoneSimulator.platform/Developer/Library/Frameworks -F /Applications/Xcode.app/Contents/Developer/Platforms/iPhoneSimulator.platform/Developer/SDKs/iPhoneSimulator26.5.sdk/Developer/Library/Frameworks -c -j10 -enable-batch-mode -incremental -Xcc -ivfsstatcache -Xcc /Users/shashipandey/Library/Developer/Xcode/DerivedData/SDKStatCaches.noindex/iphonesimulator26.5-23F81a-6cfe768891a92b912361537c460fe42b.sdkstatcache -output-file-map /Users/shashipandey/Library/Developer/Xcode/DerivedData/RSMS-galdljqllugdxqeukomoxaxsigpi/Build/Intermediates.noindex/swift-clocks.build/Debug-iphonesimulator/Clocks.build/Objects-normal/x86_64/Clocks-OutputFileMap.json -use-frontend-parseable-output -save-temps -no-color-diagnostics -explicit-module-build -module-cache-path /Users/shashipandey/Library/Developer/Xcode/DerivedData/RSMS-galdljqllugdxqeukomoxaxsigpi/Build/Intermediates.noindex/SwiftExplicitPrecompiledModules -clang-scanner-module-cache-path /Users/shashipandey/Library/Developer/Xcode/DerivedData/ModuleCache.noindex -sdk-module-cache-path /Users/shashipandey/Library/Developer/Xcode/DerivedData/ModuleCache.noindex -serialize-diagnostics -emit-dependencies -emit-module -emit-module-path /Users/shashipandey/Library/Developer/Xcode/DerivedData/RSMS-galdljqllugdxqeukomoxaxsigpi/Build/Intermediates.noindex/swift-clocks.build/Debug-iphonesimulator/Clocks.build/Objects-normal/x86_64/Clocks.swiftmodule -user-module-version 1.1.0 -validate-clang-modules-once -clang-build-session-file /Users/shashipandey/Library/Developer/Xcode/DerivedData/ModuleCache.noindex/Session.modulevalidation -package-name swift_clocks -Xcc -I/Users/shashipandey/Library/Developer/Xcode/DerivedData/RSMS-galdljqllugdxqeukomoxaxsigpi/Build/Intermediates.noindex/swift-clocks.build/Debug-iphonesimulator/Clocks.build/swift-overrides.hmap -emit-const-values -Xfrontend -const-gather-protocols-file -Xfrontend /Users/shashipandey/Library/Developer/Xcode/DerivedData/RSMS-galdljqllugdxqeukomoxaxsigpi/Build/Intermediates.noindex/swift-clocks.build/Debug-iphonesimulator/Clocks.build/Objects-normal/x86_64/Clocks_const_extract_protocols.json -Xcc -I/Users/shashipandey/Library/Developer/Xcode/DerivedData/RSMS-galdljqllugdxqeukomoxaxsigpi/Build/Products/Debug-iphonesimulator/include -Xcc -I/Users/shashipandey/Library/Developer/Xcode/DerivedData/RSMS-galdljqllugdxqeukomoxaxsigpi/Build/Intermediates.noindex/swift-clocks.build/Debug-iphonesimulator/Clocks.build/DerivedSources-normal/x86_64 -Xcc -I/Users/shashipandey/Library/Developer/Xcode/DerivedData/RSMS-galdljqllugdxqeukomoxaxsigpi/Build/Intermediates.noindex/swift-clocks.build/Debug-iphonesimulator/Clocks.build/DerivedSources/x86_64 -Xcc -I/Users/shashipandey/Library/Developer/Xcode/DerivedData/RSMS-galdljqllugdxqeukomoxaxsigpi/Build/Intermediates.noindex/swift-clocks.build/Debug-iphonesimulator/Clocks.build/DerivedSources -Xcc -DSWIFT_PACKAGE -Xcc -DDEBUG\=1 -emit-objc-header -emit-objc-header-path /Users/shashipandey/Library/Developer/Xcode/DerivedData/RSMS-galdljqllugdxqeukomoxaxsigpi/Build/Intermediates.noindex/swift-clocks.build/Debug-iphonesimulator/Clocks.build/Objects-normal/x86_64/Clocks-Swift.h -working-directory /Users/shashipandey/Desktop/Team-8/RSMS.xcodeproj -experimental-emit-module-separately -disable-cmo

SwiftMergeGeneratedHeaders /Users/shashipandey/Library/Developer/Xcode/DerivedData/RSMS-galdljqllugdxqeukomoxaxsigpi/Build/Intermediates.noindex/GeneratedModuleMaps-iphonesimulator/Clocks-Swift.h /Users/shashipandey/Library/Developer/Xcode/DerivedData/RSMS-galdljqllugdxqeukomoxaxsigpi/Build/Intermediates.noindex/swift-clocks.build/Debug-iphonesimulator/Clocks.build/Objects-normal/arm64/Clocks-Swift.h /Users/shashipandey/Library/Developer/Xcode/DerivedData/RSMS-galdljqllugdxqeukomoxaxsigpi/Build/Intermediates.noindex/swift-clocks.build/Debug-iphonesimulator/Clocks.build/Objects-normal/x86_64/Clocks-Swift.h (in target 'Clocks' from project 'swift-clocks')
    cd /Users/shashipandey/Library/Developer/Xcode/DerivedData/RSMS-galdljqllugdxqeukomoxaxsigpi/SourcePackages/checkouts/swift-clocks
    builtin-swiftHeaderTool -arch arm64 /Users/shashipandey/Library/Developer/Xcode/DerivedData/RSMS-galdljqllugdxqeukomoxaxsigpi/Build/Intermediates.noindex/swift-clocks.build/Debug-iphonesimulator/Clocks.build/Objects-normal/arm64/Clocks-Swift.h -arch x86_64 /Users/shashipandey/Library/Developer/Xcode/DerivedData/RSMS-galdljqllugdxqeukomoxaxsigpi/Build/Intermediates.noindex/swift-clocks.build/Debug-iphonesimulator/Clocks.build/Objects-normal/x86_64/Clocks-Swift.h -o /Users/shashipandey/Library/Developer/Xcode/DerivedData/RSMS-galdljqllugdxqeukomoxaxsigpi/Build/Intermediates.noindex/GeneratedModuleMaps-iphonesimulator/Clocks-Swift.h

GenerateTAPI /Users/shashipandey/Library/Developer/Xcode/DerivedData/RSMS-galdljqllugdxqeukomoxaxsigpi/Build/Intermediates.noindex/EagerLinkingTBDs/Debug-iphonesimulator/HTTPTypes_6E0498CBABC4245E_PackageProduct.framework/HTTPTypes_6E0498CBABC4245E_PackageProduct.tbd (in target 'HTTPTypes' from project 'swift-http-types')
    cd /Users/shashipandey/Library/Developer/Xcode/DerivedData/RSMS-galdljqllugdxqeukomoxaxsigpi/SourcePackages/checkouts/swift-http-types
    /Applications/Xcode.app/Contents/Developer/Toolchains/XcodeDefault.xctoolchain/usr/bin/tapi stubify -isysroot /Applications/Xcode.app/Contents/Developer/Platforms/iPhoneSimulator.platform/Developer/SDKs/iPhoneSimulator26.5.sdk -F/Users/shashipandey/Library/Developer/Xcode/DerivedData/RSMS-galdljqllugdxqeukomoxaxsigpi/Build/Products/Debug-iphonesimulator/PackageFrameworks -F/Users/shashipandey/Library/Developer/Xcode/DerivedData/RSMS-galdljqllugdxqeukomoxaxsigpi/Build/Products/Debug-iphonesimulator -iframework /Applications/Xcode.app/Contents/Developer/Platforms/iPhoneSimulator.platform/Developer/Library/Frameworks -iframework /Applications/Xcode.app/Contents/Developer/Platforms/iPhoneSimulator.platform/Developer/SDKs/iPhoneSimulator26.5.sdk/Developer/Library/Frameworks -L/Users/shashipandey/Library/Developer/Xcode/DerivedData/RSMS-galdljqllugdxqeukomoxaxsigpi/Build/Products/Debug-iphonesimulator -L/Applications/Xcode.app/Contents/Developer/Platforms/iPhoneSimulator.platform/Developer/usr/lib /Users/shashipandey/Library/Developer/Xcode/DerivedData/RSMS-galdljqllugdxqeukomoxaxsigpi/Build/Products/Debug-iphonesimulator/PackageFrameworks/HTTPTypes_6E0498CBABC4245E_PackageProduct.framework/HTTPTypes_6E0498CBABC4245E_PackageProduct -o /Users/shashipandey/Library/Developer/Xcode/DerivedData/RSMS-galdljqllugdxqeukomoxaxsigpi/Build/Intermediates.noindex/EagerLinkingTBDs/Debug-iphonesimulator/HTTPTypes_6E0498CBABC4245E_PackageProduct.framework/HTTPTypes_6E0498CBABC4245E_PackageProduct.tbd

SwiftDriver\ Compilation\ Requirements Crypto normal arm64 com.apple.xcode.tools.swift.compiler (in target 'Crypto' from project 'swift-crypto')
    cd /Users/shashipandey/Desktop/Team-8/RSMS.xcodeproj
    builtin-Swift-Compilation-Requirements -- /Applications/Xcode.app/Contents/Developer/Toolchains/XcodeDefault.xctoolchain/usr/bin/swiftc -module-name Crypto -Onone @/Users/shashipandey/Library/Developer/Xcode/DerivedData/RSMS-galdljqllugdxqeukomoxaxsigpi/Build/Intermediates.noindex/swift-crypto.build/Debug-iphonesimulator/Crypto.build/Objects-normal/arm64/Crypto.SwiftFileList -DSWIFT_PACKAGE -DDEBUG -DSWIFT_MODULE_RESOURCE_BUNDLE_AVAILABLE -DCRYPTO_IN_SWIFTPM -DXcode -enable-upcoming-feature MemberImportVisibility -plugin-path /Applications/Xcode.app/Contents/Developer/Toolchains/XcodeDefault.xctoolchain/usr/lib/swift/host/plugins/testing -enable-experimental-feature DebugDescriptionMacro -sdk /Applications/Xcode.app/Contents/Developer/Platforms/iPhoneSimulator.platform/Developer/SDKs/iPhoneSimulator26.5.sdk -target arm64-apple-ios12.0-simulator -g -module-cache-path /Users/shashipandey/Library/Developer/Xcode/DerivedData/ModuleCache.noindex -Xfrontend -serialize-debugging-options -enable-testing -suppress-warnings -index-store-path /Users/shashipandey/Library/Developer/Xcode/DerivedData/RSMS-galdljqllugdxqeukomoxaxsigpi/Index.noindex/DataStore -Xcc -D_LIBCPP_HARDENING_MODE\=_LIBCPP_HARDENING_MODE_DEBUG -swift-version 6 -I /Users/shashipandey/Library/Developer/Xcode/DerivedData/RSMS-galdljqllugdxqeukomoxaxsigpi/Build/Products/Debug-iphonesimulator -Isystem /Applications/Xcode.app/Contents/Developer/Platforms/iPhoneSimulator.platform/Developer/usr/lib -F /Users/shashipandey/Library/Developer/Xcode/DerivedData/RSMS-galdljqllugdxqeukomoxaxsigpi/Build/Products/Debug-iphonesimulator -F /Applications/Xcode.app/Contents/Developer/Platforms/iPhoneSimulator.platform/Developer/Library/Frameworks -F /Applications/Xcode.app/Contents/Developer/Platforms/iPhoneSimulator.platform/Developer/SDKs/iPhoneSimulator26.5.sdk/Developer/Library/Frameworks -c -j10 -enable-batch-mode -incremental -Xcc -ivfsstatcache -Xcc /Users/shashipandey/Library/Developer/Xcode/DerivedData/SDKStatCaches.noindex/iphonesimulator26.5-23F81a-6cfe768891a92b912361537c460fe42b.sdkstatcache -output-file-map /Users/shashipandey/Library/Developer/Xcode/DerivedData/RSMS-galdljqllugdxqeukomoxaxsigpi/Build/Intermediates.noindex/swift-crypto.build/Debug-iphonesimulator/Crypto.build/Objects-normal/arm64/Crypto-OutputFileMap.json -use-frontend-parseable-output -save-temps -no-color-diagnostics -explicit-module-build -module-cache-path /Users/shashipandey/Library/Developer/Xcode/DerivedData/RSMS-galdljqllugdxqeukomoxaxsigpi/Build/Intermediates.noindex/SwiftExplicitPrecompiledModules -clang-scanner-module-cache-path /Users/shashipandey/Library/Developer/Xcode/DerivedData/ModuleCache.noindex -sdk-module-cache-path /Users/shashipandey/Library/Developer/Xcode/DerivedData/ModuleCache.noindex -serialize-diagnostics -emit-dependencies -emit-module -emit-module-path /Users/shashipandey/Library/Developer/Xcode/DerivedData/RSMS-galdljqllugdxqeukomoxaxsigpi/Build/Intermediates.noindex/swift-crypto.build/Debug-iphonesimulator/Crypto.build/Objects-normal/arm64/Crypto.swiftmodule -user-module-version 4.5.0 -validate-clang-modules-once -clang-build-session-file /Users/shashipandey/Library/Developer/Xcode/DerivedData/ModuleCache.noindex/Session.modulevalidation -package-name swift_crypto -Xcc -I/Users/shashipandey/Library/Developer/Xcode/DerivedData/RSMS-galdljqllugdxqeukomoxaxsigpi/Build/Intermediates.noindex/swift-crypto.build/Debug-iphonesimulator/Crypto.build/swift-overrides.hmap -emit-const-values -Xfrontend -const-gather-protocols-file -Xfrontend /Users/shashipandey/Library/Developer/Xcode/DerivedData/RSMS-galdljqllugdxqeukomoxaxsigpi/Build/Intermediates.noindex/swift-crypto.build/Debug-iphonesimulator/Crypto.build/Objects-normal/arm64/Crypto_const_extract_protocols.json -Xcc -I/Users/shashipandey/Library/Developer/Xcode/DerivedData/RSMS-galdljqllugdxqeukomoxaxsigpi/Build/Products/Debug-iphonesimulator/include -Xcc -I/Users/shashipandey/Library/Developer/Xcode/DerivedData/RSMS-galdljqllugdxqeukomoxaxsigpi/Build/Intermediates.noindex/swift-crypto.build/Debug-iphonesimulator/Crypto.build/DerivedSources-normal/arm64 -Xcc -I/Users/shashipandey/Library/Developer/Xcode/DerivedData/RSMS-galdljqllugdxqeukomoxaxsigpi/Build/Intermediates.noindex/swift-crypto.build/Debug-iphonesimulator/Crypto.build/DerivedSources/arm64 -Xcc -I/Users/shashipandey/Library/Developer/Xcode/DerivedData/RSMS-galdljqllugdxqeukomoxaxsigpi/Build/Intermediates.noindex/swift-crypto.build/Debug-iphonesimulator/Crypto.build/DerivedSources -Xcc -DSWIFT_PACKAGE -Xcc -DDEBUG\=1 -emit-objc-header -emit-objc-header-path /Users/shashipandey/Library/Developer/Xcode/DerivedData/RSMS-galdljqllugdxqeukomoxaxsigpi/Build/Intermediates.noindex/swift-crypto.build/Debug-iphonesimulator/Crypto.build/Objects-normal/arm64/Crypto-Swift.h -working-directory /Users/shashipandey/Desktop/Team-8/RSMS.xcodeproj -experimental-emit-module-separately -disable-cmo

Ld /Users/shashipandey/Library/Developer/Xcode/DerivedData/RSMS-galdljqllugdxqeukomoxaxsigpi/Build/Intermediates.noindex/swift-clocks.build/Debug-iphonesimulator/Clocks.build/Objects-normal/arm64/Binary/Clocks.o normal arm64 (in target 'Clocks' from project 'swift-clocks')
    cd /Users/shashipandey/Library/Developer/Xcode/DerivedData/RSMS-galdljqllugdxqeukomoxaxsigpi/SourcePackages/checkouts/swift-clocks
    /Applications/Xcode.app/Contents/Developer/Toolchains/XcodeDefault.xctoolchain/usr/bin/clang -Xlinker -reproducible -target arm64-apple-ios13.0-simulator -r -isysroot /Applications/Xcode.app/Contents/Developer/Platforms/iPhoneSimulator.platform/Developer/SDKs/iPhoneSimulator26.5.sdk -O0 -w -F/Users/shashipandey/Library/Developer/Xcode/DerivedData/RSMS-galdljqllugdxqeukomoxaxsigpi/Build/Intermediates.noindex/EagerLinkingTBDs/Debug-iphonesimulator -F/Users/shashipandey/Library/Developer/Xcode/DerivedData/RSMS-galdljqllugdxqeukomoxaxsigpi/Build/Products/Debug-iphonesimulator/PackageFrameworks -F/Users/shashipandey/Library/Developer/Xcode/DerivedData/RSMS-galdljqllugdxqeukomoxaxsigpi/Build/Products/Debug-iphonesimulator/PackageFrameworks -F/Users/shashipandey/Library/Developer/Xcode/DerivedData/RSMS-galdljqllugdxqeukomoxaxsigpi/Build/Products/Debug-iphonesimulator -iframework /Applications/Xcode.app/Contents/Developer/Platforms/iPhoneSimulator.platform/Developer/Library/Frameworks -iframework /Applications/Xcode.app/Contents/Developer/Platforms/iPhoneSimulator.platform/Developer/SDKs/iPhoneSimulator26.5.sdk/Developer/Library/Frameworks -filelist /Users/shashipandey/Library/Developer/Xcode/DerivedData/RSMS-galdljqllugdxqeukomoxaxsigpi/Build/Intermediates.noindex/swift-clocks.build/Debug-iphonesimulator/Clocks.build/Objects-normal/arm64/Clocks.LinkFileList -nostdlib -Xlinker -object_path_lto -Xlinker /Users/shashipandey/Library/Developer/Xcode/DerivedData/RSMS-galdljqllugdxqeukomoxaxsigpi/Build/Intermediates.noindex/swift-clocks.build/Debug-iphonesimulator/Clocks.build/Objects-normal/arm64/Clocks_lto.o -Xlinker -no_deduplicate -Xlinker -objc_abi_version -Xlinker 2 -Xlinker -dependency_info -Xlinker /Users/shashipandey/Library/Developer/Xcode/DerivedData/RSMS-galdljqllugdxqeukomoxaxsigpi/Build/Intermediates.noindex/swift-clocks.build/Debug-iphonesimulator/Clocks.build/Objects-normal/arm64/Clocks_dependency_info.dat -fobjc-link-runtime -L/Applications/Xcode.app/Contents/Developer/Toolchains/XcodeDefault.xctoolchain/usr/lib/swift/iphonesimulator -L/usr/lib/swift -Xlinker -add_ast_path -Xlinker /Users/shashipandey/Library/Developer/Xcode/DerivedData/RSMS-galdljqllugdxqeukomoxaxsigpi/Build/Intermediates.noindex/swift-clocks.build/Debug-iphonesimulator/Clocks.build/Objects-normal/arm64/Clocks.swiftmodule @/Users/shashipandey/Library/Developer/Xcode/DerivedData/RSMS-galdljqllugdxqeukomoxaxsigpi/Build/Intermediates.noindex/swift-clocks.build/Debug-iphonesimulator/Clocks.build/Objects-normal/arm64/Clocks-linker-args.resp -o /Users/shashipandey/Library/Developer/Xcode/DerivedData/RSMS-galdljqllugdxqeukomoxaxsigpi/Build/Intermediates.noindex/swift-clocks.build/Debug-iphonesimulator/Clocks.build/Objects-normal/arm64/Binary/Clocks.o

SwiftDriver\ Compilation Crypto normal arm64 com.apple.xcode.tools.swift.compiler (in target 'Crypto' from project 'swift-crypto')
    cd /Users/shashipandey/Desktop/Team-8/RSMS.xcodeproj
    builtin-Swift-Compilation -- /Applications/Xcode.app/Contents/Developer/Toolchains/XcodeDefault.xctoolchain/usr/bin/swiftc -module-name Crypto -Onone @/Users/shashipandey/Library/Developer/Xcode/DerivedData/RSMS-galdljqllugdxqeukomoxaxsigpi/Build/Intermediates.noindex/swift-crypto.build/Debug-iphonesimulator/Crypto.build/Objects-normal/arm64/Crypto.SwiftFileList -DSWIFT_PACKAGE -DDEBUG -DSWIFT_MODULE_RESOURCE_BUNDLE_AVAILABLE -DCRYPTO_IN_SWIFTPM -DXcode -enable-upcoming-feature MemberImportVisibility -plugin-path /Applications/Xcode.app/Contents/Developer/Toolchains/XcodeDefault.xctoolchain/usr/lib/swift/host/plugins/testing -enable-experimental-feature DebugDescriptionMacro -sdk /Applications/Xcode.app/Contents/Developer/Platforms/iPhoneSimulator.platform/Developer/SDKs/iPhoneSimulator26.5.sdk -target arm64-apple-ios12.0-simulator -g -module-cache-path /Users/shashipandey/Library/Developer/Xcode/DerivedData/ModuleCache.noindex -Xfrontend -serialize-debugging-options -enable-testing -suppress-warnings -index-store-path /Users/shashipandey/Library/Developer/Xcode/DerivedData/RSMS-galdljqllugdxqeukomoxaxsigpi/Index.noindex/DataStore -Xcc -D_LIBCPP_HARDENING_MODE\=_LIBCPP_HARDENING_MODE_DEBUG -swift-version 6 -I /Users/shashipandey/Library/Developer/Xcode/DerivedData/RSMS-galdljqllugdxqeukomoxaxsigpi/Build/Products/Debug-iphonesimulator -Isystem /Applications/Xcode.app/Contents/Developer/Platforms/iPhoneSimulator.platform/Developer/usr/lib -F /Users/shashipandey/Library/Developer/Xcode/DerivedData/RSMS-galdljqllugdxqeukomoxaxsigpi/Build/Products/Debug-iphonesimulator -F /Applications/Xcode.app/Contents/Developer/Platforms/iPhoneSimulator.platform/Developer/Library/Frameworks -F /Applications/Xcode.app/Contents/Developer/Platforms/iPhoneSimulator.platform/Developer/SDKs/iPhoneSimulator26.5.sdk/Developer/Library/Frameworks -c -j10 -enable-batch-mode -incremental -Xcc -ivfsstatcache -Xcc /Users/shashipandey/Library/Developer/Xcode/DerivedData/SDKStatCaches.noindex/iphonesimulator26.5-23F81a-6cfe768891a92b912361537c460fe42b.sdkstatcache -output-file-map /Users/shashipandey/Library/Developer/Xcode/DerivedData/RSMS-galdljqllugdxqeukomoxaxsigpi/Build/Intermediates.noindex/swift-crypto.build/Debug-iphonesimulator/Crypto.build/Objects-normal/arm64/Crypto-OutputFileMap.json -use-frontend-parseable-output -save-temps -no-color-diagnostics -explicit-module-build -module-cache-path /Users/shashipandey/Library/Developer/Xcode/DerivedData/RSMS-galdljqllugdxqeukomoxaxsigpi/Build/Intermediates.noindex/SwiftExplicitPrecompiledModules -clang-scanner-module-cache-path /Users/shashipandey/Library/Developer/Xcode/DerivedData/ModuleCache.noindex -sdk-module-cache-path /Users/shashipandey/Library/Developer/Xcode/DerivedData/ModuleCache.noindex -serialize-diagnostics -emit-dependencies -emit-module -emit-module-path /Users/shashipandey/Library/Developer/Xcode/DerivedData/RSMS-galdljqllugdxqeukomoxaxsigpi/Build/Intermediates.noindex/swift-crypto.build/Debug-iphonesimulator/Crypto.build/Objects-normal/arm64/Crypto.swiftmodule -user-module-version 4.5.0 -validate-clang-modules-once -clang-build-session-file /Users/shashipandey/Library/Developer/Xcode/DerivedData/ModuleCache.noindex/Session.modulevalidation -package-name swift_crypto -Xcc -I/Users/shashipandey/Library/Developer/Xcode/DerivedData/RSMS-galdljqllugdxqeukomoxaxsigpi/Build/Intermediates.noindex/swift-crypto.build/Debug-iphonesimulator/Crypto.build/swift-overrides.hmap -emit-const-values -Xfrontend -const-gather-protocols-file -Xfrontend /Users/shashipandey/Library/Developer/Xcode/DerivedData/RSMS-galdljqllugdxqeukomoxaxsigpi/Build/Intermediates.noindex/swift-crypto.build/Debug-iphonesimulator/Crypto.build/Objects-normal/arm64/Crypto_const_extract_protocols.json -Xcc -I/Users/shashipandey/Library/Developer/Xcode/DerivedData/RSMS-galdljqllugdxqeukomoxaxsigpi/Build/Products/Debug-iphonesimulator/include -Xcc -I/Users/shashipandey/Library/Developer/Xcode/DerivedData/RSMS-galdljqllugdxqeukomoxaxsigpi/Build/Intermediates.noindex/swift-crypto.build/Debug-iphonesimulator/Crypto.build/DerivedSources-normal/arm64 -Xcc -I/Users/shashipandey/Library/Developer/Xcode/DerivedData/RSMS-galdljqllugdxqeukomoxaxsigpi/Build/Intermediates.noindex/swift-crypto.build/Debug-iphonesimulator/Crypto.build/DerivedSources/arm64 -Xcc -I/Users/shashipandey/Library/Developer/Xcode/DerivedData/RSMS-galdljqllugdxqeukomoxaxsigpi/Build/Intermediates.noindex/swift-crypto.build/Debug-iphonesimulator/Crypto.build/DerivedSources -Xcc -DSWIFT_PACKAGE -Xcc -DDEBUG\=1 -emit-objc-header -emit-objc-header-path /Users/shashipandey/Library/Developer/Xcode/DerivedData/RSMS-galdljqllugdxqeukomoxaxsigpi/Build/Intermediates.noindex/swift-crypto.build/Debug-iphonesimulator/Crypto.build/Objects-normal/arm64/Crypto-Swift.h -working-directory /Users/shashipandey/Desktop/Team-8/RSMS.xcodeproj -experimental-emit-module-separately -disable-cmo

SwiftDriver Helpers normal x86_64 com.apple.xcode.tools.swift.compiler (in target 'Helpers' from project 'Supabase')
    cd /Users/shashipandey/Desktop/Team-8/RSMS.xcodeproj
    builtin-SwiftDriver -- /Applications/Xcode.app/Contents/Developer/Toolchains/XcodeDefault.xctoolchain/usr/bin/swiftc -module-name Helpers -Onone @/Users/shashipandey/Library/Developer/Xcode/DerivedData/RSMS-galdljqllugdxqeukomoxaxsigpi/Build/Intermediates.noindex/Supabase.build/Debug-iphonesimulator/Helpers.build/Objects-normal/x86_64/Helpers.SwiftFileList -DSWIFT_PACKAGE -DDEBUG -DSWIFT_MODULE_RESOURCE_BUNDLE_UNAVAILABLE -DXcode -enable-upcoming-feature ExistentialAny -enable-experimental-feature StrictConcurrency -plugin-path /Applications/Xcode.app/Contents/Developer/Toolchains/XcodeDefault.xctoolchain/usr/lib/swift/host/plugins/testing -enable-experimental-feature DebugDescriptionMacro -sdk /Applications/Xcode.app/Contents/Developer/Platforms/iPhoneSimulator.platform/Developer/SDKs/iPhoneSimulator26.5.sdk -target x86_64-apple-ios13.0-simulator -g -module-cache-path /Users/shashipandey/Library/Developer/Xcode/DerivedData/ModuleCache.noindex -Xfrontend -serialize-debugging-options -enable-testing -suppress-warnings -index-store-path /Users/shashipandey/Library/Developer/Xcode/DerivedData/RSMS-galdljqllugdxqeukomoxaxsigpi/Index.noindex/DataStore -Xcc -D_LIBCPP_HARDENING_MODE\=_LIBCPP_HARDENING_MODE_DEBUG -swift-version 5 -I /Users/shashipandey/Library/Developer/Xcode/DerivedData/RSMS-galdljqllugdxqeukomoxaxsigpi/Build/Products/Debug-iphonesimulator -Isystem /Applications/Xcode.app/Contents/Developer/Platforms/iPhoneSimulator.platform/Developer/usr/lib -F /Users/shashipandey/Library/Developer/Xcode/DerivedData/RSMS-galdljqllugdxqeukomoxaxsigpi/Build/Products/Debug-iphonesimulator/PackageFrameworks -F /Users/shashipandey/Library/Developer/Xcode/DerivedData/RSMS-galdljqllugdxqeukomoxaxsigpi/Build/Products/Debug-iphonesimulator/PackageFrameworks -F /Users/shashipandey/Library/Developer/Xcode/DerivedData/RSMS-galdljqllugdxqeukomoxaxsigpi/Build/Products/Debug-iphonesimulator/PackageFrameworks -F /Users/shashipandey/Library/Developer/Xcode/DerivedData/RSMS-galdljqllugdxqeukomoxaxsigpi/Build/Products/Debug-iphonesimulator/PackageFrameworks -F /Users/shashipandey/Library/Developer/Xcode/DerivedData/RSMS-galdljqllugdxqeukomoxaxsigpi/Build/Products/Debug-iphonesimulator/PackageFrameworks -F /Users/shashipandey/Library/Developer/Xcode/DerivedData/RSMS-galdljqllugdxqeukomoxaxsigpi/Build/Products/Debug-iphonesimulator -F /Applications/Xcode.app/Contents/Developer/Platforms/iPhoneSimulator.platform/Developer/Library/Frameworks -F /Applications/Xcode.app/Contents/Developer/Platforms/iPhoneSimulator.platform/Developer/SDKs/iPhoneSimulator26.5.sdk/Developer/Library/Frameworks -c -j10 -enable-batch-mode -incremental -Xcc -ivfsstatcache -Xcc /Users/shashipandey/Library/Developer/Xcode/DerivedData/SDKStatCaches.noindex/iphonesimulator26.5-23F81a-6cfe768891a92b912361537c460fe42b.sdkstatcache -output-file-map /Users/shashipandey/Library/Developer/Xcode/DerivedData/RSMS-galdljqllugdxqeukomoxaxsigpi/Build/Intermediates.noindex/Supabase.build/Debug-iphonesimulator/Helpers.build/Objects-normal/x86_64/Helpers-OutputFileMap.json -use-frontend-parseable-output -save-temps -no-color-diagnostics -explicit-module-build -module-cache-path /Users/shashipandey/Library/Developer/Xcode/DerivedData/RSMS-galdljqllugdxqeukomoxaxsigpi/Build/Intermediates.noindex/SwiftExplicitPrecompiledModules -clang-scanner-module-cache-path /Users/shashipandey/Library/Developer/Xcode/DerivedData/ModuleCache.noindex -sdk-module-cache-path /Users/shashipandey/Library/Developer/Xcode/DerivedData/ModuleCache.noindex -serialize-diagnostics -emit-dependencies -emit-module -emit-module-path /Users/shashipandey/Library/Developer/Xcode/DerivedData/RSMS-galdljqllugdxqeukomoxaxsigpi/Build/Intermediates.noindex/Supabase.build/Debug-iphonesimulator/Helpers.build/Objects-normal/x86_64/Helpers.swiftmodule -validate-clang-modules-once -clang-build-session-file /Users/shashipandey/Library/Developer/Xcode/DerivedData/ModuleCache.noindex/Session.modulevalidation -package-name supabase_swift -Xcc -I/Users/shashipandey/Library/Developer/Xcode/DerivedData/RSMS-galdljqllugdxqeukomoxaxsigpi/Build/Intermediates.noindex/Supabase.build/Debug-iphonesimulator/Helpers.build/swift-overrides.hmap -emit-const-values -Xfrontend -const-gather-protocols-file -Xfrontend /Users/shashipandey/Library/Developer/Xcode/DerivedData/RSMS-galdljqllugdxqeukomoxaxsigpi/Build/Intermediates.noindex/Supabase.build/Debug-iphonesimulator/Helpers.build/Objects-normal/x86_64/Helpers_const_extract_protocols.json -Xcc -I/Users/shashipandey/Library/Developer/Xcode/DerivedData/RSMS-galdljqllugdxqeukomoxaxsigpi/Build/Products/Debug-iphonesimulator/include -Xcc -I/Users/shashipandey/Library/Developer/Xcode/DerivedData/RSMS-galdljqllugdxqeukomoxaxsigpi/Build/Intermediates.noindex/Supabase.build/Debug-iphonesimulator/Helpers.build/DerivedSources-normal/x86_64 -Xcc -I/Users/shashipandey/Library/Developer/Xcode/DerivedData/RSMS-galdljqllugdxqeukomoxaxsigpi/Build/Intermediates.noindex/Supabase.build/Debug-iphonesimulator/Helpers.build/DerivedSources/x86_64 -Xcc -I/Users/shashipandey/Library/Developer/Xcode/DerivedData/RSMS-galdljqllugdxqeukomoxaxsigpi/Build/Intermediates.noindex/Supabase.build/Debug-iphonesimulator/Helpers.build/DerivedSources -Xcc -DSWIFT_PACKAGE -Xcc -DDEBUG\=1 -emit-objc-header -emit-objc-header-path /Users/shashipandey/Library/Developer/Xcode/DerivedData/RSMS-galdljqllugdxqeukomoxaxsigpi/Build/Intermediates.noindex/Supabase.build/Debug-iphonesimulator/Helpers.build/Objects-normal/x86_64/Helpers-Swift.h -working-directory /Users/shashipandey/Desktop/Team-8/RSMS.xcodeproj -experimental-emit-module-separately -disable-cmo

SwiftDriver Helpers normal arm64 com.apple.xcode.tools.swift.compiler (in target 'Helpers' from project 'Supabase')
    cd /Users/shashipandey/Desktop/Team-8/RSMS.xcodeproj
    builtin-SwiftDriver -- /Applications/Xcode.app/Contents/Developer/Toolchains/XcodeDefault.xctoolchain/usr/bin/swiftc -module-name Helpers -Onone @/Users/shashipandey/Library/Developer/Xcode/DerivedData/RSMS-galdljqllugdxqeukomoxaxsigpi/Build/Intermediates.noindex/Supabase.build/Debug-iphonesimulator/Helpers.build/Objects-normal/arm64/Helpers.SwiftFileList -DSWIFT_PACKAGE -DDEBUG -DSWIFT_MODULE_RESOURCE_BUNDLE_UNAVAILABLE -DXcode -enable-upcoming-feature ExistentialAny -enable-experimental-feature StrictConcurrency -plugin-path /Applications/Xcode.app/Contents/Developer/Toolchains/XcodeDefault.xctoolchain/usr/lib/swift/host/plugins/testing -enable-experimental-feature DebugDescriptionMacro -sdk /Applications/Xcode.app/Contents/Developer/Platforms/iPhoneSimulator.platform/Developer/SDKs/iPhoneSimulator26.5.sdk -target arm64-apple-ios13.0-simulator -g -module-cache-path /Users/shashipandey/Library/Developer/Xcode/DerivedData/ModuleCache.noindex -Xfrontend -serialize-debugging-options -enable-testing -suppress-warnings -index-store-path /Users/shashipandey/Library/Developer/Xcode/DerivedData/RSMS-galdljqllugdxqeukomoxaxsigpi/Index.noindex/DataStore -Xcc -D_LIBCPP_HARDENING_MODE\=_LIBCPP_HARDENING_MODE_DEBUG -swift-version 5 -I /Users/shashipandey/Library/Developer/Xcode/DerivedData/RSMS-galdljqllugdxqeukomoxaxsigpi/Build/Products/Debug-iphonesimulator -Isystem /Applications/Xcode.app/Contents/Developer/Platforms/iPhoneSimulator.platform/Developer/usr/lib -F /Users/shashipandey/Library/Developer/Xcode/DerivedData/RSMS-galdljqllugdxqeukomoxaxsigpi/Build/Products/Debug-iphonesimulator/PackageFrameworks -F /Users/shashipandey/Library/Developer/Xcode/DerivedData/RSMS-galdljqllugdxqeukomoxaxsigpi/Build/Products/Debug-iphonesimulator/PackageFrameworks -F /Users/shashipandey/Library/Developer/Xcode/DerivedData/RSMS-galdljqllugdxqeukomoxaxsigpi/Build/Products/Debug-iphonesimulator/PackageFrameworks -F /Users/shashipandey/Library/Developer/Xcode/DerivedData/RSMS-galdljqllugdxqeukomoxaxsigpi/Build/Products/Debug-iphonesimulator/PackageFrameworks -F /Users/shashipandey/Library/Developer/Xcode/DerivedData/RSMS-galdljqllugdxqeukomoxaxsigpi/Build/Products/Debug-iphonesimulator/PackageFrameworks -F /Users/shashipandey/Library/Developer/Xcode/DerivedData/RSMS-galdljqllugdxqeukomoxaxsigpi/Build/Products/Debug-iphonesimulator -F /Applications/Xcode.app/Contents/Developer/Platforms/iPhoneSimulator.platform/Developer/Library/Frameworks -F /Applications/Xcode.app/Contents/Developer/Platforms/iPhoneSimulator.platform/Developer/SDKs/iPhoneSimulator26.5.sdk/Developer/Library/Frameworks -c -j10 -enable-batch-mode -incremental -Xcc -ivfsstatcache -Xcc /Users/shashipandey/Library/Developer/Xcode/DerivedData/SDKStatCaches.noindex/iphonesimulator26.5-23F81a-6cfe768891a92b912361537c460fe42b.sdkstatcache -output-file-map /Users/shashipandey/Library/Developer/Xcode/DerivedData/RSMS-galdljqllugdxqeukomoxaxsigpi/Build/Intermediates.noindex/Supabase.build/Debug-iphonesimulator/Helpers.build/Objects-normal/arm64/Helpers-OutputFileMap.json -use-frontend-parseable-output -save-temps -no-color-diagnostics -explicit-module-build -module-cache-path /Users/shashipandey/Library/Developer/Xcode/DerivedData/RSMS-galdljqllugdxqeukomoxaxsigpi/Build/Intermediates.noindex/SwiftExplicitPrecompiledModules -clang-scanner-module-cache-path /Users/shashipandey/Library/Developer/Xcode/DerivedData/ModuleCache.noindex -sdk-module-cache-path /Users/shashipandey/Library/Developer/Xcode/DerivedData/ModuleCache.noindex -serialize-diagnostics -emit-dependencies -emit-module -emit-module-path /Users/shashipandey/Library/Developer/Xcode/DerivedData/RSMS-galdljqllugdxqeukomoxaxsigpi/Build/Intermediates.noindex/Supabase.build/Debug-iphonesimulator/Helpers.build/Objects-normal/arm64/Helpers.swiftmodule -validate-clang-modules-once -clang-build-session-file /Users/shashipandey/Library/Developer/Xcode/DerivedData/ModuleCache.noindex/Session.modulevalidation -package-name supabase_swift -Xcc -I/Users/shashipandey/Library/Developer/Xcode/DerivedData/RSMS-galdljqllugdxqeukomoxaxsigpi/Build/Intermediates.noindex/Supabase.build/Debug-iphonesimulator/Helpers.build/swift-overrides.hmap -emit-const-values -Xfrontend -const-gather-protocols-file -Xfrontend /Users/shashipandey/Library/Developer/Xcode/DerivedData/RSMS-galdljqllugdxqeukomoxaxsigpi/Build/Intermediates.noindex/Supabase.build/Debug-iphonesimulator/Helpers.build/Objects-normal/arm64/Helpers_const_extract_protocols.json -Xcc -I/Users/shashipandey/Library/Developer/Xcode/DerivedData/RSMS-galdljqllugdxqeukomoxaxsigpi/Build/Products/Debug-iphonesimulator/include -Xcc -I/Users/shashipandey/Library/Developer/Xcode/DerivedData/RSMS-galdljqllugdxqeukomoxaxsigpi/Build/Intermediates.noindex/Supabase.build/Debug-iphonesimulator/Helpers.build/DerivedSources-normal/arm64 -Xcc -I/Users/shashipandey/Library/Developer/Xcode/DerivedData/RSMS-galdljqllugdxqeukomoxaxsigpi/Build/Intermediates.noindex/Supabase.build/Debug-iphonesimulator/Helpers.build/DerivedSources/arm64 -Xcc -I/Users/shashipandey/Library/Developer/Xcode/DerivedData/RSMS-galdljqllugdxqeukomoxaxsigpi/Build/Intermediates.noindex/Supabase.build/Debug-iphonesimulator/Helpers.build/DerivedSources -Xcc -DSWIFT_PACKAGE -Xcc -DDEBUG\=1 -emit-objc-header -emit-objc-header-path /Users/shashipandey/Library/Developer/Xcode/DerivedData/RSMS-galdljqllugdxqeukomoxaxsigpi/Build/Intermediates.noindex/Supabase.build/Debug-iphonesimulator/Helpers.build/Objects-normal/arm64/Helpers-Swift.h -working-directory /Users/shashipandey/Desktop/Team-8/RSMS.xcodeproj -experimental-emit-module-separately -disable-cmo

Copy /Users/shashipandey/Library/Developer/Xcode/DerivedData/RSMS-galdljqllugdxqeukomoxaxsigpi/Build/Products/Debug-iphonesimulator/Crypto.swiftmodule/arm64-apple-ios-simulator.swiftmodule /Users/shashipandey/Library/Developer/Xcode/DerivedData/RSMS-galdljqllugdxqeukomoxaxsigpi/Build/Intermediates.noindex/swift-crypto.build/Debug-iphonesimulator/Crypto.build/Objects-normal/arm64/Crypto.swiftmodule (in target 'Crypto' from project 'swift-crypto')
    cd /Users/shashipandey/Library/Developer/Xcode/DerivedData/RSMS-galdljqllugdxqeukomoxaxsigpi/SourcePackages/checkouts/swift-crypto
    builtin-copy -exclude .DS_Store -exclude CVS -exclude .svn -exclude .git -exclude .hg -resolve-src-symlinks -rename /Users/shashipandey/Library/Developer/Xcode/DerivedData/RSMS-galdljqllugdxqeukomoxaxsigpi/Build/Intermediates.noindex/swift-crypto.build/Debug-iphonesimulator/Crypto.build/Objects-normal/arm64/Crypto.swiftmodule /Users/shashipandey/Library/Developer/Xcode/DerivedData/RSMS-galdljqllugdxqeukomoxaxsigpi/Build/Products/Debug-iphonesimulator/Crypto.swiftmodule/arm64-apple-ios-simulator.swiftmodule

SwiftDriver\ Compilation\ Requirements Crypto normal x86_64 com.apple.xcode.tools.swift.compiler (in target 'Crypto' from project 'swift-crypto')
    cd /Users/shashipandey/Desktop/Team-8/RSMS.xcodeproj
    builtin-Swift-Compilation-Requirements -- /Applications/Xcode.app/Contents/Developer/Toolchains/XcodeDefault.xctoolchain/usr/bin/swiftc -module-name Crypto -Onone @/Users/shashipandey/Library/Developer/Xcode/DerivedData/RSMS-galdljqllugdxqeukomoxaxsigpi/Build/Intermediates.noindex/swift-crypto.build/Debug-iphonesimulator/Crypto.build/Objects-normal/x86_64/Crypto.SwiftFileList -DSWIFT_PACKAGE -DDEBUG -DSWIFT_MODULE_RESOURCE_BUNDLE_AVAILABLE -DCRYPTO_IN_SWIFTPM -DXcode -enable-upcoming-feature MemberImportVisibility -plugin-path /Applications/Xcode.app/Contents/Developer/Toolchains/XcodeDefault.xctoolchain/usr/lib/swift/host/plugins/testing -enable-experimental-feature DebugDescriptionMacro -sdk /Applications/Xcode.app/Contents/Developer/Platforms/iPhoneSimulator.platform/Developer/SDKs/iPhoneSimulator26.5.sdk -target x86_64-apple-ios12.0-simulator -g -module-cache-path /Users/shashipandey/Library/Developer/Xcode/DerivedData/ModuleCache.noindex -Xfrontend -serialize-debugging-options -enable-testing -suppress-warnings -index-store-path /Users/shashipandey/Library/Developer/Xcode/DerivedData/RSMS-galdljqllugdxqeukomoxaxsigpi/Index.noindex/DataStore -Xcc -D_LIBCPP_HARDENING_MODE\=_LIBCPP_HARDENING_MODE_DEBUG -swift-version 6 -I /Users/shashipandey/Library/Developer/Xcode/DerivedData/RSMS-galdljqllugdxqeukomoxaxsigpi/Build/Products/Debug-iphonesimulator -Isystem /Applications/Xcode.app/Contents/Developer/Platforms/iPhoneSimulator.platform/Developer/usr/lib -F /Users/shashipandey/Library/Developer/Xcode/DerivedData/RSMS-galdljqllugdxqeukomoxaxsigpi/Build/Products/Debug-iphonesimulator -F /Applications/Xcode.app/Contents/Developer/Platforms/iPhoneSimulator.platform/Developer/Library/Frameworks -F /Applications/Xcode.app/Contents/Developer/Platforms/iPhoneSimulator.platform/Developer/SDKs/iPhoneSimulator26.5.sdk/Developer/Library/Frameworks -c -j10 -enable-batch-mode -incremental -Xcc -ivfsstatcache -Xcc /Users/shashipandey/Library/Developer/Xcode/DerivedData/SDKStatCaches.noindex/iphonesimulator26.5-23F81a-6cfe768891a92b912361537c460fe42b.sdkstatcache -output-file-map /Users/shashipandey/Library/Developer/Xcode/DerivedData/RSMS-galdljqllugdxqeukomoxaxsigpi/Build/Intermediates.noindex/swift-crypto.build/Debug-iphonesimulator/Crypto.build/Objects-normal/x86_64/Crypto-OutputFileMap.json -use-frontend-parseable-output -save-temps -no-color-diagnostics -explicit-module-build -module-cache-path /Users/shashipandey/Library/Developer/Xcode/DerivedData/RSMS-galdljqllugdxqeukomoxaxsigpi/Build/Intermediates.noindex/SwiftExplicitPrecompiledModules -clang-scanner-module-cache-path /Users/shashipandey/Library/Developer/Xcode/DerivedData/ModuleCache.noindex -sdk-module-cache-path /Users/shashipandey/Library/Developer/Xcode/DerivedData/ModuleCache.noindex -serialize-diagnostics -emit-dependencies -emit-module -emit-module-path /Users/shashipandey/Library/Developer/Xcode/DerivedData/RSMS-galdljqllugdxqeukomoxaxsigpi/Build/Intermediates.noindex/swift-crypto.build/Debug-iphonesimulator/Crypto.build/Objects-normal/x86_64/Crypto.swiftmodule -user-module-version 4.5.0 -validate-clang-modules-once -clang-build-session-file /Users/shashipandey/Library/Developer/Xcode/DerivedData/ModuleCache.noindex/Session.modulevalidation -package-name swift_crypto -Xcc -I/Users/shashipandey/Library/Developer/Xcode/DerivedData/RSMS-galdljqllugdxqeukomoxaxsigpi/Build/Intermediates.noindex/swift-crypto.build/Debug-iphonesimulator/Crypto.build/swift-overrides.hmap -emit-const-values -Xfrontend -const-gather-protocols-file -Xfrontend /Users/shashipandey/Library/Developer/Xcode/DerivedData/RSMS-galdljqllugdxqeukomoxaxsigpi/Build/Intermediates.noindex/swift-crypto.build/Debug-iphonesimulator/Crypto.build/Objects-normal/x86_64/Crypto_const_extract_protocols.json -Xcc -I/Users/shashipandey/Library/Developer/Xcode/DerivedData/RSMS-galdljqllugdxqeukomoxaxsigpi/Build/Products/Debug-iphonesimulator/include -Xcc -I/Users/shashipandey/Library/Developer/Xcode/DerivedData/RSMS-galdljqllugdxqeukomoxaxsigpi/Build/Intermediates.noindex/swift-crypto.build/Debug-iphonesimulator/Crypto.build/DerivedSources-normal/x86_64 -Xcc -I/Users/shashipandey/Library/Developer/Xcode/DerivedData/RSMS-galdljqllugdxqeukomoxaxsigpi/Build/Intermediates.noindex/swift-crypto.build/Debug-iphonesimulator/Crypto.build/DerivedSources/x86_64 -Xcc -I/Users/shashipandey/Library/Developer/Xcode/DerivedData/RSMS-galdljqllugdxqeukomoxaxsigpi/Build/Intermediates.noindex/swift-crypto.build/Debug-iphonesimulator/Crypto.build/DerivedSources -Xcc -DSWIFT_PACKAGE -Xcc -DDEBUG\=1 -emit-objc-header -emit-objc-header-path /Users/shashipandey/Library/Developer/Xcode/DerivedData/RSMS-galdljqllugdxqeukomoxaxsigpi/Build/Intermediates.noindex/swift-crypto.build/Debug-iphonesimulator/Crypto.build/Objects-normal/x86_64/Crypto-Swift.h -working-directory /Users/shashipandey/Desktop/Team-8/RSMS.xcodeproj -experimental-emit-module-separately -disable-cmo

Copy /Users/shashipandey/Library/Developer/Xcode/DerivedData/RSMS-galdljqllugdxqeukomoxaxsigpi/Build/Products/Debug-iphonesimulator/Crypto.swiftmodule/arm64-apple-ios-simulator.swiftdoc /Users/shashipandey/Library/Developer/Xcode/DerivedData/RSMS-galdljqllugdxqeukomoxaxsigpi/Build/Intermediates.noindex/swift-crypto.build/Debug-iphonesimulator/Crypto.build/Objects-normal/arm64/Crypto.swiftdoc (in target 'Crypto' from project 'swift-crypto')
    cd /Users/shashipandey/Library/Developer/Xcode/DerivedData/RSMS-galdljqllugdxqeukomoxaxsigpi/SourcePackages/checkouts/swift-crypto
    builtin-copy -exclude .DS_Store -exclude CVS -exclude .svn -exclude .git -exclude .hg -resolve-src-symlinks -rename /Users/shashipandey/Library/Developer/Xcode/DerivedData/RSMS-galdljqllugdxqeukomoxaxsigpi/Build/Intermediates.noindex/swift-crypto.build/Debug-iphonesimulator/Crypto.build/Objects-normal/arm64/Crypto.swiftdoc /Users/shashipandey/Library/Developer/Xcode/DerivedData/RSMS-galdljqllugdxqeukomoxaxsigpi/Build/Products/Debug-iphonesimulator/Crypto.swiftmodule/arm64-apple-ios-simulator.swiftdoc

Copy /Users/shashipandey/Library/Developer/Xcode/DerivedData/RSMS-galdljqllugdxqeukomoxaxsigpi/Build/Products/Debug-iphonesimulator/Crypto.swiftmodule/arm64-apple-ios-simulator.abi.json /Users/shashipandey/Library/Developer/Xcode/DerivedData/RSMS-galdljqllugdxqeukomoxaxsigpi/Build/Intermediates.noindex/swift-crypto.build/Debug-iphonesimulator/Crypto.build/Objects-normal/arm64/Crypto.abi.json (in target 'Crypto' from project 'swift-crypto')
    cd /Users/shashipandey/Library/Developer/Xcode/DerivedData/RSMS-galdljqllugdxqeukomoxaxsigpi/SourcePackages/checkouts/swift-crypto
    builtin-copy -exclude .DS_Store -exclude CVS -exclude .svn -exclude .git -exclude .hg -resolve-src-symlinks -rename /Users/shashipandey/Library/Developer/Xcode/DerivedData/RSMS-galdljqllugdxqeukomoxaxsigpi/Build/Intermediates.noindex/swift-crypto.build/Debug-iphonesimulator/Crypto.build/Objects-normal/arm64/Crypto.abi.json /Users/shashipandey/Library/Developer/Xcode/DerivedData/RSMS-galdljqllugdxqeukomoxaxsigpi/Build/Products/Debug-iphonesimulator/Crypto.swiftmodule/arm64-apple-ios-simulator.abi.json

Copy /Users/shashipandey/Library/Developer/Xcode/DerivedData/RSMS-galdljqllugdxqeukomoxaxsigpi/Build/Products/Debug-iphonesimulator/Crypto.swiftmodule/Project/arm64-apple-ios-simulator.swiftsourceinfo /Users/shashipandey/Library/Developer/Xcode/DerivedData/RSMS-galdljqllugdxqeukomoxaxsigpi/Build/Intermediates.noindex/swift-crypto.build/Debug-iphonesimulator/Crypto.build/Objects-normal/arm64/Crypto.swiftsourceinfo (in target 'Crypto' from project 'swift-crypto')
    cd /Users/shashipandey/Library/Developer/Xcode/DerivedData/RSMS-galdljqllugdxqeukomoxaxsigpi/SourcePackages/checkouts/swift-crypto
    builtin-copy -exclude .DS_Store -exclude CVS -exclude .svn -exclude .git -exclude .hg -resolve-src-symlinks -rename /Users/shashipandey/Library/Developer/Xcode/DerivedData/RSMS-galdljqllugdxqeukomoxaxsigpi/Build/Intermediates.noindex/swift-crypto.build/Debug-iphonesimulator/Crypto.build/Objects-normal/arm64/Crypto.swiftsourceinfo /Users/shashipandey/Library/Developer/Xcode/DerivedData/RSMS-galdljqllugdxqeukomoxaxsigpi/Build/Products/Debug-iphonesimulator/Crypto.swiftmodule/Project/arm64-apple-ios-simulator.swiftsourceinfo

SwiftMergeGeneratedHeaders /Users/shashipandey/Library/Developer/Xcode/DerivedData/RSMS-galdljqllugdxqeukomoxaxsigpi/Build/Intermediates.noindex/GeneratedModuleMaps-iphonesimulator/Crypto-Swift.h /Users/shashipandey/Library/Developer/Xcode/DerivedData/RSMS-galdljqllugdxqeukomoxaxsigpi/Build/Intermediates.noindex/swift-crypto.build/Debug-iphonesimulator/Crypto.build/Objects-normal/arm64/Crypto-Swift.h /Users/shashipandey/Library/Developer/Xcode/DerivedData/RSMS-galdljqllugdxqeukomoxaxsigpi/Build/Intermediates.noindex/swift-crypto.build/Debug-iphonesimulator/Crypto.build/Objects-normal/x86_64/Crypto-Swift.h (in target 'Crypto' from project 'swift-crypto')
    cd /Users/shashipandey/Library/Developer/Xcode/DerivedData/RSMS-galdljqllugdxqeukomoxaxsigpi/SourcePackages/checkouts/swift-crypto
    builtin-swiftHeaderTool -arch arm64 /Users/shashipandey/Library/Developer/Xcode/DerivedData/RSMS-galdljqllugdxqeukomoxaxsigpi/Build/Intermediates.noindex/swift-crypto.build/Debug-iphonesimulator/Crypto.build/Objects-normal/arm64/Crypto-Swift.h -arch x86_64 /Users/shashipandey/Library/Developer/Xcode/DerivedData/RSMS-galdljqllugdxqeukomoxaxsigpi/Build/Intermediates.noindex/swift-crypto.build/Debug-iphonesimulator/Crypto.build/Objects-normal/x86_64/Crypto-Swift.h -o /Users/shashipandey/Library/Developer/Xcode/DerivedData/RSMS-galdljqllugdxqeukomoxaxsigpi/Build/Intermediates.noindex/GeneratedModuleMaps-iphonesimulator/Crypto-Swift.h

SwiftDriver\ Compilation Crypto normal x86_64 com.apple.xcode.tools.swift.compiler (in target 'Crypto' from project 'swift-crypto')
    cd /Users/shashipandey/Desktop/Team-8/RSMS.xcodeproj
    builtin-Swift-Compilation -- /Applications/Xcode.app/Contents/Developer/Toolchains/XcodeDefault.xctoolchain/usr/bin/swiftc -module-name Crypto -Onone @/Users/shashipandey/Library/Developer/Xcode/DerivedData/RSMS-galdljqllugdxqeukomoxaxsigpi/Build/Intermediates.noindex/swift-crypto.build/Debug-iphonesimulator/Crypto.build/Objects-normal/x86_64/Crypto.SwiftFileList -DSWIFT_PACKAGE -DDEBUG -DSWIFT_MODULE_RESOURCE_BUNDLE_AVAILABLE -DCRYPTO_IN_SWIFTPM -DXcode -enable-upcoming-feature MemberImportVisibility -plugin-path /Applications/Xcode.app/Contents/Developer/Toolchains/XcodeDefault.xctoolchain/usr/lib/swift/host/plugins/testing -enable-experimental-feature DebugDescriptionMacro -sdk /Applications/Xcode.app/Contents/Developer/Platforms/iPhoneSimulator.platform/Developer/SDKs/iPhoneSimulator26.5.sdk -target x86_64-apple-ios12.0-simulator -g -module-cache-path /Users/shashipandey/Library/Developer/Xcode/DerivedData/ModuleCache.noindex -Xfrontend -serialize-debugging-options -enable-testing -suppress-warnings -index-store-path /Users/shashipandey/Library/Developer/Xcode/DerivedData/RSMS-galdljqllugdxqeukomoxaxsigpi/Index.noindex/DataStore -Xcc -D_LIBCPP_HARDENING_MODE\=_LIBCPP_HARDENING_MODE_DEBUG -swift-version 6 -I /Users/shashipandey/Library/Developer/Xcode/DerivedData/RSMS-galdljqllugdxqeukomoxaxsigpi/Build/Products/Debug-iphonesimulator -Isystem /Applications/Xcode.app/Contents/Developer/Platforms/iPhoneSimulator.platform/Developer/usr/lib -F /Users/shashipandey/Library/Developer/Xcode/DerivedData/RSMS-galdljqllugdxqeukomoxaxsigpi/Build/Products/Debug-iphonesimulator -F /Applications/Xcode.app/Contents/Developer/Platforms/iPhoneSimulator.platform/Developer/Library/Frameworks -F /Applications/Xcode.app/Contents/Developer/Platforms/iPhoneSimulator.platform/Developer/SDKs/iPhoneSimulator26.5.sdk/Developer/Library/Frameworks -c -j10 -enable-batch-mode -incremental -Xcc -ivfsstatcache -Xcc /Users/shashipandey/Library/Developer/Xcode/DerivedData/SDKStatCaches.noindex/iphonesimulator26.5-23F81a-6cfe768891a92b912361537c460fe42b.sdkstatcache -output-file-map /Users/shashipandey/Library/Developer/Xcode/DerivedData/RSMS-galdljqllugdxqeukomoxaxsigpi/Build/Intermediates.noindex/swift-crypto.build/Debug-iphonesimulator/Crypto.build/Objects-normal/x86_64/Crypto-OutputFileMap.json -use-frontend-parseable-output -save-temps -no-color-diagnostics -explicit-module-build -module-cache-path /Users/shashipandey/Library/Developer/Xcode/DerivedData/RSMS-galdljqllugdxqeukomoxaxsigpi/Build/Intermediates.noindex/SwiftExplicitPrecompiledModules -clang-scanner-module-cache-path /Users/shashipandey/Library/Developer/Xcode/DerivedData/ModuleCache.noindex -sdk-module-cache-path /Users/shashipandey/Library/Developer/Xcode/DerivedData/ModuleCache.noindex -serialize-diagnostics -emit-dependencies -emit-module -emit-module-path /Users/shashipandey/Library/Developer/Xcode/DerivedData/RSMS-galdljqllugdxqeukomoxaxsigpi/Build/Intermediates.noindex/swift-crypto.build/Debug-iphonesimulator/Crypto.build/Objects-normal/x86_64/Crypto.swiftmodule -user-module-version 4.5.0 -validate-clang-modules-once -clang-build-session-file /Users/shashipandey/Library/Developer/Xcode/DerivedData/ModuleCache.noindex/Session.modulevalidation -package-name swift_crypto -Xcc -I/Users/shashipandey/Library/Developer/Xcode/DerivedData/RSMS-galdljqllugdxqeukomoxaxsigpi/Build/Intermediates.noindex/swift-crypto.build/Debug-iphonesimulator/Crypto.build/swift-overrides.hmap -emit-const-values -Xfrontend -const-gather-protocols-file -Xfrontend /Users/shashipandey/Library/Developer/Xcode/DerivedData/RSMS-galdljqllugdxqeukomoxaxsigpi/Build/Intermediates.noindex/swift-crypto.build/Debug-iphonesimulator/Crypto.build/Objects-normal/x86_64/Crypto_const_extract_protocols.json -Xcc -I/Users/shashipandey/Library/Developer/Xcode/DerivedData/RSMS-galdljqllugdxqeukomoxaxsigpi/Build/Products/Debug-iphonesimulator/include -Xcc -I/Users/shashipandey/Library/Developer/Xcode/DerivedData/RSMS-galdljqllugdxqeukomoxaxsigpi/Build/Intermediates.noindex/swift-crypto.build/Debug-iphonesimulator/Crypto.build/DerivedSources-normal/x86_64 -Xcc -I/Users/shashipandey/Library/Developer/Xcode/DerivedData/RSMS-galdljqllugdxqeukomoxaxsigpi/Build/Intermediates.noindex/swift-crypto.build/Debug-iphonesimulator/Crypto.build/DerivedSources/x86_64 -Xcc -I/Users/shashipandey/Library/Developer/Xcode/DerivedData/RSMS-galdljqllugdxqeukomoxaxsigpi/Build/Intermediates.noindex/swift-crypto.build/Debug-iphonesimulator/Crypto.build/DerivedSources -Xcc -DSWIFT_PACKAGE -Xcc -DDEBUG\=1 -emit-objc-header -emit-objc-header-path /Users/shashipandey/Library/Developer/Xcode/DerivedData/RSMS-galdljqllugdxqeukomoxaxsigpi/Build/Intermediates.noindex/swift-crypto.build/Debug-iphonesimulator/Crypto.build/Objects-normal/x86_64/Crypto-Swift.h -working-directory /Users/shashipandey/Desktop/Team-8/RSMS.xcodeproj -experimental-emit-module-separately -disable-cmo

CreateUniversalBinary /Users/shashipandey/Library/Developer/Xcode/DerivedData/RSMS-galdljqllugdxqeukomoxaxsigpi/Build/Products/Debug-iphonesimulator/Clocks.o normal arm64\ x86_64 (in target 'Clocks' from project 'swift-clocks')
    cd /Users/shashipandey/Library/Developer/Xcode/DerivedData/RSMS-galdljqllugdxqeukomoxaxsigpi/SourcePackages/checkouts/swift-clocks
    /Applications/Xcode.app/Contents/Developer/Toolchains/XcodeDefault.xctoolchain/usr/bin/lipo -create /Users/shashipandey/Library/Developer/Xcode/DerivedData/RSMS-galdljqllugdxqeukomoxaxsigpi/Build/Intermediates.noindex/swift-clocks.build/Debug-iphonesimulator/Clocks.build/Objects-normal/arm64/Binary/Clocks.o /Users/shashipandey/Library/Developer/Xcode/DerivedData/RSMS-galdljqllugdxqeukomoxaxsigpi/Build/Intermediates.noindex/swift-clocks.build/Debug-iphonesimulator/Clocks.build/Objects-normal/x86_64/Binary/Clocks.o -output /Users/shashipandey/Library/Developer/Xcode/DerivedData/RSMS-galdljqllugdxqeukomoxaxsigpi/Build/Products/Debug-iphonesimulator/Clocks.o

ExtractAppIntentsMetadata (in target 'Clocks' from project 'swift-clocks')
    cd /Users/shashipandey/Library/Developer/Xcode/DerivedData/RSMS-galdljqllugdxqeukomoxaxsigpi/SourcePackages/checkouts/swift-clocks
    /Applications/Xcode.app/Contents/Developer/Toolchains/XcodeDefault.xctoolchain/usr/bin/appintentsmetadataprocessor --toolchain-dir /Applications/Xcode.app/Contents/Developer/Toolchains/XcodeDefault.xctoolchain --module-name Clocks --sdk-root /Applications/Xcode.app/Contents/Developer/Platforms/iPhoneSimulator.platform/Developer/SDKs/iPhoneSimulator26.5.sdk --xcode-version 17F113 --platform-family iOS --deployment-target 13.0 --bundle-identifier swift-clocks.Clocks --output /Users/shashipandey/Library/Developer/Xcode/DerivedData/RSMS-galdljqllugdxqeukomoxaxsigpi/Build/Products/Debug-iphonesimulator/Clocks.appintents --target-triple arm64-apple-ios13.0-simulator --target-triple x86_64-apple-ios13.0-simulator --binary-file /Users/shashipandey/Library/Developer/Xcode/DerivedData/RSMS-galdljqllugdxqeukomoxaxsigpi/Build/Products/Debug-iphonesimulator/Clocks.o --dependency-file /Users/shashipandey/Library/Developer/Xcode/DerivedData/RSMS-galdljqllugdxqeukomoxaxsigpi/Build/Intermediates.noindex/swift-clocks.build/Debug-iphonesimulator/Clocks.build/Objects-normal/arm64/Clocks_dependency_info.dat --dependency-file /Users/shashipandey/Library/Developer/Xcode/DerivedData/RSMS-galdljqllugdxqeukomoxaxsigpi/Build/Intermediates.noindex/swift-clocks.build/Debug-iphonesimulator/Clocks.build/Objects-normal/x86_64/Clocks_dependency_info.dat --stringsdata-file /Users/shashipandey/Library/Developer/Xcode/DerivedData/RSMS-galdljqllugdxqeukomoxaxsigpi/Build/Intermediates.noindex/swift-clocks.build/Debug-iphonesimulator/Clocks.build/Objects-normal/arm64/ExtractedAppShortcutsMetadata.stringsdata --stringsdata-file /Users/shashipandey/Library/Developer/Xcode/DerivedData/RSMS-galdljqllugdxqeukomoxaxsigpi/Build/Intermediates.noindex/swift-clocks.build/Debug-iphonesimulator/Clocks.build/Objects-normal/x86_64/ExtractedAppShortcutsMetadata.stringsdata --source-file-list /Users/shashipandey/Library/Developer/Xcode/DerivedData/RSMS-galdljqllugdxqeukomoxaxsigpi/Build/Intermediates.noindex/swift-clocks.build/Debug-iphonesimulator/Clocks.build/Objects-normal/arm64/Clocks.SwiftFileList --source-file-list /Users/shashipandey/Library/Developer/Xcode/DerivedData/RSMS-galdljqllugdxqeukomoxaxsigpi/Build/Intermediates.noindex/swift-clocks.build/Debug-iphonesimulator/Clocks.build/Objects-normal/x86_64/Clocks.SwiftFileList --metadata-file-list /Users/shashipandey/Library/Developer/Xcode/DerivedData/RSMS-galdljqllugdxqeukomoxaxsigpi/Build/Intermediates.noindex/swift-clocks.build/Debug-iphonesimulator/Clocks.build/Clocks.DependencyMetadataFileList --static-metadata-file-list /Users/shashipandey/Library/Developer/Xcode/DerivedData/RSMS-galdljqllugdxqeukomoxaxsigpi/Build/Intermediates.noindex/swift-clocks.build/Debug-iphonesimulator/Clocks.build/Clocks.DependencyStaticMetadataFileList --swift-const-vals-list /Users/shashipandey/Library/Developer/Xcode/DerivedData/RSMS-galdljqllugdxqeukomoxaxsigpi/Build/Intermediates.noindex/swift-clocks.build/Debug-iphonesimulator/Clocks.build/Objects-normal/arm64/Clocks.SwiftConstValuesFileList --swift-const-vals-list /Users/shashipandey/Library/Developer/Xcode/DerivedData/RSMS-galdljqllugdxqeukomoxaxsigpi/Build/Intermediates.noindex/swift-clocks.build/Debug-iphonesimulator/Clocks.build/Objects-normal/x86_64/Clocks.SwiftConstValuesFileList --force --compile-time-extraction --deployment-aware-processing --validate-assistant-intents --no-app-shortcuts-localization
2026-07-07 16:58:06.288 appintentsmetadataprocessor[23149:377748] Starting appintentsmetadataprocessor export
2026-07-07 16:58:06.295 appintentsmetadataprocessor[23149:377748] Extracted no relevant App Intents symbols, skipping writing output

RegisterExecutionPolicyException /Users/shashipandey/Library/Developer/Xcode/DerivedData/RSMS-galdljqllugdxqeukomoxaxsigpi/Build/Products/Debug-iphonesimulator/Clocks.o (in target 'Clocks' from project 'swift-clocks')
    cd /Users/shashipandey/Library/Developer/Xcode/DerivedData/RSMS-galdljqllugdxqeukomoxaxsigpi/SourcePackages/checkouts/swift-clocks
    builtin-RegisterExecutionPolicyException /Users/shashipandey/Library/Developer/Xcode/DerivedData/RSMS-galdljqllugdxqeukomoxaxsigpi/Build/Products/Debug-iphonesimulator/Clocks.o

CreateUniversalBinary /Users/shashipandey/Library/Developer/Xcode/DerivedData/RSMS-galdljqllugdxqeukomoxaxsigpi/Build/Products/Debug-iphonesimulator/PackageFrameworks/XCTestDynamicOverlay_6187313334988FF6_PackageProduct.framework/XCTestDynamicOverlay_6187313334988FF6_PackageProduct normal arm64\ x86_64 (in target 'XCTestDynamicOverlay' from project 'xctest-dynamic-overlay')
    cd /Users/shashipandey/Library/Developer/Xcode/DerivedData/RSMS-galdljqllugdxqeukomoxaxsigpi/SourcePackages/checkouts/xctest-dynamic-overlay
    /Applications/Xcode.app/Contents/Developer/Toolchains/XcodeDefault.xctoolchain/usr/bin/lipo -create /Users/shashipandey/Library/Developer/Xcode/DerivedData/RSMS-galdljqllugdxqeukomoxaxsigpi/Build/Intermediates.noindex/xctest-dynamic-overlay.build/Debug-iphonesimulator/XCTestDynamicOverlay\ product.build/Objects-normal/arm64/Binary/XCTestDynamicOverlay_6187313334988FF6_PackageProduct /Users/shashipandey/Library/Developer/Xcode/DerivedData/RSMS-galdljqllugdxqeukomoxaxsigpi/Build/Intermediates.noindex/xctest-dynamic-overlay.build/Debug-iphonesimulator/XCTestDynamicOverlay\ product.build/Objects-normal/x86_64/Binary/XCTestDynamicOverlay_6187313334988FF6_PackageProduct -output /Users/shashipandey/Library/Developer/Xcode/DerivedData/RSMS-galdljqllugdxqeukomoxaxsigpi/Build/Products/Debug-iphonesimulator/PackageFrameworks/XCTestDynamicOverlay_6187313334988FF6_PackageProduct.framework/XCTestDynamicOverlay_6187313334988FF6_PackageProduct

Ld /Users/shashipandey/Library/Developer/Xcode/DerivedData/RSMS-galdljqllugdxqeukomoxaxsigpi/Build/Intermediates.noindex/swift-clocks.build/Debug-iphonesimulator/Clocks\ product.build/Objects-normal/x86_64/Binary/Clocks_17A223499E7CA5_PackageProduct normal x86_64 (in target 'Clocks' from project 'swift-clocks')
    cd /Users/shashipandey/Library/Developer/Xcode/DerivedData/RSMS-galdljqllugdxqeukomoxaxsigpi/SourcePackages/checkouts/swift-clocks
    /Applications/Xcode.app/Contents/Developer/Toolchains/XcodeDefault.xctoolchain/usr/bin/clang -Xlinker -reproducible -target x86_64-apple-ios13.0-simulator -dynamiclib -isysroot /Applications/Xcode.app/Contents/Developer/Platforms/iPhoneSimulator.platform/Developer/SDKs/iPhoneSimulator26.5.sdk -O0 -w -L/Users/shashipandey/Library/Developer/Xcode/DerivedData/RSMS-galdljqllugdxqeukomoxaxsigpi/Build/Intermediates.noindex/EagerLinkingTBDs/Debug-iphonesimulator -L/Users/shashipandey/Library/Developer/Xcode/DerivedData/RSMS-galdljqllugdxqeukomoxaxsigpi/Build/Products/Debug-iphonesimulator -L/Applications/Xcode.app/Contents/Developer/Platforms/iPhoneSimulator.platform/Developer/usr/lib -F/Users/shashipandey/Library/Developer/Xcode/DerivedData/RSMS-galdljqllugdxqeukomoxaxsigpi/Build/Intermediates.noindex/EagerLinkingTBDs/Debug-iphonesimulator -F/Users/shashipandey/Library/Developer/Xcode/DerivedData/RSMS-galdljqllugdxqeukomoxaxsigpi/Build/Products/Debug-iphonesimulator/PackageFrameworks -F/Users/shashipandey/Library/Developer/Xcode/DerivedData/RSMS-galdljqllugdxqeukomoxaxsigpi/Build/Products/Debug-iphonesimulator/PackageFrameworks -F/Users/shashipandey/Library/Developer/Xcode/DerivedData/RSMS-galdljqllugdxqeukomoxaxsigpi/Build/Products/Debug-iphonesimulator/PackageFrameworks -F/Users/shashipandey/Library/Developer/Xcode/DerivedData/RSMS-galdljqllugdxqeukomoxaxsigpi/Build/Products/Debug-iphonesimulator -iframework /Applications/Xcode.app/Contents/Developer/Platforms/iPhoneSimulator.platform/Developer/Library/Frameworks -iframework /Applications/Xcode.app/Contents/Developer/Platforms/iPhoneSimulator.platform/Developer/SDKs/iPhoneSimulator26.5.sdk/Developer/Library/Frameworks -filelist /Users/shashipandey/Library/Developer/Xcode/DerivedData/RSMS-galdljqllugdxqeukomoxaxsigpi/Build/Intermediates.noindex/swift-clocks.build/Debug-iphonesimulator/Clocks\ product.build/Objects-normal/x86_64/Clocks_17A223499E7CA5_PackageProduct.LinkFileList -install_name @rpath/Clocks_17A223499E7CA5_PackageProduct.framework/Clocks_17A223499E7CA5_PackageProduct -Xlinker -rpath -Xlinker /usr/lib/swift -Xlinker -rpath -Xlinker /Users/shashipandey/Library/Developer/Xcode/DerivedData/RSMS-galdljqllugdxqeukomoxaxsigpi/Build/Products/Debug-iphonesimulator/PackageFrameworks -Xlinker -dead_strip -Xlinker -object_path_lto -Xlinker /Users/shashipandey/Library/Developer/Xcode/DerivedData/RSMS-galdljqllugdxqeukomoxaxsigpi/Build/Intermediates.noindex/swift-clocks.build/Debug-iphonesimulator/Clocks\ product.build/Objects-normal/x86_64/Clocks_17A223499E7CA5_PackageProduct_lto.o -rdynamic -Xlinker -no_deduplicate -Xlinker -objc_abi_version -Xlinker 2 -Xlinker -dependency_info -Xlinker /Users/shashipandey/Library/Developer/Xcode/DerivedData/RSMS-galdljqllugdxqeukomoxaxsigpi/Build/Intermediates.noindex/swift-clocks.build/Debug-iphonesimulator/Clocks\ product.build/Objects-normal/x86_64/Clocks_17A223499E7CA5_PackageProduct_dependency_info.dat -fobjc-link-runtime -L/Applications/Xcode.app/Contents/Developer/Toolchains/XcodeDefault.xctoolchain/usr/lib/swift/iphonesimulator -L/usr/lib/swift -Wl,-no_warn_duplicate_libraries -Wl,-no_warn_duplicate_libraries -Wl,-no_warn_duplicate_libraries /Users/shashipandey/Library/Developer/Xcode/DerivedData/RSMS-galdljqllugdxqeukomoxaxsigpi/Build/Products/Debug-iphonesimulator/PackageFrameworks/ConcurrencyExtras_-2B4B167800F2E3ED_PackageProduct.framework/ConcurrencyExtras_-2B4B167800F2E3ED_PackageProduct /Users/shashipandey/Library/Developer/Xcode/DerivedData/RSMS-galdljqllugdxqeukomoxaxsigpi/Build/Products/Debug-iphonesimulator/PackageFrameworks/IssueReporting.framework/IssueReporting -o /Users/shashipandey/Library/Developer/Xcode/DerivedData/RSMS-galdljqllugdxqeukomoxaxsigpi/Build/Intermediates.noindex/swift-clocks.build/Debug-iphonesimulator/Clocks\ product.build/Objects-normal/x86_64/Binary/Clocks_17A223499E7CA5_PackageProduct -Xlinker -add_ast_path -Xlinker /Users/shashipandey/Library/Developer/Xcode/DerivedData/RSMS-galdljqllugdxqeukomoxaxsigpi/Build/Intermediates.noindex/swift-clocks.build/Debug-iphonesimulator/Clocks.build/Objects-normal/x86_64/Clocks.swiftmodule @/Users/shashipandey/Library/Developer/Xcode/DerivedData/RSMS-galdljqllugdxqeukomoxaxsigpi/Build/Intermediates.noindex/swift-clocks.build/Debug-iphonesimulator/Clocks.build/Objects-normal/x86_64/Clocks-linker-args.resp

Ld /Users/shashipandey/Library/Developer/Xcode/DerivedData/RSMS-galdljqllugdxqeukomoxaxsigpi/Build/Intermediates.noindex/swift-clocks.build/Debug-iphonesimulator/Clocks\ product.build/Objects-normal/arm64/Binary/Clocks_17A223499E7CA5_PackageProduct normal arm64 (in target 'Clocks' from project 'swift-clocks')
    cd /Users/shashipandey/Library/Developer/Xcode/DerivedData/RSMS-galdljqllugdxqeukomoxaxsigpi/SourcePackages/checkouts/swift-clocks
    /Applications/Xcode.app/Contents/Developer/Toolchains/XcodeDefault.xctoolchain/usr/bin/clang -Xlinker -reproducible -target arm64-apple-ios13.0-simulator -dynamiclib -isysroot /Applications/Xcode.app/Contents/Developer/Platforms/iPhoneSimulator.platform/Developer/SDKs/iPhoneSimulator26.5.sdk -O0 -w -L/Users/shashipandey/Library/Developer/Xcode/DerivedData/RSMS-galdljqllugdxqeukomoxaxsigpi/Build/Intermediates.noindex/EagerLinkingTBDs/Debug-iphonesimulator -L/Users/shashipandey/Library/Developer/Xcode/DerivedData/RSMS-galdljqllugdxqeukomoxaxsigpi/Build/Products/Debug-iphonesimulator -L/Applications/Xcode.app/Contents/Developer/Platforms/iPhoneSimulator.platform/Developer/usr/lib -F/Users/shashipandey/Library/Developer/Xcode/DerivedData/RSMS-galdljqllugdxqeukomoxaxsigpi/Build/Intermediates.noindex/EagerLinkingTBDs/Debug-iphonesimulator -F/Users/shashipandey/Library/Developer/Xcode/DerivedData/RSMS-galdljqllugdxqeukomoxaxsigpi/Build/Products/Debug-iphonesimulator/PackageFrameworks -F/Users/shashipandey/Library/Developer/Xcode/DerivedData/RSMS-galdljqllugdxqeukomoxaxsigpi/Build/Products/Debug-iphonesimulator/PackageFrameworks -F/Users/shashipandey/Library/Developer/Xcode/DerivedData/RSMS-galdljqllugdxqeukomoxaxsigpi/Build/Products/Debug-iphonesimulator/PackageFrameworks -F/Users/shashipandey/Library/Developer/Xcode/DerivedData/RSMS-galdljqllugdxqeukomoxaxsigpi/Build/Products/Debug-iphonesimulator -iframework /Applications/Xcode.app/Contents/Developer/Platforms/iPhoneSimulator.platform/Developer/Library/Frameworks -iframework /Applications/Xcode.app/Contents/Developer/Platforms/iPhoneSimulator.platform/Developer/SDKs/iPhoneSimulator26.5.sdk/Developer/Library/Frameworks -filelist /Users/shashipandey/Library/Developer/Xcode/DerivedData/RSMS-galdljqllugdxqeukomoxaxsigpi/Build/Intermediates.noindex/swift-clocks.build/Debug-iphonesimulator/Clocks\ product.build/Objects-normal/arm64/Clocks_17A223499E7CA5_PackageProduct.LinkFileList -install_name @rpath/Clocks_17A223499E7CA5_PackageProduct.framework/Clocks_17A223499E7CA5_PackageProduct -Xlinker -rpath -Xlinker /usr/lib/swift -Xlinker -rpath -Xlinker /Users/shashipandey/Library/Developer/Xcode/DerivedData/RSMS-galdljqllugdxqeukomoxaxsigpi/Build/Products/Debug-iphonesimulator/PackageFrameworks -Xlinker -dead_strip -Xlinker -object_path_lto -Xlinker /Users/shashipandey/Library/Developer/Xcode/DerivedData/RSMS-galdljqllugdxqeukomoxaxsigpi/Build/Intermediates.noindex/swift-clocks.build/Debug-iphonesimulator/Clocks\ product.build/Objects-normal/arm64/Clocks_17A223499E7CA5_PackageProduct_lto.o -rdynamic -Xlinker -no_deduplicate -Xlinker -objc_abi_version -Xlinker 2 -Xlinker -dependency_info -Xlinker /Users/shashipandey/Library/Developer/Xcode/DerivedData/RSMS-galdljqllugdxqeukomoxaxsigpi/Build/Intermediates.noindex/swift-clocks.build/Debug-iphonesimulator/Clocks\ product.build/Objects-normal/arm64/Clocks_17A223499E7CA5_PackageProduct_dependency_info.dat -fobjc-link-runtime -L/Applications/Xcode.app/Contents/Developer/Toolchains/XcodeDefault.xctoolchain/usr/lib/swift/iphonesimulator -L/usr/lib/swift -Wl,-no_warn_duplicate_libraries -Wl,-no_warn_duplicate_libraries -Wl,-no_warn_duplicate_libraries /Users/shashipandey/Library/Developer/Xcode/DerivedData/RSMS-galdljqllugdxqeukomoxaxsigpi/Build/Products/Debug-iphonesimulator/PackageFrameworks/ConcurrencyExtras_-2B4B167800F2E3ED_PackageProduct.framework/ConcurrencyExtras_-2B4B167800F2E3ED_PackageProduct /Users/shashipandey/Library/Developer/Xcode/DerivedData/RSMS-galdljqllugdxqeukomoxaxsigpi/Build/Products/Debug-iphonesimulator/PackageFrameworks/IssueReporting.framework/IssueReporting -o /Users/shashipandey/Library/Developer/Xcode/DerivedData/RSMS-galdljqllugdxqeukomoxaxsigpi/Build/Intermediates.noindex/swift-clocks.build/Debug-iphonesimulator/Clocks\ product.build/Objects-normal/arm64/Binary/Clocks_17A223499E7CA5_PackageProduct -Xlinker -add_ast_path -Xlinker /Users/shashipandey/Library/Developer/Xcode/DerivedData/RSMS-galdljqllugdxqeukomoxaxsigpi/Build/Intermediates.noindex/swift-clocks.build/Debug-iphonesimulator/Clocks.build/Objects-normal/arm64/Clocks.swiftmodule @/Users/shashipandey/Library/Developer/Xcode/DerivedData/RSMS-galdljqllugdxqeukomoxaxsigpi/Build/Intermediates.noindex/swift-clocks.build/Debug-iphonesimulator/Clocks.build/Objects-normal/arm64/Clocks-linker-args.resp

GenerateTAPI /Users/shashipandey/Library/Developer/Xcode/DerivedData/RSMS-galdljqllugdxqeukomoxaxsigpi/Build/Intermediates.noindex/EagerLinkingTBDs/Debug-iphonesimulator/XCTestDynamicOverlay_6187313334988FF6_PackageProduct.framework/XCTestDynamicOverlay_6187313334988FF6_PackageProduct.tbd (in target 'XCTestDynamicOverlay' from project 'xctest-dynamic-overlay')
    cd /Users/shashipandey/Library/Developer/Xcode/DerivedData/RSMS-galdljqllugdxqeukomoxaxsigpi/SourcePackages/checkouts/xctest-dynamic-overlay
    /Applications/Xcode.app/Contents/Developer/Toolchains/XcodeDefault.xctoolchain/usr/bin/tapi stubify -isysroot /Applications/Xcode.app/Contents/Developer/Platforms/iPhoneSimulator.platform/Developer/SDKs/iPhoneSimulator26.5.sdk -F/Users/shashipandey/Library/Developer/Xcode/DerivedData/RSMS-galdljqllugdxqeukomoxaxsigpi/Build/Products/Debug-iphonesimulator/PackageFrameworks -F/Users/shashipandey/Library/Developer/Xcode/DerivedData/RSMS-galdljqllugdxqeukomoxaxsigpi/Build/Products/Debug-iphonesimulator/PackageFrameworks -F/Users/shashipandey/Library/Developer/Xcode/DerivedData/RSMS-galdljqllugdxqeukomoxaxsigpi/Build/Products/Debug-iphonesimulator -iframework /Applications/Xcode.app/Contents/Developer/Platforms/iPhoneSimulator.platform/Developer/Library/Frameworks -iframework /Applications/Xcode.app/Contents/Developer/Platforms/iPhoneSimulator.platform/Developer/SDKs/iPhoneSimulator26.5.sdk/Developer/Library/Frameworks -L/Users/shashipandey/Library/Developer/Xcode/DerivedData/RSMS-galdljqllugdxqeukomoxaxsigpi/Build/Products/Debug-iphonesimulator -L/Applications/Xcode.app/Contents/Developer/Platforms/iPhoneSimulator.platform/Developer/usr/lib /Users/shashipandey/Library/Developer/Xcode/DerivedData/RSMS-galdljqllugdxqeukomoxaxsigpi/Build/Products/Debug-iphonesimulator/PackageFrameworks/XCTestDynamicOverlay_6187313334988FF6_PackageProduct.framework/XCTestDynamicOverlay_6187313334988FF6_PackageProduct -o /Users/shashipandey/Library/Developer/Xcode/DerivedData/RSMS-galdljqllugdxqeukomoxaxsigpi/Build/Intermediates.noindex/EagerLinkingTBDs/Debug-iphonesimulator/XCTestDynamicOverlay_6187313334988FF6_PackageProduct.framework/XCTestDynamicOverlay_6187313334988FF6_PackageProduct.tbd

ProcessInfoPlistFile /Users/shashipandey/Library/Developer/Xcode/DerivedData/RSMS-galdljqllugdxqeukomoxaxsigpi/Build/Products/Debug-iphonesimulator/PackageFrameworks/Clocks_17A223499E7CA5_PackageProduct.framework/Info.plist /Users/shashipandey/Library/Developer/Xcode/DerivedData/RSMS-galdljqllugdxqeukomoxaxsigpi/Build/Intermediates.noindex/swift-clocks.build/Debug-iphonesimulator/Clocks\ product.build/empty-Clocks_17A223499E7CA5_PackageProduct.plist (in target 'Clocks' from project 'swift-clocks')
    cd /Users/shashipandey/Library/Developer/Xcode/DerivedData/RSMS-galdljqllugdxqeukomoxaxsigpi/SourcePackages/checkouts/swift-clocks
    builtin-infoPlistUtility /Users/shashipandey/Library/Developer/Xcode/DerivedData/RSMS-galdljqllugdxqeukomoxaxsigpi/Build/Intermediates.noindex/swift-clocks.build/Debug-iphonesimulator/Clocks\ product.build/empty-Clocks_17A223499E7CA5_PackageProduct.plist -producttype com.apple.product-type.framework -expandbuildsettings -format binary -platform iphonesimulator -o /Users/shashipandey/Library/Developer/Xcode/DerivedData/RSMS-galdljqllugdxqeukomoxaxsigpi/Build/Products/Debug-iphonesimulator/PackageFrameworks/Clocks_17A223499E7CA5_PackageProduct.framework/Info.plist

Ld /Users/shashipandey/Library/Developer/Xcode/DerivedData/RSMS-galdljqllugdxqeukomoxaxsigpi/Build/Intermediates.noindex/swift-crypto.build/Debug-iphonesimulator/Crypto.build/Objects-normal/arm64/Binary/Crypto.o normal arm64 (in target 'Crypto' from project 'swift-crypto')
    cd /Users/shashipandey/Library/Developer/Xcode/DerivedData/RSMS-galdljqllugdxqeukomoxaxsigpi/SourcePackages/checkouts/swift-crypto
    /Applications/Xcode.app/Contents/Developer/Toolchains/XcodeDefault.xctoolchain/usr/bin/clang -Xlinker -reproducible -target arm64-apple-ios12.0-simulator -r -isysroot /Applications/Xcode.app/Contents/Developer/Platforms/iPhoneSimulator.platform/Developer/SDKs/iPhoneSimulator26.5.sdk -O0 -w -F/Users/shashipandey/Library/Developer/Xcode/DerivedData/RSMS-galdljqllugdxqeukomoxaxsigpi/Build/Intermediates.noindex/EagerLinkingTBDs/Debug-iphonesimulator -F/Users/shashipandey/Library/Developer/Xcode/DerivedData/RSMS-galdljqllugdxqeukomoxaxsigpi/Build/Products/Debug-iphonesimulator -iframework /Applications/Xcode.app/Contents/Developer/Platforms/iPhoneSimulator.platform/Developer/Library/Frameworks -iframework /Applications/Xcode.app/Contents/Developer/Platforms/iPhoneSimulator.platform/Developer/SDKs/iPhoneSimulator26.5.sdk/Developer/Library/Frameworks -filelist /Users/shashipandey/Library/Developer/Xcode/DerivedData/RSMS-galdljqllugdxqeukomoxaxsigpi/Build/Intermediates.noindex/swift-crypto.build/Debug-iphonesimulator/Crypto.build/Objects-normal/arm64/Crypto.LinkFileList -nostdlib -Xlinker -object_path_lto -Xlinker /Users/shashipandey/Library/Developer/Xcode/DerivedData/RSMS-galdljqllugdxqeukomoxaxsigpi/Build/Intermediates.noindex/swift-crypto.build/Debug-iphonesimulator/Crypto.build/Objects-normal/arm64/Crypto_lto.o -Xlinker -no_deduplicate -Xlinker -objc_abi_version -Xlinker 2 -Xlinker -dependency_info -Xlinker /Users/shashipandey/Library/Developer/Xcode/DerivedData/RSMS-galdljqllugdxqeukomoxaxsigpi/Build/Intermediates.noindex/swift-crypto.build/Debug-iphonesimulator/Crypto.build/Objects-normal/arm64/Crypto_dependency_info.dat -fobjc-link-runtime -L/Applications/Xcode.app/Contents/Developer/Toolchains/XcodeDefault.xctoolchain/usr/lib/swift/iphonesimulator -L/usr/lib/swift -Xlinker -add_ast_path -Xlinker /Users/shashipandey/Library/Developer/Xcode/DerivedData/RSMS-galdljqllugdxqeukomoxaxsigpi/Build/Intermediates.noindex/swift-crypto.build/Debug-iphonesimulator/Crypto.build/Objects-normal/arm64/Crypto.swiftmodule @/Users/shashipandey/Library/Developer/Xcode/DerivedData/RSMS-galdljqllugdxqeukomoxaxsigpi/Build/Intermediates.noindex/swift-crypto.build/Debug-iphonesimulator/Crypto.build/Objects-normal/arm64/Crypto-linker-args.resp -o /Users/shashipandey/Library/Developer/Xcode/DerivedData/RSMS-galdljqllugdxqeukomoxaxsigpi/Build/Intermediates.noindex/swift-crypto.build/Debug-iphonesimulator/Crypto.build/Objects-normal/arm64/Binary/Crypto.o

CreateUniversalBinary /Users/shashipandey/Library/Developer/Xcode/DerivedData/RSMS-galdljqllugdxqeukomoxaxsigpi/Build/Products/Debug-iphonesimulator/Crypto.o normal arm64\ x86_64 (in target 'Crypto' from project 'swift-crypto')
    cd /Users/shashipandey/Library/Developer/Xcode/DerivedData/RSMS-galdljqllugdxqeukomoxaxsigpi/SourcePackages/checkouts/swift-crypto
    /Applications/Xcode.app/Contents/Developer/Toolchains/XcodeDefault.xctoolchain/usr/bin/lipo -create /Users/shashipandey/Library/Developer/Xcode/DerivedData/RSMS-galdljqllugdxqeukomoxaxsigpi/Build/Intermediates.noindex/swift-crypto.build/Debug-iphonesimulator/Crypto.build/Objects-normal/arm64/Binary/Crypto.o /Users/shashipandey/Library/Developer/Xcode/DerivedData/RSMS-galdljqllugdxqeukomoxaxsigpi/Build/Intermediates.noindex/swift-crypto.build/Debug-iphonesimulator/Crypto.build/Objects-normal/x86_64/Binary/Crypto.o -output /Users/shashipandey/Library/Developer/Xcode/DerivedData/RSMS-galdljqllugdxqeukomoxaxsigpi/Build/Products/Debug-iphonesimulator/Crypto.o

ExtractAppIntentsMetadata (in target 'Crypto' from project 'swift-crypto')
    cd /Users/shashipandey/Library/Developer/Xcode/DerivedData/RSMS-galdljqllugdxqeukomoxaxsigpi/SourcePackages/checkouts/swift-crypto
    /Applications/Xcode.app/Contents/Developer/Toolchains/XcodeDefault.xctoolchain/usr/bin/appintentsmetadataprocessor --toolchain-dir /Applications/Xcode.app/Contents/Developer/Toolchains/XcodeDefault.xctoolchain --module-name Crypto --sdk-root /Applications/Xcode.app/Contents/Developer/Platforms/iPhoneSimulator.platform/Developer/SDKs/iPhoneSimulator26.5.sdk --xcode-version 17F113 --platform-family iOS --deployment-target 12.0 --bundle-identifier swift-crypto.Crypto --output /Users/shashipandey/Library/Developer/Xcode/DerivedData/RSMS-galdljqllugdxqeukomoxaxsigpi/Build/Products/Debug-iphonesimulator/Crypto.appintents --target-triple arm64-apple-ios12.0-simulator --target-triple x86_64-apple-ios12.0-simulator --binary-file /Users/shashipandey/Library/Developer/Xcode/DerivedData/RSMS-galdljqllugdxqeukomoxaxsigpi/Build/Products/Debug-iphonesimulator/Crypto.o --dependency-file /Users/shashipandey/Library/Developer/Xcode/DerivedData/RSMS-galdljqllugdxqeukomoxaxsigpi/Build/Intermediates.noindex/swift-crypto.build/Debug-iphonesimulator/Crypto.build/Objects-normal/arm64/Crypto_dependency_info.dat --dependency-file /Users/shashipandey/Library/Developer/Xcode/DerivedData/RSMS-galdljqllugdxqeukomoxaxsigpi/Build/Intermediates.noindex/swift-crypto.build/Debug-iphonesimulator/Crypto.build/Objects-normal/x86_64/Crypto_dependency_info.dat --stringsdata-file /Users/shashipandey/Library/Developer/Xcode/DerivedData/RSMS-galdljqllugdxqeukomoxaxsigpi/Build/Intermediates.noindex/swift-crypto.build/Debug-iphonesimulator/Crypto.build/Objects-normal/arm64/ExtractedAppShortcutsMetadata.stringsdata --stringsdata-file /Users/shashipandey/Library/Developer/Xcode/DerivedData/RSMS-galdljqllugdxqeukomoxaxsigpi/Build/Intermediates.noindex/swift-crypto.build/Debug-iphonesimulator/Crypto.build/Objects-normal/x86_64/ExtractedAppShortcutsMetadata.stringsdata --source-file-list /Users/shashipandey/Library/Developer/Xcode/DerivedData/RSMS-galdljqllugdxqeukomoxaxsigpi/Build/Intermediates.noindex/swift-crypto.build/Debug-iphonesimulator/Crypto.build/Objects-normal/arm64/Crypto.SwiftFileList --source-file-list /Users/shashipandey/Library/Developer/Xcode/DerivedData/RSMS-galdljqllugdxqeukomoxaxsigpi/Build/Intermediates.noindex/swift-crypto.build/Debug-iphonesimulator/Crypto.build/Objects-normal/x86_64/Crypto.SwiftFileList --metadata-file-list /Users/shashipandey/Library/Developer/Xcode/DerivedData/RSMS-galdljqllugdxqeukomoxaxsigpi/Build/Intermediates.noindex/swift-crypto.build/Debug-iphonesimulator/Crypto.build/Crypto.DependencyMetadataFileList --static-metadata-file-list /Users/shashipandey/Library/Developer/Xcode/DerivedData/RSMS-galdljqllugdxqeukomoxaxsigpi/Build/Intermediates.noindex/swift-crypto.build/Debug-iphonesimulator/Crypto.build/Crypto.DependencyStaticMetadataFileList --swift-const-vals-list /Users/shashipandey/Library/Developer/Xcode/DerivedData/RSMS-galdljqllugdxqeukomoxaxsigpi/Build/Intermediates.noindex/swift-crypto.build/Debug-iphonesimulator/Crypto.build/Objects-normal/arm64/Crypto.SwiftConstValuesFileList --swift-const-vals-list /Users/shashipandey/Library/Developer/Xcode/DerivedData/RSMS-galdljqllugdxqeukomoxaxsigpi/Build/Intermediates.noindex/swift-crypto.build/Debug-iphonesimulator/Crypto.build/Objects-normal/x86_64/Crypto.SwiftConstValuesFileList --force --compile-time-extraction --deployment-aware-processing --validate-assistant-intents --no-app-shortcuts-localization
2026-07-07 16:58:06.432 appintentsmetadataprocessor[23160:377828] Starting appintentsmetadataprocessor export
2026-07-07 16:58:06.469 appintentsmetadataprocessor[23160:377828] Extracted no relevant App Intents symbols, skipping writing output

RegisterExecutionPolicyException /Users/shashipandey/Library/Developer/Xcode/DerivedData/RSMS-galdljqllugdxqeukomoxaxsigpi/Build/Products/Debug-iphonesimulator/Crypto.o (in target 'Crypto' from project 'swift-crypto')
    cd /Users/shashipandey/Library/Developer/Xcode/DerivedData/RSMS-galdljqllugdxqeukomoxaxsigpi/SourcePackages/checkouts/swift-crypto
    builtin-RegisterExecutionPolicyException /Users/shashipandey/Library/Developer/Xcode/DerivedData/RSMS-galdljqllugdxqeukomoxaxsigpi/Build/Products/Debug-iphonesimulator/Crypto.o

Ld /Users/shashipandey/Library/Developer/Xcode/DerivedData/RSMS-galdljqllugdxqeukomoxaxsigpi/Build/Intermediates.noindex/swift-crypto.build/Debug-iphonesimulator/Crypto\ product.build/Objects-normal/x86_64/Binary/Crypto_17A3B1FFC41E47_PackageProduct normal x86_64 (in target 'Crypto' from project 'swift-crypto')
    cd /Users/shashipandey/Library/Developer/Xcode/DerivedData/RSMS-galdljqllugdxqeukomoxaxsigpi/SourcePackages/checkouts/swift-crypto
    /Applications/Xcode.app/Contents/Developer/Toolchains/XcodeDefault.xctoolchain/usr/bin/clang -Xlinker -reproducible -target x86_64-apple-ios12.0-simulator -dynamiclib -isysroot /Applications/Xcode.app/Contents/Developer/Platforms/iPhoneSimulator.platform/Developer/SDKs/iPhoneSimulator26.5.sdk -O0 -w -L/Users/shashipandey/Library/Developer/Xcode/DerivedData/RSMS-galdljqllugdxqeukomoxaxsigpi/Build/Intermediates.noindex/EagerLinkingTBDs/Debug-iphonesimulator -L/Users/shashipandey/Library/Developer/Xcode/DerivedData/RSMS-galdljqllugdxqeukomoxaxsigpi/Build/Products/Debug-iphonesimulator -L/Applications/Xcode.app/Contents/Developer/Platforms/iPhoneSimulator.platform/Developer/usr/lib -F/Users/shashipandey/Library/Developer/Xcode/DerivedData/RSMS-galdljqllugdxqeukomoxaxsigpi/Build/Intermediates.noindex/EagerLinkingTBDs/Debug-iphonesimulator -F/Users/shashipandey/Library/Developer/Xcode/DerivedData/RSMS-galdljqllugdxqeukomoxaxsigpi/Build/Products/Debug-iphonesimulator/PackageFrameworks -F/Users/shashipandey/Library/Developer/Xcode/DerivedData/RSMS-galdljqllugdxqeukomoxaxsigpi/Build/Products/Debug-iphonesimulator -iframework /Applications/Xcode.app/Contents/Developer/Platforms/iPhoneSimulator.platform/Developer/Library/Frameworks -iframework /Applications/Xcode.app/Contents/Developer/Platforms/iPhoneSimulator.platform/Developer/SDKs/iPhoneSimulator26.5.sdk/Developer/Library/Frameworks -filelist /Users/shashipandey/Library/Developer/Xcode/DerivedData/RSMS-galdljqllugdxqeukomoxaxsigpi/Build/Intermediates.noindex/swift-crypto.build/Debug-iphonesimulator/Crypto\ product.build/Objects-normal/x86_64/Crypto_17A3B1FFC41E47_PackageProduct.LinkFileList -install_name @rpath/Crypto_17A3B1FFC41E47_PackageProduct.framework/Crypto_17A3B1FFC41E47_PackageProduct -Xlinker -rpath -Xlinker /usr/lib/swift -Xlinker -rpath -Xlinker /Users/shashipandey/Library/Developer/Xcode/DerivedData/RSMS-galdljqllugdxqeukomoxaxsigpi/Build/Products/Debug-iphonesimulator/PackageFrameworks -Xlinker -dead_strip -Xlinker -object_path_lto -Xlinker /Users/shashipandey/Library/Developer/Xcode/DerivedData/RSMS-galdljqllugdxqeukomoxaxsigpi/Build/Intermediates.noindex/swift-crypto.build/Debug-iphonesimulator/Crypto\ product.build/Objects-normal/x86_64/Crypto_17A3B1FFC41E47_PackageProduct_lto.o -rdynamic -Xlinker -no_deduplicate -Xlinker -objc_abi_version -Xlinker 2 -Xlinker -dependency_info -Xlinker /Users/shashipandey/Library/Developer/Xcode/DerivedData/RSMS-galdljqllugdxqeukomoxaxsigpi/Build/Intermediates.noindex/swift-crypto.build/Debug-iphonesimulator/Crypto\ product.build/Objects-normal/x86_64/Crypto_17A3B1FFC41E47_PackageProduct_dependency_info.dat -fobjc-link-runtime -L/Applications/Xcode.app/Contents/Developer/Toolchains/XcodeDefault.xctoolchain/usr/lib/swift/iphonesimulator -L/usr/lib/swift -Wl,-no_warn_duplicate_libraries -o /Users/shashipandey/Library/Developer/Xcode/DerivedData/RSMS-galdljqllugdxqeukomoxaxsigpi/Build/Intermediates.noindex/swift-crypto.build/Debug-iphonesimulator/Crypto\ product.build/Objects-normal/x86_64/Binary/Crypto_17A3B1FFC41E47_PackageProduct -Xlinker -add_ast_path -Xlinker /Users/shashipandey/Library/Developer/Xcode/DerivedData/RSMS-galdljqllugdxqeukomoxaxsigpi/Build/Intermediates.noindex/swift-crypto.build/Debug-iphonesimulator/Crypto.build/Objects-normal/x86_64/Crypto.swiftmodule @/Users/shashipandey/Library/Developer/Xcode/DerivedData/RSMS-galdljqllugdxqeukomoxaxsigpi/Build/Intermediates.noindex/swift-crypto.build/Debug-iphonesimulator/Crypto.build/Objects-normal/x86_64/Crypto-linker-args.resp

Ld /Users/shashipandey/Library/Developer/Xcode/DerivedData/RSMS-galdljqllugdxqeukomoxaxsigpi/Build/Intermediates.noindex/swift-crypto.build/Debug-iphonesimulator/Crypto\ product.build/Objects-normal/arm64/Binary/Crypto_17A3B1FFC41E47_PackageProduct normal arm64 (in target 'Crypto' from project 'swift-crypto')
    cd /Users/shashipandey/Library/Developer/Xcode/DerivedData/RSMS-galdljqllugdxqeukomoxaxsigpi/SourcePackages/checkouts/swift-crypto
    /Applications/Xcode.app/Contents/Developer/Toolchains/XcodeDefault.xctoolchain/usr/bin/clang -Xlinker -reproducible -target arm64-apple-ios12.0-simulator -dynamiclib -isysroot /Applications/Xcode.app/Contents/Developer/Platforms/iPhoneSimulator.platform/Developer/SDKs/iPhoneSimulator26.5.sdk -O0 -w -L/Users/shashipandey/Library/Developer/Xcode/DerivedData/RSMS-galdljqllugdxqeukomoxaxsigpi/Build/Intermediates.noindex/EagerLinkingTBDs/Debug-iphonesimulator -L/Users/shashipandey/Library/Developer/Xcode/DerivedData/RSMS-galdljqllugdxqeukomoxaxsigpi/Build/Products/Debug-iphonesimulator -L/Applications/Xcode.app/Contents/Developer/Platforms/iPhoneSimulator.platform/Developer/usr/lib -F/Users/shashipandey/Library/Developer/Xcode/DerivedData/RSMS-galdljqllugdxqeukomoxaxsigpi/Build/Intermediates.noindex/EagerLinkingTBDs/Debug-iphonesimulator -F/Users/shashipandey/Library/Developer/Xcode/DerivedData/RSMS-galdljqllugdxqeukomoxaxsigpi/Build/Products/Debug-iphonesimulator/PackageFrameworks -F/Users/shashipandey/Library/Developer/Xcode/DerivedData/RSMS-galdljqllugdxqeukomoxaxsigpi/Build/Products/Debug-iphonesimulator -iframework /Applications/Xcode.app/Contents/Developer/Platforms/iPhoneSimulator.platform/Developer/Library/Frameworks -iframework /Applications/Xcode.app/Contents/Developer/Platforms/iPhoneSimulator.platform/Developer/SDKs/iPhoneSimulator26.5.sdk/Developer/Library/Frameworks -filelist /Users/shashipandey/Library/Developer/Xcode/DerivedData/RSMS-galdljqllugdxqeukomoxaxsigpi/Build/Intermediates.noindex/swift-crypto.build/Debug-iphonesimulator/Crypto\ product.build/Objects-normal/arm64/Crypto_17A3B1FFC41E47_PackageProduct.LinkFileList -install_name @rpath/Crypto_17A3B1FFC41E47_PackageProduct.framework/Crypto_17A3B1FFC41E47_PackageProduct -Xlinker -rpath -Xlinker /usr/lib/swift -Xlinker -rpath -Xlinker /Users/shashipandey/Library/Developer/Xcode/DerivedData/RSMS-galdljqllugdxqeukomoxaxsigpi/Build/Products/Debug-iphonesimulator/PackageFrameworks -Xlinker -dead_strip -Xlinker -object_path_lto -Xlinker /Users/shashipandey/Library/Developer/Xcode/DerivedData/RSMS-galdljqllugdxqeukomoxaxsigpi/Build/Intermediates.noindex/swift-crypto.build/Debug-iphonesimulator/Crypto\ product.build/Objects-normal/arm64/Crypto_17A3B1FFC41E47_PackageProduct_lto.o -rdynamic -Xlinker -no_deduplicate -Xlinker -objc_abi_version -Xlinker 2 -Xlinker -dependency_info -Xlinker /Users/shashipandey/Library/Developer/Xcode/DerivedData/RSMS-galdljqllugdxqeukomoxaxsigpi/Build/Intermediates.noindex/swift-crypto.build/Debug-iphonesimulator/Crypto\ product.build/Objects-normal/arm64/Crypto_17A3B1FFC41E47_PackageProduct_dependency_info.dat -fobjc-link-runtime -L/Applications/Xcode.app/Contents/Developer/Toolchains/XcodeDefault.xctoolchain/usr/lib/swift/iphonesimulator -L/usr/lib/swift -Wl,-no_warn_duplicate_libraries -o /Users/shashipandey/Library/Developer/Xcode/DerivedData/RSMS-galdljqllugdxqeukomoxaxsigpi/Build/Intermediates.noindex/swift-crypto.build/Debug-iphonesimulator/Crypto\ product.build/Objects-normal/arm64/Binary/Crypto_17A3B1FFC41E47_PackageProduct -Xlinker -add_ast_path -Xlinker /Users/shashipandey/Library/Developer/Xcode/DerivedData/RSMS-galdljqllugdxqeukomoxaxsigpi/Build/Intermediates.noindex/swift-crypto.build/Debug-iphonesimulator/Crypto.build/Objects-normal/arm64/Crypto.swiftmodule @/Users/shashipandey/Library/Developer/Xcode/DerivedData/RSMS-galdljqllugdxqeukomoxaxsigpi/Build/Intermediates.noindex/swift-crypto.build/Debug-iphonesimulator/Crypto.build/Objects-normal/arm64/Crypto-linker-args.resp

ProcessInfoPlistFile /Users/shashipandey/Library/Developer/Xcode/DerivedData/RSMS-galdljqllugdxqeukomoxaxsigpi/Build/Products/Debug-iphonesimulator/PackageFrameworks/Crypto_17A3B1FFC41E47_PackageProduct.framework/Info.plist /Users/shashipandey/Library/Developer/Xcode/DerivedData/RSMS-galdljqllugdxqeukomoxaxsigpi/Build/Intermediates.noindex/swift-crypto.build/Debug-iphonesimulator/Crypto\ product.build/empty-Crypto_17A3B1FFC41E47_PackageProduct.plist (in target 'Crypto' from project 'swift-crypto')
    cd /Users/shashipandey/Library/Developer/Xcode/DerivedData/RSMS-galdljqllugdxqeukomoxaxsigpi/SourcePackages/checkouts/swift-crypto
    builtin-infoPlistUtility /Users/shashipandey/Library/Developer/Xcode/DerivedData/RSMS-galdljqllugdxqeukomoxaxsigpi/Build/Intermediates.noindex/swift-crypto.build/Debug-iphonesimulator/Crypto\ product.build/empty-Crypto_17A3B1FFC41E47_PackageProduct.plist -producttype com.apple.product-type.framework -expandbuildsettings -format binary -platform iphonesimulator -o /Users/shashipandey/Library/Developer/Xcode/DerivedData/RSMS-galdljqllugdxqeukomoxaxsigpi/Build/Products/Debug-iphonesimulator/PackageFrameworks/Crypto_17A3B1FFC41E47_PackageProduct.framework/Info.plist

CpResource /Users/shashipandey/Library/Developer/Xcode/DerivedData/RSMS-galdljqllugdxqeukomoxaxsigpi/Build/Products/Debug-iphonesimulator/PackageFrameworks/Crypto_17A3B1FFC41E47_PackageProduct.framework/swift-crypto_Crypto.bundle /Users/shashipandey/Library/Developer/Xcode/DerivedData/RSMS-galdljqllugdxqeukomoxaxsigpi/Build/Products/Debug-iphonesimulator/swift-crypto_Crypto.bundle (in target 'Crypto' from project 'swift-crypto')
    cd /Users/shashipandey/Library/Developer/Xcode/DerivedData/RSMS-galdljqllugdxqeukomoxaxsigpi/SourcePackages/checkouts/swift-crypto
    builtin-copy -exclude .DS_Store -exclude CVS -exclude .svn -exclude .git -exclude .hg -resolve-src-symlinks /Users/shashipandey/Library/Developer/Xcode/DerivedData/RSMS-galdljqllugdxqeukomoxaxsigpi/Build/Products/Debug-iphonesimulator/swift-crypto_Crypto.bundle /Users/shashipandey/Library/Developer/Xcode/DerivedData/RSMS-galdljqllugdxqeukomoxaxsigpi/Build/Products/Debug-iphonesimulator/PackageFrameworks/Crypto_17A3B1FFC41E47_PackageProduct.framework

CreateUniversalBinary /Users/shashipandey/Library/Developer/Xcode/DerivedData/RSMS-galdljqllugdxqeukomoxaxsigpi/Build/Products/Debug-iphonesimulator/PackageFrameworks/Crypto_17A3B1FFC41E47_PackageProduct.framework/Crypto_17A3B1FFC41E47_PackageProduct normal arm64\ x86_64 (in target 'Crypto' from project 'swift-crypto')
    cd /Users/shashipandey/Library/Developer/Xcode/DerivedData/RSMS-galdljqllugdxqeukomoxaxsigpi/SourcePackages/checkouts/swift-crypto
    /Applications/Xcode.app/Contents/Developer/Toolchains/XcodeDefault.xctoolchain/usr/bin/lipo -create /Users/shashipandey/Library/Developer/Xcode/DerivedData/RSMS-galdljqllugdxqeukomoxaxsigpi/Build/Intermediates.noindex/swift-crypto.build/Debug-iphonesimulator/Crypto\ product.build/Objects-normal/arm64/Binary/Crypto_17A3B1FFC41E47_PackageProduct /Users/shashipandey/Library/Developer/Xcode/DerivedData/RSMS-galdljqllugdxqeukomoxaxsigpi/Build/Intermediates.noindex/swift-crypto.build/Debug-iphonesimulator/Crypto\ product.build/Objects-normal/x86_64/Binary/Crypto_17A3B1FFC41E47_PackageProduct -output /Users/shashipandey/Library/Developer/Xcode/DerivedData/RSMS-galdljqllugdxqeukomoxaxsigpi/Build/Products/Debug-iphonesimulator/PackageFrameworks/Crypto_17A3B1FFC41E47_PackageProduct.framework/Crypto_17A3B1FFC41E47_PackageProduct

GenerateTAPI /Users/shashipandey/Library/Developer/Xcode/DerivedData/RSMS-galdljqllugdxqeukomoxaxsigpi/Build/Intermediates.noindex/EagerLinkingTBDs/Debug-iphonesimulator/Crypto_17A3B1FFC41E47_PackageProduct.framework/Crypto_17A3B1FFC41E47_PackageProduct.tbd (in target 'Crypto' from project 'swift-crypto')
    cd /Users/shashipandey/Library/Developer/Xcode/DerivedData/RSMS-galdljqllugdxqeukomoxaxsigpi/SourcePackages/checkouts/swift-crypto
    /Applications/Xcode.app/Contents/Developer/Toolchains/XcodeDefault.xctoolchain/usr/bin/tapi stubify -isysroot /Applications/Xcode.app/Contents/Developer/Platforms/iPhoneSimulator.platform/Developer/SDKs/iPhoneSimulator26.5.sdk -F/Users/shashipandey/Library/Developer/Xcode/DerivedData/RSMS-galdljqllugdxqeukomoxaxsigpi/Build/Products/Debug-iphonesimulator/PackageFrameworks -F/Users/shashipandey/Library/Developer/Xcode/DerivedData/RSMS-galdljqllugdxqeukomoxaxsigpi/Build/Products/Debug-iphonesimulator -iframework /Applications/Xcode.app/Contents/Developer/Platforms/iPhoneSimulator.platform/Developer/Library/Frameworks -iframework /Applications/Xcode.app/Contents/Developer/Platforms/iPhoneSimulator.platform/Developer/SDKs/iPhoneSimulator26.5.sdk/Developer/Library/Frameworks -L/Users/shashipandey/Library/Developer/Xcode/DerivedData/RSMS-galdljqllugdxqeukomoxaxsigpi/Build/Products/Debug-iphonesimulator -L/Applications/Xcode.app/Contents/Developer/Platforms/iPhoneSimulator.platform/Developer/usr/lib /Users/shashipandey/Library/Developer/Xcode/DerivedData/RSMS-galdljqllugdxqeukomoxaxsigpi/Build/Products/Debug-iphonesimulator/PackageFrameworks/Crypto_17A3B1FFC41E47_PackageProduct.framework/Crypto_17A3B1FFC41E47_PackageProduct -o /Users/shashipandey/Library/Developer/Xcode/DerivedData/RSMS-galdljqllugdxqeukomoxaxsigpi/Build/Intermediates.noindex/EagerLinkingTBDs/Debug-iphonesimulator/Crypto_17A3B1FFC41E47_PackageProduct.framework/Crypto_17A3B1FFC41E47_PackageProduct.tbd

CreateUniversalBinary /Users/shashipandey/Library/Developer/Xcode/DerivedData/RSMS-galdljqllugdxqeukomoxaxsigpi/Build/Products/Debug-iphonesimulator/PackageFrameworks/Clocks_17A223499E7CA5_PackageProduct.framework/Clocks_17A223499E7CA5_PackageProduct normal arm64\ x86_64 (in target 'Clocks' from project 'swift-clocks')
    cd /Users/shashipandey/Library/Developer/Xcode/DerivedData/RSMS-galdljqllugdxqeukomoxaxsigpi/SourcePackages/checkouts/swift-clocks
    /Applications/Xcode.app/Contents/Developer/Toolchains/XcodeDefault.xctoolchain/usr/bin/lipo -create /Users/shashipandey/Library/Developer/Xcode/DerivedData/RSMS-galdljqllugdxqeukomoxaxsigpi/Build/Intermediates.noindex/swift-clocks.build/Debug-iphonesimulator/Clocks\ product.build/Objects-normal/arm64/Binary/Clocks_17A223499E7CA5_PackageProduct /Users/shashipandey/Library/Developer/Xcode/DerivedData/RSMS-galdljqllugdxqeukomoxaxsigpi/Build/Intermediates.noindex/swift-clocks.build/Debug-iphonesimulator/Clocks\ product.build/Objects-normal/x86_64/Binary/Clocks_17A223499E7CA5_PackageProduct -output /Users/shashipandey/Library/Developer/Xcode/DerivedData/RSMS-galdljqllugdxqeukomoxaxsigpi/Build/Products/Debug-iphonesimulator/PackageFrameworks/Clocks_17A223499E7CA5_PackageProduct.framework/Clocks_17A223499E7CA5_PackageProduct

GenerateTAPI /Users/shashipandey/Library/Developer/Xcode/DerivedData/RSMS-galdljqllugdxqeukomoxaxsigpi/Build/Intermediates.noindex/EagerLinkingTBDs/Debug-iphonesimulator/Clocks_17A223499E7CA5_PackageProduct.framework/Clocks_17A223499E7CA5_PackageProduct.tbd (in target 'Clocks' from project 'swift-clocks')
    cd /Users/shashipandey/Library/Developer/Xcode/DerivedData/RSMS-galdljqllugdxqeukomoxaxsigpi/SourcePackages/checkouts/swift-clocks
    /Applications/Xcode.app/Contents/Developer/Toolchains/XcodeDefault.xctoolchain/usr/bin/tapi stubify -isysroot /Applications/Xcode.app/Contents/Developer/Platforms/iPhoneSimulator.platform/Developer/SDKs/iPhoneSimulator26.5.sdk -F/Users/shashipandey/Library/Developer/Xcode/DerivedData/RSMS-galdljqllugdxqeukomoxaxsigpi/Build/Products/Debug-iphonesimulator/PackageFrameworks -F/Users/shashipandey/Library/Developer/Xcode/DerivedData/RSMS-galdljqllugdxqeukomoxaxsigpi/Build/Products/Debug-iphonesimulator/PackageFrameworks -F/Users/shashipandey/Library/Developer/Xcode/DerivedData/RSMS-galdljqllugdxqeukomoxaxsigpi/Build/Products/Debug-iphonesimulator/PackageFrameworks -F/Users/shashipandey/Library/Developer/Xcode/DerivedData/RSMS-galdljqllugdxqeukomoxaxsigpi/Build/Products/Debug-iphonesimulator -iframework /Applications/Xcode.app/Contents/Developer/Platforms/iPhoneSimulator.platform/Developer/Library/Frameworks -iframework /Applications/Xcode.app/Contents/Developer/Platforms/iPhoneSimulator.platform/Developer/SDKs/iPhoneSimulator26.5.sdk/Developer/Library/Frameworks -L/Users/shashipandey/Library/Developer/Xcode/DerivedData/RSMS-galdljqllugdxqeukomoxaxsigpi/Build/Products/Debug-iphonesimulator -L/Applications/Xcode.app/Contents/Developer/Platforms/iPhoneSimulator.platform/Developer/usr/lib /Users/shashipandey/Library/Developer/Xcode/DerivedData/RSMS-galdljqllugdxqeukomoxaxsigpi/Build/Products/Debug-iphonesimulator/PackageFrameworks/Clocks_17A223499E7CA5_PackageProduct.framework/Clocks_17A223499E7CA5_PackageProduct -o /Users/shashipandey/Library/Developer/Xcode/DerivedData/RSMS-galdljqllugdxqeukomoxaxsigpi/Build/Intermediates.noindex/EagerLinkingTBDs/Debug-iphonesimulator/Clocks_17A223499E7CA5_PackageProduct.framework/Clocks_17A223499E7CA5_PackageProduct.tbd

SwiftDriver\ Compilation\ Requirements Helpers normal x86_64 com.apple.xcode.tools.swift.compiler (in target 'Helpers' from project 'Supabase')
    cd /Users/shashipandey/Desktop/Team-8/RSMS.xcodeproj
    builtin-Swift-Compilation-Requirements -- /Applications/Xcode.app/Contents/Developer/Toolchains/XcodeDefault.xctoolchain/usr/bin/swiftc -module-name Helpers -Onone @/Users/shashipandey/Library/Developer/Xcode/DerivedData/RSMS-galdljqllugdxqeukomoxaxsigpi/Build/Intermediates.noindex/Supabase.build/Debug-iphonesimulator/Helpers.build/Objects-normal/x86_64/Helpers.SwiftFileList -DSWIFT_PACKAGE -DDEBUG -DSWIFT_MODULE_RESOURCE_BUNDLE_UNAVAILABLE -DXcode -enable-upcoming-feature ExistentialAny -enable-experimental-feature StrictConcurrency -plugin-path /Applications/Xcode.app/Contents/Developer/Toolchains/XcodeDefault.xctoolchain/usr/lib/swift/host/plugins/testing -enable-experimental-feature DebugDescriptionMacro -sdk /Applications/Xcode.app/Contents/Developer/Platforms/iPhoneSimulator.platform/Developer/SDKs/iPhoneSimulator26.5.sdk -target x86_64-apple-ios13.0-simulator -g -module-cache-path /Users/shashipandey/Library/Developer/Xcode/DerivedData/ModuleCache.noindex -Xfrontend -serialize-debugging-options -enable-testing -suppress-warnings -index-store-path /Users/shashipandey/Library/Developer/Xcode/DerivedData/RSMS-galdljqllugdxqeukomoxaxsigpi/Index.noindex/DataStore -Xcc -D_LIBCPP_HARDENING_MODE\=_LIBCPP_HARDENING_MODE_DEBUG -swift-version 5 -I /Users/shashipandey/Library/Developer/Xcode/DerivedData/RSMS-galdljqllugdxqeukomoxaxsigpi/Build/Products/Debug-iphonesimulator -Isystem /Applications/Xcode.app/Contents/Developer/Platforms/iPhoneSimulator.platform/Developer/usr/lib -F /Users/shashipandey/Library/Developer/Xcode/DerivedData/RSMS-galdljqllugdxqeukomoxaxsigpi/Build/Products/Debug-iphonesimulator/PackageFrameworks -F /Users/shashipandey/Library/Developer/Xcode/DerivedData/RSMS-galdljqllugdxqeukomoxaxsigpi/Build/Products/Debug-iphonesimulator/PackageFrameworks -F /Users/shashipandey/Library/Developer/Xcode/DerivedData/RSMS-galdljqllugdxqeukomoxaxsigpi/Build/Products/Debug-iphonesimulator/PackageFrameworks -F /Users/shashipandey/Library/Developer/Xcode/DerivedData/RSMS-galdljqllugdxqeukomoxaxsigpi/Build/Products/Debug-iphonesimulator/PackageFrameworks -F /Users/shashipandey/Library/Developer/Xcode/DerivedData/RSMS-galdljqllugdxqeukomoxaxsigpi/Build/Products/Debug-iphonesimulator/PackageFrameworks -F /Users/shashipandey/Library/Developer/Xcode/DerivedData/RSMS-galdljqllugdxqeukomoxaxsigpi/Build/Products/Debug-iphonesimulator -F /Applications/Xcode.app/Contents/Developer/Platforms/iPhoneSimulator.platform/Developer/Library/Frameworks -F /Applications/Xcode.app/Contents/Developer/Platforms/iPhoneSimulator.platform/Developer/SDKs/iPhoneSimulator26.5.sdk/Developer/Library/Frameworks -c -j10 -enable-batch-mode -incremental -Xcc -ivfsstatcache -Xcc /Users/shashipandey/Library/Developer/Xcode/DerivedData/SDKStatCaches.noindex/iphonesimulator26.5-23F81a-6cfe768891a92b912361537c460fe42b.sdkstatcache -output-file-map /Users/shashipandey/Library/Developer/Xcode/DerivedData/RSMS-galdljqllugdxqeukomoxaxsigpi/Build/Intermediates.noindex/Supabase.build/Debug-iphonesimulator/Helpers.build/Objects-normal/x86_64/Helpers-OutputFileMap.json -use-frontend-parseable-output -save-temps -no-color-diagnostics -explicit-module-build -module-cache-path /Users/shashipandey/Library/Developer/Xcode/DerivedData/RSMS-galdljqllugdxqeukomoxaxsigpi/Build/Intermediates.noindex/SwiftExplicitPrecompiledModules -clang-scanner-module-cache-path /Users/shashipandey/Library/Developer/Xcode/DerivedData/ModuleCache.noindex -sdk-module-cache-path /Users/shashipandey/Library/Developer/Xcode/DerivedData/ModuleCache.noindex -serialize-diagnostics -emit-dependencies -emit-module -emit-module-path /Users/shashipandey/Library/Developer/Xcode/DerivedData/RSMS-galdljqllugdxqeukomoxaxsigpi/Build/Intermediates.noindex/Supabase.build/Debug-iphonesimulator/Helpers.build/Objects-normal/x86_64/Helpers.swiftmodule -validate-clang-modules-once -clang-build-session-file /Users/shashipandey/Library/Developer/Xcode/DerivedData/ModuleCache.noindex/Session.modulevalidation -package-name supabase_swift -Xcc -I/Users/shashipandey/Library/Developer/Xcode/DerivedData/RSMS-galdljqllugdxqeukomoxaxsigpi/Build/Intermediates.noindex/Supabase.build/Debug-iphonesimulator/Helpers.build/swift-overrides.hmap -emit-const-values -Xfrontend -const-gather-protocols-file -Xfrontend /Users/shashipandey/Library/Developer/Xcode/DerivedData/RSMS-galdljqllugdxqeukomoxaxsigpi/Build/Intermediates.noindex/Supabase.build/Debug-iphonesimulator/Helpers.build/Objects-normal/x86_64/Helpers_const_extract_protocols.json -Xcc -I/Users/shashipandey/Library/Developer/Xcode/DerivedData/RSMS-galdljqllugdxqeukomoxaxsigpi/Build/Products/Debug-iphonesimulator/include -Xcc -I/Users/shashipandey/Library/Developer/Xcode/DerivedData/RSMS-galdljqllugdxqeukomoxaxsigpi/Build/Intermediates.noindex/Supabase.build/Debug-iphonesimulator/Helpers.build/DerivedSources-normal/x86_64 -Xcc -I/Users/shashipandey/Library/Developer/Xcode/DerivedData/RSMS-galdljqllugdxqeukomoxaxsigpi/Build/Intermediates.noindex/Supabase.build/Debug-iphonesimulator/Helpers.build/DerivedSources/x86_64 -Xcc -I/Users/shashipandey/Library/Developer/Xcode/DerivedData/RSMS-galdljqllugdxqeukomoxaxsigpi/Build/Intermediates.noindex/Supabase.build/Debug-iphonesimulator/Helpers.build/DerivedSources -Xcc -DSWIFT_PACKAGE -Xcc -DDEBUG\=1 -emit-objc-header -emit-objc-header-path /Users/shashipandey/Library/Developer/Xcode/DerivedData/RSMS-galdljqllugdxqeukomoxaxsigpi/Build/Intermediates.noindex/Supabase.build/Debug-iphonesimulator/Helpers.build/Objects-normal/x86_64/Helpers-Swift.h -working-directory /Users/shashipandey/Desktop/Team-8/RSMS.xcodeproj -experimental-emit-module-separately -disable-cmo

SwiftDriver\ Compilation Helpers normal x86_64 com.apple.xcode.tools.swift.compiler (in target 'Helpers' from project 'Supabase')
    cd /Users/shashipandey/Desktop/Team-8/RSMS.xcodeproj
    builtin-Swift-Compilation -- /Applications/Xcode.app/Contents/Developer/Toolchains/XcodeDefault.xctoolchain/usr/bin/swiftc -module-name Helpers -Onone @/Users/shashipandey/Library/Developer/Xcode/DerivedData/RSMS-galdljqllugdxqeukomoxaxsigpi/Build/Intermediates.noindex/Supabase.build/Debug-iphonesimulator/Helpers.build/Objects-normal/x86_64/Helpers.SwiftFileList -DSWIFT_PACKAGE -DDEBUG -DSWIFT_MODULE_RESOURCE_BUNDLE_UNAVAILABLE -DXcode -enable-upcoming-feature ExistentialAny -enable-experimental-feature StrictConcurrency -plugin-path /Applications/Xcode.app/Contents/Developer/Toolchains/XcodeDefault.xctoolchain/usr/lib/swift/host/plugins/testing -enable-experimental-feature DebugDescriptionMacro -sdk /Applications/Xcode.app/Contents/Developer/Platforms/iPhoneSimulator.platform/Developer/SDKs/iPhoneSimulator26.5.sdk -target x86_64-apple-ios13.0-simulator -g -module-cache-path /Users/shashipandey/Library/Developer/Xcode/DerivedData/ModuleCache.noindex -Xfrontend -serialize-debugging-options -enable-testing -suppress-warnings -index-store-path /Users/shashipandey/Library/Developer/Xcode/DerivedData/RSMS-galdljqllugdxqeukomoxaxsigpi/Index.noindex/DataStore -Xcc -D_LIBCPP_HARDENING_MODE\=_LIBCPP_HARDENING_MODE_DEBUG -swift-version 5 -I /Users/shashipandey/Library/Developer/Xcode/DerivedData/RSMS-galdljqllugdxqeukomoxaxsigpi/Build/Products/Debug-iphonesimulator -Isystem /Applications/Xcode.app/Contents/Developer/Platforms/iPhoneSimulator.platform/Developer/usr/lib -F /Users/shashipandey/Library/Developer/Xcode/DerivedData/RSMS-galdljqllugdxqeukomoxaxsigpi/Build/Products/Debug-iphonesimulator/PackageFrameworks -F /Users/shashipandey/Library/Developer/Xcode/DerivedData/RSMS-galdljqllugdxqeukomoxaxsigpi/Build/Products/Debug-iphonesimulator/PackageFrameworks -F /Users/shashipandey/Library/Developer/Xcode/DerivedData/RSMS-galdljqllugdxqeukomoxaxsigpi/Build/Products/Debug-iphonesimulator/PackageFrameworks -F /Users/shashipandey/Library/Developer/Xcode/DerivedData/RSMS-galdljqllugdxqeukomoxaxsigpi/Build/Products/Debug-iphonesimulator/PackageFrameworks -F /Users/shashipandey/Library/Developer/Xcode/DerivedData/RSMS-galdljqllugdxqeukomoxaxsigpi/Build/Products/Debug-iphonesimulator/PackageFrameworks -F /Users/shashipandey/Library/Developer/Xcode/DerivedData/RSMS-galdljqllugdxqeukomoxaxsigpi/Build/Products/Debug-iphonesimulator -F /Applications/Xcode.app/Contents/Developer/Platforms/iPhoneSimulator.platform/Developer/Library/Frameworks -F /Applications/Xcode.app/Contents/Developer/Platforms/iPhoneSimulator.platform/Developer/SDKs/iPhoneSimulator26.5.sdk/Developer/Library/Frameworks -c -j10 -enable-batch-mode -incremental -Xcc -ivfsstatcache -Xcc /Users/shashipandey/Library/Developer/Xcode/DerivedData/SDKStatCaches.noindex/iphonesimulator26.5-23F81a-6cfe768891a92b912361537c460fe42b.sdkstatcache -output-file-map /Users/shashipandey/Library/Developer/Xcode/DerivedData/RSMS-galdljqllugdxqeukomoxaxsigpi/Build/Intermediates.noindex/Supabase.build/Debug-iphonesimulator/Helpers.build/Objects-normal/x86_64/Helpers-OutputFileMap.json -use-frontend-parseable-output -save-temps -no-color-diagnostics -explicit-module-build -module-cache-path /Users/shashipandey/Library/Developer/Xcode/DerivedData/RSMS-galdljqllugdxqeukomoxaxsigpi/Build/Intermediates.noindex/SwiftExplicitPrecompiledModules -clang-scanner-module-cache-path /Users/shashipandey/Library/Developer/Xcode/DerivedData/ModuleCache.noindex -sdk-module-cache-path /Users/shashipandey/Library/Developer/Xcode/DerivedData/ModuleCache.noindex -serialize-diagnostics -emit-dependencies -emit-module -emit-module-path /Users/shashipandey/Library/Developer/Xcode/DerivedData/RSMS-galdljqllugdxqeukomoxaxsigpi/Build/Intermediates.noindex/Supabase.build/Debug-iphonesimulator/Helpers.build/Objects-normal/x86_64/Helpers.swiftmodule -validate-clang-modules-once -clang-build-session-file /Users/shashipandey/Library/Developer/Xcode/DerivedData/ModuleCache.noindex/Session.modulevalidation -package-name supabase_swift -Xcc -I/Users/shashipandey/Library/Developer/Xcode/DerivedData/RSMS-galdljqllugdxqeukomoxaxsigpi/Build/Intermediates.noindex/Supabase.build/Debug-iphonesimulator/Helpers.build/swift-overrides.hmap -emit-const-values -Xfrontend -const-gather-protocols-file -Xfrontend /Users/shashipandey/Library/Developer/Xcode/DerivedData/RSMS-galdljqllugdxqeukomoxaxsigpi/Build/Intermediates.noindex/Supabase.build/Debug-iphonesimulator/Helpers.build/Objects-normal/x86_64/Helpers_const_extract_protocols.json -Xcc -I/Users/shashipandey/Library/Developer/Xcode/DerivedData/RSMS-galdljqllugdxqeukomoxaxsigpi/Build/Products/Debug-iphonesimulator/include -Xcc -I/Users/shashipandey/Library/Developer/Xcode/DerivedData/RSMS-galdljqllugdxqeukomoxaxsigpi/Build/Intermediates.noindex/Supabase.build/Debug-iphonesimulator/Helpers.build/DerivedSources-normal/x86_64 -Xcc -I/Users/shashipandey/Library/Developer/Xcode/DerivedData/RSMS-galdljqllugdxqeukomoxaxsigpi/Build/Intermediates.noindex/Supabase.build/Debug-iphonesimulator/Helpers.build/DerivedSources/x86_64 -Xcc -I/Users/shashipandey/Library/Developer/Xcode/DerivedData/RSMS-galdljqllugdxqeukomoxaxsigpi/Build/Intermediates.noindex/Supabase.build/Debug-iphonesimulator/Helpers.build/DerivedSources -Xcc -DSWIFT_PACKAGE -Xcc -DDEBUG\=1 -emit-objc-header -emit-objc-header-path /Users/shashipandey/Library/Developer/Xcode/DerivedData/RSMS-galdljqllugdxqeukomoxaxsigpi/Build/Intermediates.noindex/Supabase.build/Debug-iphonesimulator/Helpers.build/Objects-normal/x86_64/Helpers-Swift.h -working-directory /Users/shashipandey/Desktop/Team-8/RSMS.xcodeproj -experimental-emit-module-separately -disable-cmo

ProcessInfoPlistFile /Users/shashipandey/Library/Developer/Xcode/DerivedData/RSMS-galdljqllugdxqeukomoxaxsigpi/Build/Products/Debug-iphonesimulator/PackageFrameworks/Helpers.framework/Info.plist /Users/shashipandey/Library/Developer/Xcode/DerivedData/RSMS-galdljqllugdxqeukomoxaxsigpi/Build/Intermediates.noindex/Supabase.build/Debug-iphonesimulator/Helpers.build/empty-Helpers.plist (in target 'Helpers' from project 'Supabase')
    cd /Users/shashipandey/Library/Developer/Xcode/DerivedData/RSMS-galdljqllugdxqeukomoxaxsigpi/SourcePackages/checkouts/supabase-swift
    builtin-infoPlistUtility /Users/shashipandey/Library/Developer/Xcode/DerivedData/RSMS-galdljqllugdxqeukomoxaxsigpi/Build/Intermediates.noindex/Supabase.build/Debug-iphonesimulator/Helpers.build/empty-Helpers.plist -producttype com.apple.product-type.framework -expandbuildsettings -format binary -platform iphonesimulator -o /Users/shashipandey/Library/Developer/Xcode/DerivedData/RSMS-galdljqllugdxqeukomoxaxsigpi/Build/Products/Debug-iphonesimulator/PackageFrameworks/Helpers.framework/Info.plist

SwiftDriver\ Compilation\ Requirements Helpers normal arm64 com.apple.xcode.tools.swift.compiler (in target 'Helpers' from project 'Supabase')
    cd /Users/shashipandey/Desktop/Team-8/RSMS.xcodeproj
    builtin-Swift-Compilation-Requirements -- /Applications/Xcode.app/Contents/Developer/Toolchains/XcodeDefault.xctoolchain/usr/bin/swiftc -module-name Helpers -Onone @/Users/shashipandey/Library/Developer/Xcode/DerivedData/RSMS-galdljqllugdxqeukomoxaxsigpi/Build/Intermediates.noindex/Supabase.build/Debug-iphonesimulator/Helpers.build/Objects-normal/arm64/Helpers.SwiftFileList -DSWIFT_PACKAGE -DDEBUG -DSWIFT_MODULE_RESOURCE_BUNDLE_UNAVAILABLE -DXcode -enable-upcoming-feature ExistentialAny -enable-experimental-feature StrictConcurrency -plugin-path /Applications/Xcode.app/Contents/Developer/Toolchains/XcodeDefault.xctoolchain/usr/lib/swift/host/plugins/testing -enable-experimental-feature DebugDescriptionMacro -sdk /Applications/Xcode.app/Contents/Developer/Platforms/iPhoneSimulator.platform/Developer/SDKs/iPhoneSimulator26.5.sdk -target arm64-apple-ios13.0-simulator -g -module-cache-path /Users/shashipandey/Library/Developer/Xcode/DerivedData/ModuleCache.noindex -Xfrontend -serialize-debugging-options -enable-testing -suppress-warnings -index-store-path /Users/shashipandey/Library/Developer/Xcode/DerivedData/RSMS-galdljqllugdxqeukomoxaxsigpi/Index.noindex/DataStore -Xcc -D_LIBCPP_HARDENING_MODE\=_LIBCPP_HARDENING_MODE_DEBUG -swift-version 5 -I /Users/shashipandey/Library/Developer/Xcode/DerivedData/RSMS-galdljqllugdxqeukomoxaxsigpi/Build/Products/Debug-iphonesimulator -Isystem /Applications/Xcode.app/Contents/Developer/Platforms/iPhoneSimulator.platform/Developer/usr/lib -F /Users/shashipandey/Library/Developer/Xcode/DerivedData/RSMS-galdljqllugdxqeukomoxaxsigpi/Build/Products/Debug-iphonesimulator/PackageFrameworks -F /Users/shashipandey/Library/Developer/Xcode/DerivedData/RSMS-galdljqllugdxqeukomoxaxsigpi/Build/Products/Debug-iphonesimulator/PackageFrameworks -F /Users/shashipandey/Library/Developer/Xcode/DerivedData/RSMS-galdljqllugdxqeukomoxaxsigpi/Build/Products/Debug-iphonesimulator/PackageFrameworks -F /Users/shashipandey/Library/Developer/Xcode/DerivedData/RSMS-galdljqllugdxqeukomoxaxsigpi/Build/Products/Debug-iphonesimulator/PackageFrameworks -F /Users/shashipandey/Library/Developer/Xcode/DerivedData/RSMS-galdljqllugdxqeukomoxaxsigpi/Build/Products/Debug-iphonesimulator/PackageFrameworks -F /Users/shashipandey/Library/Developer/Xcode/DerivedData/RSMS-galdljqllugdxqeukomoxaxsigpi/Build/Products/Debug-iphonesimulator -F /Applications/Xcode.app/Contents/Developer/Platforms/iPhoneSimulator.platform/Developer/Library/Frameworks -F /Applications/Xcode.app/Contents/Developer/Platforms/iPhoneSimulator.platform/Developer/SDKs/iPhoneSimulator26.5.sdk/Developer/Library/Frameworks -c -j10 -enable-batch-mode -incremental -Xcc -ivfsstatcache -Xcc /Users/shashipandey/Library/Developer/Xcode/DerivedData/SDKStatCaches.noindex/iphonesimulator26.5-23F81a-6cfe768891a92b912361537c460fe42b.sdkstatcache -output-file-map /Users/shashipandey/Library/Developer/Xcode/DerivedData/RSMS-galdljqllugdxqeukomoxaxsigpi/Build/Intermediates.noindex/Supabase.build/Debug-iphonesimulator/Helpers.build/Objects-normal/arm64/Helpers-OutputFileMap.json -use-frontend-parseable-output -save-temps -no-color-diagnostics -explicit-module-build -module-cache-path /Users/shashipandey/Library/Developer/Xcode/DerivedData/RSMS-galdljqllugdxqeukomoxaxsigpi/Build/Intermediates.noindex/SwiftExplicitPrecompiledModules -clang-scanner-module-cache-path /Users/shashipandey/Library/Developer/Xcode/DerivedData/ModuleCache.noindex -sdk-module-cache-path /Users/shashipandey/Library/Developer/Xcode/DerivedData/ModuleCache.noindex -serialize-diagnostics -emit-dependencies -emit-module -emit-module-path /Users/shashipandey/Library/Developer/Xcode/DerivedData/RSMS-galdljqllugdxqeukomoxaxsigpi/Build/Intermediates.noindex/Supabase.build/Debug-iphonesimulator/Helpers.build/Objects-normal/arm64/Helpers.swiftmodule -validate-clang-modules-once -clang-build-session-file /Users/shashipandey/Library/Developer/Xcode/DerivedData/ModuleCache.noindex/Session.modulevalidation -package-name supabase_swift -Xcc -I/Users/shashipandey/Library/Developer/Xcode/DerivedData/RSMS-galdljqllugdxqeukomoxaxsigpi/Build/Intermediates.noindex/Supabase.build/Debug-iphonesimulator/Helpers.build/swift-overrides.hmap -emit-const-values -Xfrontend -const-gather-protocols-file -Xfrontend /Users/shashipandey/Library/Developer/Xcode/DerivedData/RSMS-galdljqllugdxqeukomoxaxsigpi/Build/Intermediates.noindex/Supabase.build/Debug-iphonesimulator/Helpers.build/Objects-normal/arm64/Helpers_const_extract_protocols.json -Xcc -I/Users/shashipandey/Library/Developer/Xcode/DerivedData/RSMS-galdljqllugdxqeukomoxaxsigpi/Build/Products/Debug-iphonesimulator/include -Xcc -I/Users/shashipandey/Library/Developer/Xcode/DerivedData/RSMS-galdljqllugdxqeukomoxaxsigpi/Build/Intermediates.noindex/Supabase.build/Debug-iphonesimulator/Helpers.build/DerivedSources-normal/arm64 -Xcc -I/Users/shashipandey/Library/Developer/Xcode/DerivedData/RSMS-galdljqllugdxqeukomoxaxsigpi/Build/Intermediates.noindex/Supabase.build/Debug-iphonesimulator/Helpers.build/DerivedSources/arm64 -Xcc -I/Users/shashipandey/Library/Developer/Xcode/DerivedData/RSMS-galdljqllugdxqeukomoxaxsigpi/Build/Intermediates.noindex/Supabase.build/Debug-iphonesimulator/Helpers.build/DerivedSources -Xcc -DSWIFT_PACKAGE -Xcc -DDEBUG\=1 -emit-objc-header -emit-objc-header-path /Users/shashipandey/Library/Developer/Xcode/DerivedData/RSMS-galdljqllugdxqeukomoxaxsigpi/Build/Intermediates.noindex/Supabase.build/Debug-iphonesimulator/Helpers.build/Objects-normal/arm64/Helpers-Swift.h -working-directory /Users/shashipandey/Desktop/Team-8/RSMS.xcodeproj -experimental-emit-module-separately -disable-cmo

SwiftDriver\ Compilation Helpers normal arm64 com.apple.xcode.tools.swift.compiler (in target 'Helpers' from project 'Supabase')
    cd /Users/shashipandey/Desktop/Team-8/RSMS.xcodeproj
    builtin-Swift-Compilation -- /Applications/Xcode.app/Contents/Developer/Toolchains/XcodeDefault.xctoolchain/usr/bin/swiftc -module-name Helpers -Onone @/Users/shashipandey/Library/Developer/Xcode/DerivedData/RSMS-galdljqllugdxqeukomoxaxsigpi/Build/Intermediates.noindex/Supabase.build/Debug-iphonesimulator/Helpers.build/Objects-normal/arm64/Helpers.SwiftFileList -DSWIFT_PACKAGE -DDEBUG -DSWIFT_MODULE_RESOURCE_BUNDLE_UNAVAILABLE -DXcode -enable-upcoming-feature ExistentialAny -enable-experimental-feature StrictConcurrency -plugin-path /Applications/Xcode.app/Contents/Developer/Toolchains/XcodeDefault.xctoolchain/usr/lib/swift/host/plugins/testing -enable-experimental-feature DebugDescriptionMacro -sdk /Applications/Xcode.app/Contents/Developer/Platforms/iPhoneSimulator.platform/Developer/SDKs/iPhoneSimulator26.5.sdk -target arm64-apple-ios13.0-simulator -g -module-cache-path /Users/shashipandey/Library/Developer/Xcode/DerivedData/ModuleCache.noindex -Xfrontend -serialize-debugging-options -enable-testing -suppress-warnings -index-store-path /Users/shashipandey/Library/Developer/Xcode/DerivedData/RSMS-galdljqllugdxqeukomoxaxsigpi/Index.noindex/DataStore -Xcc -D_LIBCPP_HARDENING_MODE\=_LIBCPP_HARDENING_MODE_DEBUG -swift-version 5 -I /Users/shashipandey/Library/Developer/Xcode/DerivedData/RSMS-galdljqllugdxqeukomoxaxsigpi/Build/Products/Debug-iphonesimulator -Isystem /Applications/Xcode.app/Contents/Developer/Platforms/iPhoneSimulator.platform/Developer/usr/lib -F /Users/shashipandey/Library/Developer/Xcode/DerivedData/RSMS-galdljqllugdxqeukomoxaxsigpi/Build/Products/Debug-iphonesimulator/PackageFrameworks -F /Users/shashipandey/Library/Developer/Xcode/DerivedData/RSMS-galdljqllugdxqeukomoxaxsigpi/Build/Products/Debug-iphonesimulator/PackageFrameworks -F /Users/shashipandey/Library/Developer/Xcode/DerivedData/RSMS-galdljqllugdxqeukomoxaxsigpi/Build/Products/Debug-iphonesimulator/PackageFrameworks -F /Users/shashipandey/Library/Developer/Xcode/DerivedData/RSMS-galdljqllugdxqeukomoxaxsigpi/Build/Products/Debug-iphonesimulator/PackageFrameworks -F /Users/shashipandey/Library/Developer/Xcode/DerivedData/RSMS-galdljqllugdxqeukomoxaxsigpi/Build/Products/Debug-iphonesimulator/PackageFrameworks -F /Users/shashipandey/Library/Developer/Xcode/DerivedData/RSMS-galdljqllugdxqeukomoxaxsigpi/Build/Products/Debug-iphonesimulator -F /Applications/Xcode.app/Contents/Developer/Platforms/iPhoneSimulator.platform/Developer/Library/Frameworks -F /Applications/Xcode.app/Contents/Developer/Platforms/iPhoneSimulator.platform/Developer/SDKs/iPhoneSimulator26.5.sdk/Developer/Library/Frameworks -c -j10 -enable-batch-mode -incremental -Xcc -ivfsstatcache -Xcc /Users/shashipandey/Library/Developer/Xcode/DerivedData/SDKStatCaches.noindex/iphonesimulator26.5-23F81a-6cfe768891a92b912361537c460fe42b.sdkstatcache -output-file-map /Users/shashipandey/Library/Developer/Xcode/DerivedData/RSMS-galdljqllugdxqeukomoxaxsigpi/Build/Intermediates.noindex/Supabase.build/Debug-iphonesimulator/Helpers.build/Objects-normal/arm64/Helpers-OutputFileMap.json -use-frontend-parseable-output -save-temps -no-color-diagnostics -explicit-module-build -module-cache-path /Users/shashipandey/Library/Developer/Xcode/DerivedData/RSMS-galdljqllugdxqeukomoxaxsigpi/Build/Intermediates.noindex/SwiftExplicitPrecompiledModules -clang-scanner-module-cache-path /Users/shashipandey/Library/Developer/Xcode/DerivedData/ModuleCache.noindex -sdk-module-cache-path /Users/shashipandey/Library/Developer/Xcode/DerivedData/ModuleCache.noindex -serialize-diagnostics -emit-dependencies -emit-module -emit-module-path /Users/shashipandey/Library/Developer/Xcode/DerivedData/RSMS-galdljqllugdxqeukomoxaxsigpi/Build/Intermediates.noindex/Supabase.build/Debug-iphonesimulator/Helpers.build/Objects-normal/arm64/Helpers.swiftmodule -validate-clang-modules-once -clang-build-session-file /Users/shashipandey/Library/Developer/Xcode/DerivedData/ModuleCache.noindex/Session.modulevalidation -package-name supabase_swift -Xcc -I/Users/shashipandey/Library/Developer/Xcode/DerivedData/RSMS-galdljqllugdxqeukomoxaxsigpi/Build/Intermediates.noindex/Supabase.build/Debug-iphonesimulator/Helpers.build/swift-overrides.hmap -emit-const-values -Xfrontend -const-gather-protocols-file -Xfrontend /Users/shashipandey/Library/Developer/Xcode/DerivedData/RSMS-galdljqllugdxqeukomoxaxsigpi/Build/Intermediates.noindex/Supabase.build/Debug-iphonesimulator/Helpers.build/Objects-normal/arm64/Helpers_const_extract_protocols.json -Xcc -I/Users/shashipandey/Library/Developer/Xcode/DerivedData/RSMS-galdljqllugdxqeukomoxaxsigpi/Build/Products/Debug-iphonesimulator/include -Xcc -I/Users/shashipandey/Library/Developer/Xcode/DerivedData/RSMS-galdljqllugdxqeukomoxaxsigpi/Build/Intermediates.noindex/Supabase.build/Debug-iphonesimulator/Helpers.build/DerivedSources-normal/arm64 -Xcc -I/Users/shashipandey/Library/Developer/Xcode/DerivedData/RSMS-galdljqllugdxqeukomoxaxsigpi/Build/Intermediates.noindex/Supabase.build/Debug-iphonesimulator/Helpers.build/DerivedSources/arm64 -Xcc -I/Users/shashipandey/Library/Developer/Xcode/DerivedData/RSMS-galdljqllugdxqeukomoxaxsigpi/Build/Intermediates.noindex/Supabase.build/Debug-iphonesimulator/Helpers.build/DerivedSources -Xcc -DSWIFT_PACKAGE -Xcc -DDEBUG\=1 -emit-objc-header -emit-objc-header-path /Users/shashipandey/Library/Developer/Xcode/DerivedData/RSMS-galdljqllugdxqeukomoxaxsigpi/Build/Intermediates.noindex/Supabase.build/Debug-iphonesimulator/Helpers.build/Objects-normal/arm64/Helpers-Swift.h -working-directory /Users/shashipandey/Desktop/Team-8/RSMS.xcodeproj -experimental-emit-module-separately -disable-cmo

Copy /Users/shashipandey/Library/Developer/Xcode/DerivedData/RSMS-galdljqllugdxqeukomoxaxsigpi/Build/Products/Debug-iphonesimulator/PackageFrameworks/Helpers.framework/Modules/Helpers.swiftmodule/arm64-apple-ios-simulator.swiftmodule /Users/shashipandey/Library/Developer/Xcode/DerivedData/RSMS-galdljqllugdxqeukomoxaxsigpi/Build/Intermediates.noindex/Supabase.build/Debug-iphonesimulator/Helpers.build/Objects-normal/arm64/Helpers.swiftmodule (in target 'Helpers' from project 'Supabase')
    cd /Users/shashipandey/Library/Developer/Xcode/DerivedData/RSMS-galdljqllugdxqeukomoxaxsigpi/SourcePackages/checkouts/supabase-swift
    builtin-copy -exclude .DS_Store -exclude CVS -exclude .svn -exclude .git -exclude .hg -resolve-src-symlinks -rename /Users/shashipandey/Library/Developer/Xcode/DerivedData/RSMS-galdljqllugdxqeukomoxaxsigpi/Build/Intermediates.noindex/Supabase.build/Debug-iphonesimulator/Helpers.build/Objects-normal/arm64/Helpers.swiftmodule /Users/shashipandey/Library/Developer/Xcode/DerivedData/RSMS-galdljqllugdxqeukomoxaxsigpi/Build/Products/Debug-iphonesimulator/PackageFrameworks/Helpers.framework/Modules/Helpers.swiftmodule/arm64-apple-ios-simulator.swiftmodule

SwiftMergeGeneratedHeaders /Users/shashipandey/Library/Developer/Xcode/DerivedData/RSMS-galdljqllugdxqeukomoxaxsigpi/Build/Intermediates.noindex/GeneratedModuleMaps-iphonesimulator/Helpers-Swift.h /Users/shashipandey/Library/Developer/Xcode/DerivedData/RSMS-galdljqllugdxqeukomoxaxsigpi/Build/Intermediates.noindex/Supabase.build/Debug-iphonesimulator/Helpers.build/Objects-normal/arm64/Helpers-Swift.h /Users/shashipandey/Library/Developer/Xcode/DerivedData/RSMS-galdljqllugdxqeukomoxaxsigpi/Build/Intermediates.noindex/Supabase.build/Debug-iphonesimulator/Helpers.build/Objects-normal/x86_64/Helpers-Swift.h (in target 'Helpers' from project 'Supabase')
    cd /Users/shashipandey/Library/Developer/Xcode/DerivedData/RSMS-galdljqllugdxqeukomoxaxsigpi/SourcePackages/checkouts/supabase-swift
    builtin-swiftHeaderTool -arch arm64 /Users/shashipandey/Library/Developer/Xcode/DerivedData/RSMS-galdljqllugdxqeukomoxaxsigpi/Build/Intermediates.noindex/Supabase.build/Debug-iphonesimulator/Helpers.build/Objects-normal/arm64/Helpers-Swift.h -arch x86_64 /Users/shashipandey/Library/Developer/Xcode/DerivedData/RSMS-galdljqllugdxqeukomoxaxsigpi/Build/Intermediates.noindex/Supabase.build/Debug-iphonesimulator/Helpers.build/Objects-normal/x86_64/Helpers-Swift.h -o /Users/shashipandey/Library/Developer/Xcode/DerivedData/RSMS-galdljqllugdxqeukomoxaxsigpi/Build/Intermediates.noindex/GeneratedModuleMaps-iphonesimulator/Helpers-Swift.h

Copy /Users/shashipandey/Library/Developer/Xcode/DerivedData/RSMS-galdljqllugdxqeukomoxaxsigpi/Build/Products/Debug-iphonesimulator/PackageFrameworks/Helpers.framework/Modules/Helpers.swiftmodule/Project/arm64-apple-ios-simulator.swiftsourceinfo /Users/shashipandey/Library/Developer/Xcode/DerivedData/RSMS-galdljqllugdxqeukomoxaxsigpi/Build/Intermediates.noindex/Supabase.build/Debug-iphonesimulator/Helpers.build/Objects-normal/arm64/Helpers.swiftsourceinfo (in target 'Helpers' from project 'Supabase')
    cd /Users/shashipandey/Library/Developer/Xcode/DerivedData/RSMS-galdljqllugdxqeukomoxaxsigpi/SourcePackages/checkouts/supabase-swift
    builtin-copy -exclude .DS_Store -exclude CVS -exclude .svn -exclude .git -exclude .hg -resolve-src-symlinks -rename /Users/shashipandey/Library/Developer/Xcode/DerivedData/RSMS-galdljqllugdxqeukomoxaxsigpi/Build/Intermediates.noindex/Supabase.build/Debug-iphonesimulator/Helpers.build/Objects-normal/arm64/Helpers.swiftsourceinfo /Users/shashipandey/Library/Developer/Xcode/DerivedData/RSMS-galdljqllugdxqeukomoxaxsigpi/Build/Products/Debug-iphonesimulator/PackageFrameworks/Helpers.framework/Modules/Helpers.swiftmodule/Project/arm64-apple-ios-simulator.swiftsourceinfo

Copy /Users/shashipandey/Library/Developer/Xcode/DerivedData/RSMS-galdljqllugdxqeukomoxaxsigpi/Build/Products/Debug-iphonesimulator/PackageFrameworks/Helpers.framework/Modules/Helpers.swiftmodule/arm64-apple-ios-simulator.swiftdoc /Users/shashipandey/Library/Developer/Xcode/DerivedData/RSMS-galdljqllugdxqeukomoxaxsigpi/Build/Intermediates.noindex/Supabase.build/Debug-iphonesimulator/Helpers.build/Objects-normal/arm64/Helpers.swiftdoc (in target 'Helpers' from project 'Supabase')
    cd /Users/shashipandey/Library/Developer/Xcode/DerivedData/RSMS-galdljqllugdxqeukomoxaxsigpi/SourcePackages/checkouts/supabase-swift
    builtin-copy -exclude .DS_Store -exclude CVS -exclude .svn -exclude .git -exclude .hg -resolve-src-symlinks -rename /Users/shashipandey/Library/Developer/Xcode/DerivedData/RSMS-galdljqllugdxqeukomoxaxsigpi/Build/Intermediates.noindex/Supabase.build/Debug-iphonesimulator/Helpers.build/Objects-normal/arm64/Helpers.swiftdoc /Users/shashipandey/Library/Developer/Xcode/DerivedData/RSMS-galdljqllugdxqeukomoxaxsigpi/Build/Products/Debug-iphonesimulator/PackageFrameworks/Helpers.framework/Modules/Helpers.swiftmodule/arm64-apple-ios-simulator.swiftdoc

Copy /Users/shashipandey/Library/Developer/Xcode/DerivedData/RSMS-galdljqllugdxqeukomoxaxsigpi/Build/Products/Debug-iphonesimulator/PackageFrameworks/Helpers.framework/Modules/Helpers.swiftmodule/arm64-apple-ios-simulator.abi.json /Users/shashipandey/Library/Developer/Xcode/DerivedData/RSMS-galdljqllugdxqeukomoxaxsigpi/Build/Intermediates.noindex/Supabase.build/Debug-iphonesimulator/Helpers.build/Objects-normal/arm64/Helpers.abi.json (in target 'Helpers' from project 'Supabase')
    cd /Users/shashipandey/Library/Developer/Xcode/DerivedData/RSMS-galdljqllugdxqeukomoxaxsigpi/SourcePackages/checkouts/supabase-swift
    builtin-copy -exclude .DS_Store -exclude CVS -exclude .svn -exclude .git -exclude .hg -resolve-src-symlinks -rename /Users/shashipandey/Library/Developer/Xcode/DerivedData/RSMS-galdljqllugdxqeukomoxaxsigpi/Build/Intermediates.noindex/Supabase.build/Debug-iphonesimulator/Helpers.build/Objects-normal/arm64/Helpers.abi.json /Users/shashipandey/Library/Developer/Xcode/DerivedData/RSMS-galdljqllugdxqeukomoxaxsigpi/Build/Products/Debug-iphonesimulator/PackageFrameworks/Helpers.framework/Modules/Helpers.swiftmodule/arm64-apple-ios-simulator.abi.json

Ld /Users/shashipandey/Library/Developer/Xcode/DerivedData/RSMS-galdljqllugdxqeukomoxaxsigpi/Build/Intermediates.noindex/Supabase.build/Debug-iphonesimulator/Helpers.build/Objects-normal/x86_64/Binary/Helpers normal x86_64 (in target 'Helpers' from project 'Supabase')
    cd /Users/shashipandey/Library/Developer/Xcode/DerivedData/RSMS-galdljqllugdxqeukomoxaxsigpi/SourcePackages/checkouts/supabase-swift
    /Applications/Xcode.app/Contents/Developer/Toolchains/XcodeDefault.xctoolchain/usr/bin/clang -Xlinker -reproducible -target x86_64-apple-ios13.0-simulator -dynamiclib -isysroot /Applications/Xcode.app/Contents/Developer/Platforms/iPhoneSimulator.platform/Developer/SDKs/iPhoneSimulator26.5.sdk -O0 -w -L/Users/shashipandey/Library/Developer/Xcode/DerivedData/RSMS-galdljqllugdxqeukomoxaxsigpi/Build/Intermediates.noindex/EagerLinkingTBDs/Debug-iphonesimulator -L/Users/shashipandey/Library/Developer/Xcode/DerivedData/RSMS-galdljqllugdxqeukomoxaxsigpi/Build/Products/Debug-iphonesimulator -L/Applications/Xcode.app/Contents/Developer/Platforms/iPhoneSimulator.platform/Developer/usr/lib -F/Users/shashipandey/Library/Developer/Xcode/DerivedData/RSMS-galdljqllugdxqeukomoxaxsigpi/Build/Intermediates.noindex/EagerLinkingTBDs/Debug-iphonesimulator -F/Users/shashipandey/Library/Developer/Xcode/DerivedData/RSMS-galdljqllugdxqeukomoxaxsigpi/Build/Products/Debug-iphonesimulator/PackageFrameworks -F/Users/shashipandey/Library/Developer/Xcode/DerivedData/RSMS-galdljqllugdxqeukomoxaxsigpi/Build/Products/Debug-iphonesimulator/PackageFrameworks -F/Users/shashipandey/Library/Developer/Xcode/DerivedData/RSMS-galdljqllugdxqeukomoxaxsigpi/Build/Products/Debug-iphonesimulator/PackageFrameworks -F/Users/shashipandey/Library/Developer/Xcode/DerivedData/RSMS-galdljqllugdxqeukomoxaxsigpi/Build/Products/Debug-iphonesimulator/PackageFrameworks -F/Users/shashipandey/Library/Developer/Xcode/DerivedData/RSMS-galdljqllugdxqeukomoxaxsigpi/Build/Products/Debug-iphonesimulator/PackageFrameworks -F/Users/shashipandey/Library/Developer/Xcode/DerivedData/RSMS-galdljqllugdxqeukomoxaxsigpi/Build/Products/Debug-iphonesimulator -iframework /Applications/Xcode.app/Contents/Developer/Platforms/iPhoneSimulator.platform/Developer/Library/Frameworks -iframework /Applications/Xcode.app/Contents/Developer/Platforms/iPhoneSimulator.platform/Developer/SDKs/iPhoneSimulator26.5.sdk/Developer/Library/Frameworks -filelist /Users/shashipandey/Library/Developer/Xcode/DerivedData/RSMS-galdljqllugdxqeukomoxaxsigpi/Build/Intermediates.noindex/Supabase.build/Debug-iphonesimulator/Helpers.build/Objects-normal/x86_64/Helpers.LinkFileList -install_name @rpath/Helpers.framework/Helpers -Xlinker -rpath -Xlinker /usr/lib/swift -Xlinker -rpath -Xlinker /Users/shashipandey/Library/Developer/Xcode/DerivedData/RSMS-galdljqllugdxqeukomoxaxsigpi/Build/Products/Debug-iphonesimulator/PackageFrameworks -Xlinker -dead_strip -Xlinker -object_path_lto -Xlinker /Users/shashipandey/Library/Developer/Xcode/DerivedData/RSMS-galdljqllugdxqeukomoxaxsigpi/Build/Intermediates.noindex/Supabase.build/Debug-iphonesimulator/Helpers.build/Objects-normal/x86_64/Helpers_lto.o -rdynamic -Xlinker -no_deduplicate -Xlinker -objc_abi_version -Xlinker 2 -Xlinker -dependency_info -Xlinker /Users/shashipandey/Library/Developer/Xcode/DerivedData/RSMS-galdljqllugdxqeukomoxaxsigpi/Build/Intermediates.noindex/Supabase.build/Debug-iphonesimulator/Helpers.build/Objects-normal/x86_64/Helpers_dependency_info.dat -fobjc-link-runtime -L/Applications/Xcode.app/Contents/Developer/Toolchains/XcodeDefault.xctoolchain/usr/lib/swift/iphonesimulator -L/usr/lib/swift -Xlinker -add_ast_path -Xlinker /Users/shashipandey/Library/Developer/Xcode/DerivedData/RSMS-galdljqllugdxqeukomoxaxsigpi/Build/Intermediates.noindex/Supabase.build/Debug-iphonesimulator/Helpers.build/Objects-normal/x86_64/Helpers.swiftmodule @/Users/shashipandey/Library/Developer/Xcode/DerivedData/RSMS-galdljqllugdxqeukomoxaxsigpi/Build/Intermediates.noindex/Supabase.build/Debug-iphonesimulator/Helpers.build/Objects-normal/x86_64/Helpers-linker-args.resp -Wl,-no_warn_duplicate_libraries -Wl,-no_warn_duplicate_libraries -Wl,-no_warn_duplicate_libraries -Wl,-no_warn_duplicate_libraries -Wl,-no_warn_duplicate_libraries /Users/shashipandey/Library/Developer/Xcode/DerivedData/RSMS-galdljqllugdxqeukomoxaxsigpi/Build/Products/Debug-iphonesimulator/PackageFrameworks/ConcurrencyExtras_-2B4B167800F2E3ED_PackageProduct.framework/ConcurrencyExtras_-2B4B167800F2E3ED_PackageProduct /Users/shashipandey/Library/Developer/Xcode/DerivedData/RSMS-galdljqllugdxqeukomoxaxsigpi/Build/Products/Debug-iphonesimulator/PackageFrameworks/HTTPTypes_6E0498CBABC4245E_PackageProduct.framework/HTTPTypes_6E0498CBABC4245E_PackageProduct /Users/shashipandey/Library/Developer/Xcode/DerivedData/RSMS-galdljqllugdxqeukomoxaxsigpi/Build/Products/Debug-iphonesimulator/PackageFrameworks/Clocks_17A223499E7CA5_PackageProduct.framework/Clocks_17A223499E7CA5_PackageProduct /Users/shashipandey/Library/Developer/Xcode/DerivedData/RSMS-galdljqllugdxqeukomoxaxsigpi/Build/Products/Debug-iphonesimulator/PackageFrameworks/XCTestDynamicOverlay_6187313334988FF6_PackageProduct.framework/XCTestDynamicOverlay_6187313334988FF6_PackageProduct /Users/shashipandey/Library/Developer/Xcode/DerivedData/RSMS-galdljqllugdxqeukomoxaxsigpi/Build/Products/Debug-iphonesimulator/PackageFrameworks/IssueReporting.framework/IssueReporting -o /Users/shashipandey/Library/Developer/Xcode/DerivedData/RSMS-galdljqllugdxqeukomoxaxsigpi/Build/Intermediates.noindex/Supabase.build/Debug-iphonesimulator/Helpers.build/Objects-normal/x86_64/Binary/Helpers

SwiftDriver Storage normal x86_64 com.apple.xcode.tools.swift.compiler (in target 'Storage' from project 'Supabase')
    cd /Users/shashipandey/Desktop/Team-8/RSMS.xcodeproj
    builtin-SwiftDriver -- /Applications/Xcode.app/Contents/Developer/Toolchains/XcodeDefault.xctoolchain/usr/bin/swiftc -module-name Storage -Onone @/Users/shashipandey/Library/Developer/Xcode/DerivedData/RSMS-galdljqllugdxqeukomoxaxsigpi/Build/Intermediates.noindex/Supabase.build/Debug-iphonesimulator/Storage.build/Objects-normal/x86_64/Storage.SwiftFileList -DSWIFT_PACKAGE -DDEBUG -DSWIFT_MODULE_RESOURCE_BUNDLE_UNAVAILABLE -DXcode -enable-upcoming-feature ExistentialAny -enable-experimental-feature StrictConcurrency -plugin-path /Applications/Xcode.app/Contents/Developer/Toolchains/XcodeDefault.xctoolchain/usr/lib/swift/host/plugins/testing -enable-experimental-feature DebugDescriptionMacro -sdk /Applications/Xcode.app/Contents/Developer/Platforms/iPhoneSimulator.platform/Developer/SDKs/iPhoneSimulator26.5.sdk -target x86_64-apple-ios13.0-simulator -g -module-cache-path /Users/shashipandey/Library/Developer/Xcode/DerivedData/ModuleCache.noindex -Xfrontend -serialize-debugging-options -enable-testing -suppress-warnings -index-store-path /Users/shashipandey/Library/Developer/Xcode/DerivedData/RSMS-galdljqllugdxqeukomoxaxsigpi/Index.noindex/DataStore -Xcc -D_LIBCPP_HARDENING_MODE\=_LIBCPP_HARDENING_MODE_DEBUG -swift-version 5 -I /Users/shashipandey/Library/Developer/Xcode/DerivedData/RSMS-galdljqllugdxqeukomoxaxsigpi/Build/Products/Debug-iphonesimulator -Isystem /Applications/Xcode.app/Contents/Developer/Platforms/iPhoneSimulator.platform/Developer/usr/lib -F /Users/shashipandey/Library/Developer/Xcode/DerivedData/RSMS-galdljqllugdxqeukomoxaxsigpi/Build/Products/Debug-iphonesimulator/PackageFrameworks -F /Users/shashipandey/Library/Developer/Xcode/DerivedData/RSMS-galdljqllugdxqeukomoxaxsigpi/Build/Products/Debug-iphonesimulator/PackageFrameworks -F /Users/shashipandey/Library/Developer/Xcode/DerivedData/RSMS-galdljqllugdxqeukomoxaxsigpi/Build/Products/Debug-iphonesimulator/PackageFrameworks -F /Users/shashipandey/Library/Developer/Xcode/DerivedData/RSMS-galdljqllugdxqeukomoxaxsigpi/Build/Products/Debug-iphonesimulator/PackageFrameworks -F /Users/shashipandey/Library/Developer/Xcode/DerivedData/RSMS-galdljqllugdxqeukomoxaxsigpi/Build/Products/Debug-iphonesimulator/PackageFrameworks -F /Users/shashipandey/Library/Developer/Xcode/DerivedData/RSMS-galdljqllugdxqeukomoxaxsigpi/Build/Products/Debug-iphonesimulator/PackageFrameworks -F /Users/shashipandey/Library/Developer/Xcode/DerivedData/RSMS-galdljqllugdxqeukomoxaxsigpi/Build/Products/Debug-iphonesimulator -F /Applications/Xcode.app/Contents/Developer/Platforms/iPhoneSimulator.platform/Developer/Library/Frameworks -F /Applications/Xcode.app/Contents/Developer/Platforms/iPhoneSimulator.platform/Developer/SDKs/iPhoneSimulator26.5.sdk/Developer/Library/Frameworks -c -j10 -enable-batch-mode -incremental -Xcc -ivfsstatcache -Xcc /Users/shashipandey/Library/Developer/Xcode/DerivedData/SDKStatCaches.noindex/iphonesimulator26.5-23F81a-6cfe768891a92b912361537c460fe42b.sdkstatcache -output-file-map /Users/shashipandey/Library/Developer/Xcode/DerivedData/RSMS-galdljqllugdxqeukomoxaxsigpi/Build/Intermediates.noindex/Supabase.build/Debug-iphonesimulator/Storage.build/Objects-normal/x86_64/Storage-OutputFileMap.json -use-frontend-parseable-output -save-temps -no-color-diagnostics -explicit-module-build -module-cache-path /Users/shashipandey/Library/Developer/Xcode/DerivedData/RSMS-galdljqllugdxqeukomoxaxsigpi/Build/Intermediates.noindex/SwiftExplicitPrecompiledModules -clang-scanner-module-cache-path /Users/shashipandey/Library/Developer/Xcode/DerivedData/ModuleCache.noindex -sdk-module-cache-path /Users/shashipandey/Library/Developer/Xcode/DerivedData/ModuleCache.noindex -serialize-diagnostics -emit-dependencies -emit-module -emit-module-path /Users/shashipandey/Library/Developer/Xcode/DerivedData/RSMS-galdljqllugdxqeukomoxaxsigpi/Build/Intermediates.noindex/Supabase.build/Debug-iphonesimulator/Storage.build/Objects-normal/x86_64/Storage.swiftmodule -validate-clang-modules-once -clang-build-session-file /Users/shashipandey/Library/Developer/Xcode/DerivedData/ModuleCache.noindex/Session.modulevalidation -package-name supabase_swift -Xcc -I/Users/shashipandey/Library/Developer/Xcode/DerivedData/RSMS-galdljqllugdxqeukomoxaxsigpi/Build/Intermediates.noindex/Supabase.build/Debug-iphonesimulator/Storage.build/swift-overrides.hmap -emit-const-values -Xfrontend -const-gather-protocols-file -Xfrontend /Users/shashipandey/Library/Developer/Xcode/DerivedData/RSMS-galdljqllugdxqeukomoxaxsigpi/Build/Intermediates.noindex/Supabase.build/Debug-iphonesimulator/Storage.build/Objects-normal/x86_64/Storage_const_extract_protocols.json -Xcc -I/Users/shashipandey/Library/Developer/Xcode/DerivedData/RSMS-galdljqllugdxqeukomoxaxsigpi/Build/Products/Debug-iphonesimulator/include -Xcc -I/Users/shashipandey/Library/Developer/Xcode/DerivedData/RSMS-galdljqllugdxqeukomoxaxsigpi/Build/Intermediates.noindex/Supabase.build/Debug-iphonesimulator/Storage.build/DerivedSources-normal/x86_64 -Xcc -I/Users/shashipandey/Library/Developer/Xcode/DerivedData/RSMS-galdljqllugdxqeukomoxaxsigpi/Build/Intermediates.noindex/Supabase.build/Debug-iphonesimulator/Storage.build/DerivedSources/x86_64 -Xcc -I/Users/shashipandey/Library/Developer/Xcode/DerivedData/RSMS-galdljqllugdxqeukomoxaxsigpi/Build/Intermediates.noindex/Supabase.build/Debug-iphonesimulator/Storage.build/DerivedSources -Xcc -DSWIFT_PACKAGE -Xcc -DDEBUG\=1 -emit-objc-header -emit-objc-header-path /Users/shashipandey/Library/Developer/Xcode/DerivedData/RSMS-galdljqllugdxqeukomoxaxsigpi/Build/Intermediates.noindex/Supabase.build/Debug-iphonesimulator/Storage.build/Objects-normal/x86_64/Storage-Swift.h -working-directory /Users/shashipandey/Desktop/Team-8/RSMS.xcodeproj -experimental-emit-module-separately -disable-cmo

SwiftDriver Storage normal arm64 com.apple.xcode.tools.swift.compiler (in target 'Storage' from project 'Supabase')
    cd /Users/shashipandey/Desktop/Team-8/RSMS.xcodeproj
    builtin-SwiftDriver -- /Applications/Xcode.app/Contents/Developer/Toolchains/XcodeDefault.xctoolchain/usr/bin/swiftc -module-name Storage -Onone @/Users/shashipandey/Library/Developer/Xcode/DerivedData/RSMS-galdljqllugdxqeukomoxaxsigpi/Build/Intermediates.noindex/Supabase.build/Debug-iphonesimulator/Storage.build/Objects-normal/arm64/Storage.SwiftFileList -DSWIFT_PACKAGE -DDEBUG -DSWIFT_MODULE_RESOURCE_BUNDLE_UNAVAILABLE -DXcode -enable-upcoming-feature ExistentialAny -enable-experimental-feature StrictConcurrency -plugin-path /Applications/Xcode.app/Contents/Developer/Toolchains/XcodeDefault.xctoolchain/usr/lib/swift/host/plugins/testing -enable-experimental-feature DebugDescriptionMacro -sdk /Applications/Xcode.app/Contents/Developer/Platforms/iPhoneSimulator.platform/Developer/SDKs/iPhoneSimulator26.5.sdk -target arm64-apple-ios13.0-simulator -g -module-cache-path /Users/shashipandey/Library/Developer/Xcode/DerivedData/ModuleCache.noindex -Xfrontend -serialize-debugging-options -enable-testing -suppress-warnings -index-store-path /Users/shashipandey/Library/Developer/Xcode/DerivedData/RSMS-galdljqllugdxqeukomoxaxsigpi/Index.noindex/DataStore -Xcc -D_LIBCPP_HARDENING_MODE\=_LIBCPP_HARDENING_MODE_DEBUG -swift-version 5 -I /Users/shashipandey/Library/Developer/Xcode/DerivedData/RSMS-galdljqllugdxqeukomoxaxsigpi/Build/Products/Debug-iphonesimulator -Isystem /Applications/Xcode.app/Contents/Developer/Platforms/iPhoneSimulator.platform/Developer/usr/lib -F /Users/shashipandey/Library/Developer/Xcode/DerivedData/RSMS-galdljqllugdxqeukomoxaxsigpi/Build/Products/Debug-iphonesimulator/PackageFrameworks -F /Users/shashipandey/Library/Developer/Xcode/DerivedData/RSMS-galdljqllugdxqeukomoxaxsigpi/Build/Products/Debug-iphonesimulator/PackageFrameworks -F /Users/shashipandey/Library/Developer/Xcode/DerivedData/RSMS-galdljqllugdxqeukomoxaxsigpi/Build/Products/Debug-iphonesimulator/PackageFrameworks -F /Users/shashipandey/Library/Developer/Xcode/DerivedData/RSMS-galdljqllugdxqeukomoxaxsigpi/Build/Products/Debug-iphonesimulator/PackageFrameworks -F /Users/shashipandey/Library/Developer/Xcode/DerivedData/RSMS-galdljqllugdxqeukomoxaxsigpi/Build/Products/Debug-iphonesimulator/PackageFrameworks -F /Users/shashipandey/Library/Developer/Xcode/DerivedData/RSMS-galdljqllugdxqeukomoxaxsigpi/Build/Products/Debug-iphonesimulator/PackageFrameworks -F /Users/shashipandey/Library/Developer/Xcode/DerivedData/RSMS-galdljqllugdxqeukomoxaxsigpi/Build/Products/Debug-iphonesimulator -F /Applications/Xcode.app/Contents/Developer/Platforms/iPhoneSimulator.platform/Developer/Library/Frameworks -F /Applications/Xcode.app/Contents/Developer/Platforms/iPhoneSimulator.platform/Developer/SDKs/iPhoneSimulator26.5.sdk/Developer/Library/Frameworks -c -j10 -enable-batch-mode -incremental -Xcc -ivfsstatcache -Xcc /Users/shashipandey/Library/Developer/Xcode/DerivedData/SDKStatCaches.noindex/iphonesimulator26.5-23F81a-6cfe768891a92b912361537c460fe42b.sdkstatcache -output-file-map /Users/shashipandey/Library/Developer/Xcode/DerivedData/RSMS-galdljqllugdxqeukomoxaxsigpi/Build/Intermediates.noindex/Supabase.build/Debug-iphonesimulator/Storage.build/Objects-normal/arm64/Storage-OutputFileMap.json -use-frontend-parseable-output -save-temps -no-color-diagnostics -explicit-module-build -module-cache-path /Users/shashipandey/Library/Developer/Xcode/DerivedData/RSMS-galdljqllugdxqeukomoxaxsigpi/Build/Intermediates.noindex/SwiftExplicitPrecompiledModules -clang-scanner-module-cache-path /Users/shashipandey/Library/Developer/Xcode/DerivedData/ModuleCache.noindex -sdk-module-cache-path /Users/shashipandey/Library/Developer/Xcode/DerivedData/ModuleCache.noindex -serialize-diagnostics -emit-dependencies -emit-module -emit-module-path /Users/shashipandey/Library/Developer/Xcode/DerivedData/RSMS-galdljqllugdxqeukomoxaxsigpi/Build/Intermediates.noindex/Supabase.build/Debug-iphonesimulator/Storage.build/Objects-normal/arm64/Storage.swiftmodule -validate-clang-modules-once -clang-build-session-file /Users/shashipandey/Library/Developer/Xcode/DerivedData/ModuleCache.noindex/Session.modulevalidation -package-name supabase_swift -Xcc -I/Users/shashipandey/Library/Developer/Xcode/DerivedData/RSMS-galdljqllugdxqeukomoxaxsigpi/Build/Intermediates.noindex/Supabase.build/Debug-iphonesimulator/Storage.build/swift-overrides.hmap -emit-const-values -Xfrontend -const-gather-protocols-file -Xfrontend /Users/shashipandey/Library/Developer/Xcode/DerivedData/RSMS-galdljqllugdxqeukomoxaxsigpi/Build/Intermediates.noindex/Supabase.build/Debug-iphonesimulator/Storage.build/Objects-normal/arm64/Storage_const_extract_protocols.json -Xcc -I/Users/shashipandey/Library/Developer/Xcode/DerivedData/RSMS-galdljqllugdxqeukomoxaxsigpi/Build/Products/Debug-iphonesimulator/include -Xcc -I/Users/shashipandey/Library/Developer/Xcode/DerivedData/RSMS-galdljqllugdxqeukomoxaxsigpi/Build/Intermediates.noindex/Supabase.build/Debug-iphonesimulator/Storage.build/DerivedSources-normal/arm64 -Xcc -I/Users/shashipandey/Library/Developer/Xcode/DerivedData/RSMS-galdljqllugdxqeukomoxaxsigpi/Build/Intermediates.noindex/Supabase.build/Debug-iphonesimulator/Storage.build/DerivedSources/arm64 -Xcc -I/Users/shashipandey/Library/Developer/Xcode/DerivedData/RSMS-galdljqllugdxqeukomoxaxsigpi/Build/Intermediates.noindex/Supabase.build/Debug-iphonesimulator/Storage.build/DerivedSources -Xcc -DSWIFT_PACKAGE -Xcc -DDEBUG\=1 -emit-objc-header -emit-objc-header-path /Users/shashipandey/Library/Developer/Xcode/DerivedData/RSMS-galdljqllugdxqeukomoxaxsigpi/Build/Intermediates.noindex/Supabase.build/Debug-iphonesimulator/Storage.build/Objects-normal/arm64/Storage-Swift.h -working-directory /Users/shashipandey/Desktop/Team-8/RSMS.xcodeproj -experimental-emit-module-separately -disable-cmo

SwiftDriver Realtime normal arm64 com.apple.xcode.tools.swift.compiler (in target 'Realtime' from project 'Supabase')
    cd /Users/shashipandey/Desktop/Team-8/RSMS.xcodeproj
    builtin-SwiftDriver -- /Applications/Xcode.app/Contents/Developer/Toolchains/XcodeDefault.xctoolchain/usr/bin/swiftc -module-name Realtime -Onone @/Users/shashipandey/Library/Developer/Xcode/DerivedData/RSMS-galdljqllugdxqeukomoxaxsigpi/Build/Intermediates.noindex/Supabase.build/Debug-iphonesimulator/Realtime.build/Objects-normal/arm64/Realtime.SwiftFileList -DSWIFT_PACKAGE -DDEBUG -DSWIFT_MODULE_RESOURCE_BUNDLE_UNAVAILABLE -DXcode -enable-upcoming-feature ExistentialAny -enable-experimental-feature StrictConcurrency -plugin-path /Applications/Xcode.app/Contents/Developer/Toolchains/XcodeDefault.xctoolchain/usr/lib/swift/host/plugins/testing -enable-experimental-feature DebugDescriptionMacro -sdk /Applications/Xcode.app/Contents/Developer/Platforms/iPhoneSimulator.platform/Developer/SDKs/iPhoneSimulator26.5.sdk -target arm64-apple-ios13.0-simulator -g -module-cache-path /Users/shashipandey/Library/Developer/Xcode/DerivedData/ModuleCache.noindex -Xfrontend -serialize-debugging-options -enable-testing -suppress-warnings -index-store-path /Users/shashipandey/Library/Developer/Xcode/DerivedData/RSMS-galdljqllugdxqeukomoxaxsigpi/Index.noindex/DataStore -Xcc -D_LIBCPP_HARDENING_MODE\=_LIBCPP_HARDENING_MODE_DEBUG -swift-version 5 -I /Users/shashipandey/Library/Developer/Xcode/DerivedData/RSMS-galdljqllugdxqeukomoxaxsigpi/Build/Products/Debug-iphonesimulator -Isystem /Applications/Xcode.app/Contents/Developer/Platforms/iPhoneSimulator.platform/Developer/usr/lib -F /Users/shashipandey/Library/Developer/Xcode/DerivedData/RSMS-galdljqllugdxqeukomoxaxsigpi/Build/Products/Debug-iphonesimulator/PackageFrameworks -F /Users/shashipandey/Library/Developer/Xcode/DerivedData/RSMS-galdljqllugdxqeukomoxaxsigpi/Build/Products/Debug-iphonesimulator/PackageFrameworks -F /Users/shashipandey/Library/Developer/Xcode/DerivedData/RSMS-galdljqllugdxqeukomoxaxsigpi/Build/Products/Debug-iphonesimulator/PackageFrameworks -F /Users/shashipandey/Library/Developer/Xcode/DerivedData/RSMS-galdljqllugdxqeukomoxaxsigpi/Build/Products/Debug-iphonesimulator/PackageFrameworks -F /Users/shashipandey/Library/Developer/Xcode/DerivedData/RSMS-galdljqllugdxqeukomoxaxsigpi/Build/Products/Debug-iphonesimulator/PackageFrameworks -F /Users/shashipandey/Library/Developer/Xcode/DerivedData/RSMS-galdljqllugdxqeukomoxaxsigpi/Build/Products/Debug-iphonesimulator/PackageFrameworks -F /Users/shashipandey/Library/Developer/Xcode/DerivedData/RSMS-galdljqllugdxqeukomoxaxsigpi/Build/Products/Debug-iphonesimulator -F /Applications/Xcode.app/Contents/Developer/Platforms/iPhoneSimulator.platform/Developer/Library/Frameworks -F /Applications/Xcode.app/Contents/Developer/Platforms/iPhoneSimulator.platform/Developer/SDKs/iPhoneSimulator26.5.sdk/Developer/Library/Frameworks -c -j10 -enable-batch-mode -incremental -Xcc -ivfsstatcache -Xcc /Users/shashipandey/Library/Developer/Xcode/DerivedData/SDKStatCaches.noindex/iphonesimulator26.5-23F81a-6cfe768891a92b912361537c460fe42b.sdkstatcache -output-file-map /Users/shashipandey/Library/Developer/Xcode/DerivedData/RSMS-galdljqllugdxqeukomoxaxsigpi/Build/Intermediates.noindex/Supabase.build/Debug-iphonesimulator/Realtime.build/Objects-normal/arm64/Realtime-OutputFileMap.json -use-frontend-parseable-output -save-temps -no-color-diagnostics -explicit-module-build -module-cache-path /Users/shashipandey/Library/Developer/Xcode/DerivedData/RSMS-galdljqllugdxqeukomoxaxsigpi/Build/Intermediates.noindex/SwiftExplicitPrecompiledModules -clang-scanner-module-cache-path /Users/shashipandey/Library/Developer/Xcode/DerivedData/ModuleCache.noindex -sdk-module-cache-path /Users/shashipandey/Library/Developer/Xcode/DerivedData/ModuleCache.noindex -serialize-diagnostics -emit-dependencies -emit-module -emit-module-path /Users/shashipandey/Library/Developer/Xcode/DerivedData/RSMS-galdljqllugdxqeukomoxaxsigpi/Build/Intermediates.noindex/Supabase.build/Debug-iphonesimulator/Realtime.build/Objects-normal/arm64/Realtime.swiftmodule -validate-clang-modules-once -clang-build-session-file /Users/shashipandey/Library/Developer/Xcode/DerivedData/ModuleCache.noindex/Session.modulevalidation -package-name supabase_swift -Xcc -I/Users/shashipandey/Library/Developer/Xcode/DerivedData/RSMS-galdljqllugdxqeukomoxaxsigpi/Build/Intermediates.noindex/Supabase.build/Debug-iphonesimulator/Realtime.build/swift-overrides.hmap -emit-const-values -Xfrontend -const-gather-protocols-file -Xfrontend /Users/shashipandey/Library/Developer/Xcode/DerivedData/RSMS-galdljqllugdxqeukomoxaxsigpi/Build/Intermediates.noindex/Supabase.build/Debug-iphonesimulator/Realtime.build/Objects-normal/arm64/Realtime_const_extract_protocols.json -Xcc -I/Users/shashipandey/Library/Developer/Xcode/DerivedData/RSMS-galdljqllugdxqeukomoxaxsigpi/Build/Products/Debug-iphonesimulator/include -Xcc -I/Users/shashipandey/Library/Developer/Xcode/DerivedData/RSMS-galdljqllugdxqeukomoxaxsigpi/Build/Intermediates.noindex/Supabase.build/Debug-iphonesimulator/Realtime.build/DerivedSources-normal/arm64 -Xcc -I/Users/shashipandey/Library/Developer/Xcode/DerivedData/RSMS-galdljqllugdxqeukomoxaxsigpi/Build/Intermediates.noindex/Supabase.build/Debug-iphonesimulator/Realtime.build/DerivedSources/arm64 -Xcc -I/Users/shashipandey/Library/Developer/Xcode/DerivedData/RSMS-galdljqllugdxqeukomoxaxsigpi/Build/Intermediates.noindex/Supabase.build/Debug-iphonesimulator/Realtime.build/DerivedSources -Xcc -DSWIFT_PACKAGE -Xcc -DDEBUG\=1 -emit-objc-header -emit-objc-header-path /Users/shashipandey/Library/Developer/Xcode/DerivedData/RSMS-galdljqllugdxqeukomoxaxsigpi/Build/Intermediates.noindex/Supabase.build/Debug-iphonesimulator/Realtime.build/Objects-normal/arm64/Realtime-Swift.h -working-directory /Users/shashipandey/Desktop/Team-8/RSMS.xcodeproj -experimental-emit-module-separately -disable-cmo

SwiftDriver Realtime normal x86_64 com.apple.xcode.tools.swift.compiler (in target 'Realtime' from project 'Supabase')
    cd /Users/shashipandey/Desktop/Team-8/RSMS.xcodeproj
    builtin-SwiftDriver -- /Applications/Xcode.app/Contents/Developer/Toolchains/XcodeDefault.xctoolchain/usr/bin/swiftc -module-name Realtime -Onone @/Users/shashipandey/Library/Developer/Xcode/DerivedData/RSMS-galdljqllugdxqeukomoxaxsigpi/Build/Intermediates.noindex/Supabase.build/Debug-iphonesimulator/Realtime.build/Objects-normal/x86_64/Realtime.SwiftFileList -DSWIFT_PACKAGE -DDEBUG -DSWIFT_MODULE_RESOURCE_BUNDLE_UNAVAILABLE -DXcode -enable-upcoming-feature ExistentialAny -enable-experimental-feature StrictConcurrency -plugin-path /Applications/Xcode.app/Contents/Developer/Toolchains/XcodeDefault.xctoolchain/usr/lib/swift/host/plugins/testing -enable-experimental-feature DebugDescriptionMacro -sdk /Applications/Xcode.app/Contents/Developer/Platforms/iPhoneSimulator.platform/Developer/SDKs/iPhoneSimulator26.5.sdk -target x86_64-apple-ios13.0-simulator -g -module-cache-path /Users/shashipandey/Library/Developer/Xcode/DerivedData/ModuleCache.noindex -Xfrontend -serialize-debugging-options -enable-testing -suppress-warnings -index-store-path /Users/shashipandey/Library/Developer/Xcode/DerivedData/RSMS-galdljqllugdxqeukomoxaxsigpi/Index.noindex/DataStore -Xcc -D_LIBCPP_HARDENING_MODE\=_LIBCPP_HARDENING_MODE_DEBUG -swift-version 5 -I /Users/shashipandey/Library/Developer/Xcode/DerivedData/RSMS-galdljqllugdxqeukomoxaxsigpi/Build/Products/Debug-iphonesimulator -Isystem /Applications/Xcode.app/Contents/Developer/Platforms/iPhoneSimulator.platform/Developer/usr/lib -F /Users/shashipandey/Library/Developer/Xcode/DerivedData/RSMS-galdljqllugdxqeukomoxaxsigpi/Build/Products/Debug-iphonesimulator/PackageFrameworks -F /Users/shashipandey/Library/Developer/Xcode/DerivedData/RSMS-galdljqllugdxqeukomoxaxsigpi/Build/Products/Debug-iphonesimulator/PackageFrameworks -F /Users/shashipandey/Library/Developer/Xcode/DerivedData/RSMS-galdljqllugdxqeukomoxaxsigpi/Build/Products/Debug-iphonesimulator/PackageFrameworks -F /Users/shashipandey/Library/Developer/Xcode/DerivedData/RSMS-galdljqllugdxqeukomoxaxsigpi/Build/Products/Debug-iphonesimulator/PackageFrameworks -F /Users/shashipandey/Library/Developer/Xcode/DerivedData/RSMS-galdljqllugdxqeukomoxaxsigpi/Build/Products/Debug-iphonesimulator/PackageFrameworks -F /Users/shashipandey/Library/Developer/Xcode/DerivedData/RSMS-galdljqllugdxqeukomoxaxsigpi/Build/Products/Debug-iphonesimulator/PackageFrameworks -F /Users/shashipandey/Library/Developer/Xcode/DerivedData/RSMS-galdljqllugdxqeukomoxaxsigpi/Build/Products/Debug-iphonesimulator -F /Applications/Xcode.app/Contents/Developer/Platforms/iPhoneSimulator.platform/Developer/Library/Frameworks -F /Applications/Xcode.app/Contents/Developer/Platforms/iPhoneSimulator.platform/Developer/SDKs/iPhoneSimulator26.5.sdk/Developer/Library/Frameworks -c -j10 -enable-batch-mode -incremental -Xcc -ivfsstatcache -Xcc /Users/shashipandey/Library/Developer/Xcode/DerivedData/SDKStatCaches.noindex/iphonesimulator26.5-23F81a-6cfe768891a92b912361537c460fe42b.sdkstatcache -output-file-map /Users/shashipandey/Library/Developer/Xcode/DerivedData/RSMS-galdljqllugdxqeukomoxaxsigpi/Build/Intermediates.noindex/Supabase.build/Debug-iphonesimulator/Realtime.build/Objects-normal/x86_64/Realtime-OutputFileMap.json -use-frontend-parseable-output -save-temps -no-color-diagnostics -explicit-module-build -module-cache-path /Users/shashipandey/Library/Developer/Xcode/DerivedData/RSMS-galdljqllugdxqeukomoxaxsigpi/Build/Intermediates.noindex/SwiftExplicitPrecompiledModules -clang-scanner-module-cache-path /Users/shashipandey/Library/Developer/Xcode/DerivedData/ModuleCache.noindex -sdk-module-cache-path /Users/shashipandey/Library/Developer/Xcode/DerivedData/ModuleCache.noindex -serialize-diagnostics -emit-dependencies -emit-module -emit-module-path /Users/shashipandey/Library/Developer/Xcode/DerivedData/RSMS-galdljqllugdxqeukomoxaxsigpi/Build/Intermediates.noindex/Supabase.build/Debug-iphonesimulator/Realtime.build/Objects-normal/x86_64/Realtime.swiftmodule -validate-clang-modules-once -clang-build-session-file /Users/shashipandey/Library/Developer/Xcode/DerivedData/ModuleCache.noindex/Session.modulevalidation -package-name supabase_swift -Xcc -I/Users/shashipandey/Library/Developer/Xcode/DerivedData/RSMS-galdljqllugdxqeukomoxaxsigpi/Build/Intermediates.noindex/Supabase.build/Debug-iphonesimulator/Realtime.build/swift-overrides.hmap -emit-const-values -Xfrontend -const-gather-protocols-file -Xfrontend /Users/shashipandey/Library/Developer/Xcode/DerivedData/RSMS-galdljqllugdxqeukomoxaxsigpi/Build/Intermediates.noindex/Supabase.build/Debug-iphonesimulator/Realtime.build/Objects-normal/x86_64/Realtime_const_extract_protocols.json -Xcc -I/Users/shashipandey/Library/Developer/Xcode/DerivedData/RSMS-galdljqllugdxqeukomoxaxsigpi/Build/Products/Debug-iphonesimulator/include -Xcc -I/Users/shashipandey/Library/Developer/Xcode/DerivedData/RSMS-galdljqllugdxqeukomoxaxsigpi/Build/Intermediates.noindex/Supabase.build/Debug-iphonesimulator/Realtime.build/DerivedSources-normal/x86_64 -Xcc -I/Users/shashipandey/Library/Developer/Xcode/DerivedData/RSMS-galdljqllugdxqeukomoxaxsigpi/Build/Intermediates.noindex/Supabase.build/Debug-iphonesimulator/Realtime.build/DerivedSources/x86_64 -Xcc -I/Users/shashipandey/Library/Developer/Xcode/DerivedData/RSMS-galdljqllugdxqeukomoxaxsigpi/Build/Intermediates.noindex/Supabase.build/Debug-iphonesimulator/Realtime.build/DerivedSources -Xcc -DSWIFT_PACKAGE -Xcc -DDEBUG\=1 -emit-objc-header -emit-objc-header-path /Users/shashipandey/Library/Developer/Xcode/DerivedData/RSMS-galdljqllugdxqeukomoxaxsigpi/Build/Intermediates.noindex/Supabase.build/Debug-iphonesimulator/Realtime.build/Objects-normal/x86_64/Realtime-Swift.h -working-directory /Users/shashipandey/Desktop/Team-8/RSMS.xcodeproj -experimental-emit-module-separately -disable-cmo

SwiftDriver Functions normal x86_64 com.apple.xcode.tools.swift.compiler (in target 'Functions' from project 'Supabase')
    cd /Users/shashipandey/Desktop/Team-8/RSMS.xcodeproj
    builtin-SwiftDriver -- /Applications/Xcode.app/Contents/Developer/Toolchains/XcodeDefault.xctoolchain/usr/bin/swiftc -module-name Functions -Onone @/Users/shashipandey/Library/Developer/Xcode/DerivedData/RSMS-galdljqllugdxqeukomoxaxsigpi/Build/Intermediates.noindex/Supabase.build/Debug-iphonesimulator/Functions.build/Objects-normal/x86_64/Functions.SwiftFileList -DSWIFT_PACKAGE -DDEBUG -DSWIFT_MODULE_RESOURCE_BUNDLE_UNAVAILABLE -DXcode -enable-upcoming-feature ExistentialAny -enable-experimental-feature StrictConcurrency -plugin-path /Applications/Xcode.app/Contents/Developer/Toolchains/XcodeDefault.xctoolchain/usr/lib/swift/host/plugins/testing -enable-experimental-feature DebugDescriptionMacro -sdk /Applications/Xcode.app/Contents/Developer/Platforms/iPhoneSimulator.platform/Developer/SDKs/iPhoneSimulator26.5.sdk -target x86_64-apple-ios13.0-simulator -g -module-cache-path /Users/shashipandey/Library/Developer/Xcode/DerivedData/ModuleCache.noindex -Xfrontend -serialize-debugging-options -enable-testing -suppress-warnings -index-store-path /Users/shashipandey/Library/Developer/Xcode/DerivedData/RSMS-galdljqllugdxqeukomoxaxsigpi/Index.noindex/DataStore -Xcc -D_LIBCPP_HARDENING_MODE\=_LIBCPP_HARDENING_MODE_DEBUG -swift-version 5 -I /Users/shashipandey/Library/Developer/Xcode/DerivedData/RSMS-galdljqllugdxqeukomoxaxsigpi/Build/Products/Debug-iphonesimulator -Isystem /Applications/Xcode.app/Contents/Developer/Platforms/iPhoneSimulator.platform/Developer/usr/lib -F /Users/shashipandey/Library/Developer/Xcode/DerivedData/RSMS-galdljqllugdxqeukomoxaxsigpi/Build/Products/Debug-iphonesimulator/PackageFrameworks -F /Users/shashipandey/Library/Developer/Xcode/DerivedData/RSMS-galdljqllugdxqeukomoxaxsigpi/Build/Products/Debug-iphonesimulator/PackageFrameworks -F /Users/shashipandey/Library/Developer/Xcode/DerivedData/RSMS-galdljqllugdxqeukomoxaxsigpi/Build/Products/Debug-iphonesimulator/PackageFrameworks -F /Users/shashipandey/Library/Developer/Xcode/DerivedData/RSMS-galdljqllugdxqeukomoxaxsigpi/Build/Products/Debug-iphonesimulator/PackageFrameworks -F /Users/shashipandey/Library/Developer/Xcode/DerivedData/RSMS-galdljqllugdxqeukomoxaxsigpi/Build/Products/Debug-iphonesimulator/PackageFrameworks -F /Users/shashipandey/Library/Developer/Xcode/DerivedData/RSMS-galdljqllugdxqeukomoxaxsigpi/Build/Products/Debug-iphonesimulator/PackageFrameworks -F /Users/shashipandey/Library/Developer/Xcode/DerivedData/RSMS-galdljqllugdxqeukomoxaxsigpi/Build/Products/Debug-iphonesimulator -F /Applications/Xcode.app/Contents/Developer/Platforms/iPhoneSimulator.platform/Developer/Library/Frameworks -F /Applications/Xcode.app/Contents/Developer/Platforms/iPhoneSimulator.platform/Developer/SDKs/iPhoneSimulator26.5.sdk/Developer/Library/Frameworks -c -j10 -enable-batch-mode -incremental -Xcc -ivfsstatcache -Xcc /Users/shashipandey/Library/Developer/Xcode/DerivedData/SDKStatCaches.noindex/iphonesimulator26.5-23F81a-6cfe768891a92b912361537c460fe42b.sdkstatcache -output-file-map /Users/shashipandey/Library/Developer/Xcode/DerivedData/RSMS-galdljqllugdxqeukomoxaxsigpi/Build/Intermediates.noindex/Supabase.build/Debug-iphonesimulator/Functions.build/Objects-normal/x86_64/Functions-OutputFileMap.json -use-frontend-parseable-output -save-temps -no-color-diagnostics -explicit-module-build -module-cache-path /Users/shashipandey/Library/Developer/Xcode/DerivedData/RSMS-galdljqllugdxqeukomoxaxsigpi/Build/Intermediates.noindex/SwiftExplicitPrecompiledModules -clang-scanner-module-cache-path /Users/shashipandey/Library/Developer/Xcode/DerivedData/ModuleCache.noindex -sdk-module-cache-path /Users/shashipandey/Library/Developer/Xcode/DerivedData/ModuleCache.noindex -serialize-diagnostics -emit-dependencies -emit-module -emit-module-path /Users/shashipandey/Library/Developer/Xcode/DerivedData/RSMS-galdljqllugdxqeukomoxaxsigpi/Build/Intermediates.noindex/Supabase.build/Debug-iphonesimulator/Functions.build/Objects-normal/x86_64/Functions.swiftmodule -validate-clang-modules-once -clang-build-session-file /Users/shashipandey/Library/Developer/Xcode/DerivedData/ModuleCache.noindex/Session.modulevalidation -package-name supabase_swift -Xcc -I/Users/shashipandey/Library/Developer/Xcode/DerivedData/RSMS-galdljqllugdxqeukomoxaxsigpi/Build/Intermediates.noindex/Supabase.build/Debug-iphonesimulator/Functions.build/swift-overrides.hmap -emit-const-values -Xfrontend -const-gather-protocols-file -Xfrontend /Users/shashipandey/Library/Developer/Xcode/DerivedData/RSMS-galdljqllugdxqeukomoxaxsigpi/Build/Intermediates.noindex/Supabase.build/Debug-iphonesimulator/Functions.build/Objects-normal/x86_64/Functions_const_extract_protocols.json -Xcc -I/Users/shashipandey/Library/Developer/Xcode/DerivedData/RSMS-galdljqllugdxqeukomoxaxsigpi/Build/Products/Debug-iphonesimulator/include -Xcc -I/Users/shashipandey/Library/Developer/Xcode/DerivedData/RSMS-galdljqllugdxqeukomoxaxsigpi/Build/Intermediates.noindex/Supabase.build/Debug-iphonesimulator/Functions.build/DerivedSources-normal/x86_64 -Xcc -I/Users/shashipandey/Library/Developer/Xcode/DerivedData/RSMS-galdljqllugdxqeukomoxaxsigpi/Build/Intermediates.noindex/Supabase.build/Debug-iphonesimulator/Functions.build/DerivedSources/x86_64 -Xcc -I/Users/shashipandey/Library/Developer/Xcode/DerivedData/RSMS-galdljqllugdxqeukomoxaxsigpi/Build/Intermediates.noindex/Supabase.build/Debug-iphonesimulator/Functions.build/DerivedSources -Xcc -DSWIFT_PACKAGE -Xcc -DDEBUG\=1 -emit-objc-header -emit-objc-header-path /Users/shashipandey/Library/Developer/Xcode/DerivedData/RSMS-galdljqllugdxqeukomoxaxsigpi/Build/Intermediates.noindex/Supabase.build/Debug-iphonesimulator/Functions.build/Objects-normal/x86_64/Functions-Swift.h -working-directory /Users/shashipandey/Desktop/Team-8/RSMS.xcodeproj -experimental-emit-module-separately -disable-cmo

Ld /Users/shashipandey/Library/Developer/Xcode/DerivedData/RSMS-galdljqllugdxqeukomoxaxsigpi/Build/Intermediates.noindex/Supabase.build/Debug-iphonesimulator/Helpers.build/Objects-normal/arm64/Binary/Helpers normal arm64 (in target 'Helpers' from project 'Supabase')
    cd /Users/shashipandey/Library/Developer/Xcode/DerivedData/RSMS-galdljqllugdxqeukomoxaxsigpi/SourcePackages/checkouts/supabase-swift
    /Applications/Xcode.app/Contents/Developer/Toolchains/XcodeDefault.xctoolchain/usr/bin/clang -Xlinker -reproducible -target arm64-apple-ios13.0-simulator -dynamiclib -isysroot /Applications/Xcode.app/Contents/Developer/Platforms/iPhoneSimulator.platform/Developer/SDKs/iPhoneSimulator26.5.sdk -O0 -w -L/Users/shashipandey/Library/Developer/Xcode/DerivedData/RSMS-galdljqllugdxqeukomoxaxsigpi/Build/Intermediates.noindex/EagerLinkingTBDs/Debug-iphonesimulator -L/Users/shashipandey/Library/Developer/Xcode/DerivedData/RSMS-galdljqllugdxqeukomoxaxsigpi/Build/Products/Debug-iphonesimulator -L/Applications/Xcode.app/Contents/Developer/Platforms/iPhoneSimulator.platform/Developer/usr/lib -F/Users/shashipandey/Library/Developer/Xcode/DerivedData/RSMS-galdljqllugdxqeukomoxaxsigpi/Build/Intermediates.noindex/EagerLinkingTBDs/Debug-iphonesimulator -F/Users/shashipandey/Library/Developer/Xcode/DerivedData/RSMS-galdljqllugdxqeukomoxaxsigpi/Build/Products/Debug-iphonesimulator/PackageFrameworks -F/Users/shashipandey/Library/Developer/Xcode/DerivedData/RSMS-galdljqllugdxqeukomoxaxsigpi/Build/Products/Debug-iphonesimulator/PackageFrameworks -F/Users/shashipandey/Library/Developer/Xcode/DerivedData/RSMS-galdljqllugdxqeukomoxaxsigpi/Build/Products/Debug-iphonesimulator/PackageFrameworks -F/Users/shashipandey/Library/Developer/Xcode/DerivedData/RSMS-galdljqllugdxqeukomoxaxsigpi/Build/Products/Debug-iphonesimulator/PackageFrameworks -F/Users/shashipandey/Library/Developer/Xcode/DerivedData/RSMS-galdljqllugdxqeukomoxaxsigpi/Build/Products/Debug-iphonesimulator/PackageFrameworks -F/Users/shashipandey/Library/Developer/Xcode/DerivedData/RSMS-galdljqllugdxqeukomoxaxsigpi/Build/Products/Debug-iphonesimulator -iframework /Applications/Xcode.app/Contents/Developer/Platforms/iPhoneSimulator.platform/Developer/Library/Frameworks -iframework /Applications/Xcode.app/Contents/Developer/Platforms/iPhoneSimulator.platform/Developer/SDKs/iPhoneSimulator26.5.sdk/Developer/Library/Frameworks -filelist /Users/shashipandey/Library/Developer/Xcode/DerivedData/RSMS-galdljqllugdxqeukomoxaxsigpi/Build/Intermediates.noindex/Supabase.build/Debug-iphonesimulator/Helpers.build/Objects-normal/arm64/Helpers.LinkFileList -install_name @rpath/Helpers.framework/Helpers -Xlinker -rpath -Xlinker /usr/lib/swift -Xlinker -rpath -Xlinker /Users/shashipandey/Library/Developer/Xcode/DerivedData/RSMS-galdljqllugdxqeukomoxaxsigpi/Build/Products/Debug-iphonesimulator/PackageFrameworks -Xlinker -dead_strip -Xlinker -object_path_lto -Xlinker /Users/shashipandey/Library/Developer/Xcode/DerivedData/RSMS-galdljqllugdxqeukomoxaxsigpi/Build/Intermediates.noindex/Supabase.build/Debug-iphonesimulator/Helpers.build/Objects-normal/arm64/Helpers_lto.o -rdynamic -Xlinker -no_deduplicate -Xlinker -objc_abi_version -Xlinker 2 -Xlinker -dependency_info -Xlinker /Users/shashipandey/Library/Developer/Xcode/DerivedData/RSMS-galdljqllugdxqeukomoxaxsigpi/Build/Intermediates.noindex/Supabase.build/Debug-iphonesimulator/Helpers.build/Objects-normal/arm64/Helpers_dependency_info.dat -fobjc-link-runtime -L/Applications/Xcode.app/Contents/Developer/Toolchains/XcodeDefault.xctoolchain/usr/lib/swift/iphonesimulator -L/usr/lib/swift -Xlinker -add_ast_path -Xlinker /Users/shashipandey/Library/Developer/Xcode/DerivedData/RSMS-galdljqllugdxqeukomoxaxsigpi/Build/Intermediates.noindex/Supabase.build/Debug-iphonesimulator/Helpers.build/Objects-normal/arm64/Helpers.swiftmodule @/Users/shashipandey/Library/Developer/Xcode/DerivedData/RSMS-galdljqllugdxqeukomoxaxsigpi/Build/Intermediates.noindex/Supabase.build/Debug-iphonesimulator/Helpers.build/Objects-normal/arm64/Helpers-linker-args.resp -Wl,-no_warn_duplicate_libraries -Wl,-no_warn_duplicate_libraries -Wl,-no_warn_duplicate_libraries -Wl,-no_warn_duplicate_libraries -Wl,-no_warn_duplicate_libraries /Users/shashipandey/Library/Developer/Xcode/DerivedData/RSMS-galdljqllugdxqeukomoxaxsigpi/Build/Products/Debug-iphonesimulator/PackageFrameworks/ConcurrencyExtras_-2B4B167800F2E3ED_PackageProduct.framework/ConcurrencyExtras_-2B4B167800F2E3ED_PackageProduct /Users/shashipandey/Library/Developer/Xcode/DerivedData/RSMS-galdljqllugdxqeukomoxaxsigpi/Build/Products/Debug-iphonesimulator/PackageFrameworks/HTTPTypes_6E0498CBABC4245E_PackageProduct.framework/HTTPTypes_6E0498CBABC4245E_PackageProduct /Users/shashipandey/Library/Developer/Xcode/DerivedData/RSMS-galdljqllugdxqeukomoxaxsigpi/Build/Products/Debug-iphonesimulator/PackageFrameworks/Clocks_17A223499E7CA5_PackageProduct.framework/Clocks_17A223499E7CA5_PackageProduct /Users/shashipandey/Library/Developer/Xcode/DerivedData/RSMS-galdljqllugdxqeukomoxaxsigpi/Build/Products/Debug-iphonesimulator/PackageFrameworks/XCTestDynamicOverlay_6187313334988FF6_PackageProduct.framework/XCTestDynamicOverlay_6187313334988FF6_PackageProduct /Users/shashipandey/Library/Developer/Xcode/DerivedData/RSMS-galdljqllugdxqeukomoxaxsigpi/Build/Products/Debug-iphonesimulator/PackageFrameworks/IssueReporting.framework/IssueReporting -o /Users/shashipandey/Library/Developer/Xcode/DerivedData/RSMS-galdljqllugdxqeukomoxaxsigpi/Build/Intermediates.noindex/Supabase.build/Debug-iphonesimulator/Helpers.build/Objects-normal/arm64/Binary/Helpers

SwiftDriver PostgREST normal arm64 com.apple.xcode.tools.swift.compiler (in target 'PostgREST' from project 'Supabase')
    cd /Users/shashipandey/Desktop/Team-8/RSMS.xcodeproj
    builtin-SwiftDriver -- /Applications/Xcode.app/Contents/Developer/Toolchains/XcodeDefault.xctoolchain/usr/bin/swiftc -module-name PostgREST -Onone @/Users/shashipandey/Library/Developer/Xcode/DerivedData/RSMS-galdljqllugdxqeukomoxaxsigpi/Build/Intermediates.noindex/Supabase.build/Debug-iphonesimulator/PostgREST.build/Objects-normal/arm64/PostgREST.SwiftFileList -DSWIFT_PACKAGE -DDEBUG -DSWIFT_MODULE_RESOURCE_BUNDLE_UNAVAILABLE -DXcode -enable-upcoming-feature ExistentialAny -enable-experimental-feature StrictConcurrency -plugin-path /Applications/Xcode.app/Contents/Developer/Toolchains/XcodeDefault.xctoolchain/usr/lib/swift/host/plugins/testing -enable-experimental-feature DebugDescriptionMacro -sdk /Applications/Xcode.app/Contents/Developer/Platforms/iPhoneSimulator.platform/Developer/SDKs/iPhoneSimulator26.5.sdk -target arm64-apple-ios13.0-simulator -g -module-cache-path /Users/shashipandey/Library/Developer/Xcode/DerivedData/ModuleCache.noindex -Xfrontend -serialize-debugging-options -enable-testing -suppress-warnings -index-store-path /Users/shashipandey/Library/Developer/Xcode/DerivedData/RSMS-galdljqllugdxqeukomoxaxsigpi/Index.noindex/DataStore -Xcc -D_LIBCPP_HARDENING_MODE\=_LIBCPP_HARDENING_MODE_DEBUG -swift-version 5 -I /Users/shashipandey/Library/Developer/Xcode/DerivedData/RSMS-galdljqllugdxqeukomoxaxsigpi/Build/Products/Debug-iphonesimulator -Isystem /Applications/Xcode.app/Contents/Developer/Platforms/iPhoneSimulator.platform/Developer/usr/lib -F /Users/shashipandey/Library/Developer/Xcode/DerivedData/RSMS-galdljqllugdxqeukomoxaxsigpi/Build/Products/Debug-iphonesimulator/PackageFrameworks -F /Users/shashipandey/Library/Developer/Xcode/DerivedData/RSMS-galdljqllugdxqeukomoxaxsigpi/Build/Products/Debug-iphonesimulator/PackageFrameworks -F /Users/shashipandey/Library/Developer/Xcode/DerivedData/RSMS-galdljqllugdxqeukomoxaxsigpi/Build/Products/Debug-iphonesimulator/PackageFrameworks -F /Users/shashipandey/Library/Developer/Xcode/DerivedData/RSMS-galdljqllugdxqeukomoxaxsigpi/Build/Products/Debug-iphonesimulator/PackageFrameworks -F /Users/shashipandey/Library/Developer/Xcode/DerivedData/RSMS-galdljqllugdxqeukomoxaxsigpi/Build/Products/Debug-iphonesimulator/PackageFrameworks -F /Users/shashipandey/Library/Developer/Xcode/DerivedData/RSMS-galdljqllugdxqeukomoxaxsigpi/Build/Products/Debug-iphonesimulator/PackageFrameworks -F /Users/shashipandey/Library/Developer/Xcode/DerivedData/RSMS-galdljqllugdxqeukomoxaxsigpi/Build/Products/Debug-iphonesimulator -F /Applications/Xcode.app/Contents/Developer/Platforms/iPhoneSimulator.platform/Developer/Library/Frameworks -F /Applications/Xcode.app/Contents/Developer/Platforms/iPhoneSimulator.platform/Developer/SDKs/iPhoneSimulator26.5.sdk/Developer/Library/Frameworks -c -j10 -enable-batch-mode -incremental -Xcc -ivfsstatcache -Xcc /Users/shashipandey/Library/Developer/Xcode/DerivedData/SDKStatCaches.noindex/iphonesimulator26.5-23F81a-6cfe768891a92b912361537c460fe42b.sdkstatcache -output-file-map /Users/shashipandey/Library/Developer/Xcode/DerivedData/RSMS-galdljqllugdxqeukomoxaxsigpi/Build/Intermediates.noindex/Supabase.build/Debug-iphonesimulator/PostgREST.build/Objects-normal/arm64/PostgREST-OutputFileMap.json -use-frontend-parseable-output -save-temps -no-color-diagnostics -explicit-module-build -module-cache-path /Users/shashipandey/Library/Developer/Xcode/DerivedData/RSMS-galdljqllugdxqeukomoxaxsigpi/Build/Intermediates.noindex/SwiftExplicitPrecompiledModules -clang-scanner-module-cache-path /Users/shashipandey/Library/Developer/Xcode/DerivedData/ModuleCache.noindex -sdk-module-cache-path /Users/shashipandey/Library/Developer/Xcode/DerivedData/ModuleCache.noindex -serialize-diagnostics -emit-dependencies -emit-module -emit-module-path /Users/shashipandey/Library/Developer/Xcode/DerivedData/RSMS-galdljqllugdxqeukomoxaxsigpi/Build/Intermediates.noindex/Supabase.build/Debug-iphonesimulator/PostgREST.build/Objects-normal/arm64/PostgREST.swiftmodule -validate-clang-modules-once -clang-build-session-file /Users/shashipandey/Library/Developer/Xcode/DerivedData/ModuleCache.noindex/Session.modulevalidation -package-name supabase_swift -Xcc -I/Users/shashipandey/Library/Developer/Xcode/DerivedData/RSMS-galdljqllugdxqeukomoxaxsigpi/Build/Intermediates.noindex/Supabase.build/Debug-iphonesimulator/PostgREST.build/swift-overrides.hmap -emit-const-values -Xfrontend -const-gather-protocols-file -Xfrontend /Users/shashipandey/Library/Developer/Xcode/DerivedData/RSMS-galdljqllugdxqeukomoxaxsigpi/Build/Intermediates.noindex/Supabase.build/Debug-iphonesimulator/PostgREST.build/Objects-normal/arm64/PostgREST_const_extract_protocols.json -Xcc -I/Users/shashipandey/Library/Developer/Xcode/DerivedData/RSMS-galdljqllugdxqeukomoxaxsigpi/Build/Products/Debug-iphonesimulator/include -Xcc -I/Users/shashipandey/Library/Developer/Xcode/DerivedData/RSMS-galdljqllugdxqeukomoxaxsigpi/Build/Intermediates.noindex/Supabase.build/Debug-iphonesimulator/PostgREST.build/DerivedSources-normal/arm64 -Xcc -I/Users/shashipandey/Library/Developer/Xcode/DerivedData/RSMS-galdljqllugdxqeukomoxaxsigpi/Build/Intermediates.noindex/Supabase.build/Debug-iphonesimulator/PostgREST.build/DerivedSources/arm64 -Xcc -I/Users/shashipandey/Library/Developer/Xcode/DerivedData/RSMS-galdljqllugdxqeukomoxaxsigpi/Build/Intermediates.noindex/Supabase.build/Debug-iphonesimulator/PostgREST.build/DerivedSources -Xcc -DSWIFT_PACKAGE -Xcc -DDEBUG\=1 -emit-objc-header -emit-objc-header-path /Users/shashipandey/Library/Developer/Xcode/DerivedData/RSMS-galdljqllugdxqeukomoxaxsigpi/Build/Intermediates.noindex/Supabase.build/Debug-iphonesimulator/PostgREST.build/Objects-normal/arm64/PostgREST-Swift.h -working-directory /Users/shashipandey/Desktop/Team-8/RSMS.xcodeproj -experimental-emit-module-separately -disable-cmo

SwiftDriver PostgREST normal x86_64 com.apple.xcode.tools.swift.compiler (in target 'PostgREST' from project 'Supabase')
    cd /Users/shashipandey/Desktop/Team-8/RSMS.xcodeproj
    builtin-SwiftDriver -- /Applications/Xcode.app/Contents/Developer/Toolchains/XcodeDefault.xctoolchain/usr/bin/swiftc -module-name PostgREST -Onone @/Users/shashipandey/Library/Developer/Xcode/DerivedData/RSMS-galdljqllugdxqeukomoxaxsigpi/Build/Intermediates.noindex/Supabase.build/Debug-iphonesimulator/PostgREST.build/Objects-normal/x86_64/PostgREST.SwiftFileList -DSWIFT_PACKAGE -DDEBUG -DSWIFT_MODULE_RESOURCE_BUNDLE_UNAVAILABLE -DXcode -enable-upcoming-feature ExistentialAny -enable-experimental-feature StrictConcurrency -plugin-path /Applications/Xcode.app/Contents/Developer/Toolchains/XcodeDefault.xctoolchain/usr/lib/swift/host/plugins/testing -enable-experimental-feature DebugDescriptionMacro -sdk /Applications/Xcode.app/Contents/Developer/Platforms/iPhoneSimulator.platform/Developer/SDKs/iPhoneSimulator26.5.sdk -target x86_64-apple-ios13.0-simulator -g -module-cache-path /Users/shashipandey/Library/Developer/Xcode/DerivedData/ModuleCache.noindex -Xfrontend -serialize-debugging-options -enable-testing -suppress-warnings -index-store-path /Users/shashipandey/Library/Developer/Xcode/DerivedData/RSMS-galdljqllugdxqeukomoxaxsigpi/Index.noindex/DataStore -Xcc -D_LIBCPP_HARDENING_MODE\=_LIBCPP_HARDENING_MODE_DEBUG -swift-version 5 -I /Users/shashipandey/Library/Developer/Xcode/DerivedData/RSMS-galdljqllugdxqeukomoxaxsigpi/Build/Products/Debug-iphonesimulator -Isystem /Applications/Xcode.app/Contents/Developer/Platforms/iPhoneSimulator.platform/Developer/usr/lib -F /Users/shashipandey/Library/Developer/Xcode/DerivedData/RSMS-galdljqllugdxqeukomoxaxsigpi/Build/Products/Debug-iphonesimulator/PackageFrameworks -F /Users/shashipandey/Library/Developer/Xcode/DerivedData/RSMS-galdljqllugdxqeukomoxaxsigpi/Build/Products/Debug-iphonesimulator/PackageFrameworks -F /Users/shashipandey/Library/Developer/Xcode/DerivedData/RSMS-galdljqllugdxqeukomoxaxsigpi/Build/Products/Debug-iphonesimulator/PackageFrameworks -F /Users/shashipandey/Library/Developer/Xcode/DerivedData/RSMS-galdljqllugdxqeukomoxaxsigpi/Build/Products/Debug-iphonesimulator/PackageFrameworks -F /Users/shashipandey/Library/Developer/Xcode/DerivedData/RSMS-galdljqllugdxqeukomoxaxsigpi/Build/Products/Debug-iphonesimulator/PackageFrameworks -F /Users/shashipandey/Library/Developer/Xcode/DerivedData/RSMS-galdljqllugdxqeukomoxaxsigpi/Build/Products/Debug-iphonesimulator/PackageFrameworks -F /Users/shashipandey/Library/Developer/Xcode/DerivedData/RSMS-galdljqllugdxqeukomoxaxsigpi/Build/Products/Debug-iphonesimulator -F /Applications/Xcode.app/Contents/Developer/Platforms/iPhoneSimulator.platform/Developer/Library/Frameworks -F /Applications/Xcode.app/Contents/Developer/Platforms/iPhoneSimulator.platform/Developer/SDKs/iPhoneSimulator26.5.sdk/Developer/Library/Frameworks -c -j10 -enable-batch-mode -incremental -Xcc -ivfsstatcache -Xcc /Users/shashipandey/Library/Developer/Xcode/DerivedData/SDKStatCaches.noindex/iphonesimulator26.5-23F81a-6cfe768891a92b912361537c460fe42b.sdkstatcache -output-file-map /Users/shashipandey/Library/Developer/Xcode/DerivedData/RSMS-galdljqllugdxqeukomoxaxsigpi/Build/Intermediates.noindex/Supabase.build/Debug-iphonesimulator/PostgREST.build/Objects-normal/x86_64/PostgREST-OutputFileMap.json -use-frontend-parseable-output -save-temps -no-color-diagnostics -explicit-module-build -module-cache-path /Users/shashipandey/Library/Developer/Xcode/DerivedData/RSMS-galdljqllugdxqeukomoxaxsigpi/Build/Intermediates.noindex/SwiftExplicitPrecompiledModules -clang-scanner-module-cache-path /Users/shashipandey/Library/Developer/Xcode/DerivedData/ModuleCache.noindex -sdk-module-cache-path /Users/shashipandey/Library/Developer/Xcode/DerivedData/ModuleCache.noindex -serialize-diagnostics -emit-dependencies -emit-module -emit-module-path /Users/shashipandey/Library/Developer/Xcode/DerivedData/RSMS-galdljqllugdxqeukomoxaxsigpi/Build/Intermediates.noindex/Supabase.build/Debug-iphonesimulator/PostgREST.build/Objects-normal/x86_64/PostgREST.swiftmodule -validate-clang-modules-once -clang-build-session-file /Users/shashipandey/Library/Developer/Xcode/DerivedData/ModuleCache.noindex/Session.modulevalidation -package-name supabase_swift -Xcc -I/Users/shashipandey/Library/Developer/Xcode/DerivedData/RSMS-galdljqllugdxqeukomoxaxsigpi/Build/Intermediates.noindex/Supabase.build/Debug-iphonesimulator/PostgREST.build/swift-overrides.hmap -emit-const-values -Xfrontend -const-gather-protocols-file -Xfrontend /Users/shashipandey/Library/Developer/Xcode/DerivedData/RSMS-galdljqllugdxqeukomoxaxsigpi/Build/Intermediates.noindex/Supabase.build/Debug-iphonesimulator/PostgREST.build/Objects-normal/x86_64/PostgREST_const_extract_protocols.json -Xcc -I/Users/shashipandey/Library/Developer/Xcode/DerivedData/RSMS-galdljqllugdxqeukomoxaxsigpi/Build/Products/Debug-iphonesimulator/include -Xcc -I/Users/shashipandey/Library/Developer/Xcode/DerivedData/RSMS-galdljqllugdxqeukomoxaxsigpi/Build/Intermediates.noindex/Supabase.build/Debug-iphonesimulator/PostgREST.build/DerivedSources-normal/x86_64 -Xcc -I/Users/shashipandey/Library/Developer/Xcode/DerivedData/RSMS-galdljqllugdxqeukomoxaxsigpi/Build/Intermediates.noindex/Supabase.build/Debug-iphonesimulator/PostgREST.build/DerivedSources/x86_64 -Xcc -I/Users/shashipandey/Library/Developer/Xcode/DerivedData/RSMS-galdljqllugdxqeukomoxaxsigpi/Build/Intermediates.noindex/Supabase.build/Debug-iphonesimulator/PostgREST.build/DerivedSources -Xcc -DSWIFT_PACKAGE -Xcc -DDEBUG\=1 -emit-objc-header -emit-objc-header-path /Users/shashipandey/Library/Developer/Xcode/DerivedData/RSMS-galdljqllugdxqeukomoxaxsigpi/Build/Intermediates.noindex/Supabase.build/Debug-iphonesimulator/PostgREST.build/Objects-normal/x86_64/PostgREST-Swift.h -working-directory /Users/shashipandey/Desktop/Team-8/RSMS.xcodeproj -experimental-emit-module-separately -disable-cmo

SwiftDriver Functions normal arm64 com.apple.xcode.tools.swift.compiler (in target 'Functions' from project 'Supabase')
    cd /Users/shashipandey/Desktop/Team-8/RSMS.xcodeproj
    builtin-SwiftDriver -- /Applications/Xcode.app/Contents/Developer/Toolchains/XcodeDefault.xctoolchain/usr/bin/swiftc -module-name Functions -Onone @/Users/shashipandey/Library/Developer/Xcode/DerivedData/RSMS-galdljqllugdxqeukomoxaxsigpi/Build/Intermediates.noindex/Supabase.build/Debug-iphonesimulator/Functions.build/Objects-normal/arm64/Functions.SwiftFileList -DSWIFT_PACKAGE -DDEBUG -DSWIFT_MODULE_RESOURCE_BUNDLE_UNAVAILABLE -DXcode -enable-upcoming-feature ExistentialAny -enable-experimental-feature StrictConcurrency -plugin-path /Applications/Xcode.app/Contents/Developer/Toolchains/XcodeDefault.xctoolchain/usr/lib/swift/host/plugins/testing -enable-experimental-feature DebugDescriptionMacro -sdk /Applications/Xcode.app/Contents/Developer/Platforms/iPhoneSimulator.platform/Developer/SDKs/iPhoneSimulator26.5.sdk -target arm64-apple-ios13.0-simulator -g -module-cache-path /Users/shashipandey/Library/Developer/Xcode/DerivedData/ModuleCache.noindex -Xfrontend -serialize-debugging-options -enable-testing -suppress-warnings -index-store-path /Users/shashipandey/Library/Developer/Xcode/DerivedData/RSMS-galdljqllugdxqeukomoxaxsigpi/Index.noindex/DataStore -Xcc -D_LIBCPP_HARDENING_MODE\=_LIBCPP_HARDENING_MODE_DEBUG -swift-version 5 -I /Users/shashipandey/Library/Developer/Xcode/DerivedData/RSMS-galdljqllugdxqeukomoxaxsigpi/Build/Products/Debug-iphonesimulator -Isystem /Applications/Xcode.app/Contents/Developer/Platforms/iPhoneSimulator.platform/Developer/usr/lib -F /Users/shashipandey/Library/Developer/Xcode/DerivedData/RSMS-galdljqllugdxqeukomoxaxsigpi/Build/Products/Debug-iphonesimulator/PackageFrameworks -F /Users/shashipandey/Library/Developer/Xcode/DerivedData/RSMS-galdljqllugdxqeukomoxaxsigpi/Build/Products/Debug-iphonesimulator/PackageFrameworks -F /Users/shashipandey/Library/Developer/Xcode/DerivedData/RSMS-galdljqllugdxqeukomoxaxsigpi/Build/Products/Debug-iphonesimulator/PackageFrameworks -F /Users/shashipandey/Library/Developer/Xcode/DerivedData/RSMS-galdljqllugdxqeukomoxaxsigpi/Build/Products/Debug-iphonesimulator/PackageFrameworks -F /Users/shashipandey/Library/Developer/Xcode/DerivedData/RSMS-galdljqllugdxqeukomoxaxsigpi/Build/Products/Debug-iphonesimulator/PackageFrameworks -F /Users/shashipandey/Library/Developer/Xcode/DerivedData/RSMS-galdljqllugdxqeukomoxaxsigpi/Build/Products/Debug-iphonesimulator/PackageFrameworks -F /Users/shashipandey/Library/Developer/Xcode/DerivedData/RSMS-galdljqllugdxqeukomoxaxsigpi/Build/Products/Debug-iphonesimulator -F /Applications/Xcode.app/Contents/Developer/Platforms/iPhoneSimulator.platform/Developer/Library/Frameworks -F /Applications/Xcode.app/Contents/Developer/Platforms/iPhoneSimulator.platform/Developer/SDKs/iPhoneSimulator26.5.sdk/Developer/Library/Frameworks -c -j10 -enable-batch-mode -incremental -Xcc -ivfsstatcache -Xcc /Users/shashipandey/Library/Developer/Xcode/DerivedData/SDKStatCaches.noindex/iphonesimulator26.5-23F81a-6cfe768891a92b912361537c460fe42b.sdkstatcache -output-file-map /Users/shashipandey/Library/Developer/Xcode/DerivedData/RSMS-galdljqllugdxqeukomoxaxsigpi/Build/Intermediates.noindex/Supabase.build/Debug-iphonesimulator/Functions.build/Objects-normal/arm64/Functions-OutputFileMap.json -use-frontend-parseable-output -save-temps -no-color-diagnostics -explicit-module-build -module-cache-path /Users/shashipandey/Library/Developer/Xcode/DerivedData/RSMS-galdljqllugdxqeukomoxaxsigpi/Build/Intermediates.noindex/SwiftExplicitPrecompiledModules -clang-scanner-module-cache-path /Users/shashipandey/Library/Developer/Xcode/DerivedData/ModuleCache.noindex -sdk-module-cache-path /Users/shashipandey/Library/Developer/Xcode/DerivedData/ModuleCache.noindex -serialize-diagnostics -emit-dependencies -emit-module -emit-module-path /Users/shashipandey/Library/Developer/Xcode/DerivedData/RSMS-galdljqllugdxqeukomoxaxsigpi/Build/Intermediates.noindex/Supabase.build/Debug-iphonesimulator/Functions.build/Objects-normal/arm64/Functions.swiftmodule -validate-clang-modules-once -clang-build-session-file /Users/shashipandey/Library/Developer/Xcode/DerivedData/ModuleCache.noindex/Session.modulevalidation -package-name supabase_swift -Xcc -I/Users/shashipandey/Library/Developer/Xcode/DerivedData/RSMS-galdljqllugdxqeukomoxaxsigpi/Build/Intermediates.noindex/Supabase.build/Debug-iphonesimulator/Functions.build/swift-overrides.hmap -emit-const-values -Xfrontend -const-gather-protocols-file -Xfrontend /Users/shashipandey/Library/Developer/Xcode/DerivedData/RSMS-galdljqllugdxqeukomoxaxsigpi/Build/Intermediates.noindex/Supabase.build/Debug-iphonesimulator/Functions.build/Objects-normal/arm64/Functions_const_extract_protocols.json -Xcc -I/Users/shashipandey/Library/Developer/Xcode/DerivedData/RSMS-galdljqllugdxqeukomoxaxsigpi/Build/Products/Debug-iphonesimulator/include -Xcc -I/Users/shashipandey/Library/Developer/Xcode/DerivedData/RSMS-galdljqllugdxqeukomoxaxsigpi/Build/Intermediates.noindex/Supabase.build/Debug-iphonesimulator/Functions.build/DerivedSources-normal/arm64 -Xcc -I/Users/shashipandey/Library/Developer/Xcode/DerivedData/RSMS-galdljqllugdxqeukomoxaxsigpi/Build/Intermediates.noindex/Supabase.build/Debug-iphonesimulator/Functions.build/DerivedSources/arm64 -Xcc -I/Users/shashipandey/Library/Developer/Xcode/DerivedData/RSMS-galdljqllugdxqeukomoxaxsigpi/Build/Intermediates.noindex/Supabase.build/Debug-iphonesimulator/Functions.build/DerivedSources -Xcc -DSWIFT_PACKAGE -Xcc -DDEBUG\=1 -emit-objc-header -emit-objc-header-path /Users/shashipandey/Library/Developer/Xcode/DerivedData/RSMS-galdljqllugdxqeukomoxaxsigpi/Build/Intermediates.noindex/Supabase.build/Debug-iphonesimulator/Functions.build/Objects-normal/arm64/Functions-Swift.h -working-directory /Users/shashipandey/Desktop/Team-8/RSMS.xcodeproj -experimental-emit-module-separately -disable-cmo

SwiftDriver Auth normal arm64 com.apple.xcode.tools.swift.compiler (in target 'Auth' from project 'Supabase')
    cd /Users/shashipandey/Desktop/Team-8/RSMS.xcodeproj
    builtin-SwiftDriver -- /Applications/Xcode.app/Contents/Developer/Toolchains/XcodeDefault.xctoolchain/usr/bin/swiftc -module-name Auth -Onone @/Users/shashipandey/Library/Developer/Xcode/DerivedData/RSMS-galdljqllugdxqeukomoxaxsigpi/Build/Intermediates.noindex/Supabase.build/Debug-iphonesimulator/Auth.build/Objects-normal/arm64/Auth.SwiftFileList -DSWIFT_PACKAGE -DDEBUG -DSWIFT_MODULE_RESOURCE_BUNDLE_UNAVAILABLE -DXcode -enable-upcoming-feature ExistentialAny -enable-experimental-feature StrictConcurrency -plugin-path /Applications/Xcode.app/Contents/Developer/Toolchains/XcodeDefault.xctoolchain/usr/lib/swift/host/plugins/testing -enable-experimental-feature DebugDescriptionMacro -sdk /Applications/Xcode.app/Contents/Developer/Platforms/iPhoneSimulator.platform/Developer/SDKs/iPhoneSimulator26.5.sdk -target arm64-apple-ios13.0-simulator -g -module-cache-path /Users/shashipandey/Library/Developer/Xcode/DerivedData/ModuleCache.noindex -Xfrontend -serialize-debugging-options -enable-testing -suppress-warnings -index-store-path /Users/shashipandey/Library/Developer/Xcode/DerivedData/RSMS-galdljqllugdxqeukomoxaxsigpi/Index.noindex/DataStore -Xcc -D_LIBCPP_HARDENING_MODE\=_LIBCPP_HARDENING_MODE_DEBUG -swift-version 5 -I /Users/shashipandey/Library/Developer/Xcode/DerivedData/RSMS-galdljqllugdxqeukomoxaxsigpi/Build/Products/Debug-iphonesimulator -Isystem /Applications/Xcode.app/Contents/Developer/Platforms/iPhoneSimulator.platform/Developer/usr/lib -F /Users/shashipandey/Library/Developer/Xcode/DerivedData/RSMS-galdljqllugdxqeukomoxaxsigpi/Build/Products/Debug-iphonesimulator/PackageFrameworks -F /Users/shashipandey/Library/Developer/Xcode/DerivedData/RSMS-galdljqllugdxqeukomoxaxsigpi/Build/Products/Debug-iphonesimulator/PackageFrameworks -F /Users/shashipandey/Library/Developer/Xcode/DerivedData/RSMS-galdljqllugdxqeukomoxaxsigpi/Build/Products/Debug-iphonesimulator/PackageFrameworks -F /Users/shashipandey/Library/Developer/Xcode/DerivedData/RSMS-galdljqllugdxqeukomoxaxsigpi/Build/Products/Debug-iphonesimulator/PackageFrameworks -F /Users/shashipandey/Library/Developer/Xcode/DerivedData/RSMS-galdljqllugdxqeukomoxaxsigpi/Build/Products/Debug-iphonesimulator/PackageFrameworks -F /Users/shashipandey/Library/Developer/Xcode/DerivedData/RSMS-galdljqllugdxqeukomoxaxsigpi/Build/Products/Debug-iphonesimulator/PackageFrameworks -F /Users/shashipandey/Library/Developer/Xcode/DerivedData/RSMS-galdljqllugdxqeukomoxaxsigpi/Build/Products/Debug-iphonesimulator/PackageFrameworks -F /Users/shashipandey/Library/Developer/Xcode/DerivedData/RSMS-galdljqllugdxqeukomoxaxsigpi/Build/Products/Debug-iphonesimulator -F /Applications/Xcode.app/Contents/Developer/Platforms/iPhoneSimulator.platform/Developer/Library/Frameworks -F /Applications/Xcode.app/Contents/Developer/Platforms/iPhoneSimulator.platform/Developer/SDKs/iPhoneSimulator26.5.sdk/Developer/Library/Frameworks -c -j10 -enable-batch-mode -incremental -Xcc -ivfsstatcache -Xcc /Users/shashipandey/Library/Developer/Xcode/DerivedData/SDKStatCaches.noindex/iphonesimulator26.5-23F81a-6cfe768891a92b912361537c460fe42b.sdkstatcache -output-file-map /Users/shashipandey/Library/Developer/Xcode/DerivedData/RSMS-galdljqllugdxqeukomoxaxsigpi/Build/Intermediates.noindex/Supabase.build/Debug-iphonesimulator/Auth.build/Objects-normal/arm64/Auth-OutputFileMap.json -use-frontend-parseable-output -save-temps -no-color-diagnostics -explicit-module-build -module-cache-path /Users/shashipandey/Library/Developer/Xcode/DerivedData/RSMS-galdljqllugdxqeukomoxaxsigpi/Build/Intermediates.noindex/SwiftExplicitPrecompiledModules -clang-scanner-module-cache-path /Users/shashipandey/Library/Developer/Xcode/DerivedData/ModuleCache.noindex -sdk-module-cache-path /Users/shashipandey/Library/Developer/Xcode/DerivedData/ModuleCache.noindex -serialize-diagnostics -emit-dependencies -emit-module -emit-module-path /Users/shashipandey/Library/Developer/Xcode/DerivedData/RSMS-galdljqllugdxqeukomoxaxsigpi/Build/Intermediates.noindex/Supabase.build/Debug-iphonesimulator/Auth.build/Objects-normal/arm64/Auth.swiftmodule -validate-clang-modules-once -clang-build-session-file /Users/shashipandey/Library/Developer/Xcode/DerivedData/ModuleCache.noindex/Session.modulevalidation -package-name supabase_swift -Xcc -I/Users/shashipandey/Library/Developer/Xcode/DerivedData/RSMS-galdljqllugdxqeukomoxaxsigpi/Build/Intermediates.noindex/Supabase.build/Debug-iphonesimulator/Auth.build/swift-overrides.hmap -emit-const-values -Xfrontend -const-gather-protocols-file -Xfrontend /Users/shashipandey/Library/Developer/Xcode/DerivedData/RSMS-galdljqllugdxqeukomoxaxsigpi/Build/Intermediates.noindex/Supabase.build/Debug-iphonesimulator/Auth.build/Objects-normal/arm64/Auth_const_extract_protocols.json -Xcc -I/Users/shashipandey/Library/Developer/Xcode/DerivedData/RSMS-galdljqllugdxqeukomoxaxsigpi/Build/Products/Debug-iphonesimulator/include -Xcc -I/Users/shashipandey/Library/Developer/Xcode/DerivedData/RSMS-galdljqllugdxqeukomoxaxsigpi/Build/Intermediates.noindex/Supabase.build/Debug-iphonesimulator/Auth.build/DerivedSources-normal/arm64 -Xcc -I/Users/shashipandey/Library/Developer/Xcode/DerivedData/RSMS-galdljqllugdxqeukomoxaxsigpi/Build/Intermediates.noindex/Supabase.build/Debug-iphonesimulator/Auth.build/DerivedSources/arm64 -Xcc -I/Users/shashipandey/Library/Developer/Xcode/DerivedData/RSMS-galdljqllugdxqeukomoxaxsigpi/Build/Intermediates.noindex/Supabase.build/Debug-iphonesimulator/Auth.build/DerivedSources -Xcc -DSWIFT_PACKAGE -Xcc -DDEBUG\=1 -emit-objc-header -emit-objc-header-path /Users/shashipandey/Library/Developer/Xcode/DerivedData/RSMS-galdljqllugdxqeukomoxaxsigpi/Build/Intermediates.noindex/Supabase.build/Debug-iphonesimulator/Auth.build/Objects-normal/arm64/Auth-Swift.h -working-directory /Users/shashipandey/Desktop/Team-8/RSMS.xcodeproj -experimental-emit-module-separately -disable-cmo

SwiftDriver Auth normal x86_64 com.apple.xcode.tools.swift.compiler (in target 'Auth' from project 'Supabase')
    cd /Users/shashipandey/Desktop/Team-8/RSMS.xcodeproj
    builtin-SwiftDriver -- /Applications/Xcode.app/Contents/Developer/Toolchains/XcodeDefault.xctoolchain/usr/bin/swiftc -module-name Auth -Onone @/Users/shashipandey/Library/Developer/Xcode/DerivedData/RSMS-galdljqllugdxqeukomoxaxsigpi/Build/Intermediates.noindex/Supabase.build/Debug-iphonesimulator/Auth.build/Objects-normal/x86_64/Auth.SwiftFileList -DSWIFT_PACKAGE -DDEBUG -DSWIFT_MODULE_RESOURCE_BUNDLE_UNAVAILABLE -DXcode -enable-upcoming-feature ExistentialAny -enable-experimental-feature StrictConcurrency -plugin-path /Applications/Xcode.app/Contents/Developer/Toolchains/XcodeDefault.xctoolchain/usr/lib/swift/host/plugins/testing -enable-experimental-feature DebugDescriptionMacro -sdk /Applications/Xcode.app/Contents/Developer/Platforms/iPhoneSimulator.platform/Developer/SDKs/iPhoneSimulator26.5.sdk -target x86_64-apple-ios13.0-simulator -g -module-cache-path /Users/shashipandey/Library/Developer/Xcode/DerivedData/ModuleCache.noindex -Xfrontend -serialize-debugging-options -enable-testing -suppress-warnings -index-store-path /Users/shashipandey/Library/Developer/Xcode/DerivedData/RSMS-galdljqllugdxqeukomoxaxsigpi/Index.noindex/DataStore -Xcc -D_LIBCPP_HARDENING_MODE\=_LIBCPP_HARDENING_MODE_DEBUG -swift-version 5 -I /Users/shashipandey/Library/Developer/Xcode/DerivedData/RSMS-galdljqllugdxqeukomoxaxsigpi/Build/Products/Debug-iphonesimulator -Isystem /Applications/Xcode.app/Contents/Developer/Platforms/iPhoneSimulator.platform/Developer/usr/lib -F /Users/shashipandey/Library/Developer/Xcode/DerivedData/RSMS-galdljqllugdxqeukomoxaxsigpi/Build/Products/Debug-iphonesimulator/PackageFrameworks -F /Users/shashipandey/Library/Developer/Xcode/DerivedData/RSMS-galdljqllugdxqeukomoxaxsigpi/Build/Products/Debug-iphonesimulator/PackageFrameworks -F /Users/shashipandey/Library/Developer/Xcode/DerivedData/RSMS-galdljqllugdxqeukomoxaxsigpi/Build/Products/Debug-iphonesimulator/PackageFrameworks -F /Users/shashipandey/Library/Developer/Xcode/DerivedData/RSMS-galdljqllugdxqeukomoxaxsigpi/Build/Products/Debug-iphonesimulator/PackageFrameworks -F /Users/shashipandey/Library/Developer/Xcode/DerivedData/RSMS-galdljqllugdxqeukomoxaxsigpi/Build/Products/Debug-iphonesimulator/PackageFrameworks -F /Users/shashipandey/Library/Developer/Xcode/DerivedData/RSMS-galdljqllugdxqeukomoxaxsigpi/Build/Products/Debug-iphonesimulator/PackageFrameworks -F /Users/shashipandey/Library/Developer/Xcode/DerivedData/RSMS-galdljqllugdxqeukomoxaxsigpi/Build/Products/Debug-iphonesimulator/PackageFrameworks -F /Users/shashipandey/Library/Developer/Xcode/DerivedData/RSMS-galdljqllugdxqeukomoxaxsigpi/Build/Products/Debug-iphonesimulator -F /Applications/Xcode.app/Contents/Developer/Platforms/iPhoneSimulator.platform/Developer/Library/Frameworks -F /Applications/Xcode.app/Contents/Developer/Platforms/iPhoneSimulator.platform/Developer/SDKs/iPhoneSimulator26.5.sdk/Developer/Library/Frameworks -c -j10 -enable-batch-mode -incremental -Xcc -ivfsstatcache -Xcc /Users/shashipandey/Library/Developer/Xcode/DerivedData/SDKStatCaches.noindex/iphonesimulator26.5-23F81a-6cfe768891a92b912361537c460fe42b.sdkstatcache -output-file-map /Users/shashipandey/Library/Developer/Xcode/DerivedData/RSMS-galdljqllugdxqeukomoxaxsigpi/Build/Intermediates.noindex/Supabase.build/Debug-iphonesimulator/Auth.build/Objects-normal/x86_64/Auth-OutputFileMap.json -use-frontend-parseable-output -save-temps -no-color-diagnostics -explicit-module-build -module-cache-path /Users/shashipandey/Library/Developer/Xcode/DerivedData/RSMS-galdljqllugdxqeukomoxaxsigpi/Build/Intermediates.noindex/SwiftExplicitPrecompiledModules -clang-scanner-module-cache-path /Users/shashipandey/Library/Developer/Xcode/DerivedData/ModuleCache.noindex -sdk-module-cache-path /Users/shashipandey/Library/Developer/Xcode/DerivedData/ModuleCache.noindex -serialize-diagnostics -emit-dependencies -emit-module -emit-module-path /Users/shashipandey/Library/Developer/Xcode/DerivedData/RSMS-galdljqllugdxqeukomoxaxsigpi/Build/Intermediates.noindex/Supabase.build/Debug-iphonesimulator/Auth.build/Objects-normal/x86_64/Auth.swiftmodule -validate-clang-modules-once -clang-build-session-file /Users/shashipandey/Library/Developer/Xcode/DerivedData/ModuleCache.noindex/Session.modulevalidation -package-name supabase_swift -Xcc -I/Users/shashipandey/Library/Developer/Xcode/DerivedData/RSMS-galdljqllugdxqeukomoxaxsigpi/Build/Intermediates.noindex/Supabase.build/Debug-iphonesimulator/Auth.build/swift-overrides.hmap -emit-const-values -Xfrontend -const-gather-protocols-file -Xfrontend /Users/shashipandey/Library/Developer/Xcode/DerivedData/RSMS-galdljqllugdxqeukomoxaxsigpi/Build/Intermediates.noindex/Supabase.build/Debug-iphonesimulator/Auth.build/Objects-normal/x86_64/Auth_const_extract_protocols.json -Xcc -I/Users/shashipandey/Library/Developer/Xcode/DerivedData/RSMS-galdljqllugdxqeukomoxaxsigpi/Build/Products/Debug-iphonesimulator/include -Xcc -I/Users/shashipandey/Library/Developer/Xcode/DerivedData/RSMS-galdljqllugdxqeukomoxaxsigpi/Build/Intermediates.noindex/Supabase.build/Debug-iphonesimulator/Auth.build/DerivedSources-normal/x86_64 -Xcc -I/Users/shashipandey/Library/Developer/Xcode/DerivedData/RSMS-galdljqllugdxqeukomoxaxsigpi/Build/Intermediates.noindex/Supabase.build/Debug-iphonesimulator/Auth.build/DerivedSources/x86_64 -Xcc -I/Users/shashipandey/Library/Developer/Xcode/DerivedData/RSMS-galdljqllugdxqeukomoxaxsigpi/Build/Intermediates.noindex/Supabase.build/Debug-iphonesimulator/Auth.build/DerivedSources -Xcc -DSWIFT_PACKAGE -Xcc -DDEBUG\=1 -emit-objc-header -emit-objc-header-path /Users/shashipandey/Library/Developer/Xcode/DerivedData/RSMS-galdljqllugdxqeukomoxaxsigpi/Build/Intermediates.noindex/Supabase.build/Debug-iphonesimulator/Auth.build/Objects-normal/x86_64/Auth-Swift.h -working-directory /Users/shashipandey/Desktop/Team-8/RSMS.xcodeproj -experimental-emit-module-separately -disable-cmo

CreateUniversalBinary /Users/shashipandey/Library/Developer/Xcode/DerivedData/RSMS-galdljqllugdxqeukomoxaxsigpi/Build/Products/Debug-iphonesimulator/PackageFrameworks/Helpers.framework/Helpers normal arm64\ x86_64 (in target 'Helpers' from project 'Supabase')
    cd /Users/shashipandey/Library/Developer/Xcode/DerivedData/RSMS-galdljqllugdxqeukomoxaxsigpi/SourcePackages/checkouts/supabase-swift
    /Applications/Xcode.app/Contents/Developer/Toolchains/XcodeDefault.xctoolchain/usr/bin/lipo -create /Users/shashipandey/Library/Developer/Xcode/DerivedData/RSMS-galdljqllugdxqeukomoxaxsigpi/Build/Intermediates.noindex/Supabase.build/Debug-iphonesimulator/Helpers.build/Objects-normal/arm64/Binary/Helpers /Users/shashipandey/Library/Developer/Xcode/DerivedData/RSMS-galdljqllugdxqeukomoxaxsigpi/Build/Intermediates.noindex/Supabase.build/Debug-iphonesimulator/Helpers.build/Objects-normal/x86_64/Binary/Helpers -output /Users/shashipandey/Library/Developer/Xcode/DerivedData/RSMS-galdljqllugdxqeukomoxaxsigpi/Build/Products/Debug-iphonesimulator/PackageFrameworks/Helpers.framework/Helpers

SwiftDriver\ Compilation\ Requirements Functions normal arm64 com.apple.xcode.tools.swift.compiler (in target 'Functions' from project 'Supabase')
    cd /Users/shashipandey/Desktop/Team-8/RSMS.xcodeproj
    builtin-Swift-Compilation-Requirements -- /Applications/Xcode.app/Contents/Developer/Toolchains/XcodeDefault.xctoolchain/usr/bin/swiftc -module-name Functions -Onone @/Users/shashipandey/Library/Developer/Xcode/DerivedData/RSMS-galdljqllugdxqeukomoxaxsigpi/Build/Intermediates.noindex/Supabase.build/Debug-iphonesimulator/Functions.build/Objects-normal/arm64/Functions.SwiftFileList -DSWIFT_PACKAGE -DDEBUG -DSWIFT_MODULE_RESOURCE_BUNDLE_UNAVAILABLE -DXcode -enable-upcoming-feature ExistentialAny -enable-experimental-feature StrictConcurrency -plugin-path /Applications/Xcode.app/Contents/Developer/Toolchains/XcodeDefault.xctoolchain/usr/lib/swift/host/plugins/testing -enable-experimental-feature DebugDescriptionMacro -sdk /Applications/Xcode.app/Contents/Developer/Platforms/iPhoneSimulator.platform/Developer/SDKs/iPhoneSimulator26.5.sdk -target arm64-apple-ios13.0-simulator -g -module-cache-path /Users/shashipandey/Library/Developer/Xcode/DerivedData/ModuleCache.noindex -Xfrontend -serialize-debugging-options -enable-testing -suppress-warnings -index-store-path /Users/shashipandey/Library/Developer/Xcode/DerivedData/RSMS-galdljqllugdxqeukomoxaxsigpi/Index.noindex/DataStore -Xcc -D_LIBCPP_HARDENING_MODE\=_LIBCPP_HARDENING_MODE_DEBUG -swift-version 5 -I /Users/shashipandey/Library/Developer/Xcode/DerivedData/RSMS-galdljqllugdxqeukomoxaxsigpi/Build/Products/Debug-iphonesimulator -Isystem /Applications/Xcode.app/Contents/Developer/Platforms/iPhoneSimulator.platform/Developer/usr/lib -F /Users/shashipandey/Library/Developer/Xcode/DerivedData/RSMS-galdljqllugdxqeukomoxaxsigpi/Build/Products/Debug-iphonesimulator/PackageFrameworks -F /Users/shashipandey/Library/Developer/Xcode/DerivedData/RSMS-galdljqllugdxqeukomoxaxsigpi/Build/Products/Debug-iphonesimulator/PackageFrameworks -F /Users/shashipandey/Library/Developer/Xcode/DerivedData/RSMS-galdljqllugdxqeukomoxaxsigpi/Build/Products/Debug-iphonesimulator/PackageFrameworks -F /Users/shashipandey/Library/Developer/Xcode/DerivedData/RSMS-galdljqllugdxqeukomoxaxsigpi/Build/Products/Debug-iphonesimulator/PackageFrameworks -F /Users/shashipandey/Library/Developer/Xcode/DerivedData/RSMS-galdljqllugdxqeukomoxaxsigpi/Build/Products/Debug-iphonesimulator/PackageFrameworks -F /Users/shashipandey/Library/Developer/Xcode/DerivedData/RSMS-galdljqllugdxqeukomoxaxsigpi/Build/Products/Debug-iphonesimulator/PackageFrameworks -F /Users/shashipandey/Library/Developer/Xcode/DerivedData/RSMS-galdljqllugdxqeukomoxaxsigpi/Build/Products/Debug-iphonesimulator -F /Applications/Xcode.app/Contents/Developer/Platforms/iPhoneSimulator.platform/Developer/Library/Frameworks -F /Applications/Xcode.app/Contents/Developer/Platforms/iPhoneSimulator.platform/Developer/SDKs/iPhoneSimulator26.5.sdk/Developer/Library/Frameworks -c -j10 -enable-batch-mode -incremental -Xcc -ivfsstatcache -Xcc /Users/shashipandey/Library/Developer/Xcode/DerivedData/SDKStatCaches.noindex/iphonesimulator26.5-23F81a-6cfe768891a92b912361537c460fe42b.sdkstatcache -output-file-map /Users/shashipandey/Library/Developer/Xcode/DerivedData/RSMS-galdljqllugdxqeukomoxaxsigpi/Build/Intermediates.noindex/Supabase.build/Debug-iphonesimulator/Functions.build/Objects-normal/arm64/Functions-OutputFileMap.json -use-frontend-parseable-output -save-temps -no-color-diagnostics -explicit-module-build -module-cache-path /Users/shashipandey/Library/Developer/Xcode/DerivedData/RSMS-galdljqllugdxqeukomoxaxsigpi/Build/Intermediates.noindex/SwiftExplicitPrecompiledModules -clang-scanner-module-cache-path /Users/shashipandey/Library/Developer/Xcode/DerivedData/ModuleCache.noindex -sdk-module-cache-path /Users/shashipandey/Library/Developer/Xcode/DerivedData/ModuleCache.noindex -serialize-diagnostics -emit-dependencies -emit-module -emit-module-path /Users/shashipandey/Library/Developer/Xcode/DerivedData/RSMS-galdljqllugdxqeukomoxaxsigpi/Build/Intermediates.noindex/Supabase.build/Debug-iphonesimulator/Functions.build/Objects-normal/arm64/Functions.swiftmodule -validate-clang-modules-once -clang-build-session-file /Users/shashipandey/Library/Developer/Xcode/DerivedData/ModuleCache.noindex/Session.modulevalidation -package-name supabase_swift -Xcc -I/Users/shashipandey/Library/Developer/Xcode/DerivedData/RSMS-galdljqllugdxqeukomoxaxsigpi/Build/Intermediates.noindex/Supabase.build/Debug-iphonesimulator/Functions.build/swift-overrides.hmap -emit-const-values -Xfrontend -const-gather-protocols-file -Xfrontend /Users/shashipandey/Library/Developer/Xcode/DerivedData/RSMS-galdljqllugdxqeukomoxaxsigpi/Build/Intermediates.noindex/Supabase.build/Debug-iphonesimulator/Functions.build/Objects-normal/arm64/Functions_const_extract_protocols.json -Xcc -I/Users/shashipandey/Library/Developer/Xcode/DerivedData/RSMS-galdljqllugdxqeukomoxaxsigpi/Build/Products/Debug-iphonesimulator/include -Xcc -I/Users/shashipandey/Library/Developer/Xcode/DerivedData/RSMS-galdljqllugdxqeukomoxaxsigpi/Build/Intermediates.noindex/Supabase.build/Debug-iphonesimulator/Functions.build/DerivedSources-normal/arm64 -Xcc -I/Users/shashipandey/Library/Developer/Xcode/DerivedData/RSMS-galdljqllugdxqeukomoxaxsigpi/Build/Intermediates.noindex/Supabase.build/Debug-iphonesimulator/Functions.build/DerivedSources/arm64 -Xcc -I/Users/shashipandey/Library/Developer/Xcode/DerivedData/RSMS-galdljqllugdxqeukomoxaxsigpi/Build/Intermediates.noindex/Supabase.build/Debug-iphonesimulator/Functions.build/DerivedSources -Xcc -DSWIFT_PACKAGE -Xcc -DDEBUG\=1 -emit-objc-header -emit-objc-header-path /Users/shashipandey/Library/Developer/Xcode/DerivedData/RSMS-galdljqllugdxqeukomoxaxsigpi/Build/Intermediates.noindex/Supabase.build/Debug-iphonesimulator/Functions.build/Objects-normal/arm64/Functions-Swift.h -working-directory /Users/shashipandey/Desktop/Team-8/RSMS.xcodeproj -experimental-emit-module-separately -disable-cmo

SwiftDriver\ Compilation Functions normal arm64 com.apple.xcode.tools.swift.compiler (in target 'Functions' from project 'Supabase')
    cd /Users/shashipandey/Desktop/Team-8/RSMS.xcodeproj
    builtin-Swift-Compilation -- /Applications/Xcode.app/Contents/Developer/Toolchains/XcodeDefault.xctoolchain/usr/bin/swiftc -module-name Functions -Onone @/Users/shashipandey/Library/Developer/Xcode/DerivedData/RSMS-galdljqllugdxqeukomoxaxsigpi/Build/Intermediates.noindex/Supabase.build/Debug-iphonesimulator/Functions.build/Objects-normal/arm64/Functions.SwiftFileList -DSWIFT_PACKAGE -DDEBUG -DSWIFT_MODULE_RESOURCE_BUNDLE_UNAVAILABLE -DXcode -enable-upcoming-feature ExistentialAny -enable-experimental-feature StrictConcurrency -plugin-path /Applications/Xcode.app/Contents/Developer/Toolchains/XcodeDefault.xctoolchain/usr/lib/swift/host/plugins/testing -enable-experimental-feature DebugDescriptionMacro -sdk /Applications/Xcode.app/Contents/Developer/Platforms/iPhoneSimulator.platform/Developer/SDKs/iPhoneSimulator26.5.sdk -target arm64-apple-ios13.0-simulator -g -module-cache-path /Users/shashipandey/Library/Developer/Xcode/DerivedData/ModuleCache.noindex -Xfrontend -serialize-debugging-options -enable-testing -suppress-warnings -index-store-path /Users/shashipandey/Library/Developer/Xcode/DerivedData/RSMS-galdljqllugdxqeukomoxaxsigpi/Index.noindex/DataStore -Xcc -D_LIBCPP_HARDENING_MODE\=_LIBCPP_HARDENING_MODE_DEBUG -swift-version 5 -I /Users/shashipandey/Library/Developer/Xcode/DerivedData/RSMS-galdljqllugdxqeukomoxaxsigpi/Build/Products/Debug-iphonesimulator -Isystem /Applications/Xcode.app/Contents/Developer/Platforms/iPhoneSimulator.platform/Developer/usr/lib -F /Users/shashipandey/Library/Developer/Xcode/DerivedData/RSMS-galdljqllugdxqeukomoxaxsigpi/Build/Products/Debug-iphonesimulator/PackageFrameworks -F /Users/shashipandey/Library/Developer/Xcode/DerivedData/RSMS-galdljqllugdxqeukomoxaxsigpi/Build/Products/Debug-iphonesimulator/PackageFrameworks -F /Users/shashipandey/Library/Developer/Xcode/DerivedData/RSMS-galdljqllugdxqeukomoxaxsigpi/Build/Products/Debug-iphonesimulator/PackageFrameworks -F /Users/shashipandey/Library/Developer/Xcode/DerivedData/RSMS-galdljqllugdxqeukomoxaxsigpi/Build/Products/Debug-iphonesimulator/PackageFrameworks -F /Users/shashipandey/Library/Developer/Xcode/DerivedData/RSMS-galdljqllugdxqeukomoxaxsigpi/Build/Products/Debug-iphonesimulator/PackageFrameworks -F /Users/shashipandey/Library/Developer/Xcode/DerivedData/RSMS-galdljqllugdxqeukomoxaxsigpi/Build/Products/Debug-iphonesimulator/PackageFrameworks -F /Users/shashipandey/Library/Developer/Xcode/DerivedData/RSMS-galdljqllugdxqeukomoxaxsigpi/Build/Products/Debug-iphonesimulator -F /Applications/Xcode.app/Contents/Developer/Platforms/iPhoneSimulator.platform/Developer/Library/Frameworks -F /Applications/Xcode.app/Contents/Developer/Platforms/iPhoneSimulator.platform/Developer/SDKs/iPhoneSimulator26.5.sdk/Developer/Library/Frameworks -c -j10 -enable-batch-mode -incremental -Xcc -ivfsstatcache -Xcc /Users/shashipandey/Library/Developer/Xcode/DerivedData/SDKStatCaches.noindex/iphonesimulator26.5-23F81a-6cfe768891a92b912361537c460fe42b.sdkstatcache -output-file-map /Users/shashipandey/Library/Developer/Xcode/DerivedData/RSMS-galdljqllugdxqeukomoxaxsigpi/Build/Intermediates.noindex/Supabase.build/Debug-iphonesimulator/Functions.build/Objects-normal/arm64/Functions-OutputFileMap.json -use-frontend-parseable-output -save-temps -no-color-diagnostics -explicit-module-build -module-cache-path /Users/shashipandey/Library/Developer/Xcode/DerivedData/RSMS-galdljqllugdxqeukomoxaxsigpi/Build/Intermediates.noindex/SwiftExplicitPrecompiledModules -clang-scanner-module-cache-path /Users/shashipandey/Library/Developer/Xcode/DerivedData/ModuleCache.noindex -sdk-module-cache-path /Users/shashipandey/Library/Developer/Xcode/DerivedData/ModuleCache.noindex -serialize-diagnostics -emit-dependencies -emit-module -emit-module-path /Users/shashipandey/Library/Developer/Xcode/DerivedData/RSMS-galdljqllugdxqeukomoxaxsigpi/Build/Intermediates.noindex/Supabase.build/Debug-iphonesimulator/Functions.build/Objects-normal/arm64/Functions.swiftmodule -validate-clang-modules-once -clang-build-session-file /Users/shashipandey/Library/Developer/Xcode/DerivedData/ModuleCache.noindex/Session.modulevalidation -package-name supabase_swift -Xcc -I/Users/shashipandey/Library/Developer/Xcode/DerivedData/RSMS-galdljqllugdxqeukomoxaxsigpi/Build/Intermediates.noindex/Supabase.build/Debug-iphonesimulator/Functions.build/swift-overrides.hmap -emit-const-values -Xfrontend -const-gather-protocols-file -Xfrontend /Users/shashipandey/Library/Developer/Xcode/DerivedData/RSMS-galdljqllugdxqeukomoxaxsigpi/Build/Intermediates.noindex/Supabase.build/Debug-iphonesimulator/Functions.build/Objects-normal/arm64/Functions_const_extract_protocols.json -Xcc -I/Users/shashipandey/Library/Developer/Xcode/DerivedData/RSMS-galdljqllugdxqeukomoxaxsigpi/Build/Products/Debug-iphonesimulator/include -Xcc -I/Users/shashipandey/Library/Developer/Xcode/DerivedData/RSMS-galdljqllugdxqeukomoxaxsigpi/Build/Intermediates.noindex/Supabase.build/Debug-iphonesimulator/Functions.build/DerivedSources-normal/arm64 -Xcc -I/Users/shashipandey/Library/Developer/Xcode/DerivedData/RSMS-galdljqllugdxqeukomoxaxsigpi/Build/Intermediates.noindex/Supabase.build/Debug-iphonesimulator/Functions.build/DerivedSources/arm64 -Xcc -I/Users/shashipandey/Library/Developer/Xcode/DerivedData/RSMS-galdljqllugdxqeukomoxaxsigpi/Build/Intermediates.noindex/Supabase.build/Debug-iphonesimulator/Functions.build/DerivedSources -Xcc -DSWIFT_PACKAGE -Xcc -DDEBUG\=1 -emit-objc-header -emit-objc-header-path /Users/shashipandey/Library/Developer/Xcode/DerivedData/RSMS-galdljqllugdxqeukomoxaxsigpi/Build/Intermediates.noindex/Supabase.build/Debug-iphonesimulator/Functions.build/Objects-normal/arm64/Functions-Swift.h -working-directory /Users/shashipandey/Desktop/Team-8/RSMS.xcodeproj -experimental-emit-module-separately -disable-cmo

Copy /Users/shashipandey/Library/Developer/Xcode/DerivedData/RSMS-galdljqllugdxqeukomoxaxsigpi/Build/Products/Debug-iphonesimulator/PackageFrameworks/Functions.framework/Modules/Functions.swiftmodule/arm64-apple-ios-simulator.swiftmodule /Users/shashipandey/Library/Developer/Xcode/DerivedData/RSMS-galdljqllugdxqeukomoxaxsigpi/Build/Intermediates.noindex/Supabase.build/Debug-iphonesimulator/Functions.build/Objects-normal/arm64/Functions.swiftmodule (in target 'Functions' from project 'Supabase')
    cd /Users/shashipandey/Library/Developer/Xcode/DerivedData/RSMS-galdljqllugdxqeukomoxaxsigpi/SourcePackages/checkouts/supabase-swift
    builtin-copy -exclude .DS_Store -exclude CVS -exclude .svn -exclude .git -exclude .hg -resolve-src-symlinks -rename /Users/shashipandey/Library/Developer/Xcode/DerivedData/RSMS-galdljqllugdxqeukomoxaxsigpi/Build/Intermediates.noindex/Supabase.build/Debug-iphonesimulator/Functions.build/Objects-normal/arm64/Functions.swiftmodule /Users/shashipandey/Library/Developer/Xcode/DerivedData/RSMS-galdljqllugdxqeukomoxaxsigpi/Build/Products/Debug-iphonesimulator/PackageFrameworks/Functions.framework/Modules/Functions.swiftmodule/arm64-apple-ios-simulator.swiftmodule

Copy /Users/shashipandey/Library/Developer/Xcode/DerivedData/RSMS-galdljqllugdxqeukomoxaxsigpi/Build/Products/Debug-iphonesimulator/PackageFrameworks/Functions.framework/Modules/Functions.swiftmodule/arm64-apple-ios-simulator.swiftdoc /Users/shashipandey/Library/Developer/Xcode/DerivedData/RSMS-galdljqllugdxqeukomoxaxsigpi/Build/Intermediates.noindex/Supabase.build/Debug-iphonesimulator/Functions.build/Objects-normal/arm64/Functions.swiftdoc (in target 'Functions' from project 'Supabase')
    cd /Users/shashipandey/Library/Developer/Xcode/DerivedData/RSMS-galdljqllugdxqeukomoxaxsigpi/SourcePackages/checkouts/supabase-swift
    builtin-copy -exclude .DS_Store -exclude CVS -exclude .svn -exclude .git -exclude .hg -resolve-src-symlinks -rename /Users/shashipandey/Library/Developer/Xcode/DerivedData/RSMS-galdljqllugdxqeukomoxaxsigpi/Build/Intermediates.noindex/Supabase.build/Debug-iphonesimulator/Functions.build/Objects-normal/arm64/Functions.swiftdoc /Users/shashipandey/Library/Developer/Xcode/DerivedData/RSMS-galdljqllugdxqeukomoxaxsigpi/Build/Products/Debug-iphonesimulator/PackageFrameworks/Functions.framework/Modules/Functions.swiftmodule/arm64-apple-ios-simulator.swiftdoc

Copy /Users/shashipandey/Library/Developer/Xcode/DerivedData/RSMS-galdljqllugdxqeukomoxaxsigpi/Build/Products/Debug-iphonesimulator/PackageFrameworks/Functions.framework/Modules/Functions.swiftmodule/arm64-apple-ios-simulator.abi.json /Users/shashipandey/Library/Developer/Xcode/DerivedData/RSMS-galdljqllugdxqeukomoxaxsigpi/Build/Intermediates.noindex/Supabase.build/Debug-iphonesimulator/Functions.build/Objects-normal/arm64/Functions.abi.json (in target 'Functions' from project 'Supabase')
    cd /Users/shashipandey/Library/Developer/Xcode/DerivedData/RSMS-galdljqllugdxqeukomoxaxsigpi/SourcePackages/checkouts/supabase-swift
    builtin-copy -exclude .DS_Store -exclude CVS -exclude .svn -exclude .git -exclude .hg -resolve-src-symlinks -rename /Users/shashipandey/Library/Developer/Xcode/DerivedData/RSMS-galdljqllugdxqeukomoxaxsigpi/Build/Intermediates.noindex/Supabase.build/Debug-iphonesimulator/Functions.build/Objects-normal/arm64/Functions.abi.json /Users/shashipandey/Library/Developer/Xcode/DerivedData/RSMS-galdljqllugdxqeukomoxaxsigpi/Build/Products/Debug-iphonesimulator/PackageFrameworks/Functions.framework/Modules/Functions.swiftmodule/arm64-apple-ios-simulator.abi.json

Copy /Users/shashipandey/Library/Developer/Xcode/DerivedData/RSMS-galdljqllugdxqeukomoxaxsigpi/Build/Products/Debug-iphonesimulator/PackageFrameworks/Functions.framework/Modules/Functions.swiftmodule/Project/arm64-apple-ios-simulator.swiftsourceinfo /Users/shashipandey/Library/Developer/Xcode/DerivedData/RSMS-galdljqllugdxqeukomoxaxsigpi/Build/Intermediates.noindex/Supabase.build/Debug-iphonesimulator/Functions.build/Objects-normal/arm64/Functions.swiftsourceinfo (in target 'Functions' from project 'Supabase')
    cd /Users/shashipandey/Library/Developer/Xcode/DerivedData/RSMS-galdljqllugdxqeukomoxaxsigpi/SourcePackages/checkouts/supabase-swift
    builtin-copy -exclude .DS_Store -exclude CVS -exclude .svn -exclude .git -exclude .hg -resolve-src-symlinks -rename /Users/shashipandey/Library/Developer/Xcode/DerivedData/RSMS-galdljqllugdxqeukomoxaxsigpi/Build/Intermediates.noindex/Supabase.build/Debug-iphonesimulator/Functions.build/Objects-normal/arm64/Functions.swiftsourceinfo /Users/shashipandey/Library/Developer/Xcode/DerivedData/RSMS-galdljqllugdxqeukomoxaxsigpi/Build/Products/Debug-iphonesimulator/PackageFrameworks/Functions.framework/Modules/Functions.swiftmodule/Project/arm64-apple-ios-simulator.swiftsourceinfo

SwiftDriver\ Compilation\ Requirements Functions normal x86_64 com.apple.xcode.tools.swift.compiler (in target 'Functions' from project 'Supabase')
    cd /Users/shashipandey/Desktop/Team-8/RSMS.xcodeproj
    builtin-Swift-Compilation-Requirements -- /Applications/Xcode.app/Contents/Developer/Toolchains/XcodeDefault.xctoolchain/usr/bin/swiftc -module-name Functions -Onone @/Users/shashipandey/Library/Developer/Xcode/DerivedData/RSMS-galdljqllugdxqeukomoxaxsigpi/Build/Intermediates.noindex/Supabase.build/Debug-iphonesimulator/Functions.build/Objects-normal/x86_64/Functions.SwiftFileList -DSWIFT_PACKAGE -DDEBUG -DSWIFT_MODULE_RESOURCE_BUNDLE_UNAVAILABLE -DXcode -enable-upcoming-feature ExistentialAny -enable-experimental-feature StrictConcurrency -plugin-path /Applications/Xcode.app/Contents/Developer/Toolchains/XcodeDefault.xctoolchain/usr/lib/swift/host/plugins/testing -enable-experimental-feature DebugDescriptionMacro -sdk /Applications/Xcode.app/Contents/Developer/Platforms/iPhoneSimulator.platform/Developer/SDKs/iPhoneSimulator26.5.sdk -target x86_64-apple-ios13.0-simulator -g -module-cache-path /Users/shashipandey/Library/Developer/Xcode/DerivedData/ModuleCache.noindex -Xfrontend -serialize-debugging-options -enable-testing -suppress-warnings -index-store-path /Users/shashipandey/Library/Developer/Xcode/DerivedData/RSMS-galdljqllugdxqeukomoxaxsigpi/Index.noindex/DataStore -Xcc -D_LIBCPP_HARDENING_MODE\=_LIBCPP_HARDENING_MODE_DEBUG -swift-version 5 -I /Users/shashipandey/Library/Developer/Xcode/DerivedData/RSMS-galdljqllugdxqeukomoxaxsigpi/Build/Products/Debug-iphonesimulator -Isystem /Applications/Xcode.app/Contents/Developer/Platforms/iPhoneSimulator.platform/Developer/usr/lib -F /Users/shashipandey/Library/Developer/Xcode/DerivedData/RSMS-galdljqllugdxqeukomoxaxsigpi/Build/Products/Debug-iphonesimulator/PackageFrameworks -F /Users/shashipandey/Library/Developer/Xcode/DerivedData/RSMS-galdljqllugdxqeukomoxaxsigpi/Build/Products/Debug-iphonesimulator/PackageFrameworks -F /Users/shashipandey/Library/Developer/Xcode/DerivedData/RSMS-galdljqllugdxqeukomoxaxsigpi/Build/Products/Debug-iphonesimulator/PackageFrameworks -F /Users/shashipandey/Library/Developer/Xcode/DerivedData/RSMS-galdljqllugdxqeukomoxaxsigpi/Build/Products/Debug-iphonesimulator/PackageFrameworks -F /Users/shashipandey/Library/Developer/Xcode/DerivedData/RSMS-galdljqllugdxqeukomoxaxsigpi/Build/Products/Debug-iphonesimulator/PackageFrameworks -F /Users/shashipandey/Library/Developer/Xcode/DerivedData/RSMS-galdljqllugdxqeukomoxaxsigpi/Build/Products/Debug-iphonesimulator/PackageFrameworks -F /Users/shashipandey/Library/Developer/Xcode/DerivedData/RSMS-galdljqllugdxqeukomoxaxsigpi/Build/Products/Debug-iphonesimulator -F /Applications/Xcode.app/Contents/Developer/Platforms/iPhoneSimulator.platform/Developer/Library/Frameworks -F /Applications/Xcode.app/Contents/Developer/Platforms/iPhoneSimulator.platform/Developer/SDKs/iPhoneSimulator26.5.sdk/Developer/Library/Frameworks -c -j10 -enable-batch-mode -incremental -Xcc -ivfsstatcache -Xcc /Users/shashipandey/Library/Developer/Xcode/DerivedData/SDKStatCaches.noindex/iphonesimulator26.5-23F81a-6cfe768891a92b912361537c460fe42b.sdkstatcache -output-file-map /Users/shashipandey/Library/Developer/Xcode/DerivedData/RSMS-galdljqllugdxqeukomoxaxsigpi/Build/Intermediates.noindex/Supabase.build/Debug-iphonesimulator/Functions.build/Objects-normal/x86_64/Functions-OutputFileMap.json -use-frontend-parseable-output -save-temps -no-color-diagnostics -explicit-module-build -module-cache-path /Users/shashipandey/Library/Developer/Xcode/DerivedData/RSMS-galdljqllugdxqeukomoxaxsigpi/Build/Intermediates.noindex/SwiftExplicitPrecompiledModules -clang-scanner-module-cache-path /Users/shashipandey/Library/Developer/Xcode/DerivedData/ModuleCache.noindex -sdk-module-cache-path /Users/shashipandey/Library/Developer/Xcode/DerivedData/ModuleCache.noindex -serialize-diagnostics -emit-dependencies -emit-module -emit-module-path /Users/shashipandey/Library/Developer/Xcode/DerivedData/RSMS-galdljqllugdxqeukomoxaxsigpi/Build/Intermediates.noindex/Supabase.build/Debug-iphonesimulator/Functions.build/Objects-normal/x86_64/Functions.swiftmodule -validate-clang-modules-once -clang-build-session-file /Users/shashipandey/Library/Developer/Xcode/DerivedData/ModuleCache.noindex/Session.modulevalidation -package-name supabase_swift -Xcc -I/Users/shashipandey/Library/Developer/Xcode/DerivedData/RSMS-galdljqllugdxqeukomoxaxsigpi/Build/Intermediates.noindex/Supabase.build/Debug-iphonesimulator/Functions.build/swift-overrides.hmap -emit-const-values -Xfrontend -const-gather-protocols-file -Xfrontend /Users/shashipandey/Library/Developer/Xcode/DerivedData/RSMS-galdljqllugdxqeukomoxaxsigpi/Build/Intermediates.noindex/Supabase.build/Debug-iphonesimulator/Functions.build/Objects-normal/x86_64/Functions_const_extract_protocols.json -Xcc -I/Users/shashipandey/Library/Developer/Xcode/DerivedData/RSMS-galdljqllugdxqeukomoxaxsigpi/Build/Products/Debug-iphonesimulator/include -Xcc -I/Users/shashipandey/Library/Developer/Xcode/DerivedData/RSMS-galdljqllugdxqeukomoxaxsigpi/Build/Intermediates.noindex/Supabase.build/Debug-iphonesimulator/Functions.build/DerivedSources-normal/x86_64 -Xcc -I/Users/shashipandey/Library/Developer/Xcode/DerivedData/RSMS-galdljqllugdxqeukomoxaxsigpi/Build/Intermediates.noindex/Supabase.build/Debug-iphonesimulator/Functions.build/DerivedSources/x86_64 -Xcc -I/Users/shashipandey/Library/Developer/Xcode/DerivedData/RSMS-galdljqllugdxqeukomoxaxsigpi/Build/Intermediates.noindex/Supabase.build/Debug-iphonesimulator/Functions.build/DerivedSources -Xcc -DSWIFT_PACKAGE -Xcc -DDEBUG\=1 -emit-objc-header -emit-objc-header-path /Users/shashipandey/Library/Developer/Xcode/DerivedData/RSMS-galdljqllugdxqeukomoxaxsigpi/Build/Intermediates.noindex/Supabase.build/Debug-iphonesimulator/Functions.build/Objects-normal/x86_64/Functions-Swift.h -working-directory /Users/shashipandey/Desktop/Team-8/RSMS.xcodeproj -experimental-emit-module-separately -disable-cmo

SwiftDriver\ Compilation Functions normal x86_64 com.apple.xcode.tools.swift.compiler (in target 'Functions' from project 'Supabase')
    cd /Users/shashipandey/Desktop/Team-8/RSMS.xcodeproj
    builtin-Swift-Compilation -- /Applications/Xcode.app/Contents/Developer/Toolchains/XcodeDefault.xctoolchain/usr/bin/swiftc -module-name Functions -Onone @/Users/shashipandey/Library/Developer/Xcode/DerivedData/RSMS-galdljqllugdxqeukomoxaxsigpi/Build/Intermediates.noindex/Supabase.build/Debug-iphonesimulator/Functions.build/Objects-normal/x86_64/Functions.SwiftFileList -DSWIFT_PACKAGE -DDEBUG -DSWIFT_MODULE_RESOURCE_BUNDLE_UNAVAILABLE -DXcode -enable-upcoming-feature ExistentialAny -enable-experimental-feature StrictConcurrency -plugin-path /Applications/Xcode.app/Contents/Developer/Toolchains/XcodeDefault.xctoolchain/usr/lib/swift/host/plugins/testing -enable-experimental-feature DebugDescriptionMacro -sdk /Applications/Xcode.app/Contents/Developer/Platforms/iPhoneSimulator.platform/Developer/SDKs/iPhoneSimulator26.5.sdk -target x86_64-apple-ios13.0-simulator -g -module-cache-path /Users/shashipandey/Library/Developer/Xcode/DerivedData/ModuleCache.noindex -Xfrontend -serialize-debugging-options -enable-testing -suppress-warnings -index-store-path /Users/shashipandey/Library/Developer/Xcode/DerivedData/RSMS-galdljqllugdxqeukomoxaxsigpi/Index.noindex/DataStore -Xcc -D_LIBCPP_HARDENING_MODE\=_LIBCPP_HARDENING_MODE_DEBUG -swift-version 5 -I /Users/shashipandey/Library/Developer/Xcode/DerivedData/RSMS-galdljqllugdxqeukomoxaxsigpi/Build/Products/Debug-iphonesimulator -Isystem /Applications/Xcode.app/Contents/Developer/Platforms/iPhoneSimulator.platform/Developer/usr/lib -F /Users/shashipandey/Library/Developer/Xcode/DerivedData/RSMS-galdljqllugdxqeukomoxaxsigpi/Build/Products/Debug-iphonesimulator/PackageFrameworks -F /Users/shashipandey/Library/Developer/Xcode/DerivedData/RSMS-galdljqllugdxqeukomoxaxsigpi/Build/Products/Debug-iphonesimulator/PackageFrameworks -F /Users/shashipandey/Library/Developer/Xcode/DerivedData/RSMS-galdljqllugdxqeukomoxaxsigpi/Build/Products/Debug-iphonesimulator/PackageFrameworks -F /Users/shashipandey/Library/Developer/Xcode/DerivedData/RSMS-galdljqllugdxqeukomoxaxsigpi/Build/Products/Debug-iphonesimulator/PackageFrameworks -F /Users/shashipandey/Library/Developer/Xcode/DerivedData/RSMS-galdljqllugdxqeukomoxaxsigpi/Build/Products/Debug-iphonesimulator/PackageFrameworks -F /Users/shashipandey/Library/Developer/Xcode/DerivedData/RSMS-galdljqllugdxqeukomoxaxsigpi/Build/Products/Debug-iphonesimulator/PackageFrameworks -F /Users/shashipandey/Library/Developer/Xcode/DerivedData/RSMS-galdljqllugdxqeukomoxaxsigpi/Build/Products/Debug-iphonesimulator -F /Applications/Xcode.app/Contents/Developer/Platforms/iPhoneSimulator.platform/Developer/Library/Frameworks -F /Applications/Xcode.app/Contents/Developer/Platforms/iPhoneSimulator.platform/Developer/SDKs/iPhoneSimulator26.5.sdk/Developer/Library/Frameworks -c -j10 -enable-batch-mode -incremental -Xcc -ivfsstatcache -Xcc /Users/shashipandey/Library/Developer/Xcode/DerivedData/SDKStatCaches.noindex/iphonesimulator26.5-23F81a-6cfe768891a92b912361537c460fe42b.sdkstatcache -output-file-map /Users/shashipandey/Library/Developer/Xcode/DerivedData/RSMS-galdljqllugdxqeukomoxaxsigpi/Build/Intermediates.noindex/Supabase.build/Debug-iphonesimulator/Functions.build/Objects-normal/x86_64/Functions-OutputFileMap.json -use-frontend-parseable-output -save-temps -no-color-diagnostics -explicit-module-build -module-cache-path /Users/shashipandey/Library/Developer/Xcode/DerivedData/RSMS-galdljqllugdxqeukomoxaxsigpi/Build/Intermediates.noindex/SwiftExplicitPrecompiledModules -clang-scanner-module-cache-path /Users/shashipandey/Library/Developer/Xcode/DerivedData/ModuleCache.noindex -sdk-module-cache-path /Users/shashipandey/Library/Developer/Xcode/DerivedData/ModuleCache.noindex -serialize-diagnostics -emit-dependencies -emit-module -emit-module-path /Users/shashipandey/Library/Developer/Xcode/DerivedData/RSMS-galdljqllugdxqeukomoxaxsigpi/Build/Intermediates.noindex/Supabase.build/Debug-iphonesimulator/Functions.build/Objects-normal/x86_64/Functions.swiftmodule -validate-clang-modules-once -clang-build-session-file /Users/shashipandey/Library/Developer/Xcode/DerivedData/ModuleCache.noindex/Session.modulevalidation -package-name supabase_swift -Xcc -I/Users/shashipandey/Library/Developer/Xcode/DerivedData/RSMS-galdljqllugdxqeukomoxaxsigpi/Build/Intermediates.noindex/Supabase.build/Debug-iphonesimulator/Functions.build/swift-overrides.hmap -emit-const-values -Xfrontend -const-gather-protocols-file -Xfrontend /Users/shashipandey/Library/Developer/Xcode/DerivedData/RSMS-galdljqllugdxqeukomoxaxsigpi/Build/Intermediates.noindex/Supabase.build/Debug-iphonesimulator/Functions.build/Objects-normal/x86_64/Functions_const_extract_protocols.json -Xcc -I/Users/shashipandey/Library/Developer/Xcode/DerivedData/RSMS-galdljqllugdxqeukomoxaxsigpi/Build/Products/Debug-iphonesimulator/include -Xcc -I/Users/shashipandey/Library/Developer/Xcode/DerivedData/RSMS-galdljqllugdxqeukomoxaxsigpi/Build/Intermediates.noindex/Supabase.build/Debug-iphonesimulator/Functions.build/DerivedSources-normal/x86_64 -Xcc -I/Users/shashipandey/Library/Developer/Xcode/DerivedData/RSMS-galdljqllugdxqeukomoxaxsigpi/Build/Intermediates.noindex/Supabase.build/Debug-iphonesimulator/Functions.build/DerivedSources/x86_64 -Xcc -I/Users/shashipandey/Library/Developer/Xcode/DerivedData/RSMS-galdljqllugdxqeukomoxaxsigpi/Build/Intermediates.noindex/Supabase.build/Debug-iphonesimulator/Functions.build/DerivedSources -Xcc -DSWIFT_PACKAGE -Xcc -DDEBUG\=1 -emit-objc-header -emit-objc-header-path /Users/shashipandey/Library/Developer/Xcode/DerivedData/RSMS-galdljqllugdxqeukomoxaxsigpi/Build/Intermediates.noindex/Supabase.build/Debug-iphonesimulator/Functions.build/Objects-normal/x86_64/Functions-Swift.h -working-directory /Users/shashipandey/Desktop/Team-8/RSMS.xcodeproj -experimental-emit-module-separately -disable-cmo

SwiftMergeGeneratedHeaders /Users/shashipandey/Library/Developer/Xcode/DerivedData/RSMS-galdljqllugdxqeukomoxaxsigpi/Build/Intermediates.noindex/GeneratedModuleMaps-iphonesimulator/Functions-Swift.h /Users/shashipandey/Library/Developer/Xcode/DerivedData/RSMS-galdljqllugdxqeukomoxaxsigpi/Build/Intermediates.noindex/Supabase.build/Debug-iphonesimulator/Functions.build/Objects-normal/arm64/Functions-Swift.h /Users/shashipandey/Library/Developer/Xcode/DerivedData/RSMS-galdljqllugdxqeukomoxaxsigpi/Build/Intermediates.noindex/Supabase.build/Debug-iphonesimulator/Functions.build/Objects-normal/x86_64/Functions-Swift.h (in target 'Functions' from project 'Supabase')
    cd /Users/shashipandey/Library/Developer/Xcode/DerivedData/RSMS-galdljqllugdxqeukomoxaxsigpi/SourcePackages/checkouts/supabase-swift
    builtin-swiftHeaderTool -arch arm64 /Users/shashipandey/Library/Developer/Xcode/DerivedData/RSMS-galdljqllugdxqeukomoxaxsigpi/Build/Intermediates.noindex/Supabase.build/Debug-iphonesimulator/Functions.build/Objects-normal/arm64/Functions-Swift.h -arch x86_64 /Users/shashipandey/Library/Developer/Xcode/DerivedData/RSMS-galdljqllugdxqeukomoxaxsigpi/Build/Intermediates.noindex/Supabase.build/Debug-iphonesimulator/Functions.build/Objects-normal/x86_64/Functions-Swift.h -o /Users/shashipandey/Library/Developer/Xcode/DerivedData/RSMS-galdljqllugdxqeukomoxaxsigpi/Build/Intermediates.noindex/GeneratedModuleMaps-iphonesimulator/Functions-Swift.h

ExtractAppIntentsMetadata (in target 'Helpers' from project 'Supabase')
    cd /Users/shashipandey/Library/Developer/Xcode/DerivedData/RSMS-galdljqllugdxqeukomoxaxsigpi/SourcePackages/checkouts/supabase-swift
    /Applications/Xcode.app/Contents/Developer/Toolchains/XcodeDefault.xctoolchain/usr/bin/appintentsmetadataprocessor --toolchain-dir /Applications/Xcode.app/Contents/Developer/Toolchains/XcodeDefault.xctoolchain --module-name Helpers --sdk-root /Applications/Xcode.app/Contents/Developer/Platforms/iPhoneSimulator.platform/Developer/SDKs/iPhoneSimulator26.5.sdk --xcode-version 17F113 --platform-family iOS --deployment-target 13.0 --bundle-identifier supabase-swift.Helpers --output /Users/shashipandey/Library/Developer/Xcode/DerivedData/RSMS-galdljqllugdxqeukomoxaxsigpi/Build/Products/Debug-iphonesimulator/PackageFrameworks/Helpers.framework --target-triple arm64-apple-ios13.0-simulator --target-triple x86_64-apple-ios13.0-simulator --binary-file /Users/shashipandey/Library/Developer/Xcode/DerivedData/RSMS-galdljqllugdxqeukomoxaxsigpi/Build/Products/Debug-iphonesimulator/PackageFrameworks/Helpers.framework/Helpers --dependency-file /Users/shashipandey/Library/Developer/Xcode/DerivedData/RSMS-galdljqllugdxqeukomoxaxsigpi/Build/Intermediates.noindex/Supabase.build/Debug-iphonesimulator/Helpers.build/Objects-normal/arm64/Helpers_dependency_info.dat --dependency-file /Users/shashipandey/Library/Developer/Xcode/DerivedData/RSMS-galdljqllugdxqeukomoxaxsigpi/Build/Intermediates.noindex/Supabase.build/Debug-iphonesimulator/Helpers.build/Objects-normal/x86_64/Helpers_dependency_info.dat --stringsdata-file /Users/shashipandey/Library/Developer/Xcode/DerivedData/RSMS-galdljqllugdxqeukomoxaxsigpi/Build/Intermediates.noindex/Supabase.build/Debug-iphonesimulator/Helpers.build/Objects-normal/arm64/ExtractedAppShortcutsMetadata.stringsdata --stringsdata-file /Users/shashipandey/Library/Developer/Xcode/DerivedData/RSMS-galdljqllugdxqeukomoxaxsigpi/Build/Intermediates.noindex/Supabase.build/Debug-iphonesimulator/Helpers.build/Objects-normal/x86_64/ExtractedAppShortcutsMetadata.stringsdata --source-file-list /Users/shashipandey/Library/Developer/Xcode/DerivedData/RSMS-galdljqllugdxqeukomoxaxsigpi/Build/Intermediates.noindex/Supabase.build/Debug-iphonesimulator/Helpers.build/Objects-normal/arm64/Helpers.SwiftFileList --source-file-list /Users/shashipandey/Library/Developer/Xcode/DerivedData/RSMS-galdljqllugdxqeukomoxaxsigpi/Build/Intermediates.noindex/Supabase.build/Debug-iphonesimulator/Helpers.build/Objects-normal/x86_64/Helpers.SwiftFileList --metadata-file-list /Users/shashipandey/Library/Developer/Xcode/DerivedData/RSMS-galdljqllugdxqeukomoxaxsigpi/Build/Intermediates.noindex/Supabase.build/Debug-iphonesimulator/Helpers.build/Helpers.DependencyMetadataFileList --static-metadata-file-list /Users/shashipandey/Library/Developer/Xcode/DerivedData/RSMS-galdljqllugdxqeukomoxaxsigpi/Build/Intermediates.noindex/Supabase.build/Debug-iphonesimulator/Helpers.build/Helpers.DependencyStaticMetadataFileList --swift-const-vals-list /Users/shashipandey/Library/Developer/Xcode/DerivedData/RSMS-galdljqllugdxqeukomoxaxsigpi/Build/Intermediates.noindex/Supabase.build/Debug-iphonesimulator/Helpers.build/Objects-normal/arm64/Helpers.SwiftConstValuesFileList --swift-const-vals-list /Users/shashipandey/Library/Developer/Xcode/DerivedData/RSMS-galdljqllugdxqeukomoxaxsigpi/Build/Intermediates.noindex/Supabase.build/Debug-iphonesimulator/Helpers.build/Objects-normal/x86_64/Helpers.SwiftConstValuesFileList --compile-time-extraction --deployment-aware-processing --validate-assistant-intents --no-app-shortcuts-localization
2026-07-07 16:58:07.554 appintentsmetadataprocessor[23178:378019] Starting appintentsmetadataprocessor export
2026-07-07 16:58:07.559 appintentsmetadataprocessor[23178:378019] warning: Metadata extraction skipped. No AppIntents.framework dependency found.

GenerateTAPI /Users/shashipandey/Library/Developer/Xcode/DerivedData/RSMS-galdljqllugdxqeukomoxaxsigpi/Build/Intermediates.noindex/EagerLinkingTBDs/Debug-iphonesimulator/Helpers.framework/Helpers.tbd (in target 'Helpers' from project 'Supabase')
    cd /Users/shashipandey/Library/Developer/Xcode/DerivedData/RSMS-galdljqllugdxqeukomoxaxsigpi/SourcePackages/checkouts/supabase-swift
    /Applications/Xcode.app/Contents/Developer/Toolchains/XcodeDefault.xctoolchain/usr/bin/tapi stubify -isysroot /Applications/Xcode.app/Contents/Developer/Platforms/iPhoneSimulator.platform/Developer/SDKs/iPhoneSimulator26.5.sdk -F/Users/shashipandey/Library/Developer/Xcode/DerivedData/RSMS-galdljqllugdxqeukomoxaxsigpi/Build/Products/Debug-iphonesimulator/PackageFrameworks -F/Users/shashipandey/Library/Developer/Xcode/DerivedData/RSMS-galdljqllugdxqeukomoxaxsigpi/Build/Products/Debug-iphonesimulator/PackageFrameworks -F/Users/shashipandey/Library/Developer/Xcode/DerivedData/RSMS-galdljqllugdxqeukomoxaxsigpi/Build/Products/Debug-iphonesimulator/PackageFrameworks -F/Users/shashipandey/Library/Developer/Xcode/DerivedData/RSMS-galdljqllugdxqeukomoxaxsigpi/Build/Products/Debug-iphonesimulator/PackageFrameworks -F/Users/shashipandey/Library/Developer/Xcode/DerivedData/RSMS-galdljqllugdxqeukomoxaxsigpi/Build/Products/Debug-iphonesimulator/PackageFrameworks -F/Users/shashipandey/Library/Developer/Xcode/DerivedData/RSMS-galdljqllugdxqeukomoxaxsigpi/Build/Products/Debug-iphonesimulator -iframework /Applications/Xcode.app/Contents/Developer/Platforms/iPhoneSimulator.platform/Developer/Library/Frameworks -iframework /Applications/Xcode.app/Contents/Developer/Platforms/iPhoneSimulator.platform/Developer/SDKs/iPhoneSimulator26.5.sdk/Developer/Library/Frameworks -L/Users/shashipandey/Library/Developer/Xcode/DerivedData/RSMS-galdljqllugdxqeukomoxaxsigpi/Build/Products/Debug-iphonesimulator -L/Applications/Xcode.app/Contents/Developer/Platforms/iPhoneSimulator.platform/Developer/usr/lib /Users/shashipandey/Library/Developer/Xcode/DerivedData/RSMS-galdljqllugdxqeukomoxaxsigpi/Build/Products/Debug-iphonesimulator/PackageFrameworks/Helpers.framework/Helpers -o /Users/shashipandey/Library/Developer/Xcode/DerivedData/RSMS-galdljqllugdxqeukomoxaxsigpi/Build/Intermediates.noindex/EagerLinkingTBDs/Debug-iphonesimulator/Helpers.framework/Helpers.tbd

Ld /Users/shashipandey/Library/Developer/Xcode/DerivedData/RSMS-galdljqllugdxqeukomoxaxsigpi/Build/Intermediates.noindex/Supabase.build/Debug-iphonesimulator/Functions.build/Objects-normal/x86_64/Binary/Functions normal x86_64 (in target 'Functions' from project 'Supabase')
    cd /Users/shashipandey/Library/Developer/Xcode/DerivedData/RSMS-galdljqllugdxqeukomoxaxsigpi/SourcePackages/checkouts/supabase-swift
    /Applications/Xcode.app/Contents/Developer/Toolchains/XcodeDefault.xctoolchain/usr/bin/clang -Xlinker -reproducible -target x86_64-apple-ios13.0-simulator -dynamiclib -isysroot /Applications/Xcode.app/Contents/Developer/Platforms/iPhoneSimulator.platform/Developer/SDKs/iPhoneSimulator26.5.sdk -O0 -w -L/Users/shashipandey/Library/Developer/Xcode/DerivedData/RSMS-galdljqllugdxqeukomoxaxsigpi/Build/Intermediates.noindex/EagerLinkingTBDs/Debug-iphonesimulator -L/Users/shashipandey/Library/Developer/Xcode/DerivedData/RSMS-galdljqllugdxqeukomoxaxsigpi/Build/Products/Debug-iphonesimulator -L/Applications/Xcode.app/Contents/Developer/Platforms/iPhoneSimulator.platform/Developer/usr/lib -F/Users/shashipandey/Library/Developer/Xcode/DerivedData/RSMS-galdljqllugdxqeukomoxaxsigpi/Build/Intermediates.noindex/EagerLinkingTBDs/Debug-iphonesimulator -F/Users/shashipandey/Library/Developer/Xcode/DerivedData/RSMS-galdljqllugdxqeukomoxaxsigpi/Build/Products/Debug-iphonesimulator/PackageFrameworks -F/Users/shashipandey/Library/Developer/Xcode/DerivedData/RSMS-galdljqllugdxqeukomoxaxsigpi/Build/Products/Debug-iphonesimulator/PackageFrameworks -F/Users/shashipandey/Library/Developer/Xcode/DerivedData/RSMS-galdljqllugdxqeukomoxaxsigpi/Build/Products/Debug-iphonesimulator/PackageFrameworks -F/Users/shashipandey/Library/Developer/Xcode/DerivedData/RSMS-galdljqllugdxqeukomoxaxsigpi/Build/Products/Debug-iphonesimulator/PackageFrameworks -F/Users/shashipandey/Library/Developer/Xcode/DerivedData/RSMS-galdljqllugdxqeukomoxaxsigpi/Build/Products/Debug-iphonesimulator/PackageFrameworks -F/Users/shashipandey/Library/Developer/Xcode/DerivedData/RSMS-galdljqllugdxqeukomoxaxsigpi/Build/Products/Debug-iphonesimulator/PackageFrameworks -F/Users/shashipandey/Library/Developer/Xcode/DerivedData/RSMS-galdljqllugdxqeukomoxaxsigpi/Build/Products/Debug-iphonesimulator -iframework /Applications/Xcode.app/Contents/Developer/Platforms/iPhoneSimulator.platform/Developer/Library/Frameworks -iframework /Applications/Xcode.app/Contents/Developer/Platforms/iPhoneSimulator.platform/Developer/SDKs/iPhoneSimulator26.5.sdk/Developer/Library/Frameworks -filelist /Users/shashipandey/Library/Developer/Xcode/DerivedData/RSMS-galdljqllugdxqeukomoxaxsigpi/Build/Intermediates.noindex/Supabase.build/Debug-iphonesimulator/Functions.build/Objects-normal/x86_64/Functions.LinkFileList -install_name @rpath/Functions.framework/Functions -Xlinker -rpath -Xlinker /usr/lib/swift -Xlinker -rpath -Xlinker /Users/shashipandey/Library/Developer/Xcode/DerivedData/RSMS-galdljqllugdxqeukomoxaxsigpi/Build/Products/Debug-iphonesimulator/PackageFrameworks -Xlinker -dead_strip -Xlinker -object_path_lto -Xlinker /Users/shashipandey/Library/Developer/Xcode/DerivedData/RSMS-galdljqllugdxqeukomoxaxsigpi/Build/Intermediates.noindex/Supabase.build/Debug-iphonesimulator/Functions.build/Objects-normal/x86_64/Functions_lto.o -rdynamic -Xlinker -no_deduplicate -Xlinker -objc_abi_version -Xlinker 2 -Xlinker -dependency_info -Xlinker /Users/shashipandey/Library/Developer/Xcode/DerivedData/RSMS-galdljqllugdxqeukomoxaxsigpi/Build/Intermediates.noindex/Supabase.build/Debug-iphonesimulator/Functions.build/Objects-normal/x86_64/Functions_dependency_info.dat -fobjc-link-runtime -L/Applications/Xcode.app/Contents/Developer/Toolchains/XcodeDefault.xctoolchain/usr/lib/swift/iphonesimulator -L/usr/lib/swift -Xlinker -add_ast_path -Xlinker /Users/shashipandey/Library/Developer/Xcode/DerivedData/RSMS-galdljqllugdxqeukomoxaxsigpi/Build/Intermediates.noindex/Supabase.build/Debug-iphonesimulator/Functions.build/Objects-normal/x86_64/Functions.swiftmodule @/Users/shashipandey/Library/Developer/Xcode/DerivedData/RSMS-galdljqllugdxqeukomoxaxsigpi/Build/Intermediates.noindex/Supabase.build/Debug-iphonesimulator/Functions.build/Objects-normal/x86_64/Functions-linker-args.resp -Wl,-no_warn_duplicate_libraries -Wl,-no_warn_duplicate_libraries -Wl,-no_warn_duplicate_libraries -Wl,-no_warn_duplicate_libraries -Wl,-no_warn_duplicate_libraries -Wl,-no_warn_duplicate_libraries /Users/shashipandey/Library/Developer/Xcode/DerivedData/RSMS-galdljqllugdxqeukomoxaxsigpi/Build/Products/Debug-iphonesimulator/PackageFrameworks/ConcurrencyExtras_-2B4B167800F2E3ED_PackageProduct.framework/ConcurrencyExtras_-2B4B167800F2E3ED_PackageProduct /Users/shashipandey/Library/Developer/Xcode/DerivedData/RSMS-galdljqllugdxqeukomoxaxsigpi/Build/Products/Debug-iphonesimulator/PackageFrameworks/HTTPTypes_6E0498CBABC4245E_PackageProduct.framework/HTTPTypes_6E0498CBABC4245E_PackageProduct /Users/shashipandey/Library/Developer/Xcode/DerivedData/RSMS-galdljqllugdxqeukomoxaxsigpi/Build/Products/Debug-iphonesimulator/PackageFrameworks/Clocks_17A223499E7CA5_PackageProduct.framework/Clocks_17A223499E7CA5_PackageProduct /Users/shashipandey/Library/Developer/Xcode/DerivedData/RSMS-galdljqllugdxqeukomoxaxsigpi/Build/Products/Debug-iphonesimulator/PackageFrameworks/XCTestDynamicOverlay_6187313334988FF6_PackageProduct.framework/XCTestDynamicOverlay_6187313334988FF6_PackageProduct /Users/shashipandey/Library/Developer/Xcode/DerivedData/RSMS-galdljqllugdxqeukomoxaxsigpi/Build/Products/Debug-iphonesimulator/PackageFrameworks/IssueReporting.framework/IssueReporting -framework Helpers -o /Users/shashipandey/Library/Developer/Xcode/DerivedData/RSMS-galdljqllugdxqeukomoxaxsigpi/Build/Intermediates.noindex/Supabase.build/Debug-iphonesimulator/Functions.build/Objects-normal/x86_64/Binary/Functions

Ld /Users/shashipandey/Library/Developer/Xcode/DerivedData/RSMS-galdljqllugdxqeukomoxaxsigpi/Build/Intermediates.noindex/Supabase.build/Debug-iphonesimulator/Functions.build/Objects-normal/arm64/Binary/Functions normal arm64 (in target 'Functions' from project 'Supabase')
    cd /Users/shashipandey/Library/Developer/Xcode/DerivedData/RSMS-galdljqllugdxqeukomoxaxsigpi/SourcePackages/checkouts/supabase-swift
    /Applications/Xcode.app/Contents/Developer/Toolchains/XcodeDefault.xctoolchain/usr/bin/clang -Xlinker -reproducible -target arm64-apple-ios13.0-simulator -dynamiclib -isysroot /Applications/Xcode.app/Contents/Developer/Platforms/iPhoneSimulator.platform/Developer/SDKs/iPhoneSimulator26.5.sdk -O0 -w -L/Users/shashipandey/Library/Developer/Xcode/DerivedData/RSMS-galdljqllugdxqeukomoxaxsigpi/Build/Intermediates.noindex/EagerLinkingTBDs/Debug-iphonesimulator -L/Users/shashipandey/Library/Developer/Xcode/DerivedData/RSMS-galdljqllugdxqeukomoxaxsigpi/Build/Products/Debug-iphonesimulator -L/Applications/Xcode.app/Contents/Developer/Platforms/iPhoneSimulator.platform/Developer/usr/lib -F/Users/shashipandey/Library/Developer/Xcode/DerivedData/RSMS-galdljqllugdxqeukomoxaxsigpi/Build/Intermediates.noindex/EagerLinkingTBDs/Debug-iphonesimulator -F/Users/shashipandey/Library/Developer/Xcode/DerivedData/RSMS-galdljqllugdxqeukomoxaxsigpi/Build/Products/Debug-iphonesimulator/PackageFrameworks -F/Users/shashipandey/Library/Developer/Xcode/DerivedData/RSMS-galdljqllugdxqeukomoxaxsigpi/Build/Products/Debug-iphonesimulator/PackageFrameworks -F/Users/shashipandey/Library/Developer/Xcode/DerivedData/RSMS-galdljqllugdxqeukomoxaxsigpi/Build/Products/Debug-iphonesimulator/PackageFrameworks -F/Users/shashipandey/Library/Developer/Xcode/DerivedData/RSMS-galdljqllugdxqeukomoxaxsigpi/Build/Products/Debug-iphonesimulator/PackageFrameworks -F/Users/shashipandey/Library/Developer/Xcode/DerivedData/RSMS-galdljqllugdxqeukomoxaxsigpi/Build/Products/Debug-iphonesimulator/PackageFrameworks -F/Users/shashipandey/Library/Developer/Xcode/DerivedData/RSMS-galdljqllugdxqeukomoxaxsigpi/Build/Products/Debug-iphonesimulator/PackageFrameworks -F/Users/shashipandey/Library/Developer/Xcode/DerivedData/RSMS-galdljqllugdxqeukomoxaxsigpi/Build/Products/Debug-iphonesimulator -iframework /Applications/Xcode.app/Contents/Developer/Platforms/iPhoneSimulator.platform/Developer/Library/Frameworks -iframework /Applications/Xcode.app/Contents/Developer/Platforms/iPhoneSimulator.platform/Developer/SDKs/iPhoneSimulator26.5.sdk/Developer/Library/Frameworks -filelist /Users/shashipandey/Library/Developer/Xcode/DerivedData/RSMS-galdljqllugdxqeukomoxaxsigpi/Build/Intermediates.noindex/Supabase.build/Debug-iphonesimulator/Functions.build/Objects-normal/arm64/Functions.LinkFileList -install_name @rpath/Functions.framework/Functions -Xlinker -rpath -Xlinker /usr/lib/swift -Xlinker -rpath -Xlinker /Users/shashipandey/Library/Developer/Xcode/DerivedData/RSMS-galdljqllugdxqeukomoxaxsigpi/Build/Products/Debug-iphonesimulator/PackageFrameworks -Xlinker -dead_strip -Xlinker -object_path_lto -Xlinker /Users/shashipandey/Library/Developer/Xcode/DerivedData/RSMS-galdljqllugdxqeukomoxaxsigpi/Build/Intermediates.noindex/Supabase.build/Debug-iphonesimulator/Functions.build/Objects-normal/arm64/Functions_lto.o -rdynamic -Xlinker -no_deduplicate -Xlinker -objc_abi_version -Xlinker 2 -Xlinker -dependency_info -Xlinker /Users/shashipandey/Library/Developer/Xcode/DerivedData/RSMS-galdljqllugdxqeukomoxaxsigpi/Build/Intermediates.noindex/Supabase.build/Debug-iphonesimulator/Functions.build/Objects-normal/arm64/Functions_dependency_info.dat -fobjc-link-runtime -L/Applications/Xcode.app/Contents/Developer/Toolchains/XcodeDefault.xctoolchain/usr/lib/swift/iphonesimulator -L/usr/lib/swift -Xlinker -add_ast_path -Xlinker /Users/shashipandey/Library/Developer/Xcode/DerivedData/RSMS-galdljqllugdxqeukomoxaxsigpi/Build/Intermediates.noindex/Supabase.build/Debug-iphonesimulator/Functions.build/Objects-normal/arm64/Functions.swiftmodule @/Users/shashipandey/Library/Developer/Xcode/DerivedData/RSMS-galdljqllugdxqeukomoxaxsigpi/Build/Intermediates.noindex/Supabase.build/Debug-iphonesimulator/Functions.build/Objects-normal/arm64/Functions-linker-args.resp -Wl,-no_warn_duplicate_libraries -Wl,-no_warn_duplicate_libraries -Wl,-no_warn_duplicate_libraries -Wl,-no_warn_duplicate_libraries -Wl,-no_warn_duplicate_libraries -Wl,-no_warn_duplicate_libraries /Users/shashipandey/Library/Developer/Xcode/DerivedData/RSMS-galdljqllugdxqeukomoxaxsigpi/Build/Products/Debug-iphonesimulator/PackageFrameworks/ConcurrencyExtras_-2B4B167800F2E3ED_PackageProduct.framework/ConcurrencyExtras_-2B4B167800F2E3ED_PackageProduct /Users/shashipandey/Library/Developer/Xcode/DerivedData/RSMS-galdljqllugdxqeukomoxaxsigpi/Build/Products/Debug-iphonesimulator/PackageFrameworks/HTTPTypes_6E0498CBABC4245E_PackageProduct.framework/HTTPTypes_6E0498CBABC4245E_PackageProduct /Users/shashipandey/Library/Developer/Xcode/DerivedData/RSMS-galdljqllugdxqeukomoxaxsigpi/Build/Products/Debug-iphonesimulator/PackageFrameworks/Clocks_17A223499E7CA5_PackageProduct.framework/Clocks_17A223499E7CA5_PackageProduct /Users/shashipandey/Library/Developer/Xcode/DerivedData/RSMS-galdljqllugdxqeukomoxaxsigpi/Build/Products/Debug-iphonesimulator/PackageFrameworks/XCTestDynamicOverlay_6187313334988FF6_PackageProduct.framework/XCTestDynamicOverlay_6187313334988FF6_PackageProduct /Users/shashipandey/Library/Developer/Xcode/DerivedData/RSMS-galdljqllugdxqeukomoxaxsigpi/Build/Products/Debug-iphonesimulator/PackageFrameworks/IssueReporting.framework/IssueReporting -framework Helpers -o /Users/shashipandey/Library/Developer/Xcode/DerivedData/RSMS-galdljqllugdxqeukomoxaxsigpi/Build/Intermediates.noindex/Supabase.build/Debug-iphonesimulator/Functions.build/Objects-normal/arm64/Binary/Functions

ProcessInfoPlistFile /Users/shashipandey/Library/Developer/Xcode/DerivedData/RSMS-galdljqllugdxqeukomoxaxsigpi/Build/Products/Debug-iphonesimulator/PackageFrameworks/Storage.framework/Info.plist /Users/shashipandey/Library/Developer/Xcode/DerivedData/RSMS-galdljqllugdxqeukomoxaxsigpi/Build/Intermediates.noindex/Supabase.build/Debug-iphonesimulator/Storage.build/empty-Storage.plist (in target 'Storage' from project 'Supabase')
    cd /Users/shashipandey/Library/Developer/Xcode/DerivedData/RSMS-galdljqllugdxqeukomoxaxsigpi/SourcePackages/checkouts/supabase-swift
    builtin-infoPlistUtility /Users/shashipandey/Library/Developer/Xcode/DerivedData/RSMS-galdljqllugdxqeukomoxaxsigpi/Build/Intermediates.noindex/Supabase.build/Debug-iphonesimulator/Storage.build/empty-Storage.plist -producttype com.apple.product-type.framework -expandbuildsettings -format binary -platform iphonesimulator -o /Users/shashipandey/Library/Developer/Xcode/DerivedData/RSMS-galdljqllugdxqeukomoxaxsigpi/Build/Products/Debug-iphonesimulator/PackageFrameworks/Storage.framework/Info.plist

SwiftDriver\ Compilation\ Requirements PostgREST normal x86_64 com.apple.xcode.tools.swift.compiler (in target 'PostgREST' from project 'Supabase')
    cd /Users/shashipandey/Desktop/Team-8/RSMS.xcodeproj
    builtin-Swift-Compilation-Requirements -- /Applications/Xcode.app/Contents/Developer/Toolchains/XcodeDefault.xctoolchain/usr/bin/swiftc -module-name PostgREST -Onone @/Users/shashipandey/Library/Developer/Xcode/DerivedData/RSMS-galdljqllugdxqeukomoxaxsigpi/Build/Intermediates.noindex/Supabase.build/Debug-iphonesimulator/PostgREST.build/Objects-normal/x86_64/PostgREST.SwiftFileList -DSWIFT_PACKAGE -DDEBUG -DSWIFT_MODULE_RESOURCE_BUNDLE_UNAVAILABLE -DXcode -enable-upcoming-feature ExistentialAny -enable-experimental-feature StrictConcurrency -plugin-path /Applications/Xcode.app/Contents/Developer/Toolchains/XcodeDefault.xctoolchain/usr/lib/swift/host/plugins/testing -enable-experimental-feature DebugDescriptionMacro -sdk /Applications/Xcode.app/Contents/Developer/Platforms/iPhoneSimulator.platform/Developer/SDKs/iPhoneSimulator26.5.sdk -target x86_64-apple-ios13.0-simulator -g -module-cache-path /Users/shashipandey/Library/Developer/Xcode/DerivedData/ModuleCache.noindex -Xfrontend -serialize-debugging-options -enable-testing -suppress-warnings -index-store-path /Users/shashipandey/Library/Developer/Xcode/DerivedData/RSMS-galdljqllugdxqeukomoxaxsigpi/Index.noindex/DataStore -Xcc -D_LIBCPP_HARDENING_MODE\=_LIBCPP_HARDENING_MODE_DEBUG -swift-version 5 -I /Users/shashipandey/Library/Developer/Xcode/DerivedData/RSMS-galdljqllugdxqeukomoxaxsigpi/Build/Products/Debug-iphonesimulator -Isystem /Applications/Xcode.app/Contents/Developer/Platforms/iPhoneSimulator.platform/Developer/usr/lib -F /Users/shashipandey/Library/Developer/Xcode/DerivedData/RSMS-galdljqllugdxqeukomoxaxsigpi/Build/Products/Debug-iphonesimulator/PackageFrameworks -F /Users/shashipandey/Library/Developer/Xcode/DerivedData/RSMS-galdljqllugdxqeukomoxaxsigpi/Build/Products/Debug-iphonesimulator/PackageFrameworks -F /Users/shashipandey/Library/Developer/Xcode/DerivedData/RSMS-galdljqllugdxqeukomoxaxsigpi/Build/Products/Debug-iphonesimulator/PackageFrameworks -F /Users/shashipandey/Library/Developer/Xcode/DerivedData/RSMS-galdljqllugdxqeukomoxaxsigpi/Build/Products/Debug-iphonesimulator/PackageFrameworks -F /Users/shashipandey/Library/Developer/Xcode/DerivedData/RSMS-galdljqllugdxqeukomoxaxsigpi/Build/Products/Debug-iphonesimulator/PackageFrameworks -F /Users/shashipandey/Library/Developer/Xcode/DerivedData/RSMS-galdljqllugdxqeukomoxaxsigpi/Build/Products/Debug-iphonesimulator/PackageFrameworks -F /Users/shashipandey/Library/Developer/Xcode/DerivedData/RSMS-galdljqllugdxqeukomoxaxsigpi/Build/Products/Debug-iphonesimulator -F /Applications/Xcode.app/Contents/Developer/Platforms/iPhoneSimulator.platform/Developer/Library/Frameworks -F /Applications/Xcode.app/Contents/Developer/Platforms/iPhoneSimulator.platform/Developer/SDKs/iPhoneSimulator26.5.sdk/Developer/Library/Frameworks -c -j10 -enable-batch-mode -incremental -Xcc -ivfsstatcache -Xcc /Users/shashipandey/Library/Developer/Xcode/DerivedData/SDKStatCaches.noindex/iphonesimulator26.5-23F81a-6cfe768891a92b912361537c460fe42b.sdkstatcache -output-file-map /Users/shashipandey/Library/Developer/Xcode/DerivedData/RSMS-galdljqllugdxqeukomoxaxsigpi/Build/Intermediates.noindex/Supabase.build/Debug-iphonesimulator/PostgREST.build/Objects-normal/x86_64/PostgREST-OutputFileMap.json -use-frontend-parseable-output -save-temps -no-color-diagnostics -explicit-module-build -module-cache-path /Users/shashipandey/Library/Developer/Xcode/DerivedData/RSMS-galdljqllugdxqeukomoxaxsigpi/Build/Intermediates.noindex/SwiftExplicitPrecompiledModules -clang-scanner-module-cache-path /Users/shashipandey/Library/Developer/Xcode/DerivedData/ModuleCache.noindex -sdk-module-cache-path /Users/shashipandey/Library/Developer/Xcode/DerivedData/ModuleCache.noindex -serialize-diagnostics -emit-dependencies -emit-module -emit-module-path /Users/shashipandey/Library/Developer/Xcode/DerivedData/RSMS-galdljqllugdxqeukomoxaxsigpi/Build/Intermediates.noindex/Supabase.build/Debug-iphonesimulator/PostgREST.build/Objects-normal/x86_64/PostgREST.swiftmodule -validate-clang-modules-once -clang-build-session-file /Users/shashipandey/Library/Developer/Xcode/DerivedData/ModuleCache.noindex/Session.modulevalidation -package-name supabase_swift -Xcc -I/Users/shashipandey/Library/Developer/Xcode/DerivedData/RSMS-galdljqllugdxqeukomoxaxsigpi/Build/Intermediates.noindex/Supabase.build/Debug-iphonesimulator/PostgREST.build/swift-overrides.hmap -emit-const-values -Xfrontend -const-gather-protocols-file -Xfrontend /Users/shashipandey/Library/Developer/Xcode/DerivedData/RSMS-galdljqllugdxqeukomoxaxsigpi/Build/Intermediates.noindex/Supabase.build/Debug-iphonesimulator/PostgREST.build/Objects-normal/x86_64/PostgREST_const_extract_protocols.json -Xcc -I/Users/shashipandey/Library/Developer/Xcode/DerivedData/RSMS-galdljqllugdxqeukomoxaxsigpi/Build/Products/Debug-iphonesimulator/include -Xcc -I/Users/shashipandey/Library/Developer/Xcode/DerivedData/RSMS-galdljqllugdxqeukomoxaxsigpi/Build/Intermediates.noindex/Supabase.build/Debug-iphonesimulator/PostgREST.build/DerivedSources-normal/x86_64 -Xcc -I/Users/shashipandey/Library/Developer/Xcode/DerivedData/RSMS-galdljqllugdxqeukomoxaxsigpi/Build/Intermediates.noindex/Supabase.build/Debug-iphonesimulator/PostgREST.build/DerivedSources/x86_64 -Xcc -I/Users/shashipandey/Library/Developer/Xcode/DerivedData/RSMS-galdljqllugdxqeukomoxaxsigpi/Build/Intermediates.noindex/Supabase.build/Debug-iphonesimulator/PostgREST.build/DerivedSources -Xcc -DSWIFT_PACKAGE -Xcc -DDEBUG\=1 -emit-objc-header -emit-objc-header-path /Users/shashipandey/Library/Developer/Xcode/DerivedData/RSMS-galdljqllugdxqeukomoxaxsigpi/Build/Intermediates.noindex/Supabase.build/Debug-iphonesimulator/PostgREST.build/Objects-normal/x86_64/PostgREST-Swift.h -working-directory /Users/shashipandey/Desktop/Team-8/RSMS.xcodeproj -experimental-emit-module-separately -disable-cmo

ProcessInfoPlistFile /Users/shashipandey/Library/Developer/Xcode/DerivedData/RSMS-galdljqllugdxqeukomoxaxsigpi/Build/Products/Debug-iphonesimulator/PackageFrameworks/Realtime.framework/Info.plist /Users/shashipandey/Library/Developer/Xcode/DerivedData/RSMS-galdljqllugdxqeukomoxaxsigpi/Build/Intermediates.noindex/Supabase.build/Debug-iphonesimulator/Realtime.build/empty-Realtime.plist (in target 'Realtime' from project 'Supabase')
    cd /Users/shashipandey/Library/Developer/Xcode/DerivedData/RSMS-galdljqllugdxqeukomoxaxsigpi/SourcePackages/checkouts/supabase-swift
    builtin-infoPlistUtility /Users/shashipandey/Library/Developer/Xcode/DerivedData/RSMS-galdljqllugdxqeukomoxaxsigpi/Build/Intermediates.noindex/Supabase.build/Debug-iphonesimulator/Realtime.build/empty-Realtime.plist -producttype com.apple.product-type.framework -expandbuildsettings -format binary -platform iphonesimulator -o /Users/shashipandey/Library/Developer/Xcode/DerivedData/RSMS-galdljqllugdxqeukomoxaxsigpi/Build/Products/Debug-iphonesimulator/PackageFrameworks/Realtime.framework/Info.plist

SwiftDriver\ Compilation PostgREST normal x86_64 com.apple.xcode.tools.swift.compiler (in target 'PostgREST' from project 'Supabase')
    cd /Users/shashipandey/Desktop/Team-8/RSMS.xcodeproj
    builtin-Swift-Compilation -- /Applications/Xcode.app/Contents/Developer/Toolchains/XcodeDefault.xctoolchain/usr/bin/swiftc -module-name PostgREST -Onone @/Users/shashipandey/Library/Developer/Xcode/DerivedData/RSMS-galdljqllugdxqeukomoxaxsigpi/Build/Intermediates.noindex/Supabase.build/Debug-iphonesimulator/PostgREST.build/Objects-normal/x86_64/PostgREST.SwiftFileList -DSWIFT_PACKAGE -DDEBUG -DSWIFT_MODULE_RESOURCE_BUNDLE_UNAVAILABLE -DXcode -enable-upcoming-feature ExistentialAny -enable-experimental-feature StrictConcurrency -plugin-path /Applications/Xcode.app/Contents/Developer/Toolchains/XcodeDefault.xctoolchain/usr/lib/swift/host/plugins/testing -enable-experimental-feature DebugDescriptionMacro -sdk /Applications/Xcode.app/Contents/Developer/Platforms/iPhoneSimulator.platform/Developer/SDKs/iPhoneSimulator26.5.sdk -target x86_64-apple-ios13.0-simulator -g -module-cache-path /Users/shashipandey/Library/Developer/Xcode/DerivedData/ModuleCache.noindex -Xfrontend -serialize-debugging-options -enable-testing -suppress-warnings -index-store-path /Users/shashipandey/Library/Developer/Xcode/DerivedData/RSMS-galdljqllugdxqeukomoxaxsigpi/Index.noindex/DataStore -Xcc -D_LIBCPP_HARDENING_MODE\=_LIBCPP_HARDENING_MODE_DEBUG -swift-version 5 -I /Users/shashipandey/Library/Developer/Xcode/DerivedData/RSMS-galdljqllugdxqeukomoxaxsigpi/Build/Products/Debug-iphonesimulator -Isystem /Applications/Xcode.app/Contents/Developer/Platforms/iPhoneSimulator.platform/Developer/usr/lib -F /Users/shashipandey/Library/Developer/Xcode/DerivedData/RSMS-galdljqllugdxqeukomoxaxsigpi/Build/Products/Debug-iphonesimulator/PackageFrameworks -F /Users/shashipandey/Library/Developer/Xcode/DerivedData/RSMS-galdljqllugdxqeukomoxaxsigpi/Build/Products/Debug-iphonesimulator/PackageFrameworks -F /Users/shashipandey/Library/Developer/Xcode/DerivedData/RSMS-galdljqllugdxqeukomoxaxsigpi/Build/Products/Debug-iphonesimulator/PackageFrameworks -F /Users/shashipandey/Library/Developer/Xcode/DerivedData/RSMS-galdljqllugdxqeukomoxaxsigpi/Build/Products/Debug-iphonesimulator/PackageFrameworks -F /Users/shashipandey/Library/Developer/Xcode/DerivedData/RSMS-galdljqllugdxqeukomoxaxsigpi/Build/Products/Debug-iphonesimulator/PackageFrameworks -F /Users/shashipandey/Library/Developer/Xcode/DerivedData/RSMS-galdljqllugdxqeukomoxaxsigpi/Build/Products/Debug-iphonesimulator/PackageFrameworks -F /Users/shashipandey/Library/Developer/Xcode/DerivedData/RSMS-galdljqllugdxqeukomoxaxsigpi/Build/Products/Debug-iphonesimulator -F /Applications/Xcode.app/Contents/Developer/Platforms/iPhoneSimulator.platform/Developer/Library/Frameworks -F /Applications/Xcode.app/Contents/Developer/Platforms/iPhoneSimulator.platform/Developer/SDKs/iPhoneSimulator26.5.sdk/Developer/Library/Frameworks -c -j10 -enable-batch-mode -incremental -Xcc -ivfsstatcache -Xcc /Users/shashipandey/Library/Developer/Xcode/DerivedData/SDKStatCaches.noindex/iphonesimulator26.5-23F81a-6cfe768891a92b912361537c460fe42b.sdkstatcache -output-file-map /Users/shashipandey/Library/Developer/Xcode/DerivedData/RSMS-galdljqllugdxqeukomoxaxsigpi/Build/Intermediates.noindex/Supabase.build/Debug-iphonesimulator/PostgREST.build/Objects-normal/x86_64/PostgREST-OutputFileMap.json -use-frontend-parseable-output -save-temps -no-color-diagnostics -explicit-module-build -module-cache-path /Users/shashipandey/Library/Developer/Xcode/DerivedData/RSMS-galdljqllugdxqeukomoxaxsigpi/Build/Intermediates.noindex/SwiftExplicitPrecompiledModules -clang-scanner-module-cache-path /Users/shashipandey/Library/Developer/Xcode/DerivedData/ModuleCache.noindex -sdk-module-cache-path /Users/shashipandey/Library/Developer/Xcode/DerivedData/ModuleCache.noindex -serialize-diagnostics -emit-dependencies -emit-module -emit-module-path /Users/shashipandey/Library/Developer/Xcode/DerivedData/RSMS-galdljqllugdxqeukomoxaxsigpi/Build/Intermediates.noindex/Supabase.build/Debug-iphonesimulator/PostgREST.build/Objects-normal/x86_64/PostgREST.swiftmodule -validate-clang-modules-once -clang-build-session-file /Users/shashipandey/Library/Developer/Xcode/DerivedData/ModuleCache.noindex/Session.modulevalidation -package-name supabase_swift -Xcc -I/Users/shashipandey/Library/Developer/Xcode/DerivedData/RSMS-galdljqllugdxqeukomoxaxsigpi/Build/Intermediates.noindex/Supabase.build/Debug-iphonesimulator/PostgREST.build/swift-overrides.hmap -emit-const-values -Xfrontend -const-gather-protocols-file -Xfrontend /Users/shashipandey/Library/Developer/Xcode/DerivedData/RSMS-galdljqllugdxqeukomoxaxsigpi/Build/Intermediates.noindex/Supabase.build/Debug-iphonesimulator/PostgREST.build/Objects-normal/x86_64/PostgREST_const_extract_protocols.json -Xcc -I/Users/shashipandey/Library/Developer/Xcode/DerivedData/RSMS-galdljqllugdxqeukomoxaxsigpi/Build/Products/Debug-iphonesimulator/include -Xcc -I/Users/shashipandey/Library/Developer/Xcode/DerivedData/RSMS-galdljqllugdxqeukomoxaxsigpi/Build/Intermediates.noindex/Supabase.build/Debug-iphonesimulator/PostgREST.build/DerivedSources-normal/x86_64 -Xcc -I/Users/shashipandey/Library/Developer/Xcode/DerivedData/RSMS-galdljqllugdxqeukomoxaxsigpi/Build/Intermediates.noindex/Supabase.build/Debug-iphonesimulator/PostgREST.build/DerivedSources/x86_64 -Xcc -I/Users/shashipandey/Library/Developer/Xcode/DerivedData/RSMS-galdljqllugdxqeukomoxaxsigpi/Build/Intermediates.noindex/Supabase.build/Debug-iphonesimulator/PostgREST.build/DerivedSources -Xcc -DSWIFT_PACKAGE -Xcc -DDEBUG\=1 -emit-objc-header -emit-objc-header-path /Users/shashipandey/Library/Developer/Xcode/DerivedData/RSMS-galdljqllugdxqeukomoxaxsigpi/Build/Intermediates.noindex/Supabase.build/Debug-iphonesimulator/PostgREST.build/Objects-normal/x86_64/PostgREST-Swift.h -working-directory /Users/shashipandey/Desktop/Team-8/RSMS.xcodeproj -experimental-emit-module-separately -disable-cmo

ProcessInfoPlistFile /Users/shashipandey/Library/Developer/Xcode/DerivedData/RSMS-galdljqllugdxqeukomoxaxsigpi/Build/Products/Debug-iphonesimulator/PackageFrameworks/PostgREST.framework/Info.plist /Users/shashipandey/Library/Developer/Xcode/DerivedData/RSMS-galdljqllugdxqeukomoxaxsigpi/Build/Intermediates.noindex/Supabase.build/Debug-iphonesimulator/PostgREST.build/empty-PostgREST.plist (in target 'PostgREST' from project 'Supabase')
    cd /Users/shashipandey/Library/Developer/Xcode/DerivedData/RSMS-galdljqllugdxqeukomoxaxsigpi/SourcePackages/checkouts/supabase-swift
    builtin-infoPlistUtility /Users/shashipandey/Library/Developer/Xcode/DerivedData/RSMS-galdljqllugdxqeukomoxaxsigpi/Build/Intermediates.noindex/Supabase.build/Debug-iphonesimulator/PostgREST.build/empty-PostgREST.plist -producttype com.apple.product-type.framework -expandbuildsettings -format binary -platform iphonesimulator -o /Users/shashipandey/Library/Developer/Xcode/DerivedData/RSMS-galdljqllugdxqeukomoxaxsigpi/Build/Products/Debug-iphonesimulator/PackageFrameworks/PostgREST.framework/Info.plist

SwiftDriver\ Compilation\ Requirements PostgREST normal arm64 com.apple.xcode.tools.swift.compiler (in target 'PostgREST' from project 'Supabase')
    cd /Users/shashipandey/Desktop/Team-8/RSMS.xcodeproj
    builtin-Swift-Compilation-Requirements -- /Applications/Xcode.app/Contents/Developer/Toolchains/XcodeDefault.xctoolchain/usr/bin/swiftc -module-name PostgREST -Onone @/Users/shashipandey/Library/Developer/Xcode/DerivedData/RSMS-galdljqllugdxqeukomoxaxsigpi/Build/Intermediates.noindex/Supabase.build/Debug-iphonesimulator/PostgREST.build/Objects-normal/arm64/PostgREST.SwiftFileList -DSWIFT_PACKAGE -DDEBUG -DSWIFT_MODULE_RESOURCE_BUNDLE_UNAVAILABLE -DXcode -enable-upcoming-feature ExistentialAny -enable-experimental-feature StrictConcurrency -plugin-path /Applications/Xcode.app/Contents/Developer/Toolchains/XcodeDefault.xctoolchain/usr/lib/swift/host/plugins/testing -enable-experimental-feature DebugDescriptionMacro -sdk /Applications/Xcode.app/Contents/Developer/Platforms/iPhoneSimulator.platform/Developer/SDKs/iPhoneSimulator26.5.sdk -target arm64-apple-ios13.0-simulator -g -module-cache-path /Users/shashipandey/Library/Developer/Xcode/DerivedData/ModuleCache.noindex -Xfrontend -serialize-debugging-options -enable-testing -suppress-warnings -index-store-path /Users/shashipandey/Library/Developer/Xcode/DerivedData/RSMS-galdljqllugdxqeukomoxaxsigpi/Index.noindex/DataStore -Xcc -D_LIBCPP_HARDENING_MODE\=_LIBCPP_HARDENING_MODE_DEBUG -swift-version 5 -I /Users/shashipandey/Library/Developer/Xcode/DerivedData/RSMS-galdljqllugdxqeukomoxaxsigpi/Build/Products/Debug-iphonesimulator -Isystem /Applications/Xcode.app/Contents/Developer/Platforms/iPhoneSimulator.platform/Developer/usr/lib -F /Users/shashipandey/Library/Developer/Xcode/DerivedData/RSMS-galdljqllugdxqeukomoxaxsigpi/Build/Products/Debug-iphonesimulator/PackageFrameworks -F /Users/shashipandey/Library/Developer/Xcode/DerivedData/RSMS-galdljqllugdxqeukomoxaxsigpi/Build/Products/Debug-iphonesimulator/PackageFrameworks -F /Users/shashipandey/Library/Developer/Xcode/DerivedData/RSMS-galdljqllugdxqeukomoxaxsigpi/Build/Products/Debug-iphonesimulator/PackageFrameworks -F /Users/shashipandey/Library/Developer/Xcode/DerivedData/RSMS-galdljqllugdxqeukomoxaxsigpi/Build/Products/Debug-iphonesimulator/PackageFrameworks -F /Users/shashipandey/Library/Developer/Xcode/DerivedData/RSMS-galdljqllugdxqeukomoxaxsigpi/Build/Products/Debug-iphonesimulator/PackageFrameworks -F /Users/shashipandey/Library/Developer/Xcode/DerivedData/RSMS-galdljqllugdxqeukomoxaxsigpi/Build/Products/Debug-iphonesimulator/PackageFrameworks -F /Users/shashipandey/Library/Developer/Xcode/DerivedData/RSMS-galdljqllugdxqeukomoxaxsigpi/Build/Products/Debug-iphonesimulator -F /Applications/Xcode.app/Contents/Developer/Platforms/iPhoneSimulator.platform/Developer/Library/Frameworks -F /Applications/Xcode.app/Contents/Developer/Platforms/iPhoneSimulator.platform/Developer/SDKs/iPhoneSimulator26.5.sdk/Developer/Library/Frameworks -c -j10 -enable-batch-mode -incremental -Xcc -ivfsstatcache -Xcc /Users/shashipandey/Library/Developer/Xcode/DerivedData/SDKStatCaches.noindex/iphonesimulator26.5-23F81a-6cfe768891a92b912361537c460fe42b.sdkstatcache -output-file-map /Users/shashipandey/Library/Developer/Xcode/DerivedData/RSMS-galdljqllugdxqeukomoxaxsigpi/Build/Intermediates.noindex/Supabase.build/Debug-iphonesimulator/PostgREST.build/Objects-normal/arm64/PostgREST-OutputFileMap.json -use-frontend-parseable-output -save-temps -no-color-diagnostics -explicit-module-build -module-cache-path /Users/shashipandey/Library/Developer/Xcode/DerivedData/RSMS-galdljqllugdxqeukomoxaxsigpi/Build/Intermediates.noindex/SwiftExplicitPrecompiledModules -clang-scanner-module-cache-path /Users/shashipandey/Library/Developer/Xcode/DerivedData/ModuleCache.noindex -sdk-module-cache-path /Users/shashipandey/Library/Developer/Xcode/DerivedData/ModuleCache.noindex -serialize-diagnostics -emit-dependencies -emit-module -emit-module-path /Users/shashipandey/Library/Developer/Xcode/DerivedData/RSMS-galdljqllugdxqeukomoxaxsigpi/Build/Intermediates.noindex/Supabase.build/Debug-iphonesimulator/PostgREST.build/Objects-normal/arm64/PostgREST.swiftmodule -validate-clang-modules-once -clang-build-session-file /Users/shashipandey/Library/Developer/Xcode/DerivedData/ModuleCache.noindex/Session.modulevalidation -package-name supabase_swift -Xcc -I/Users/shashipandey/Library/Developer/Xcode/DerivedData/RSMS-galdljqllugdxqeukomoxaxsigpi/Build/Intermediates.noindex/Supabase.build/Debug-iphonesimulator/PostgREST.build/swift-overrides.hmap -emit-const-values -Xfrontend -const-gather-protocols-file -Xfrontend /Users/shashipandey/Library/Developer/Xcode/DerivedData/RSMS-galdljqllugdxqeukomoxaxsigpi/Build/Intermediates.noindex/Supabase.build/Debug-iphonesimulator/PostgREST.build/Objects-normal/arm64/PostgREST_const_extract_protocols.json -Xcc -I/Users/shashipandey/Library/Developer/Xcode/DerivedData/RSMS-galdljqllugdxqeukomoxaxsigpi/Build/Products/Debug-iphonesimulator/include -Xcc -I/Users/shashipandey/Library/Developer/Xcode/DerivedData/RSMS-galdljqllugdxqeukomoxaxsigpi/Build/Intermediates.noindex/Supabase.build/Debug-iphonesimulator/PostgREST.build/DerivedSources-normal/arm64 -Xcc -I/Users/shashipandey/Library/Developer/Xcode/DerivedData/RSMS-galdljqllugdxqeukomoxaxsigpi/Build/Intermediates.noindex/Supabase.build/Debug-iphonesimulator/PostgREST.build/DerivedSources/arm64 -Xcc -I/Users/shashipandey/Library/Developer/Xcode/DerivedData/RSMS-galdljqllugdxqeukomoxaxsigpi/Build/Intermediates.noindex/Supabase.build/Debug-iphonesimulator/PostgREST.build/DerivedSources -Xcc -DSWIFT_PACKAGE -Xcc -DDEBUG\=1 -emit-objc-header -emit-objc-header-path /Users/shashipandey/Library/Developer/Xcode/DerivedData/RSMS-galdljqllugdxqeukomoxaxsigpi/Build/Intermediates.noindex/Supabase.build/Debug-iphonesimulator/PostgREST.build/Objects-normal/arm64/PostgREST-Swift.h -working-directory /Users/shashipandey/Desktop/Team-8/RSMS.xcodeproj -experimental-emit-module-separately -disable-cmo

SwiftDriver\ Compilation\ Requirements Storage normal x86_64 com.apple.xcode.tools.swift.compiler (in target 'Storage' from project 'Supabase')
    cd /Users/shashipandey/Desktop/Team-8/RSMS.xcodeproj
    builtin-Swift-Compilation-Requirements -- /Applications/Xcode.app/Contents/Developer/Toolchains/XcodeDefault.xctoolchain/usr/bin/swiftc -module-name Storage -Onone @/Users/shashipandey/Library/Developer/Xcode/DerivedData/RSMS-galdljqllugdxqeukomoxaxsigpi/Build/Intermediates.noindex/Supabase.build/Debug-iphonesimulator/Storage.build/Objects-normal/x86_64/Storage.SwiftFileList -DSWIFT_PACKAGE -DDEBUG -DSWIFT_MODULE_RESOURCE_BUNDLE_UNAVAILABLE -DXcode -enable-upcoming-feature ExistentialAny -enable-experimental-feature StrictConcurrency -plugin-path /Applications/Xcode.app/Contents/Developer/Toolchains/XcodeDefault.xctoolchain/usr/lib/swift/host/plugins/testing -enable-experimental-feature DebugDescriptionMacro -sdk /Applications/Xcode.app/Contents/Developer/Platforms/iPhoneSimulator.platform/Developer/SDKs/iPhoneSimulator26.5.sdk -target x86_64-apple-ios13.0-simulator -g -module-cache-path /Users/shashipandey/Library/Developer/Xcode/DerivedData/ModuleCache.noindex -Xfrontend -serialize-debugging-options -enable-testing -suppress-warnings -index-store-path /Users/shashipandey/Library/Developer/Xcode/DerivedData/RSMS-galdljqllugdxqeukomoxaxsigpi/Index.noindex/DataStore -Xcc -D_LIBCPP_HARDENING_MODE\=_LIBCPP_HARDENING_MODE_DEBUG -swift-version 5 -I /Users/shashipandey/Library/Developer/Xcode/DerivedData/RSMS-galdljqllugdxqeukomoxaxsigpi/Build/Products/Debug-iphonesimulator -Isystem /Applications/Xcode.app/Contents/Developer/Platforms/iPhoneSimulator.platform/Developer/usr/lib -F /Users/shashipandey/Library/Developer/Xcode/DerivedData/RSMS-galdljqllugdxqeukomoxaxsigpi/Build/Products/Debug-iphonesimulator/PackageFrameworks -F /Users/shashipandey/Library/Developer/Xcode/DerivedData/RSMS-galdljqllugdxqeukomoxaxsigpi/Build/Products/Debug-iphonesimulator/PackageFrameworks -F /Users/shashipandey/Library/Developer/Xcode/DerivedData/RSMS-galdljqllugdxqeukomoxaxsigpi/Build/Products/Debug-iphonesimulator/PackageFrameworks -F /Users/shashipandey/Library/Developer/Xcode/DerivedData/RSMS-galdljqllugdxqeukomoxaxsigpi/Build/Products/Debug-iphonesimulator/PackageFrameworks -F /Users/shashipandey/Library/Developer/Xcode/DerivedData/RSMS-galdljqllugdxqeukomoxaxsigpi/Build/Products/Debug-iphonesimulator/PackageFrameworks -F /Users/shashipandey/Library/Developer/Xcode/DerivedData/RSMS-galdljqllugdxqeukomoxaxsigpi/Build/Products/Debug-iphonesimulator/PackageFrameworks -F /Users/shashipandey/Library/Developer/Xcode/DerivedData/RSMS-galdljqllugdxqeukomoxaxsigpi/Build/Products/Debug-iphonesimulator -F /Applications/Xcode.app/Contents/Developer/Platforms/iPhoneSimulator.platform/Developer/Library/Frameworks -F /Applications/Xcode.app/Contents/Developer/Platforms/iPhoneSimulator.platform/Developer/SDKs/iPhoneSimulator26.5.sdk/Developer/Library/Frameworks -c -j10 -enable-batch-mode -incremental -Xcc -ivfsstatcache -Xcc /Users/shashipandey/Library/Developer/Xcode/DerivedData/SDKStatCaches.noindex/iphonesimulator26.5-23F81a-6cfe768891a92b912361537c460fe42b.sdkstatcache -output-file-map /Users/shashipandey/Library/Developer/Xcode/DerivedData/RSMS-galdljqllugdxqeukomoxaxsigpi/Build/Intermediates.noindex/Supabase.build/Debug-iphonesimulator/Storage.build/Objects-normal/x86_64/Storage-OutputFileMap.json -use-frontend-parseable-output -save-temps -no-color-diagnostics -explicit-module-build -module-cache-path /Users/shashipandey/Library/Developer/Xcode/DerivedData/RSMS-galdljqllugdxqeukomoxaxsigpi/Build/Intermediates.noindex/SwiftExplicitPrecompiledModules -clang-scanner-module-cache-path /Users/shashipandey/Library/Developer/Xcode/DerivedData/ModuleCache.noindex -sdk-module-cache-path /Users/shashipandey/Library/Developer/Xcode/DerivedData/ModuleCache.noindex -serialize-diagnostics -emit-dependencies -emit-module -emit-module-path /Users/shashipandey/Library/Developer/Xcode/DerivedData/RSMS-galdljqllugdxqeukomoxaxsigpi/Build/Intermediates.noindex/Supabase.build/Debug-iphonesimulator/Storage.build/Objects-normal/x86_64/Storage.swiftmodule -validate-clang-modules-once -clang-build-session-file /Users/shashipandey/Library/Developer/Xcode/DerivedData/ModuleCache.noindex/Session.modulevalidation -package-name supabase_swift -Xcc -I/Users/shashipandey/Library/Developer/Xcode/DerivedData/RSMS-galdljqllugdxqeukomoxaxsigpi/Build/Intermediates.noindex/Supabase.build/Debug-iphonesimulator/Storage.build/swift-overrides.hmap -emit-const-values -Xfrontend -const-gather-protocols-file -Xfrontend /Users/shashipandey/Library/Developer/Xcode/DerivedData/RSMS-galdljqllugdxqeukomoxaxsigpi/Build/Intermediates.noindex/Supabase.build/Debug-iphonesimulator/Storage.build/Objects-normal/x86_64/Storage_const_extract_protocols.json -Xcc -I/Users/shashipandey/Library/Developer/Xcode/DerivedData/RSMS-galdljqllugdxqeukomoxaxsigpi/Build/Products/Debug-iphonesimulator/include -Xcc -I/Users/shashipandey/Library/Developer/Xcode/DerivedData/RSMS-galdljqllugdxqeukomoxaxsigpi/Build/Intermediates.noindex/Supabase.build/Debug-iphonesimulator/Storage.build/DerivedSources-normal/x86_64 -Xcc -I/Users/shashipandey/Library/Developer/Xcode/DerivedData/RSMS-galdljqllugdxqeukomoxaxsigpi/Build/Intermediates.noindex/Supabase.build/Debug-iphonesimulator/Storage.build/DerivedSources/x86_64 -Xcc -I/Users/shashipandey/Library/Developer/Xcode/DerivedData/RSMS-galdljqllugdxqeukomoxaxsigpi/Build/Intermediates.noindex/Supabase.build/Debug-iphonesimulator/Storage.build/DerivedSources -Xcc -DSWIFT_PACKAGE -Xcc -DDEBUG\=1 -emit-objc-header -emit-objc-header-path /Users/shashipandey/Library/Developer/Xcode/DerivedData/RSMS-galdljqllugdxqeukomoxaxsigpi/Build/Intermediates.noindex/Supabase.build/Debug-iphonesimulator/Storage.build/Objects-normal/x86_64/Storage-Swift.h -working-directory /Users/shashipandey/Desktop/Team-8/RSMS.xcodeproj -experimental-emit-module-separately -disable-cmo

SwiftDriver\ Compilation Storage normal x86_64 com.apple.xcode.tools.swift.compiler (in target 'Storage' from project 'Supabase')
    cd /Users/shashipandey/Desktop/Team-8/RSMS.xcodeproj
    builtin-Swift-Compilation -- /Applications/Xcode.app/Contents/Developer/Toolchains/XcodeDefault.xctoolchain/usr/bin/swiftc -module-name Storage -Onone @/Users/shashipandey/Library/Developer/Xcode/DerivedData/RSMS-galdljqllugdxqeukomoxaxsigpi/Build/Intermediates.noindex/Supabase.build/Debug-iphonesimulator/Storage.build/Objects-normal/x86_64/Storage.SwiftFileList -DSWIFT_PACKAGE -DDEBUG -DSWIFT_MODULE_RESOURCE_BUNDLE_UNAVAILABLE -DXcode -enable-upcoming-feature ExistentialAny -enable-experimental-feature StrictConcurrency -plugin-path /Applications/Xcode.app/Contents/Developer/Toolchains/XcodeDefault.xctoolchain/usr/lib/swift/host/plugins/testing -enable-experimental-feature DebugDescriptionMacro -sdk /Applications/Xcode.app/Contents/Developer/Platforms/iPhoneSimulator.platform/Developer/SDKs/iPhoneSimulator26.5.sdk -target x86_64-apple-ios13.0-simulator -g -module-cache-path /Users/shashipandey/Library/Developer/Xcode/DerivedData/ModuleCache.noindex -Xfrontend -serialize-debugging-options -enable-testing -suppress-warnings -index-store-path /Users/shashipandey/Library/Developer/Xcode/DerivedData/RSMS-galdljqllugdxqeukomoxaxsigpi/Index.noindex/DataStore -Xcc -D_LIBCPP_HARDENING_MODE\=_LIBCPP_HARDENING_MODE_DEBUG -swift-version 5 -I /Users/shashipandey/Library/Developer/Xcode/DerivedData/RSMS-galdljqllugdxqeukomoxaxsigpi/Build/Products/Debug-iphonesimulator -Isystem /Applications/Xcode.app/Contents/Developer/Platforms/iPhoneSimulator.platform/Developer/usr/lib -F /Users/shashipandey/Library/Developer/Xcode/DerivedData/RSMS-galdljqllugdxqeukomoxaxsigpi/Build/Products/Debug-iphonesimulator/PackageFrameworks -F /Users/shashipandey/Library/Developer/Xcode/DerivedData/RSMS-galdljqllugdxqeukomoxaxsigpi/Build/Products/Debug-iphonesimulator/PackageFrameworks -F /Users/shashipandey/Library/Developer/Xcode/DerivedData/RSMS-galdljqllugdxqeukomoxaxsigpi/Build/Products/Debug-iphonesimulator/PackageFrameworks -F /Users/shashipandey/Library/Developer/Xcode/DerivedData/RSMS-galdljqllugdxqeukomoxaxsigpi/Build/Products/Debug-iphonesimulator/PackageFrameworks -F /Users/shashipandey/Library/Developer/Xcode/DerivedData/RSMS-galdljqllugdxqeukomoxaxsigpi/Build/Products/Debug-iphonesimulator/PackageFrameworks -F /Users/shashipandey/Library/Developer/Xcode/DerivedData/RSMS-galdljqllugdxqeukomoxaxsigpi/Build/Products/Debug-iphonesimulator/PackageFrameworks -F /Users/shashipandey/Library/Developer/Xcode/DerivedData/RSMS-galdljqllugdxqeukomoxaxsigpi/Build/Products/Debug-iphonesimulator -F /Applications/Xcode.app/Contents/Developer/Platforms/iPhoneSimulator.platform/Developer/Library/Frameworks -F /Applications/Xcode.app/Contents/Developer/Platforms/iPhoneSimulator.platform/Developer/SDKs/iPhoneSimulator26.5.sdk/Developer/Library/Frameworks -c -j10 -enable-batch-mode -incremental -Xcc -ivfsstatcache -Xcc /Users/shashipandey/Library/Developer/Xcode/DerivedData/SDKStatCaches.noindex/iphonesimulator26.5-23F81a-6cfe768891a92b912361537c460fe42b.sdkstatcache -output-file-map /Users/shashipandey/Library/Developer/Xcode/DerivedData/RSMS-galdljqllugdxqeukomoxaxsigpi/Build/Intermediates.noindex/Supabase.build/Debug-iphonesimulator/Storage.build/Objects-normal/x86_64/Storage-OutputFileMap.json -use-frontend-parseable-output -save-temps -no-color-diagnostics -explicit-module-build -module-cache-path /Users/shashipandey/Library/Developer/Xcode/DerivedData/RSMS-galdljqllugdxqeukomoxaxsigpi/Build/Intermediates.noindex/SwiftExplicitPrecompiledModules -clang-scanner-module-cache-path /Users/shashipandey/Library/Developer/Xcode/DerivedData/ModuleCache.noindex -sdk-module-cache-path /Users/shashipandey/Library/Developer/Xcode/DerivedData/ModuleCache.noindex -serialize-diagnostics -emit-dependencies -emit-module -emit-module-path /Users/shashipandey/Library/Developer/Xcode/DerivedData/RSMS-galdljqllugdxqeukomoxaxsigpi/Build/Intermediates.noindex/Supabase.build/Debug-iphonesimulator/Storage.build/Objects-normal/x86_64/Storage.swiftmodule -validate-clang-modules-once -clang-build-session-file /Users/shashipandey/Library/Developer/Xcode/DerivedData/ModuleCache.noindex/Session.modulevalidation -package-name supabase_swift -Xcc -I/Users/shashipandey/Library/Developer/Xcode/DerivedData/RSMS-galdljqllugdxqeukomoxaxsigpi/Build/Intermediates.noindex/Supabase.build/Debug-iphonesimulator/Storage.build/swift-overrides.hmap -emit-const-values -Xfrontend -const-gather-protocols-file -Xfrontend /Users/shashipandey/Library/Developer/Xcode/DerivedData/RSMS-galdljqllugdxqeukomoxaxsigpi/Build/Intermediates.noindex/Supabase.build/Debug-iphonesimulator/Storage.build/Objects-normal/x86_64/Storage_const_extract_protocols.json -Xcc -I/Users/shashipandey/Library/Developer/Xcode/DerivedData/RSMS-galdljqllugdxqeukomoxaxsigpi/Build/Products/Debug-iphonesimulator/include -Xcc -I/Users/shashipandey/Library/Developer/Xcode/DerivedData/RSMS-galdljqllugdxqeukomoxaxsigpi/Build/Intermediates.noindex/Supabase.build/Debug-iphonesimulator/Storage.build/DerivedSources-normal/x86_64 -Xcc -I/Users/shashipandey/Library/Developer/Xcode/DerivedData/RSMS-galdljqllugdxqeukomoxaxsigpi/Build/Intermediates.noindex/Supabase.build/Debug-iphonesimulator/Storage.build/DerivedSources/x86_64 -Xcc -I/Users/shashipandey/Library/Developer/Xcode/DerivedData/RSMS-galdljqllugdxqeukomoxaxsigpi/Build/Intermediates.noindex/Supabase.build/Debug-iphonesimulator/Storage.build/DerivedSources -Xcc -DSWIFT_PACKAGE -Xcc -DDEBUG\=1 -emit-objc-header -emit-objc-header-path /Users/shashipandey/Library/Developer/Xcode/DerivedData/RSMS-galdljqllugdxqeukomoxaxsigpi/Build/Intermediates.noindex/Supabase.build/Debug-iphonesimulator/Storage.build/Objects-normal/x86_64/Storage-Swift.h -working-directory /Users/shashipandey/Desktop/Team-8/RSMS.xcodeproj -experimental-emit-module-separately -disable-cmo

SwiftDriver\ Compilation\ Requirements Storage normal arm64 com.apple.xcode.tools.swift.compiler (in target 'Storage' from project 'Supabase')
    cd /Users/shashipandey/Desktop/Team-8/RSMS.xcodeproj
    builtin-Swift-Compilation-Requirements -- /Applications/Xcode.app/Contents/Developer/Toolchains/XcodeDefault.xctoolchain/usr/bin/swiftc -module-name Storage -Onone @/Users/shashipandey/Library/Developer/Xcode/DerivedData/RSMS-galdljqllugdxqeukomoxaxsigpi/Build/Intermediates.noindex/Supabase.build/Debug-iphonesimulator/Storage.build/Objects-normal/arm64/Storage.SwiftFileList -DSWIFT_PACKAGE -DDEBUG -DSWIFT_MODULE_RESOURCE_BUNDLE_UNAVAILABLE -DXcode -enable-upcoming-feature ExistentialAny -enable-experimental-feature StrictConcurrency -plugin-path /Applications/Xcode.app/Contents/Developer/Toolchains/XcodeDefault.xctoolchain/usr/lib/swift/host/plugins/testing -enable-experimental-feature DebugDescriptionMacro -sdk /Applications/Xcode.app/Contents/Developer/Platforms/iPhoneSimulator.platform/Developer/SDKs/iPhoneSimulator26.5.sdk -target arm64-apple-ios13.0-simulator -g -module-cache-path /Users/shashipandey/Library/Developer/Xcode/DerivedData/ModuleCache.noindex -Xfrontend -serialize-debugging-options -enable-testing -suppress-warnings -index-store-path /Users/shashipandey/Library/Developer/Xcode/DerivedData/RSMS-galdljqllugdxqeukomoxaxsigpi/Index.noindex/DataStore -Xcc -D_LIBCPP_HARDENING_MODE\=_LIBCPP_HARDENING_MODE_DEBUG -swift-version 5 -I /Users/shashipandey/Library/Developer/Xcode/DerivedData/RSMS-galdljqllugdxqeukomoxaxsigpi/Build/Products/Debug-iphonesimulator -Isystem /Applications/Xcode.app/Contents/Developer/Platforms/iPhoneSimulator.platform/Developer/usr/lib -F /Users/shashipandey/Library/Developer/Xcode/DerivedData/RSMS-galdljqllugdxqeukomoxaxsigpi/Build/Products/Debug-iphonesimulator/PackageFrameworks -F /Users/shashipandey/Library/Developer/Xcode/DerivedData/RSMS-galdljqllugdxqeukomoxaxsigpi/Build/Products/Debug-iphonesimulator/PackageFrameworks -F /Users/shashipandey/Library/Developer/Xcode/DerivedData/RSMS-galdljqllugdxqeukomoxaxsigpi/Build/Products/Debug-iphonesimulator/PackageFrameworks -F /Users/shashipandey/Library/Developer/Xcode/DerivedData/RSMS-galdljqllugdxqeukomoxaxsigpi/Build/Products/Debug-iphonesimulator/PackageFrameworks -F /Users/shashipandey/Library/Developer/Xcode/DerivedData/RSMS-galdljqllugdxqeukomoxaxsigpi/Build/Products/Debug-iphonesimulator/PackageFrameworks -F /Users/shashipandey/Library/Developer/Xcode/DerivedData/RSMS-galdljqllugdxqeukomoxaxsigpi/Build/Products/Debug-iphonesimulator/PackageFrameworks -F /Users/shashipandey/Library/Developer/Xcode/DerivedData/RSMS-galdljqllugdxqeukomoxaxsigpi/Build/Products/Debug-iphonesimulator -F /Applications/Xcode.app/Contents/Developer/Platforms/iPhoneSimulator.platform/Developer/Library/Frameworks -F /Applications/Xcode.app/Contents/Developer/Platforms/iPhoneSimulator.platform/Developer/SDKs/iPhoneSimulator26.5.sdk/Developer/Library/Frameworks -c -j10 -enable-batch-mode -incremental -Xcc -ivfsstatcache -Xcc /Users/shashipandey/Library/Developer/Xcode/DerivedData/SDKStatCaches.noindex/iphonesimulator26.5-23F81a-6cfe768891a92b912361537c460fe42b.sdkstatcache -output-file-map /Users/shashipandey/Library/Developer/Xcode/DerivedData/RSMS-galdljqllugdxqeukomoxaxsigpi/Build/Intermediates.noindex/Supabase.build/Debug-iphonesimulator/Storage.build/Objects-normal/arm64/Storage-OutputFileMap.json -use-frontend-parseable-output -save-temps -no-color-diagnostics -explicit-module-build -module-cache-path /Users/shashipandey/Library/Developer/Xcode/DerivedData/RSMS-galdljqllugdxqeukomoxaxsigpi/Build/Intermediates.noindex/SwiftExplicitPrecompiledModules -clang-scanner-module-cache-path /Users/shashipandey/Library/Developer/Xcode/DerivedData/ModuleCache.noindex -sdk-module-cache-path /Users/shashipandey/Library/Developer/Xcode/DerivedData/ModuleCache.noindex -serialize-diagnostics -emit-dependencies -emit-module -emit-module-path /Users/shashipandey/Library/Developer/Xcode/DerivedData/RSMS-galdljqllugdxqeukomoxaxsigpi/Build/Intermediates.noindex/Supabase.build/Debug-iphonesimulator/Storage.build/Objects-normal/arm64/Storage.swiftmodule -validate-clang-modules-once -clang-build-session-file /Users/shashipandey/Library/Developer/Xcode/DerivedData/ModuleCache.noindex/Session.modulevalidation -package-name supabase_swift -Xcc -I/Users/shashipandey/Library/Developer/Xcode/DerivedData/RSMS-galdljqllugdxqeukomoxaxsigpi/Build/Intermediates.noindex/Supabase.build/Debug-iphonesimulator/Storage.build/swift-overrides.hmap -emit-const-values -Xfrontend -const-gather-protocols-file -Xfrontend /Users/shashipandey/Library/Developer/Xcode/DerivedData/RSMS-galdljqllugdxqeukomoxaxsigpi/Build/Intermediates.noindex/Supabase.build/Debug-iphonesimulator/Storage.build/Objects-normal/arm64/Storage_const_extract_protocols.json -Xcc -I/Users/shashipandey/Library/Developer/Xcode/DerivedData/RSMS-galdljqllugdxqeukomoxaxsigpi/Build/Products/Debug-iphonesimulator/include -Xcc -I/Users/shashipandey/Library/Developer/Xcode/DerivedData/RSMS-galdljqllugdxqeukomoxaxsigpi/Build/Intermediates.noindex/Supabase.build/Debug-iphonesimulator/Storage.build/DerivedSources-normal/arm64 -Xcc -I/Users/shashipandey/Library/Developer/Xcode/DerivedData/RSMS-galdljqllugdxqeukomoxaxsigpi/Build/Intermediates.noindex/Supabase.build/Debug-iphonesimulator/Storage.build/DerivedSources/arm64 -Xcc -I/Users/shashipandey/Library/Developer/Xcode/DerivedData/RSMS-galdljqllugdxqeukomoxaxsigpi/Build/Intermediates.noindex/Supabase.build/Debug-iphonesimulator/Storage.build/DerivedSources -Xcc -DSWIFT_PACKAGE -Xcc -DDEBUG\=1 -emit-objc-header -emit-objc-header-path /Users/shashipandey/Library/Developer/Xcode/DerivedData/RSMS-galdljqllugdxqeukomoxaxsigpi/Build/Intermediates.noindex/Supabase.build/Debug-iphonesimulator/Storage.build/Objects-normal/arm64/Storage-Swift.h -working-directory /Users/shashipandey/Desktop/Team-8/RSMS.xcodeproj -experimental-emit-module-separately -disable-cmo

SwiftMergeGeneratedHeaders /Users/shashipandey/Library/Developer/Xcode/DerivedData/RSMS-galdljqllugdxqeukomoxaxsigpi/Build/Intermediates.noindex/GeneratedModuleMaps-iphonesimulator/PostgREST-Swift.h /Users/shashipandey/Library/Developer/Xcode/DerivedData/RSMS-galdljqllugdxqeukomoxaxsigpi/Build/Intermediates.noindex/Supabase.build/Debug-iphonesimulator/PostgREST.build/Objects-normal/arm64/PostgREST-Swift.h /Users/shashipandey/Library/Developer/Xcode/DerivedData/RSMS-galdljqllugdxqeukomoxaxsigpi/Build/Intermediates.noindex/Supabase.build/Debug-iphonesimulator/PostgREST.build/Objects-normal/x86_64/PostgREST-Swift.h (in target 'PostgREST' from project 'Supabase')
    cd /Users/shashipandey/Library/Developer/Xcode/DerivedData/RSMS-galdljqllugdxqeukomoxaxsigpi/SourcePackages/checkouts/supabase-swift
    builtin-swiftHeaderTool -arch arm64 /Users/shashipandey/Library/Developer/Xcode/DerivedData/RSMS-galdljqllugdxqeukomoxaxsigpi/Build/Intermediates.noindex/Supabase.build/Debug-iphonesimulator/PostgREST.build/Objects-normal/arm64/PostgREST-Swift.h -arch x86_64 /Users/shashipandey/Library/Developer/Xcode/DerivedData/RSMS-galdljqllugdxqeukomoxaxsigpi/Build/Intermediates.noindex/Supabase.build/Debug-iphonesimulator/PostgREST.build/Objects-normal/x86_64/PostgREST-Swift.h -o /Users/shashipandey/Library/Developer/Xcode/DerivedData/RSMS-galdljqllugdxqeukomoxaxsigpi/Build/Intermediates.noindex/GeneratedModuleMaps-iphonesimulator/PostgREST-Swift.h

Copy /Users/shashipandey/Library/Developer/Xcode/DerivedData/RSMS-galdljqllugdxqeukomoxaxsigpi/Build/Products/Debug-iphonesimulator/PackageFrameworks/PostgREST.framework/Modules/PostgREST.swiftmodule/arm64-apple-ios-simulator.swiftmodule /Users/shashipandey/Library/Developer/Xcode/DerivedData/RSMS-galdljqllugdxqeukomoxaxsigpi/Build/Intermediates.noindex/Supabase.build/Debug-iphonesimulator/PostgREST.build/Objects-normal/arm64/PostgREST.swiftmodule (in target 'PostgREST' from project 'Supabase')
    cd /Users/shashipandey/Library/Developer/Xcode/DerivedData/RSMS-galdljqllugdxqeukomoxaxsigpi/SourcePackages/checkouts/supabase-swift
    builtin-copy -exclude .DS_Store -exclude CVS -exclude .svn -exclude .git -exclude .hg -resolve-src-symlinks -rename /Users/shashipandey/Library/Developer/Xcode/DerivedData/RSMS-galdljqllugdxqeukomoxaxsigpi/Build/Intermediates.noindex/Supabase.build/Debug-iphonesimulator/PostgREST.build/Objects-normal/arm64/PostgREST.swiftmodule /Users/shashipandey/Library/Developer/Xcode/DerivedData/RSMS-galdljqllugdxqeukomoxaxsigpi/Build/Products/Debug-iphonesimulator/PackageFrameworks/PostgREST.framework/Modules/PostgREST.swiftmodule/arm64-apple-ios-simulator.swiftmodule

SwiftMergeGeneratedHeaders /Users/shashipandey/Library/Developer/Xcode/DerivedData/RSMS-galdljqllugdxqeukomoxaxsigpi/Build/Intermediates.noindex/GeneratedModuleMaps-iphonesimulator/Storage-Swift.h /Users/shashipandey/Library/Developer/Xcode/DerivedData/RSMS-galdljqllugdxqeukomoxaxsigpi/Build/Intermediates.noindex/Supabase.build/Debug-iphonesimulator/Storage.build/Objects-normal/arm64/Storage-Swift.h /Users/shashipandey/Library/Developer/Xcode/DerivedData/RSMS-galdljqllugdxqeukomoxaxsigpi/Build/Intermediates.noindex/Supabase.build/Debug-iphonesimulator/Storage.build/Objects-normal/x86_64/Storage-Swift.h (in target 'Storage' from project 'Supabase')
    cd /Users/shashipandey/Library/Developer/Xcode/DerivedData/RSMS-galdljqllugdxqeukomoxaxsigpi/SourcePackages/checkouts/supabase-swift
    builtin-swiftHeaderTool -arch arm64 /Users/shashipandey/Library/Developer/Xcode/DerivedData/RSMS-galdljqllugdxqeukomoxaxsigpi/Build/Intermediates.noindex/Supabase.build/Debug-iphonesimulator/Storage.build/Objects-normal/arm64/Storage-Swift.h -arch x86_64 /Users/shashipandey/Library/Developer/Xcode/DerivedData/RSMS-galdljqllugdxqeukomoxaxsigpi/Build/Intermediates.noindex/Supabase.build/Debug-iphonesimulator/Storage.build/Objects-normal/x86_64/Storage-Swift.h -o /Users/shashipandey/Library/Developer/Xcode/DerivedData/RSMS-galdljqllugdxqeukomoxaxsigpi/Build/Intermediates.noindex/GeneratedModuleMaps-iphonesimulator/Storage-Swift.h

Copy /Users/shashipandey/Library/Developer/Xcode/DerivedData/RSMS-galdljqllugdxqeukomoxaxsigpi/Build/Products/Debug-iphonesimulator/PackageFrameworks/Storage.framework/Modules/Storage.swiftmodule/arm64-apple-ios-simulator.swiftmodule /Users/shashipandey/Library/Developer/Xcode/DerivedData/RSMS-galdljqllugdxqeukomoxaxsigpi/Build/Intermediates.noindex/Supabase.build/Debug-iphonesimulator/Storage.build/Objects-normal/arm64/Storage.swiftmodule (in target 'Storage' from project 'Supabase')
    cd /Users/shashipandey/Library/Developer/Xcode/DerivedData/RSMS-galdljqllugdxqeukomoxaxsigpi/SourcePackages/checkouts/supabase-swift
    builtin-copy -exclude .DS_Store -exclude CVS -exclude .svn -exclude .git -exclude .hg -resolve-src-symlinks -rename /Users/shashipandey/Library/Developer/Xcode/DerivedData/RSMS-galdljqllugdxqeukomoxaxsigpi/Build/Intermediates.noindex/Supabase.build/Debug-iphonesimulator/Storage.build/Objects-normal/arm64/Storage.swiftmodule /Users/shashipandey/Library/Developer/Xcode/DerivedData/RSMS-galdljqllugdxqeukomoxaxsigpi/Build/Products/Debug-iphonesimulator/PackageFrameworks/Storage.framework/Modules/Storage.swiftmodule/arm64-apple-ios-simulator.swiftmodule

Copy /Users/shashipandey/Library/Developer/Xcode/DerivedData/RSMS-galdljqllugdxqeukomoxaxsigpi/Build/Products/Debug-iphonesimulator/PackageFrameworks/Storage.framework/Modules/Storage.swiftmodule/arm64-apple-ios-simulator.swiftdoc /Users/shashipandey/Library/Developer/Xcode/DerivedData/RSMS-galdljqllugdxqeukomoxaxsigpi/Build/Intermediates.noindex/Supabase.build/Debug-iphonesimulator/Storage.build/Objects-normal/arm64/Storage.swiftdoc (in target 'Storage' from project 'Supabase')
    cd /Users/shashipandey/Library/Developer/Xcode/DerivedData/RSMS-galdljqllugdxqeukomoxaxsigpi/SourcePackages/checkouts/supabase-swift
    builtin-copy -exclude .DS_Store -exclude CVS -exclude .svn -exclude .git -exclude .hg -resolve-src-symlinks -rename /Users/shashipandey/Library/Developer/Xcode/DerivedData/RSMS-galdljqllugdxqeukomoxaxsigpi/Build/Intermediates.noindex/Supabase.build/Debug-iphonesimulator/Storage.build/Objects-normal/arm64/Storage.swiftdoc /Users/shashipandey/Library/Developer/Xcode/DerivedData/RSMS-galdljqllugdxqeukomoxaxsigpi/Build/Products/Debug-iphonesimulator/PackageFrameworks/Storage.framework/Modules/Storage.swiftmodule/arm64-apple-ios-simulator.swiftdoc

Copy /Users/shashipandey/Library/Developer/Xcode/DerivedData/RSMS-galdljqllugdxqeukomoxaxsigpi/Build/Products/Debug-iphonesimulator/PackageFrameworks/Storage.framework/Modules/Storage.swiftmodule/arm64-apple-ios-simulator.abi.json /Users/shashipandey/Library/Developer/Xcode/DerivedData/RSMS-galdljqllugdxqeukomoxaxsigpi/Build/Intermediates.noindex/Supabase.build/Debug-iphonesimulator/Storage.build/Objects-normal/arm64/Storage.abi.json (in target 'Storage' from project 'Supabase')
    cd /Users/shashipandey/Library/Developer/Xcode/DerivedData/RSMS-galdljqllugdxqeukomoxaxsigpi/SourcePackages/checkouts/supabase-swift
    builtin-copy -exclude .DS_Store -exclude CVS -exclude .svn -exclude .git -exclude .hg -resolve-src-symlinks -rename /Users/shashipandey/Library/Developer/Xcode/DerivedData/RSMS-galdljqllugdxqeukomoxaxsigpi/Build/Intermediates.noindex/Supabase.build/Debug-iphonesimulator/Storage.build/Objects-normal/arm64/Storage.abi.json /Users/shashipandey/Library/Developer/Xcode/DerivedData/RSMS-galdljqllugdxqeukomoxaxsigpi/Build/Products/Debug-iphonesimulator/PackageFrameworks/Storage.framework/Modules/Storage.swiftmodule/arm64-apple-ios-simulator.abi.json

Copy /Users/shashipandey/Library/Developer/Xcode/DerivedData/RSMS-galdljqllugdxqeukomoxaxsigpi/Build/Products/Debug-iphonesimulator/PackageFrameworks/Storage.framework/Modules/Storage.swiftmodule/Project/arm64-apple-ios-simulator.swiftsourceinfo /Users/shashipandey/Library/Developer/Xcode/DerivedData/RSMS-galdljqllugdxqeukomoxaxsigpi/Build/Intermediates.noindex/Supabase.build/Debug-iphonesimulator/Storage.build/Objects-normal/arm64/Storage.swiftsourceinfo (in target 'Storage' from project 'Supabase')
    cd /Users/shashipandey/Library/Developer/Xcode/DerivedData/RSMS-galdljqllugdxqeukomoxaxsigpi/SourcePackages/checkouts/supabase-swift
    builtin-copy -exclude .DS_Store -exclude CVS -exclude .svn -exclude .git -exclude .hg -resolve-src-symlinks -rename /Users/shashipandey/Library/Developer/Xcode/DerivedData/RSMS-galdljqllugdxqeukomoxaxsigpi/Build/Intermediates.noindex/Supabase.build/Debug-iphonesimulator/Storage.build/Objects-normal/arm64/Storage.swiftsourceinfo /Users/shashipandey/Library/Developer/Xcode/DerivedData/RSMS-galdljqllugdxqeukomoxaxsigpi/Build/Products/Debug-iphonesimulator/PackageFrameworks/Storage.framework/Modules/Storage.swiftmodule/Project/arm64-apple-ios-simulator.swiftsourceinfo

Copy /Users/shashipandey/Library/Developer/Xcode/DerivedData/RSMS-galdljqllugdxqeukomoxaxsigpi/Build/Products/Debug-iphonesimulator/PackageFrameworks/PostgREST.framework/Modules/PostgREST.swiftmodule/arm64-apple-ios-simulator.swiftdoc /Users/shashipandey/Library/Developer/Xcode/DerivedData/RSMS-galdljqllugdxqeukomoxaxsigpi/Build/Intermediates.noindex/Supabase.build/Debug-iphonesimulator/PostgREST.build/Objects-normal/arm64/PostgREST.swiftdoc (in target 'PostgREST' from project 'Supabase')
    cd /Users/shashipandey/Library/Developer/Xcode/DerivedData/RSMS-galdljqllugdxqeukomoxaxsigpi/SourcePackages/checkouts/supabase-swift
    builtin-copy -exclude .DS_Store -exclude CVS -exclude .svn -exclude .git -exclude .hg -resolve-src-symlinks -rename /Users/shashipandey/Library/Developer/Xcode/DerivedData/RSMS-galdljqllugdxqeukomoxaxsigpi/Build/Intermediates.noindex/Supabase.build/Debug-iphonesimulator/PostgREST.build/Objects-normal/arm64/PostgREST.swiftdoc /Users/shashipandey/Library/Developer/Xcode/DerivedData/RSMS-galdljqllugdxqeukomoxaxsigpi/Build/Products/Debug-iphonesimulator/PackageFrameworks/PostgREST.framework/Modules/PostgREST.swiftmodule/arm64-apple-ios-simulator.swiftdoc

Copy /Users/shashipandey/Library/Developer/Xcode/DerivedData/RSMS-galdljqllugdxqeukomoxaxsigpi/Build/Products/Debug-iphonesimulator/PackageFrameworks/PostgREST.framework/Modules/PostgREST.swiftmodule/arm64-apple-ios-simulator.abi.json /Users/shashipandey/Library/Developer/Xcode/DerivedData/RSMS-galdljqllugdxqeukomoxaxsigpi/Build/Intermediates.noindex/Supabase.build/Debug-iphonesimulator/PostgREST.build/Objects-normal/arm64/PostgREST.abi.json (in target 'PostgREST' from project 'Supabase')
    cd /Users/shashipandey/Library/Developer/Xcode/DerivedData/RSMS-galdljqllugdxqeukomoxaxsigpi/SourcePackages/checkouts/supabase-swift
    builtin-copy -exclude .DS_Store -exclude CVS -exclude .svn -exclude .git -exclude .hg -resolve-src-symlinks -rename /Users/shashipandey/Library/Developer/Xcode/DerivedData/RSMS-galdljqllugdxqeukomoxaxsigpi/Build/Intermediates.noindex/Supabase.build/Debug-iphonesimulator/PostgREST.build/Objects-normal/arm64/PostgREST.abi.json /Users/shashipandey/Library/Developer/Xcode/DerivedData/RSMS-galdljqllugdxqeukomoxaxsigpi/Build/Products/Debug-iphonesimulator/PackageFrameworks/PostgREST.framework/Modules/PostgREST.swiftmodule/arm64-apple-ios-simulator.abi.json

Copy /Users/shashipandey/Library/Developer/Xcode/DerivedData/RSMS-galdljqllugdxqeukomoxaxsigpi/Build/Products/Debug-iphonesimulator/PackageFrameworks/PostgREST.framework/Modules/PostgREST.swiftmodule/Project/arm64-apple-ios-simulator.swiftsourceinfo /Users/shashipandey/Library/Developer/Xcode/DerivedData/RSMS-galdljqllugdxqeukomoxaxsigpi/Build/Intermediates.noindex/Supabase.build/Debug-iphonesimulator/PostgREST.build/Objects-normal/arm64/PostgREST.swiftsourceinfo (in target 'PostgREST' from project 'Supabase')
    cd /Users/shashipandey/Library/Developer/Xcode/DerivedData/RSMS-galdljqllugdxqeukomoxaxsigpi/SourcePackages/checkouts/supabase-swift
    builtin-copy -exclude .DS_Store -exclude CVS -exclude .svn -exclude .git -exclude .hg -resolve-src-symlinks -rename /Users/shashipandey/Library/Developer/Xcode/DerivedData/RSMS-galdljqllugdxqeukomoxaxsigpi/Build/Intermediates.noindex/Supabase.build/Debug-iphonesimulator/PostgREST.build/Objects-normal/arm64/PostgREST.swiftsourceinfo /Users/shashipandey/Library/Developer/Xcode/DerivedData/RSMS-galdljqllugdxqeukomoxaxsigpi/Build/Products/Debug-iphonesimulator/PackageFrameworks/PostgREST.framework/Modules/PostgREST.swiftmodule/Project/arm64-apple-ios-simulator.swiftsourceinfo

SwiftDriver\ Compilation Storage normal arm64 com.apple.xcode.tools.swift.compiler (in target 'Storage' from project 'Supabase')
    cd /Users/shashipandey/Desktop/Team-8/RSMS.xcodeproj
    builtin-Swift-Compilation -- /Applications/Xcode.app/Contents/Developer/Toolchains/XcodeDefault.xctoolchain/usr/bin/swiftc -module-name Storage -Onone @/Users/shashipandey/Library/Developer/Xcode/DerivedData/RSMS-galdljqllugdxqeukomoxaxsigpi/Build/Intermediates.noindex/Supabase.build/Debug-iphonesimulator/Storage.build/Objects-normal/arm64/Storage.SwiftFileList -DSWIFT_PACKAGE -DDEBUG -DSWIFT_MODULE_RESOURCE_BUNDLE_UNAVAILABLE -DXcode -enable-upcoming-feature ExistentialAny -enable-experimental-feature StrictConcurrency -plugin-path /Applications/Xcode.app/Contents/Developer/Toolchains/XcodeDefault.xctoolchain/usr/lib/swift/host/plugins/testing -enable-experimental-feature DebugDescriptionMacro -sdk /Applications/Xcode.app/Contents/Developer/Platforms/iPhoneSimulator.platform/Developer/SDKs/iPhoneSimulator26.5.sdk -target arm64-apple-ios13.0-simulator -g -module-cache-path /Users/shashipandey/Library/Developer/Xcode/DerivedData/ModuleCache.noindex -Xfrontend -serialize-debugging-options -enable-testing -suppress-warnings -index-store-path /Users/shashipandey/Library/Developer/Xcode/DerivedData/RSMS-galdljqllugdxqeukomoxaxsigpi/Index.noindex/DataStore -Xcc -D_LIBCPP_HARDENING_MODE\=_LIBCPP_HARDENING_MODE_DEBUG -swift-version 5 -I /Users/shashipandey/Library/Developer/Xcode/DerivedData/RSMS-galdljqllugdxqeukomoxaxsigpi/Build/Products/Debug-iphonesimulator -Isystem /Applications/Xcode.app/Contents/Developer/Platforms/iPhoneSimulator.platform/Developer/usr/lib -F /Users/shashipandey/Library/Developer/Xcode/DerivedData/RSMS-galdljqllugdxqeukomoxaxsigpi/Build/Products/Debug-iphonesimulator/PackageFrameworks -F /Users/shashipandey/Library/Developer/Xcode/DerivedData/RSMS-galdljqllugdxqeukomoxaxsigpi/Build/Products/Debug-iphonesimulator/PackageFrameworks -F /Users/shashipandey/Library/Developer/Xcode/DerivedData/RSMS-galdljqllugdxqeukomoxaxsigpi/Build/Products/Debug-iphonesimulator/PackageFrameworks -F /Users/shashipandey/Library/Developer/Xcode/DerivedData/RSMS-galdljqllugdxqeukomoxaxsigpi/Build/Products/Debug-iphonesimulator/PackageFrameworks -F /Users/shashipandey/Library/Developer/Xcode/DerivedData/RSMS-galdljqllugdxqeukomoxaxsigpi/Build/Products/Debug-iphonesimulator/PackageFrameworks -F /Users/shashipandey/Library/Developer/Xcode/DerivedData/RSMS-galdljqllugdxqeukomoxaxsigpi/Build/Products/Debug-iphonesimulator/PackageFrameworks -F /Users/shashipandey/Library/Developer/Xcode/DerivedData/RSMS-galdljqllugdxqeukomoxaxsigpi/Build/Products/Debug-iphonesimulator -F /Applications/Xcode.app/Contents/Developer/Platforms/iPhoneSimulator.platform/Developer/Library/Frameworks -F /Applications/Xcode.app/Contents/Developer/Platforms/iPhoneSimulator.platform/Developer/SDKs/iPhoneSimulator26.5.sdk/Developer/Library/Frameworks -c -j10 -enable-batch-mode -incremental -Xcc -ivfsstatcache -Xcc /Users/shashipandey/Library/Developer/Xcode/DerivedData/SDKStatCaches.noindex/iphonesimulator26.5-23F81a-6cfe768891a92b912361537c460fe42b.sdkstatcache -output-file-map /Users/shashipandey/Library/Developer/Xcode/DerivedData/RSMS-galdljqllugdxqeukomoxaxsigpi/Build/Intermediates.noindex/Supabase.build/Debug-iphonesimulator/Storage.build/Objects-normal/arm64/Storage-OutputFileMap.json -use-frontend-parseable-output -save-temps -no-color-diagnostics -explicit-module-build -module-cache-path /Users/shashipandey/Library/Developer/Xcode/DerivedData/RSMS-galdljqllugdxqeukomoxaxsigpi/Build/Intermediates.noindex/SwiftExplicitPrecompiledModules -clang-scanner-module-cache-path /Users/shashipandey/Library/Developer/Xcode/DerivedData/ModuleCache.noindex -sdk-module-cache-path /Users/shashipandey/Library/Developer/Xcode/DerivedData/ModuleCache.noindex -serialize-diagnostics -emit-dependencies -emit-module -emit-module-path /Users/shashipandey/Library/Developer/Xcode/DerivedData/RSMS-galdljqllugdxqeukomoxaxsigpi/Build/Intermediates.noindex/Supabase.build/Debug-iphonesimulator/Storage.build/Objects-normal/arm64/Storage.swiftmodule -validate-clang-modules-once -clang-build-session-file /Users/shashipandey/Library/Developer/Xcode/DerivedData/ModuleCache.noindex/Session.modulevalidation -package-name supabase_swift -Xcc -I/Users/shashipandey/Library/Developer/Xcode/DerivedData/RSMS-galdljqllugdxqeukomoxaxsigpi/Build/Intermediates.noindex/Supabase.build/Debug-iphonesimulator/Storage.build/swift-overrides.hmap -emit-const-values -Xfrontend -const-gather-protocols-file -Xfrontend /Users/shashipandey/Library/Developer/Xcode/DerivedData/RSMS-galdljqllugdxqeukomoxaxsigpi/Build/Intermediates.noindex/Supabase.build/Debug-iphonesimulator/Storage.build/Objects-normal/arm64/Storage_const_extract_protocols.json -Xcc -I/Users/shashipandey/Library/Developer/Xcode/DerivedData/RSMS-galdljqllugdxqeukomoxaxsigpi/Build/Products/Debug-iphonesimulator/include -Xcc -I/Users/shashipandey/Library/Developer/Xcode/DerivedData/RSMS-galdljqllugdxqeukomoxaxsigpi/Build/Intermediates.noindex/Supabase.build/Debug-iphonesimulator/Storage.build/DerivedSources-normal/arm64 -Xcc -I/Users/shashipandey/Library/Developer/Xcode/DerivedData/RSMS-galdljqllugdxqeukomoxaxsigpi/Build/Intermediates.noindex/Supabase.build/Debug-iphonesimulator/Storage.build/DerivedSources/arm64 -Xcc -I/Users/shashipandey/Library/Developer/Xcode/DerivedData/RSMS-galdljqllugdxqeukomoxaxsigpi/Build/Intermediates.noindex/Supabase.build/Debug-iphonesimulator/Storage.build/DerivedSources -Xcc -DSWIFT_PACKAGE -Xcc -DDEBUG\=1 -emit-objc-header -emit-objc-header-path /Users/shashipandey/Library/Developer/Xcode/DerivedData/RSMS-galdljqllugdxqeukomoxaxsigpi/Build/Intermediates.noindex/Supabase.build/Debug-iphonesimulator/Storage.build/Objects-normal/arm64/Storage-Swift.h -working-directory /Users/shashipandey/Desktop/Team-8/RSMS.xcodeproj -experimental-emit-module-separately -disable-cmo

SwiftDriver\ Compilation PostgREST normal arm64 com.apple.xcode.tools.swift.compiler (in target 'PostgREST' from project 'Supabase')
    cd /Users/shashipandey/Desktop/Team-8/RSMS.xcodeproj
    builtin-Swift-Compilation -- /Applications/Xcode.app/Contents/Developer/Toolchains/XcodeDefault.xctoolchain/usr/bin/swiftc -module-name PostgREST -Onone @/Users/shashipandey/Library/Developer/Xcode/DerivedData/RSMS-galdljqllugdxqeukomoxaxsigpi/Build/Intermediates.noindex/Supabase.build/Debug-iphonesimulator/PostgREST.build/Objects-normal/arm64/PostgREST.SwiftFileList -DSWIFT_PACKAGE -DDEBUG -DSWIFT_MODULE_RESOURCE_BUNDLE_UNAVAILABLE -DXcode -enable-upcoming-feature ExistentialAny -enable-experimental-feature StrictConcurrency -plugin-path /Applications/Xcode.app/Contents/Developer/Toolchains/XcodeDefault.xctoolchain/usr/lib/swift/host/plugins/testing -enable-experimental-feature DebugDescriptionMacro -sdk /Applications/Xcode.app/Contents/Developer/Platforms/iPhoneSimulator.platform/Developer/SDKs/iPhoneSimulator26.5.sdk -target arm64-apple-ios13.0-simulator -g -module-cache-path /Users/shashipandey/Library/Developer/Xcode/DerivedData/ModuleCache.noindex -Xfrontend -serialize-debugging-options -enable-testing -suppress-warnings -index-store-path /Users/shashipandey/Library/Developer/Xcode/DerivedData/RSMS-galdljqllugdxqeukomoxaxsigpi/Index.noindex/DataStore -Xcc -D_LIBCPP_HARDENING_MODE\=_LIBCPP_HARDENING_MODE_DEBUG -swift-version 5 -I /Users/shashipandey/Library/Developer/Xcode/DerivedData/RSMS-galdljqllugdxqeukomoxaxsigpi/Build/Products/Debug-iphonesimulator -Isystem /Applications/Xcode.app/Contents/Developer/Platforms/iPhoneSimulator.platform/Developer/usr/lib -F /Users/shashipandey/Library/Developer/Xcode/DerivedData/RSMS-galdljqllugdxqeukomoxaxsigpi/Build/Products/Debug-iphonesimulator/PackageFrameworks -F /Users/shashipandey/Library/Developer/Xcode/DerivedData/RSMS-galdljqllugdxqeukomoxaxsigpi/Build/Products/Debug-iphonesimulator/PackageFrameworks -F /Users/shashipandey/Library/Developer/Xcode/DerivedData/RSMS-galdljqllugdxqeukomoxaxsigpi/Build/Products/Debug-iphonesimulator/PackageFrameworks -F /Users/shashipandey/Library/Developer/Xcode/DerivedData/RSMS-galdljqllugdxqeukomoxaxsigpi/Build/Products/Debug-iphonesimulator/PackageFrameworks -F /Users/shashipandey/Library/Developer/Xcode/DerivedData/RSMS-galdljqllugdxqeukomoxaxsigpi/Build/Products/Debug-iphonesimulator/PackageFrameworks -F /Users/shashipandey/Library/Developer/Xcode/DerivedData/RSMS-galdljqllugdxqeukomoxaxsigpi/Build/Products/Debug-iphonesimulator/PackageFrameworks -F /Users/shashipandey/Library/Developer/Xcode/DerivedData/RSMS-galdljqllugdxqeukomoxaxsigpi/Build/Products/Debug-iphonesimulator -F /Applications/Xcode.app/Contents/Developer/Platforms/iPhoneSimulator.platform/Developer/Library/Frameworks -F /Applications/Xcode.app/Contents/Developer/Platforms/iPhoneSimulator.platform/Developer/SDKs/iPhoneSimulator26.5.sdk/Developer/Library/Frameworks -c -j10 -enable-batch-mode -incremental -Xcc -ivfsstatcache -Xcc /Users/shashipandey/Library/Developer/Xcode/DerivedData/SDKStatCaches.noindex/iphonesimulator26.5-23F81a-6cfe768891a92b912361537c460fe42b.sdkstatcache -output-file-map /Users/shashipandey/Library/Developer/Xcode/DerivedData/RSMS-galdljqllugdxqeukomoxaxsigpi/Build/Intermediates.noindex/Supabase.build/Debug-iphonesimulator/PostgREST.build/Objects-normal/arm64/PostgREST-OutputFileMap.json -use-frontend-parseable-output -save-temps -no-color-diagnostics -explicit-module-build -module-cache-path /Users/shashipandey/Library/Developer/Xcode/DerivedData/RSMS-galdljqllugdxqeukomoxaxsigpi/Build/Intermediates.noindex/SwiftExplicitPrecompiledModules -clang-scanner-module-cache-path /Users/shashipandey/Library/Developer/Xcode/DerivedData/ModuleCache.noindex -sdk-module-cache-path /Users/shashipandey/Library/Developer/Xcode/DerivedData/ModuleCache.noindex -serialize-diagnostics -emit-dependencies -emit-module -emit-module-path /Users/shashipandey/Library/Developer/Xcode/DerivedData/RSMS-galdljqllugdxqeukomoxaxsigpi/Build/Intermediates.noindex/Supabase.build/Debug-iphonesimulator/PostgREST.build/Objects-normal/arm64/PostgREST.swiftmodule -validate-clang-modules-once -clang-build-session-file /Users/shashipandey/Library/Developer/Xcode/DerivedData/ModuleCache.noindex/Session.modulevalidation -package-name supabase_swift -Xcc -I/Users/shashipandey/Library/Developer/Xcode/DerivedData/RSMS-galdljqllugdxqeukomoxaxsigpi/Build/Intermediates.noindex/Supabase.build/Debug-iphonesimulator/PostgREST.build/swift-overrides.hmap -emit-const-values -Xfrontend -const-gather-protocols-file -Xfrontend /Users/shashipandey/Library/Developer/Xcode/DerivedData/RSMS-galdljqllugdxqeukomoxaxsigpi/Build/Intermediates.noindex/Supabase.build/Debug-iphonesimulator/PostgREST.build/Objects-normal/arm64/PostgREST_const_extract_protocols.json -Xcc -I/Users/shashipandey/Library/Developer/Xcode/DerivedData/RSMS-galdljqllugdxqeukomoxaxsigpi/Build/Products/Debug-iphonesimulator/include -Xcc -I/Users/shashipandey/Library/Developer/Xcode/DerivedData/RSMS-galdljqllugdxqeukomoxaxsigpi/Build/Intermediates.noindex/Supabase.build/Debug-iphonesimulator/PostgREST.build/DerivedSources-normal/arm64 -Xcc -I/Users/shashipandey/Library/Developer/Xcode/DerivedData/RSMS-galdljqllugdxqeukomoxaxsigpi/Build/Intermediates.noindex/Supabase.build/Debug-iphonesimulator/PostgREST.build/DerivedSources/arm64 -Xcc -I/Users/shashipandey/Library/Developer/Xcode/DerivedData/RSMS-galdljqllugdxqeukomoxaxsigpi/Build/Intermediates.noindex/Supabase.build/Debug-iphonesimulator/PostgREST.build/DerivedSources -Xcc -DSWIFT_PACKAGE -Xcc -DDEBUG\=1 -emit-objc-header -emit-objc-header-path /Users/shashipandey/Library/Developer/Xcode/DerivedData/RSMS-galdljqllugdxqeukomoxaxsigpi/Build/Intermediates.noindex/Supabase.build/Debug-iphonesimulator/PostgREST.build/Objects-normal/arm64/PostgREST-Swift.h -working-directory /Users/shashipandey/Desktop/Team-8/RSMS.xcodeproj -experimental-emit-module-separately -disable-cmo

ProcessInfoPlistFile /Users/shashipandey/Library/Developer/Xcode/DerivedData/RSMS-galdljqllugdxqeukomoxaxsigpi/Build/Products/Debug-iphonesimulator/PackageFrameworks/Functions.framework/Info.plist /Users/shashipandey/Library/Developer/Xcode/DerivedData/RSMS-galdljqllugdxqeukomoxaxsigpi/Build/Intermediates.noindex/Supabase.build/Debug-iphonesimulator/Functions.build/empty-Functions.plist (in target 'Functions' from project 'Supabase')
    cd /Users/shashipandey/Library/Developer/Xcode/DerivedData/RSMS-galdljqllugdxqeukomoxaxsigpi/SourcePackages/checkouts/supabase-swift
    builtin-infoPlistUtility /Users/shashipandey/Library/Developer/Xcode/DerivedData/RSMS-galdljqllugdxqeukomoxaxsigpi/Build/Intermediates.noindex/Supabase.build/Debug-iphonesimulator/Functions.build/empty-Functions.plist -producttype com.apple.product-type.framework -expandbuildsettings -format binary -platform iphonesimulator -o /Users/shashipandey/Library/Developer/Xcode/DerivedData/RSMS-galdljqllugdxqeukomoxaxsigpi/Build/Products/Debug-iphonesimulator/PackageFrameworks/Functions.framework/Info.plist

ProcessInfoPlistFile /Users/shashipandey/Library/Developer/Xcode/DerivedData/RSMS-galdljqllugdxqeukomoxaxsigpi/Build/Products/Debug-iphonesimulator/PackageFrameworks/Auth.framework/Info.plist /Users/shashipandey/Library/Developer/Xcode/DerivedData/RSMS-galdljqllugdxqeukomoxaxsigpi/Build/Intermediates.noindex/Supabase.build/Debug-iphonesimulator/Auth.build/empty-Auth.plist (in target 'Auth' from project 'Supabase')
    cd /Users/shashipandey/Library/Developer/Xcode/DerivedData/RSMS-galdljqllugdxqeukomoxaxsigpi/SourcePackages/checkouts/supabase-swift
    builtin-infoPlistUtility /Users/shashipandey/Library/Developer/Xcode/DerivedData/RSMS-galdljqllugdxqeukomoxaxsigpi/Build/Intermediates.noindex/Supabase.build/Debug-iphonesimulator/Auth.build/empty-Auth.plist -producttype com.apple.product-type.framework -expandbuildsettings -format binary -platform iphonesimulator -o /Users/shashipandey/Library/Developer/Xcode/DerivedData/RSMS-galdljqllugdxqeukomoxaxsigpi/Build/Products/Debug-iphonesimulator/PackageFrameworks/Auth.framework/Info.plist

Ld /Users/shashipandey/Library/Developer/Xcode/DerivedData/RSMS-galdljqllugdxqeukomoxaxsigpi/Build/Intermediates.noindex/Supabase.build/Debug-iphonesimulator/PostgREST.build/Objects-normal/x86_64/Binary/PostgREST normal x86_64 (in target 'PostgREST' from project 'Supabase')
    cd /Users/shashipandey/Library/Developer/Xcode/DerivedData/RSMS-galdljqllugdxqeukomoxaxsigpi/SourcePackages/checkouts/supabase-swift
    /Applications/Xcode.app/Contents/Developer/Toolchains/XcodeDefault.xctoolchain/usr/bin/clang -Xlinker -reproducible -target x86_64-apple-ios13.0-simulator -dynamiclib -isysroot /Applications/Xcode.app/Contents/Developer/Platforms/iPhoneSimulator.platform/Developer/SDKs/iPhoneSimulator26.5.sdk -O0 -w -L/Users/shashipandey/Library/Developer/Xcode/DerivedData/RSMS-galdljqllugdxqeukomoxaxsigpi/Build/Intermediates.noindex/EagerLinkingTBDs/Debug-iphonesimulator -L/Users/shashipandey/Library/Developer/Xcode/DerivedData/RSMS-galdljqllugdxqeukomoxaxsigpi/Build/Products/Debug-iphonesimulator -L/Applications/Xcode.app/Contents/Developer/Platforms/iPhoneSimulator.platform/Developer/usr/lib -F/Users/shashipandey/Library/Developer/Xcode/DerivedData/RSMS-galdljqllugdxqeukomoxaxsigpi/Build/Intermediates.noindex/EagerLinkingTBDs/Debug-iphonesimulator -F/Users/shashipandey/Library/Developer/Xcode/DerivedData/RSMS-galdljqllugdxqeukomoxaxsigpi/Build/Products/Debug-iphonesimulator/PackageFrameworks -F/Users/shashipandey/Library/Developer/Xcode/DerivedData/RSMS-galdljqllugdxqeukomoxaxsigpi/Build/Products/Debug-iphonesimulator/PackageFrameworks -F/Users/shashipandey/Library/Developer/Xcode/DerivedData/RSMS-galdljqllugdxqeukomoxaxsigpi/Build/Products/Debug-iphonesimulator/PackageFrameworks -F/Users/shashipandey/Library/Developer/Xcode/DerivedData/RSMS-galdljqllugdxqeukomoxaxsigpi/Build/Products/Debug-iphonesimulator/PackageFrameworks -F/Users/shashipandey/Library/Developer/Xcode/DerivedData/RSMS-galdljqllugdxqeukomoxaxsigpi/Build/Products/Debug-iphonesimulator/PackageFrameworks -F/Users/shashipandey/Library/Developer/Xcode/DerivedData/RSMS-galdljqllugdxqeukomoxaxsigpi/Build/Products/Debug-iphonesimulator/PackageFrameworks -F/Users/shashipandey/Library/Developer/Xcode/DerivedData/RSMS-galdljqllugdxqeukomoxaxsigpi/Build/Products/Debug-iphonesimulator -iframework /Applications/Xcode.app/Contents/Developer/Platforms/iPhoneSimulator.platform/Developer/Library/Frameworks -iframework /Applications/Xcode.app/Contents/Developer/Platforms/iPhoneSimulator.platform/Developer/SDKs/iPhoneSimulator26.5.sdk/Developer/Library/Frameworks -filelist /Users/shashipandey/Library/Developer/Xcode/DerivedData/RSMS-galdljqllugdxqeukomoxaxsigpi/Build/Intermediates.noindex/Supabase.build/Debug-iphonesimulator/PostgREST.build/Objects-normal/x86_64/PostgREST.LinkFileList -install_name @rpath/PostgREST.framework/PostgREST -Xlinker -rpath -Xlinker /usr/lib/swift -Xlinker -rpath -Xlinker /Users/shashipandey/Library/Developer/Xcode/DerivedData/RSMS-galdljqllugdxqeukomoxaxsigpi/Build/Products/Debug-iphonesimulator/PackageFrameworks -Xlinker -dead_strip -Xlinker -object_path_lto -Xlinker /Users/shashipandey/Library/Developer/Xcode/DerivedData/RSMS-galdljqllugdxqeukomoxaxsigpi/Build/Intermediates.noindex/Supabase.build/Debug-iphonesimulator/PostgREST.build/Objects-normal/x86_64/PostgREST_lto.o -rdynamic -Xlinker -no_deduplicate -Xlinker -objc_abi_version -Xlinker 2 -Xlinker -dependency_info -Xlinker /Users/shashipandey/Library/Developer/Xcode/DerivedData/RSMS-galdljqllugdxqeukomoxaxsigpi/Build/Intermediates.noindex/Supabase.build/Debug-iphonesimulator/PostgREST.build/Objects-normal/x86_64/PostgREST_dependency_info.dat -fobjc-link-runtime -L/Applications/Xcode.app/Contents/Developer/Toolchains/XcodeDefault.xctoolchain/usr/lib/swift/iphonesimulator -L/usr/lib/swift -Xlinker -add_ast_path -Xlinker /Users/shashipandey/Library/Developer/Xcode/DerivedData/RSMS-galdljqllugdxqeukomoxaxsigpi/Build/Intermediates.noindex/Supabase.build/Debug-iphonesimulator/PostgREST.build/Objects-normal/x86_64/PostgREST.swiftmodule @/Users/shashipandey/Library/Developer/Xcode/DerivedData/RSMS-galdljqllugdxqeukomoxaxsigpi/Build/Intermediates.noindex/Supabase.build/Debug-iphonesimulator/PostgREST.build/Objects-normal/x86_64/PostgREST-linker-args.resp -Wl,-no_warn_duplicate_libraries -Wl,-no_warn_duplicate_libraries -Wl,-no_warn_duplicate_libraries -Wl,-no_warn_duplicate_libraries -Wl,-no_warn_duplicate_libraries -Wl,-no_warn_duplicate_libraries /Users/shashipandey/Library/Developer/Xcode/DerivedData/RSMS-galdljqllugdxqeukomoxaxsigpi/Build/Products/Debug-iphonesimulator/PackageFrameworks/ConcurrencyExtras_-2B4B167800F2E3ED_PackageProduct.framework/ConcurrencyExtras_-2B4B167800F2E3ED_PackageProduct /Users/shashipandey/Library/Developer/Xcode/DerivedData/RSMS-galdljqllugdxqeukomoxaxsigpi/Build/Products/Debug-iphonesimulator/PackageFrameworks/HTTPTypes_6E0498CBABC4245E_PackageProduct.framework/HTTPTypes_6E0498CBABC4245E_PackageProduct /Users/shashipandey/Library/Developer/Xcode/DerivedData/RSMS-galdljqllugdxqeukomoxaxsigpi/Build/Products/Debug-iphonesimulator/PackageFrameworks/Clocks_17A223499E7CA5_PackageProduct.framework/Clocks_17A223499E7CA5_PackageProduct /Users/shashipandey/Library/Developer/Xcode/DerivedData/RSMS-galdljqllugdxqeukomoxaxsigpi/Build/Products/Debug-iphonesimulator/PackageFrameworks/XCTestDynamicOverlay_6187313334988FF6_PackageProduct.framework/XCTestDynamicOverlay_6187313334988FF6_PackageProduct /Users/shashipandey/Library/Developer/Xcode/DerivedData/RSMS-galdljqllugdxqeukomoxaxsigpi/Build/Products/Debug-iphonesimulator/PackageFrameworks/IssueReporting.framework/IssueReporting -framework Helpers -o /Users/shashipandey/Library/Developer/Xcode/DerivedData/RSMS-galdljqllugdxqeukomoxaxsigpi/Build/Intermediates.noindex/Supabase.build/Debug-iphonesimulator/PostgREST.build/Objects-normal/x86_64/Binary/PostgREST

Ld /Users/shashipandey/Library/Developer/Xcode/DerivedData/RSMS-galdljqllugdxqeukomoxaxsigpi/Build/Intermediates.noindex/Supabase.build/Debug-iphonesimulator/Storage.build/Objects-normal/x86_64/Binary/Storage normal x86_64 (in target 'Storage' from project 'Supabase')
    cd /Users/shashipandey/Library/Developer/Xcode/DerivedData/RSMS-galdljqllugdxqeukomoxaxsigpi/SourcePackages/checkouts/supabase-swift
    /Applications/Xcode.app/Contents/Developer/Toolchains/XcodeDefault.xctoolchain/usr/bin/clang -Xlinker -reproducible -target x86_64-apple-ios13.0-simulator -dynamiclib -isysroot /Applications/Xcode.app/Contents/Developer/Platforms/iPhoneSimulator.platform/Developer/SDKs/iPhoneSimulator26.5.sdk -O0 -w -L/Users/shashipandey/Library/Developer/Xcode/DerivedData/RSMS-galdljqllugdxqeukomoxaxsigpi/Build/Intermediates.noindex/EagerLinkingTBDs/Debug-iphonesimulator -L/Users/shashipandey/Library/Developer/Xcode/DerivedData/RSMS-galdljqllugdxqeukomoxaxsigpi/Build/Products/Debug-iphonesimulator -L/Applications/Xcode.app/Contents/Developer/Platforms/iPhoneSimulator.platform/Developer/usr/lib -F/Users/shashipandey/Library/Developer/Xcode/DerivedData/RSMS-galdljqllugdxqeukomoxaxsigpi/Build/Intermediates.noindex/EagerLinkingTBDs/Debug-iphonesimulator -F/Users/shashipandey/Library/Developer/Xcode/DerivedData/RSMS-galdljqllugdxqeukomoxaxsigpi/Build/Products/Debug-iphonesimulator/PackageFrameworks -F/Users/shashipandey/Library/Developer/Xcode/DerivedData/RSMS-galdljqllugdxqeukomoxaxsigpi/Build/Products/Debug-iphonesimulator/PackageFrameworks -F/Users/shashipandey/Library/Developer/Xcode/DerivedData/RSMS-galdljqllugdxqeukomoxaxsigpi/Build/Products/Debug-iphonesimulator/PackageFrameworks -F/Users/shashipandey/Library/Developer/Xcode/DerivedData/RSMS-galdljqllugdxqeukomoxaxsigpi/Build/Products/Debug-iphonesimulator/PackageFrameworks -F/Users/shashipandey/Library/Developer/Xcode/DerivedData/RSMS-galdljqllugdxqeukomoxaxsigpi/Build/Products/Debug-iphonesimulator/PackageFrameworks -F/Users/shashipandey/Library/Developer/Xcode/DerivedData/RSMS-galdljqllugdxqeukomoxaxsigpi/Build/Products/Debug-iphonesimulator/PackageFrameworks -F/Users/shashipandey/Library/Developer/Xcode/DerivedData/RSMS-galdljqllugdxqeukomoxaxsigpi/Build/Products/Debug-iphonesimulator -iframework /Applications/Xcode.app/Contents/Developer/Platforms/iPhoneSimulator.platform/Developer/Library/Frameworks -iframework /Applications/Xcode.app/Contents/Developer/Platforms/iPhoneSimulator.platform/Developer/SDKs/iPhoneSimulator26.5.sdk/Developer/Library/Frameworks -filelist /Users/shashipandey/Library/Developer/Xcode/DerivedData/RSMS-galdljqllugdxqeukomoxaxsigpi/Build/Intermediates.noindex/Supabase.build/Debug-iphonesimulator/Storage.build/Objects-normal/x86_64/Storage.LinkFileList -install_name @rpath/Storage.framework/Storage -Xlinker -rpath -Xlinker /usr/lib/swift -Xlinker -rpath -Xlinker /Users/shashipandey/Library/Developer/Xcode/DerivedData/RSMS-galdljqllugdxqeukomoxaxsigpi/Build/Products/Debug-iphonesimulator/PackageFrameworks -Xlinker -dead_strip -Xlinker -object_path_lto -Xlinker /Users/shashipandey/Library/Developer/Xcode/DerivedData/RSMS-galdljqllugdxqeukomoxaxsigpi/Build/Intermediates.noindex/Supabase.build/Debug-iphonesimulator/Storage.build/Objects-normal/x86_64/Storage_lto.o -rdynamic -Xlinker -no_deduplicate -Xlinker -objc_abi_version -Xlinker 2 -Xlinker -dependency_info -Xlinker /Users/shashipandey/Library/Developer/Xcode/DerivedData/RSMS-galdljqllugdxqeukomoxaxsigpi/Build/Intermediates.noindex/Supabase.build/Debug-iphonesimulator/Storage.build/Objects-normal/x86_64/Storage_dependency_info.dat -fobjc-link-runtime -L/Applications/Xcode.app/Contents/Developer/Toolchains/XcodeDefault.xctoolchain/usr/lib/swift/iphonesimulator -L/usr/lib/swift -Xlinker -add_ast_path -Xlinker /Users/shashipandey/Library/Developer/Xcode/DerivedData/RSMS-galdljqllugdxqeukomoxaxsigpi/Build/Intermediates.noindex/Supabase.build/Debug-iphonesimulator/Storage.build/Objects-normal/x86_64/Storage.swiftmodule @/Users/shashipandey/Library/Developer/Xcode/DerivedData/RSMS-galdljqllugdxqeukomoxaxsigpi/Build/Intermediates.noindex/Supabase.build/Debug-iphonesimulator/Storage.build/Objects-normal/x86_64/Storage-linker-args.resp -Wl,-no_warn_duplicate_libraries -Wl,-no_warn_duplicate_libraries -Wl,-no_warn_duplicate_libraries -Wl,-no_warn_duplicate_libraries -Wl,-no_warn_duplicate_libraries -Wl,-no_warn_duplicate_libraries /Users/shashipandey/Library/Developer/Xcode/DerivedData/RSMS-galdljqllugdxqeukomoxaxsigpi/Build/Products/Debug-iphonesimulator/PackageFrameworks/ConcurrencyExtras_-2B4B167800F2E3ED_PackageProduct.framework/ConcurrencyExtras_-2B4B167800F2E3ED_PackageProduct /Users/shashipandey/Library/Developer/Xcode/DerivedData/RSMS-galdljqllugdxqeukomoxaxsigpi/Build/Products/Debug-iphonesimulator/PackageFrameworks/HTTPTypes_6E0498CBABC4245E_PackageProduct.framework/HTTPTypes_6E0498CBABC4245E_PackageProduct /Users/shashipandey/Library/Developer/Xcode/DerivedData/RSMS-galdljqllugdxqeukomoxaxsigpi/Build/Products/Debug-iphonesimulator/PackageFrameworks/Clocks_17A223499E7CA5_PackageProduct.framework/Clocks_17A223499E7CA5_PackageProduct /Users/shashipandey/Library/Developer/Xcode/DerivedData/RSMS-galdljqllugdxqeukomoxaxsigpi/Build/Products/Debug-iphonesimulator/PackageFrameworks/XCTestDynamicOverlay_6187313334988FF6_PackageProduct.framework/XCTestDynamicOverlay_6187313334988FF6_PackageProduct /Users/shashipandey/Library/Developer/Xcode/DerivedData/RSMS-galdljqllugdxqeukomoxaxsigpi/Build/Products/Debug-iphonesimulator/PackageFrameworks/IssueReporting.framework/IssueReporting -framework Helpers -o /Users/shashipandey/Library/Developer/Xcode/DerivedData/RSMS-galdljqllugdxqeukomoxaxsigpi/Build/Intermediates.noindex/Supabase.build/Debug-iphonesimulator/Storage.build/Objects-normal/x86_64/Binary/Storage

Ld /Users/shashipandey/Library/Developer/Xcode/DerivedData/RSMS-galdljqllugdxqeukomoxaxsigpi/Build/Intermediates.noindex/Supabase.build/Debug-iphonesimulator/PostgREST.build/Objects-normal/arm64/Binary/PostgREST normal arm64 (in target 'PostgREST' from project 'Supabase')
    cd /Users/shashipandey/Library/Developer/Xcode/DerivedData/RSMS-galdljqllugdxqeukomoxaxsigpi/SourcePackages/checkouts/supabase-swift
    /Applications/Xcode.app/Contents/Developer/Toolchains/XcodeDefault.xctoolchain/usr/bin/clang -Xlinker -reproducible -target arm64-apple-ios13.0-simulator -dynamiclib -isysroot /Applications/Xcode.app/Contents/Developer/Platforms/iPhoneSimulator.platform/Developer/SDKs/iPhoneSimulator26.5.sdk -O0 -w -L/Users/shashipandey/Library/Developer/Xcode/DerivedData/RSMS-galdljqllugdxqeukomoxaxsigpi/Build/Intermediates.noindex/EagerLinkingTBDs/Debug-iphonesimulator -L/Users/shashipandey/Library/Developer/Xcode/DerivedData/RSMS-galdljqllugdxqeukomoxaxsigpi/Build/Products/Debug-iphonesimulator -L/Applications/Xcode.app/Contents/Developer/Platforms/iPhoneSimulator.platform/Developer/usr/lib -F/Users/shashipandey/Library/Developer/Xcode/DerivedData/RSMS-galdljqllugdxqeukomoxaxsigpi/Build/Intermediates.noindex/EagerLinkingTBDs/Debug-iphonesimulator -F/Users/shashipandey/Library/Developer/Xcode/DerivedData/RSMS-galdljqllugdxqeukomoxaxsigpi/Build/Products/Debug-iphonesimulator/PackageFrameworks -F/Users/shashipandey/Library/Developer/Xcode/DerivedData/RSMS-galdljqllugdxqeukomoxaxsigpi/Build/Products/Debug-iphonesimulator/PackageFrameworks -F/Users/shashipandey/Library/Developer/Xcode/DerivedData/RSMS-galdljqllugdxqeukomoxaxsigpi/Build/Products/Debug-iphonesimulator/PackageFrameworks -F/Users/shashipandey/Library/Developer/Xcode/DerivedData/RSMS-galdljqllugdxqeukomoxaxsigpi/Build/Products/Debug-iphonesimulator/PackageFrameworks -F/Users/shashipandey/Library/Developer/Xcode/DerivedData/RSMS-galdljqllugdxqeukomoxaxsigpi/Build/Products/Debug-iphonesimulator/PackageFrameworks -F/Users/shashipandey/Library/Developer/Xcode/DerivedData/RSMS-galdljqllugdxqeukomoxaxsigpi/Build/Products/Debug-iphonesimulator/PackageFrameworks -F/Users/shashipandey/Library/Developer/Xcode/DerivedData/RSMS-galdljqllugdxqeukomoxaxsigpi/Build/Products/Debug-iphonesimulator -iframework /Applications/Xcode.app/Contents/Developer/Platforms/iPhoneSimulator.platform/Developer/Library/Frameworks -iframework /Applications/Xcode.app/Contents/Developer/Platforms/iPhoneSimulator.platform/Developer/SDKs/iPhoneSimulator26.5.sdk/Developer/Library/Frameworks -filelist /Users/shashipandey/Library/Developer/Xcode/DerivedData/RSMS-galdljqllugdxqeukomoxaxsigpi/Build/Intermediates.noindex/Supabase.build/Debug-iphonesimulator/PostgREST.build/Objects-normal/arm64/PostgREST.LinkFileList -install_name @rpath/PostgREST.framework/PostgREST -Xlinker -rpath -Xlinker /usr/lib/swift -Xlinker -rpath -Xlinker /Users/shashipandey/Library/Developer/Xcode/DerivedData/RSMS-galdljqllugdxqeukomoxaxsigpi/Build/Products/Debug-iphonesimulator/PackageFrameworks -Xlinker -dead_strip -Xlinker -object_path_lto -Xlinker /Users/shashipandey/Library/Developer/Xcode/DerivedData/RSMS-galdljqllugdxqeukomoxaxsigpi/Build/Intermediates.noindex/Supabase.build/Debug-iphonesimulator/PostgREST.build/Objects-normal/arm64/PostgREST_lto.o -rdynamic -Xlinker -no_deduplicate -Xlinker -objc_abi_version -Xlinker 2 -Xlinker -dependency_info -Xlinker /Users/shashipandey/Library/Developer/Xcode/DerivedData/RSMS-galdljqllugdxqeukomoxaxsigpi/Build/Intermediates.noindex/Supabase.build/Debug-iphonesimulator/PostgREST.build/Objects-normal/arm64/PostgREST_dependency_info.dat -fobjc-link-runtime -L/Applications/Xcode.app/Contents/Developer/Toolchains/XcodeDefault.xctoolchain/usr/lib/swift/iphonesimulator -L/usr/lib/swift -Xlinker -add_ast_path -Xlinker /Users/shashipandey/Library/Developer/Xcode/DerivedData/RSMS-galdljqllugdxqeukomoxaxsigpi/Build/Intermediates.noindex/Supabase.build/Debug-iphonesimulator/PostgREST.build/Objects-normal/arm64/PostgREST.swiftmodule @/Users/shashipandey/Library/Developer/Xcode/DerivedData/RSMS-galdljqllugdxqeukomoxaxsigpi/Build/Intermediates.noindex/Supabase.build/Debug-iphonesimulator/PostgREST.build/Objects-normal/arm64/PostgREST-linker-args.resp -Wl,-no_warn_duplicate_libraries -Wl,-no_warn_duplicate_libraries -Wl,-no_warn_duplicate_libraries -Wl,-no_warn_duplicate_libraries -Wl,-no_warn_duplicate_libraries -Wl,-no_warn_duplicate_libraries /Users/shashipandey/Library/Developer/Xcode/DerivedData/RSMS-galdljqllugdxqeukomoxaxsigpi/Build/Products/Debug-iphonesimulator/PackageFrameworks/ConcurrencyExtras_-2B4B167800F2E3ED_PackageProduct.framework/ConcurrencyExtras_-2B4B167800F2E3ED_PackageProduct /Users/shashipandey/Library/Developer/Xcode/DerivedData/RSMS-galdljqllugdxqeukomoxaxsigpi/Build/Products/Debug-iphonesimulator/PackageFrameworks/HTTPTypes_6E0498CBABC4245E_PackageProduct.framework/HTTPTypes_6E0498CBABC4245E_PackageProduct /Users/shashipandey/Library/Developer/Xcode/DerivedData/RSMS-galdljqllugdxqeukomoxaxsigpi/Build/Products/Debug-iphonesimulator/PackageFrameworks/Clocks_17A223499E7CA5_PackageProduct.framework/Clocks_17A223499E7CA5_PackageProduct /Users/shashipandey/Library/Developer/Xcode/DerivedData/RSMS-galdljqllugdxqeukomoxaxsigpi/Build/Products/Debug-iphonesimulator/PackageFrameworks/XCTestDynamicOverlay_6187313334988FF6_PackageProduct.framework/XCTestDynamicOverlay_6187313334988FF6_PackageProduct /Users/shashipandey/Library/Developer/Xcode/DerivedData/RSMS-galdljqllugdxqeukomoxaxsigpi/Build/Products/Debug-iphonesimulator/PackageFrameworks/IssueReporting.framework/IssueReporting -framework Helpers -o /Users/shashipandey/Library/Developer/Xcode/DerivedData/RSMS-galdljqllugdxqeukomoxaxsigpi/Build/Intermediates.noindex/Supabase.build/Debug-iphonesimulator/PostgREST.build/Objects-normal/arm64/Binary/PostgREST

Ld /Users/shashipandey/Library/Developer/Xcode/DerivedData/RSMS-galdljqllugdxqeukomoxaxsigpi/Build/Intermediates.noindex/Supabase.build/Debug-iphonesimulator/Storage.build/Objects-normal/arm64/Binary/Storage normal arm64 (in target 'Storage' from project 'Supabase')
    cd /Users/shashipandey/Library/Developer/Xcode/DerivedData/RSMS-galdljqllugdxqeukomoxaxsigpi/SourcePackages/checkouts/supabase-swift
    /Applications/Xcode.app/Contents/Developer/Toolchains/XcodeDefault.xctoolchain/usr/bin/clang -Xlinker -reproducible -target arm64-apple-ios13.0-simulator -dynamiclib -isysroot /Applications/Xcode.app/Contents/Developer/Platforms/iPhoneSimulator.platform/Developer/SDKs/iPhoneSimulator26.5.sdk -O0 -w -L/Users/shashipandey/Library/Developer/Xcode/DerivedData/RSMS-galdljqllugdxqeukomoxaxsigpi/Build/Intermediates.noindex/EagerLinkingTBDs/Debug-iphonesimulator -L/Users/shashipandey/Library/Developer/Xcode/DerivedData/RSMS-galdljqllugdxqeukomoxaxsigpi/Build/Products/Debug-iphonesimulator -L/Applications/Xcode.app/Contents/Developer/Platforms/iPhoneSimulator.platform/Developer/usr/lib -F/Users/shashipandey/Library/Developer/Xcode/DerivedData/RSMS-galdljqllugdxqeukomoxaxsigpi/Build/Intermediates.noindex/EagerLinkingTBDs/Debug-iphonesimulator -F/Users/shashipandey/Library/Developer/Xcode/DerivedData/RSMS-galdljqllugdxqeukomoxaxsigpi/Build/Products/Debug-iphonesimulator/PackageFrameworks -F/Users/shashipandey/Library/Developer/Xcode/DerivedData/RSMS-galdljqllugdxqeukomoxaxsigpi/Build/Products/Debug-iphonesimulator/PackageFrameworks -F/Users/shashipandey/Library/Developer/Xcode/DerivedData/RSMS-galdljqllugdxqeukomoxaxsigpi/Build/Products/Debug-iphonesimulator/PackageFrameworks -F/Users/shashipandey/Library/Developer/Xcode/DerivedData/RSMS-galdljqllugdxqeukomoxaxsigpi/Build/Products/Debug-iphonesimulator/PackageFrameworks -F/Users/shashipandey/Library/Developer/Xcode/DerivedData/RSMS-galdljqllugdxqeukomoxaxsigpi/Build/Products/Debug-iphonesimulator/PackageFrameworks -F/Users/shashipandey/Library/Developer/Xcode/DerivedData/RSMS-galdljqllugdxqeukomoxaxsigpi/Build/Products/Debug-iphonesimulator/PackageFrameworks -F/Users/shashipandey/Library/Developer/Xcode/DerivedData/RSMS-galdljqllugdxqeukomoxaxsigpi/Build/Products/Debug-iphonesimulator -iframework /Applications/Xcode.app/Contents/Developer/Platforms/iPhoneSimulator.platform/Developer/Library/Frameworks -iframework /Applications/Xcode.app/Contents/Developer/Platforms/iPhoneSimulator.platform/Developer/SDKs/iPhoneSimulator26.5.sdk/Developer/Library/Frameworks -filelist /Users/shashipandey/Library/Developer/Xcode/DerivedData/RSMS-galdljqllugdxqeukomoxaxsigpi/Build/Intermediates.noindex/Supabase.build/Debug-iphonesimulator/Storage.build/Objects-normal/arm64/Storage.LinkFileList -install_name @rpath/Storage.framework/Storage -Xlinker -rpath -Xlinker /usr/lib/swift -Xlinker -rpath -Xlinker /Users/shashipandey/Library/Developer/Xcode/DerivedData/RSMS-galdljqllugdxqeukomoxaxsigpi/Build/Products/Debug-iphonesimulator/PackageFrameworks -Xlinker -dead_strip -Xlinker -object_path_lto -Xlinker /Users/shashipandey/Library/Developer/Xcode/DerivedData/RSMS-galdljqllugdxqeukomoxaxsigpi/Build/Intermediates.noindex/Supabase.build/Debug-iphonesimulator/Storage.build/Objects-normal/arm64/Storage_lto.o -rdynamic -Xlinker -no_deduplicate -Xlinker -objc_abi_version -Xlinker 2 -Xlinker -dependency_info -Xlinker /Users/shashipandey/Library/Developer/Xcode/DerivedData/RSMS-galdljqllugdxqeukomoxaxsigpi/Build/Intermediates.noindex/Supabase.build/Debug-iphonesimulator/Storage.build/Objects-normal/arm64/Storage_dependency_info.dat -fobjc-link-runtime -L/Applications/Xcode.app/Contents/Developer/Toolchains/XcodeDefault.xctoolchain/usr/lib/swift/iphonesimulator -L/usr/lib/swift -Xlinker -add_ast_path -Xlinker /Users/shashipandey/Library/Developer/Xcode/DerivedData/RSMS-galdljqllugdxqeukomoxaxsigpi/Build/Intermediates.noindex/Supabase.build/Debug-iphonesimulator/Storage.build/Objects-normal/arm64/Storage.swiftmodule @/Users/shashipandey/Library/Developer/Xcode/DerivedData/RSMS-galdljqllugdxqeukomoxaxsigpi/Build/Intermediates.noindex/Supabase.build/Debug-iphonesimulator/Storage.build/Objects-normal/arm64/Storage-linker-args.resp -Wl,-no_warn_duplicate_libraries -Wl,-no_warn_duplicate_libraries -Wl,-no_warn_duplicate_libraries -Wl,-no_warn_duplicate_libraries -Wl,-no_warn_duplicate_libraries -Wl,-no_warn_duplicate_libraries /Users/shashipandey/Library/Developer/Xcode/DerivedData/RSMS-galdljqllugdxqeukomoxaxsigpi/Build/Products/Debug-iphonesimulator/PackageFrameworks/ConcurrencyExtras_-2B4B167800F2E3ED_PackageProduct.framework/ConcurrencyExtras_-2B4B167800F2E3ED_PackageProduct /Users/shashipandey/Library/Developer/Xcode/DerivedData/RSMS-galdljqllugdxqeukomoxaxsigpi/Build/Products/Debug-iphonesimulator/PackageFrameworks/HTTPTypes_6E0498CBABC4245E_PackageProduct.framework/HTTPTypes_6E0498CBABC4245E_PackageProduct /Users/shashipandey/Library/Developer/Xcode/DerivedData/RSMS-galdljqllugdxqeukomoxaxsigpi/Build/Products/Debug-iphonesimulator/PackageFrameworks/Clocks_17A223499E7CA5_PackageProduct.framework/Clocks_17A223499E7CA5_PackageProduct /Users/shashipandey/Library/Developer/Xcode/DerivedData/RSMS-galdljqllugdxqeukomoxaxsigpi/Build/Products/Debug-iphonesimulator/PackageFrameworks/XCTestDynamicOverlay_6187313334988FF6_PackageProduct.framework/XCTestDynamicOverlay_6187313334988FF6_PackageProduct /Users/shashipandey/Library/Developer/Xcode/DerivedData/RSMS-galdljqllugdxqeukomoxaxsigpi/Build/Products/Debug-iphonesimulator/PackageFrameworks/IssueReporting.framework/IssueReporting -framework Helpers -o /Users/shashipandey/Library/Developer/Xcode/DerivedData/RSMS-galdljqllugdxqeukomoxaxsigpi/Build/Intermediates.noindex/Supabase.build/Debug-iphonesimulator/Storage.build/Objects-normal/arm64/Binary/Storage

SwiftDriver\ Compilation\ Requirements Realtime normal arm64 com.apple.xcode.tools.swift.compiler (in target 'Realtime' from project 'Supabase')
    cd /Users/shashipandey/Desktop/Team-8/RSMS.xcodeproj
    builtin-Swift-Compilation-Requirements -- /Applications/Xcode.app/Contents/Developer/Toolchains/XcodeDefault.xctoolchain/usr/bin/swiftc -module-name Realtime -Onone @/Users/shashipandey/Library/Developer/Xcode/DerivedData/RSMS-galdljqllugdxqeukomoxaxsigpi/Build/Intermediates.noindex/Supabase.build/Debug-iphonesimulator/Realtime.build/Objects-normal/arm64/Realtime.SwiftFileList -DSWIFT_PACKAGE -DDEBUG -DSWIFT_MODULE_RESOURCE_BUNDLE_UNAVAILABLE -DXcode -enable-upcoming-feature ExistentialAny -enable-experimental-feature StrictConcurrency -plugin-path /Applications/Xcode.app/Contents/Developer/Toolchains/XcodeDefault.xctoolchain/usr/lib/swift/host/plugins/testing -enable-experimental-feature DebugDescriptionMacro -sdk /Applications/Xcode.app/Contents/Developer/Platforms/iPhoneSimulator.platform/Developer/SDKs/iPhoneSimulator26.5.sdk -target arm64-apple-ios13.0-simulator -g -module-cache-path /Users/shashipandey/Library/Developer/Xcode/DerivedData/ModuleCache.noindex -Xfrontend -serialize-debugging-options -enable-testing -suppress-warnings -index-store-path /Users/shashipandey/Library/Developer/Xcode/DerivedData/RSMS-galdljqllugdxqeukomoxaxsigpi/Index.noindex/DataStore -Xcc -D_LIBCPP_HARDENING_MODE\=_LIBCPP_HARDENING_MODE_DEBUG -swift-version 5 -I /Users/shashipandey/Library/Developer/Xcode/DerivedData/RSMS-galdljqllugdxqeukomoxaxsigpi/Build/Products/Debug-iphonesimulator -Isystem /Applications/Xcode.app/Contents/Developer/Platforms/iPhoneSimulator.platform/Developer/usr/lib -F /Users/shashipandey/Library/Developer/Xcode/DerivedData/RSMS-galdljqllugdxqeukomoxaxsigpi/Build/Products/Debug-iphonesimulator/PackageFrameworks -F /Users/shashipandey/Library/Developer/Xcode/DerivedData/RSMS-galdljqllugdxqeukomoxaxsigpi/Build/Products/Debug-iphonesimulator/PackageFrameworks -F /Users/shashipandey/Library/Developer/Xcode/DerivedData/RSMS-galdljqllugdxqeukomoxaxsigpi/Build/Products/Debug-iphonesimulator/PackageFrameworks -F /Users/shashipandey/Library/Developer/Xcode/DerivedData/RSMS-galdljqllugdxqeukomoxaxsigpi/Build/Products/Debug-iphonesimulator/PackageFrameworks -F /Users/shashipandey/Library/Developer/Xcode/DerivedData/RSMS-galdljqllugdxqeukomoxaxsigpi/Build/Products/Debug-iphonesimulator/PackageFrameworks -F /Users/shashipandey/Library/Developer/Xcode/DerivedData/RSMS-galdljqllugdxqeukomoxaxsigpi/Build/Products/Debug-iphonesimulator/PackageFrameworks -F /Users/shashipandey/Library/Developer/Xcode/DerivedData/RSMS-galdljqllugdxqeukomoxaxsigpi/Build/Products/Debug-iphonesimulator -F /Applications/Xcode.app/Contents/Developer/Platforms/iPhoneSimulator.platform/Developer/Library/Frameworks -F /Applications/Xcode.app/Contents/Developer/Platforms/iPhoneSimulator.platform/Developer/SDKs/iPhoneSimulator26.5.sdk/Developer/Library/Frameworks -c -j10 -enable-batch-mode -incremental -Xcc -ivfsstatcache -Xcc /Users/shashipandey/Library/Developer/Xcode/DerivedData/SDKStatCaches.noindex/iphonesimulator26.5-23F81a-6cfe768891a92b912361537c460fe42b.sdkstatcache -output-file-map /Users/shashipandey/Library/Developer/Xcode/DerivedData/RSMS-galdljqllugdxqeukomoxaxsigpi/Build/Intermediates.noindex/Supabase.build/Debug-iphonesimulator/Realtime.build/Objects-normal/arm64/Realtime-OutputFileMap.json -use-frontend-parseable-output -save-temps -no-color-diagnostics -explicit-module-build -module-cache-path /Users/shashipandey/Library/Developer/Xcode/DerivedData/RSMS-galdljqllugdxqeukomoxaxsigpi/Build/Intermediates.noindex/SwiftExplicitPrecompiledModules -clang-scanner-module-cache-path /Users/shashipandey/Library/Developer/Xcode/DerivedData/ModuleCache.noindex -sdk-module-cache-path /Users/shashipandey/Library/Developer/Xcode/DerivedData/ModuleCache.noindex -serialize-diagnostics -emit-dependencies -emit-module -emit-module-path /Users/shashipandey/Library/Developer/Xcode/DerivedData/RSMS-galdljqllugdxqeukomoxaxsigpi/Build/Intermediates.noindex/Supabase.build/Debug-iphonesimulator/Realtime.build/Objects-normal/arm64/Realtime.swiftmodule -validate-clang-modules-once -clang-build-session-file /Users/shashipandey/Library/Developer/Xcode/DerivedData/ModuleCache.noindex/Session.modulevalidation -package-name supabase_swift -Xcc -I/Users/shashipandey/Library/Developer/Xcode/DerivedData/RSMS-galdljqllugdxqeukomoxaxsigpi/Build/Intermediates.noindex/Supabase.build/Debug-iphonesimulator/Realtime.build/swift-overrides.hmap -emit-const-values -Xfrontend -const-gather-protocols-file -Xfrontend /Users/shashipandey/Library/Developer/Xcode/DerivedData/RSMS-galdljqllugdxqeukomoxaxsigpi/Build/Intermediates.noindex/Supabase.build/Debug-iphonesimulator/Realtime.build/Objects-normal/arm64/Realtime_const_extract_protocols.json -Xcc -I/Users/shashipandey/Library/Developer/Xcode/DerivedData/RSMS-galdljqllugdxqeukomoxaxsigpi/Build/Products/Debug-iphonesimulator/include -Xcc -I/Users/shashipandey/Library/Developer/Xcode/DerivedData/RSMS-galdljqllugdxqeukomoxaxsigpi/Build/Intermediates.noindex/Supabase.build/Debug-iphonesimulator/Realtime.build/DerivedSources-normal/arm64 -Xcc -I/Users/shashipandey/Library/Developer/Xcode/DerivedData/RSMS-galdljqllugdxqeukomoxaxsigpi/Build/Intermediates.noindex/Supabase.build/Debug-iphonesimulator/Realtime.build/DerivedSources/arm64 -Xcc -I/Users/shashipandey/Library/Developer/Xcode/DerivedData/RSMS-galdljqllugdxqeukomoxaxsigpi/Build/Intermediates.noindex/Supabase.build/Debug-iphonesimulator/Realtime.build/DerivedSources -Xcc -DSWIFT_PACKAGE -Xcc -DDEBUG\=1 -emit-objc-header -emit-objc-header-path /Users/shashipandey/Library/Developer/Xcode/DerivedData/RSMS-galdljqllugdxqeukomoxaxsigpi/Build/Intermediates.noindex/Supabase.build/Debug-iphonesimulator/Realtime.build/Objects-normal/arm64/Realtime-Swift.h -working-directory /Users/shashipandey/Desktop/Team-8/RSMS.xcodeproj -experimental-emit-module-separately -disable-cmo

SwiftDriver\ Compilation Realtime normal arm64 com.apple.xcode.tools.swift.compiler (in target 'Realtime' from project 'Supabase')
    cd /Users/shashipandey/Desktop/Team-8/RSMS.xcodeproj
    builtin-Swift-Compilation -- /Applications/Xcode.app/Contents/Developer/Toolchains/XcodeDefault.xctoolchain/usr/bin/swiftc -module-name Realtime -Onone @/Users/shashipandey/Library/Developer/Xcode/DerivedData/RSMS-galdljqllugdxqeukomoxaxsigpi/Build/Intermediates.noindex/Supabase.build/Debug-iphonesimulator/Realtime.build/Objects-normal/arm64/Realtime.SwiftFileList -DSWIFT_PACKAGE -DDEBUG -DSWIFT_MODULE_RESOURCE_BUNDLE_UNAVAILABLE -DXcode -enable-upcoming-feature ExistentialAny -enable-experimental-feature StrictConcurrency -plugin-path /Applications/Xcode.app/Contents/Developer/Toolchains/XcodeDefault.xctoolchain/usr/lib/swift/host/plugins/testing -enable-experimental-feature DebugDescriptionMacro -sdk /Applications/Xcode.app/Contents/Developer/Platforms/iPhoneSimulator.platform/Developer/SDKs/iPhoneSimulator26.5.sdk -target arm64-apple-ios13.0-simulator -g -module-cache-path /Users/shashipandey/Library/Developer/Xcode/DerivedData/ModuleCache.noindex -Xfrontend -serialize-debugging-options -enable-testing -suppress-warnings -index-store-path /Users/shashipandey/Library/Developer/Xcode/DerivedData/RSMS-galdljqllugdxqeukomoxaxsigpi/Index.noindex/DataStore -Xcc -D_LIBCPP_HARDENING_MODE\=_LIBCPP_HARDENING_MODE_DEBUG -swift-version 5 -I /Users/shashipandey/Library/Developer/Xcode/DerivedData/RSMS-galdljqllugdxqeukomoxaxsigpi/Build/Products/Debug-iphonesimulator -Isystem /Applications/Xcode.app/Contents/Developer/Platforms/iPhoneSimulator.platform/Developer/usr/lib -F /Users/shashipandey/Library/Developer/Xcode/DerivedData/RSMS-galdljqllugdxqeukomoxaxsigpi/Build/Products/Debug-iphonesimulator/PackageFrameworks -F /Users/shashipandey/Library/Developer/Xcode/DerivedData/RSMS-galdljqllugdxqeukomoxaxsigpi/Build/Products/Debug-iphonesimulator/PackageFrameworks -F /Users/shashipandey/Library/Developer/Xcode/DerivedData/RSMS-galdljqllugdxqeukomoxaxsigpi/Build/Products/Debug-iphonesimulator/PackageFrameworks -F /Users/shashipandey/Library/Developer/Xcode/DerivedData/RSMS-galdljqllugdxqeukomoxaxsigpi/Build/Products/Debug-iphonesimulator/PackageFrameworks -F /Users/shashipandey/Library/Developer/Xcode/DerivedData/RSMS-galdljqllugdxqeukomoxaxsigpi/Build/Products/Debug-iphonesimulator/PackageFrameworks -F /Users/shashipandey/Library/Developer/Xcode/DerivedData/RSMS-galdljqllugdxqeukomoxaxsigpi/Build/Products/Debug-iphonesimulator/PackageFrameworks -F /Users/shashipandey/Library/Developer/Xcode/DerivedData/RSMS-galdljqllugdxqeukomoxaxsigpi/Build/Products/Debug-iphonesimulator -F /Applications/Xcode.app/Contents/Developer/Platforms/iPhoneSimulator.platform/Developer/Library/Frameworks -F /Applications/Xcode.app/Contents/Developer/Platforms/iPhoneSimulator.platform/Developer/SDKs/iPhoneSimulator26.5.sdk/Developer/Library/Frameworks -c -j10 -enable-batch-mode -incremental -Xcc -ivfsstatcache -Xcc /Users/shashipandey/Library/Developer/Xcode/DerivedData/SDKStatCaches.noindex/iphonesimulator26.5-23F81a-6cfe768891a92b912361537c460fe42b.sdkstatcache -output-file-map /Users/shashipandey/Library/Developer/Xcode/DerivedData/RSMS-galdljqllugdxqeukomoxaxsigpi/Build/Intermediates.noindex/Supabase.build/Debug-iphonesimulator/Realtime.build/Objects-normal/arm64/Realtime-OutputFileMap.json -use-frontend-parseable-output -save-temps -no-color-diagnostics -explicit-module-build -module-cache-path /Users/shashipandey/Library/Developer/Xcode/DerivedData/RSMS-galdljqllugdxqeukomoxaxsigpi/Build/Intermediates.noindex/SwiftExplicitPrecompiledModules -clang-scanner-module-cache-path /Users/shashipandey/Library/Developer/Xcode/DerivedData/ModuleCache.noindex -sdk-module-cache-path /Users/shashipandey/Library/Developer/Xcode/DerivedData/ModuleCache.noindex -serialize-diagnostics -emit-dependencies -emit-module -emit-module-path /Users/shashipandey/Library/Developer/Xcode/DerivedData/RSMS-galdljqllugdxqeukomoxaxsigpi/Build/Intermediates.noindex/Supabase.build/Debug-iphonesimulator/Realtime.build/Objects-normal/arm64/Realtime.swiftmodule -validate-clang-modules-once -clang-build-session-file /Users/shashipandey/Library/Developer/Xcode/DerivedData/ModuleCache.noindex/Session.modulevalidation -package-name supabase_swift -Xcc -I/Users/shashipandey/Library/Developer/Xcode/DerivedData/RSMS-galdljqllugdxqeukomoxaxsigpi/Build/Intermediates.noindex/Supabase.build/Debug-iphonesimulator/Realtime.build/swift-overrides.hmap -emit-const-values -Xfrontend -const-gather-protocols-file -Xfrontend /Users/shashipandey/Library/Developer/Xcode/DerivedData/RSMS-galdljqllugdxqeukomoxaxsigpi/Build/Intermediates.noindex/Supabase.build/Debug-iphonesimulator/Realtime.build/Objects-normal/arm64/Realtime_const_extract_protocols.json -Xcc -I/Users/shashipandey/Library/Developer/Xcode/DerivedData/RSMS-galdljqllugdxqeukomoxaxsigpi/Build/Products/Debug-iphonesimulator/include -Xcc -I/Users/shashipandey/Library/Developer/Xcode/DerivedData/RSMS-galdljqllugdxqeukomoxaxsigpi/Build/Intermediates.noindex/Supabase.build/Debug-iphonesimulator/Realtime.build/DerivedSources-normal/arm64 -Xcc -I/Users/shashipandey/Library/Developer/Xcode/DerivedData/RSMS-galdljqllugdxqeukomoxaxsigpi/Build/Intermediates.noindex/Supabase.build/Debug-iphonesimulator/Realtime.build/DerivedSources/arm64 -Xcc -I/Users/shashipandey/Library/Developer/Xcode/DerivedData/RSMS-galdljqllugdxqeukomoxaxsigpi/Build/Intermediates.noindex/Supabase.build/Debug-iphonesimulator/Realtime.build/DerivedSources -Xcc -DSWIFT_PACKAGE -Xcc -DDEBUG\=1 -emit-objc-header -emit-objc-header-path /Users/shashipandey/Library/Developer/Xcode/DerivedData/RSMS-galdljqllugdxqeukomoxaxsigpi/Build/Intermediates.noindex/Supabase.build/Debug-iphonesimulator/Realtime.build/Objects-normal/arm64/Realtime-Swift.h -working-directory /Users/shashipandey/Desktop/Team-8/RSMS.xcodeproj -experimental-emit-module-separately -disable-cmo

Copy /Users/shashipandey/Library/Developer/Xcode/DerivedData/RSMS-galdljqllugdxqeukomoxaxsigpi/Build/Products/Debug-iphonesimulator/PackageFrameworks/Realtime.framework/Modules/Realtime.swiftmodule/arm64-apple-ios-simulator.swiftmodule /Users/shashipandey/Library/Developer/Xcode/DerivedData/RSMS-galdljqllugdxqeukomoxaxsigpi/Build/Intermediates.noindex/Supabase.build/Debug-iphonesimulator/Realtime.build/Objects-normal/arm64/Realtime.swiftmodule (in target 'Realtime' from project 'Supabase')
    cd /Users/shashipandey/Library/Developer/Xcode/DerivedData/RSMS-galdljqllugdxqeukomoxaxsigpi/SourcePackages/checkouts/supabase-swift
    builtin-copy -exclude .DS_Store -exclude CVS -exclude .svn -exclude .git -exclude .hg -resolve-src-symlinks -rename /Users/shashipandey/Library/Developer/Xcode/DerivedData/RSMS-galdljqllugdxqeukomoxaxsigpi/Build/Intermediates.noindex/Supabase.build/Debug-iphonesimulator/Realtime.build/Objects-normal/arm64/Realtime.swiftmodule /Users/shashipandey/Library/Developer/Xcode/DerivedData/RSMS-galdljqllugdxqeukomoxaxsigpi/Build/Products/Debug-iphonesimulator/PackageFrameworks/Realtime.framework/Modules/Realtime.swiftmodule/arm64-apple-ios-simulator.swiftmodule

Copy /Users/shashipandey/Library/Developer/Xcode/DerivedData/RSMS-galdljqllugdxqeukomoxaxsigpi/Build/Products/Debug-iphonesimulator/PackageFrameworks/Realtime.framework/Modules/Realtime.swiftmodule/arm64-apple-ios-simulator.swiftdoc /Users/shashipandey/Library/Developer/Xcode/DerivedData/RSMS-galdljqllugdxqeukomoxaxsigpi/Build/Intermediates.noindex/Supabase.build/Debug-iphonesimulator/Realtime.build/Objects-normal/arm64/Realtime.swiftdoc (in target 'Realtime' from project 'Supabase')
    cd /Users/shashipandey/Library/Developer/Xcode/DerivedData/RSMS-galdljqllugdxqeukomoxaxsigpi/SourcePackages/checkouts/supabase-swift
    builtin-copy -exclude .DS_Store -exclude CVS -exclude .svn -exclude .git -exclude .hg -resolve-src-symlinks -rename /Users/shashipandey/Library/Developer/Xcode/DerivedData/RSMS-galdljqllugdxqeukomoxaxsigpi/Build/Intermediates.noindex/Supabase.build/Debug-iphonesimulator/Realtime.build/Objects-normal/arm64/Realtime.swiftdoc /Users/shashipandey/Library/Developer/Xcode/DerivedData/RSMS-galdljqllugdxqeukomoxaxsigpi/Build/Products/Debug-iphonesimulator/PackageFrameworks/Realtime.framework/Modules/Realtime.swiftmodule/arm64-apple-ios-simulator.swiftdoc

Copy /Users/shashipandey/Library/Developer/Xcode/DerivedData/RSMS-galdljqllugdxqeukomoxaxsigpi/Build/Products/Debug-iphonesimulator/PackageFrameworks/Realtime.framework/Modules/Realtime.swiftmodule/arm64-apple-ios-simulator.abi.json /Users/shashipandey/Library/Developer/Xcode/DerivedData/RSMS-galdljqllugdxqeukomoxaxsigpi/Build/Intermediates.noindex/Supabase.build/Debug-iphonesimulator/Realtime.build/Objects-normal/arm64/Realtime.abi.json (in target 'Realtime' from project 'Supabase')
    cd /Users/shashipandey/Library/Developer/Xcode/DerivedData/RSMS-galdljqllugdxqeukomoxaxsigpi/SourcePackages/checkouts/supabase-swift
    builtin-copy -exclude .DS_Store -exclude CVS -exclude .svn -exclude .git -exclude .hg -resolve-src-symlinks -rename /Users/shashipandey/Library/Developer/Xcode/DerivedData/RSMS-galdljqllugdxqeukomoxaxsigpi/Build/Intermediates.noindex/Supabase.build/Debug-iphonesimulator/Realtime.build/Objects-normal/arm64/Realtime.abi.json /Users/shashipandey/Library/Developer/Xcode/DerivedData/RSMS-galdljqllugdxqeukomoxaxsigpi/Build/Products/Debug-iphonesimulator/PackageFrameworks/Realtime.framework/Modules/Realtime.swiftmodule/arm64-apple-ios-simulator.abi.json

Copy /Users/shashipandey/Library/Developer/Xcode/DerivedData/RSMS-galdljqllugdxqeukomoxaxsigpi/Build/Products/Debug-iphonesimulator/PackageFrameworks/Realtime.framework/Modules/Realtime.swiftmodule/Project/arm64-apple-ios-simulator.swiftsourceinfo /Users/shashipandey/Library/Developer/Xcode/DerivedData/RSMS-galdljqllugdxqeukomoxaxsigpi/Build/Intermediates.noindex/Supabase.build/Debug-iphonesimulator/Realtime.build/Objects-normal/arm64/Realtime.swiftsourceinfo (in target 'Realtime' from project 'Supabase')
    cd /Users/shashipandey/Library/Developer/Xcode/DerivedData/RSMS-galdljqllugdxqeukomoxaxsigpi/SourcePackages/checkouts/supabase-swift
    builtin-copy -exclude .DS_Store -exclude CVS -exclude .svn -exclude .git -exclude .hg -resolve-src-symlinks -rename /Users/shashipandey/Library/Developer/Xcode/DerivedData/RSMS-galdljqllugdxqeukomoxaxsigpi/Build/Intermediates.noindex/Supabase.build/Debug-iphonesimulator/Realtime.build/Objects-normal/arm64/Realtime.swiftsourceinfo /Users/shashipandey/Library/Developer/Xcode/DerivedData/RSMS-galdljqllugdxqeukomoxaxsigpi/Build/Products/Debug-iphonesimulator/PackageFrameworks/Realtime.framework/Modules/Realtime.swiftmodule/Project/arm64-apple-ios-simulator.swiftsourceinfo

CreateUniversalBinary /Users/shashipandey/Library/Developer/Xcode/DerivedData/RSMS-galdljqllugdxqeukomoxaxsigpi/Build/Products/Debug-iphonesimulator/PackageFrameworks/Functions.framework/Functions normal arm64\ x86_64 (in target 'Functions' from project 'Supabase')
    cd /Users/shashipandey/Library/Developer/Xcode/DerivedData/RSMS-galdljqllugdxqeukomoxaxsigpi/SourcePackages/checkouts/supabase-swift
    /Applications/Xcode.app/Contents/Developer/Toolchains/XcodeDefault.xctoolchain/usr/bin/lipo -create /Users/shashipandey/Library/Developer/Xcode/DerivedData/RSMS-galdljqllugdxqeukomoxaxsigpi/Build/Intermediates.noindex/Supabase.build/Debug-iphonesimulator/Functions.build/Objects-normal/arm64/Binary/Functions /Users/shashipandey/Library/Developer/Xcode/DerivedData/RSMS-galdljqllugdxqeukomoxaxsigpi/Build/Intermediates.noindex/Supabase.build/Debug-iphonesimulator/Functions.build/Objects-normal/x86_64/Binary/Functions -output /Users/shashipandey/Library/Developer/Xcode/DerivedData/RSMS-galdljqllugdxqeukomoxaxsigpi/Build/Products/Debug-iphonesimulator/PackageFrameworks/Functions.framework/Functions

ExtractAppIntentsMetadata (in target 'Functions' from project 'Supabase')
    cd /Users/shashipandey/Library/Developer/Xcode/DerivedData/RSMS-galdljqllugdxqeukomoxaxsigpi/SourcePackages/checkouts/supabase-swift
    /Applications/Xcode.app/Contents/Developer/Toolchains/XcodeDefault.xctoolchain/usr/bin/appintentsmetadataprocessor --toolchain-dir /Applications/Xcode.app/Contents/Developer/Toolchains/XcodeDefault.xctoolchain --module-name Functions --sdk-root /Applications/Xcode.app/Contents/Developer/Platforms/iPhoneSimulator.platform/Developer/SDKs/iPhoneSimulator26.5.sdk --xcode-version 17F113 --platform-family iOS --deployment-target 13.0 --bundle-identifier supabase-swift.Functions --output /Users/shashipandey/Library/Developer/Xcode/DerivedData/RSMS-galdljqllugdxqeukomoxaxsigpi/Build/Products/Debug-iphonesimulator/PackageFrameworks/Functions.framework --target-triple arm64-apple-ios13.0-simulator --target-triple x86_64-apple-ios13.0-simulator --binary-file /Users/shashipandey/Library/Developer/Xcode/DerivedData/RSMS-galdljqllugdxqeukomoxaxsigpi/Build/Products/Debug-iphonesimulator/PackageFrameworks/Functions.framework/Functions --dependency-file /Users/shashipandey/Library/Developer/Xcode/DerivedData/RSMS-galdljqllugdxqeukomoxaxsigpi/Build/Intermediates.noindex/Supabase.build/Debug-iphonesimulator/Functions.build/Objects-normal/arm64/Functions_dependency_info.dat --dependency-file /Users/shashipandey/Library/Developer/Xcode/DerivedData/RSMS-galdljqllugdxqeukomoxaxsigpi/Build/Intermediates.noindex/Supabase.build/Debug-iphonesimulator/Functions.build/Objects-normal/x86_64/Functions_dependency_info.dat --stringsdata-file /Users/shashipandey/Library/Developer/Xcode/DerivedData/RSMS-galdljqllugdxqeukomoxaxsigpi/Build/Intermediates.noindex/Supabase.build/Debug-iphonesimulator/Functions.build/Objects-normal/arm64/ExtractedAppShortcutsMetadata.stringsdata --stringsdata-file /Users/shashipandey/Library/Developer/Xcode/DerivedData/RSMS-galdljqllugdxqeukomoxaxsigpi/Build/Intermediates.noindex/Supabase.build/Debug-iphonesimulator/Functions.build/Objects-normal/x86_64/ExtractedAppShortcutsMetadata.stringsdata --source-file-list /Users/shashipandey/Library/Developer/Xcode/DerivedData/RSMS-galdljqllugdxqeukomoxaxsigpi/Build/Intermediates.noindex/Supabase.build/Debug-iphonesimulator/Functions.build/Objects-normal/arm64/Functions.SwiftFileList --source-file-list /Users/shashipandey/Library/Developer/Xcode/DerivedData/RSMS-galdljqllugdxqeukomoxaxsigpi/Build/Intermediates.noindex/Supabase.build/Debug-iphonesimulator/Functions.build/Objects-normal/x86_64/Functions.SwiftFileList --metadata-file-list /Users/shashipandey/Library/Developer/Xcode/DerivedData/RSMS-galdljqllugdxqeukomoxaxsigpi/Build/Intermediates.noindex/Supabase.build/Debug-iphonesimulator/Functions.build/Functions.DependencyMetadataFileList --static-metadata-file-list /Users/shashipandey/Library/Developer/Xcode/DerivedData/RSMS-galdljqllugdxqeukomoxaxsigpi/Build/Intermediates.noindex/Supabase.build/Debug-iphonesimulator/Functions.build/Functions.DependencyStaticMetadataFileList --swift-const-vals-list /Users/shashipandey/Library/Developer/Xcode/DerivedData/RSMS-galdljqllugdxqeukomoxaxsigpi/Build/Intermediates.noindex/Supabase.build/Debug-iphonesimulator/Functions.build/Objects-normal/arm64/Functions.SwiftConstValuesFileList --swift-const-vals-list /Users/shashipandey/Library/Developer/Xcode/DerivedData/RSMS-galdljqllugdxqeukomoxaxsigpi/Build/Intermediates.noindex/Supabase.build/Debug-iphonesimulator/Functions.build/Objects-normal/x86_64/Functions.SwiftConstValuesFileList --compile-time-extraction --deployment-aware-processing --validate-assistant-intents --no-app-shortcuts-localization
2026-07-07 16:58:07.862 appintentsmetadataprocessor[23193:378098] Starting appintentsmetadataprocessor export
2026-07-07 16:58:07.872 appintentsmetadataprocessor[23193:378098] warning: Metadata extraction skipped. No AppIntents.framework dependency found.

SwiftDriver\ Compilation\ Requirements Realtime normal x86_64 com.apple.xcode.tools.swift.compiler (in target 'Realtime' from project 'Supabase')
    cd /Users/shashipandey/Desktop/Team-8/RSMS.xcodeproj
    builtin-Swift-Compilation-Requirements -- /Applications/Xcode.app/Contents/Developer/Toolchains/XcodeDefault.xctoolchain/usr/bin/swiftc -module-name Realtime -Onone @/Users/shashipandey/Library/Developer/Xcode/DerivedData/RSMS-galdljqllugdxqeukomoxaxsigpi/Build/Intermediates.noindex/Supabase.build/Debug-iphonesimulator/Realtime.build/Objects-normal/x86_64/Realtime.SwiftFileList -DSWIFT_PACKAGE -DDEBUG -DSWIFT_MODULE_RESOURCE_BUNDLE_UNAVAILABLE -DXcode -enable-upcoming-feature ExistentialAny -enable-experimental-feature StrictConcurrency -plugin-path /Applications/Xcode.app/Contents/Developer/Toolchains/XcodeDefault.xctoolchain/usr/lib/swift/host/plugins/testing -enable-experimental-feature DebugDescriptionMacro -sdk /Applications/Xcode.app/Contents/Developer/Platforms/iPhoneSimulator.platform/Developer/SDKs/iPhoneSimulator26.5.sdk -target x86_64-apple-ios13.0-simulator -g -module-cache-path /Users/shashipandey/Library/Developer/Xcode/DerivedData/ModuleCache.noindex -Xfrontend -serialize-debugging-options -enable-testing -suppress-warnings -index-store-path /Users/shashipandey/Library/Developer/Xcode/DerivedData/RSMS-galdljqllugdxqeukomoxaxsigpi/Index.noindex/DataStore -Xcc -D_LIBCPP_HARDENING_MODE\=_LIBCPP_HARDENING_MODE_DEBUG -swift-version 5 -I /Users/shashipandey/Library/Developer/Xcode/DerivedData/RSMS-galdljqllugdxqeukomoxaxsigpi/Build/Products/Debug-iphonesimulator -Isystem /Applications/Xcode.app/Contents/Developer/Platforms/iPhoneSimulator.platform/Developer/usr/lib -F /Users/shashipandey/Library/Developer/Xcode/DerivedData/RSMS-galdljqllugdxqeukomoxaxsigpi/Build/Products/Debug-iphonesimulator/PackageFrameworks -F /Users/shashipandey/Library/Developer/Xcode/DerivedData/RSMS-galdljqllugdxqeukomoxaxsigpi/Build/Products/Debug-iphonesimulator/PackageFrameworks -F /Users/shashipandey/Library/Developer/Xcode/DerivedData/RSMS-galdljqllugdxqeukomoxaxsigpi/Build/Products/Debug-iphonesimulator/PackageFrameworks -F /Users/shashipandey/Library/Developer/Xcode/DerivedData/RSMS-galdljqllugdxqeukomoxaxsigpi/Build/Products/Debug-iphonesimulator/PackageFrameworks -F /Users/shashipandey/Library/Developer/Xcode/DerivedData/RSMS-galdljqllugdxqeukomoxaxsigpi/Build/Products/Debug-iphonesimulator/PackageFrameworks -F /Users/shashipandey/Library/Developer/Xcode/DerivedData/RSMS-galdljqllugdxqeukomoxaxsigpi/Build/Products/Debug-iphonesimulator/PackageFrameworks -F /Users/shashipandey/Library/Developer/Xcode/DerivedData/RSMS-galdljqllugdxqeukomoxaxsigpi/Build/Products/Debug-iphonesimulator -F /Applications/Xcode.app/Contents/Developer/Platforms/iPhoneSimulator.platform/Developer/Library/Frameworks -F /Applications/Xcode.app/Contents/Developer/Platforms/iPhoneSimulator.platform/Developer/SDKs/iPhoneSimulator26.5.sdk/Developer/Library/Frameworks -c -j10 -enable-batch-mode -incremental -Xcc -ivfsstatcache -Xcc /Users/shashipandey/Library/Developer/Xcode/DerivedData/SDKStatCaches.noindex/iphonesimulator26.5-23F81a-6cfe768891a92b912361537c460fe42b.sdkstatcache -output-file-map /Users/shashipandey/Library/Developer/Xcode/DerivedData/RSMS-galdljqllugdxqeukomoxaxsigpi/Build/Intermediates.noindex/Supabase.build/Debug-iphonesimulator/Realtime.build/Objects-normal/x86_64/Realtime-OutputFileMap.json -use-frontend-parseable-output -save-temps -no-color-diagnostics -explicit-module-build -module-cache-path /Users/shashipandey/Library/Developer/Xcode/DerivedData/RSMS-galdljqllugdxqeukomoxaxsigpi/Build/Intermediates.noindex/SwiftExplicitPrecompiledModules -clang-scanner-module-cache-path /Users/shashipandey/Library/Developer/Xcode/DerivedData/ModuleCache.noindex -sdk-module-cache-path /Users/shashipandey/Library/Developer/Xcode/DerivedData/ModuleCache.noindex -serialize-diagnostics -emit-dependencies -emit-module -emit-module-path /Users/shashipandey/Library/Developer/Xcode/DerivedData/RSMS-galdljqllugdxqeukomoxaxsigpi/Build/Intermediates.noindex/Supabase.build/Debug-iphonesimulator/Realtime.build/Objects-normal/x86_64/Realtime.swiftmodule -validate-clang-modules-once -clang-build-session-file /Users/shashipandey/Library/Developer/Xcode/DerivedData/ModuleCache.noindex/Session.modulevalidation -package-name supabase_swift -Xcc -I/Users/shashipandey/Library/Developer/Xcode/DerivedData/RSMS-galdljqllugdxqeukomoxaxsigpi/Build/Intermediates.noindex/Supabase.build/Debug-iphonesimulator/Realtime.build/swift-overrides.hmap -emit-const-values -Xfrontend -const-gather-protocols-file -Xfrontend /Users/shashipandey/Library/Developer/Xcode/DerivedData/RSMS-galdljqllugdxqeukomoxaxsigpi/Build/Intermediates.noindex/Supabase.build/Debug-iphonesimulator/Realtime.build/Objects-normal/x86_64/Realtime_const_extract_protocols.json -Xcc -I/Users/shashipandey/Library/Developer/Xcode/DerivedData/RSMS-galdljqllugdxqeukomoxaxsigpi/Build/Products/Debug-iphonesimulator/include -Xcc -I/Users/shashipandey/Library/Developer/Xcode/DerivedData/RSMS-galdljqllugdxqeukomoxaxsigpi/Build/Intermediates.noindex/Supabase.build/Debug-iphonesimulator/Realtime.build/DerivedSources-normal/x86_64 -Xcc -I/Users/shashipandey/Library/Developer/Xcode/DerivedData/RSMS-galdljqllugdxqeukomoxaxsigpi/Build/Intermediates.noindex/Supabase.build/Debug-iphonesimulator/Realtime.build/DerivedSources/x86_64 -Xcc -I/Users/shashipandey/Library/Developer/Xcode/DerivedData/RSMS-galdljqllugdxqeukomoxaxsigpi/Build/Intermediates.noindex/Supabase.build/Debug-iphonesimulator/Realtime.build/DerivedSources -Xcc -DSWIFT_PACKAGE -Xcc -DDEBUG\=1 -emit-objc-header -emit-objc-header-path /Users/shashipandey/Library/Developer/Xcode/DerivedData/RSMS-galdljqllugdxqeukomoxaxsigpi/Build/Intermediates.noindex/Supabase.build/Debug-iphonesimulator/Realtime.build/Objects-normal/x86_64/Realtime-Swift.h -working-directory /Users/shashipandey/Desktop/Team-8/RSMS.xcodeproj -experimental-emit-module-separately -disable-cmo

SwiftDriver\ Compilation Realtime normal x86_64 com.apple.xcode.tools.swift.compiler (in target 'Realtime' from project 'Supabase')
    cd /Users/shashipandey/Desktop/Team-8/RSMS.xcodeproj
    builtin-Swift-Compilation -- /Applications/Xcode.app/Contents/Developer/Toolchains/XcodeDefault.xctoolchain/usr/bin/swiftc -module-name Realtime -Onone @/Users/shashipandey/Library/Developer/Xcode/DerivedData/RSMS-galdljqllugdxqeukomoxaxsigpi/Build/Intermediates.noindex/Supabase.build/Debug-iphonesimulator/Realtime.build/Objects-normal/x86_64/Realtime.SwiftFileList -DSWIFT_PACKAGE -DDEBUG -DSWIFT_MODULE_RESOURCE_BUNDLE_UNAVAILABLE -DXcode -enable-upcoming-feature ExistentialAny -enable-experimental-feature StrictConcurrency -plugin-path /Applications/Xcode.app/Contents/Developer/Toolchains/XcodeDefault.xctoolchain/usr/lib/swift/host/plugins/testing -enable-experimental-feature DebugDescriptionMacro -sdk /Applications/Xcode.app/Contents/Developer/Platforms/iPhoneSimulator.platform/Developer/SDKs/iPhoneSimulator26.5.sdk -target x86_64-apple-ios13.0-simulator -g -module-cache-path /Users/shashipandey/Library/Developer/Xcode/DerivedData/ModuleCache.noindex -Xfrontend -serialize-debugging-options -enable-testing -suppress-warnings -index-store-path /Users/shashipandey/Library/Developer/Xcode/DerivedData/RSMS-galdljqllugdxqeukomoxaxsigpi/Index.noindex/DataStore -Xcc -D_LIBCPP_HARDENING_MODE\=_LIBCPP_HARDENING_MODE_DEBUG -swift-version 5 -I /Users/shashipandey/Library/Developer/Xcode/DerivedData/RSMS-galdljqllugdxqeukomoxaxsigpi/Build/Products/Debug-iphonesimulator -Isystem /Applications/Xcode.app/Contents/Developer/Platforms/iPhoneSimulator.platform/Developer/usr/lib -F /Users/shashipandey/Library/Developer/Xcode/DerivedData/RSMS-galdljqllugdxqeukomoxaxsigpi/Build/Products/Debug-iphonesimulator/PackageFrameworks -F /Users/shashipandey/Library/Developer/Xcode/DerivedData/RSMS-galdljqllugdxqeukomoxaxsigpi/Build/Products/Debug-iphonesimulator/PackageFrameworks -F /Users/shashipandey/Library/Developer/Xcode/DerivedData/RSMS-galdljqllugdxqeukomoxaxsigpi/Build/Products/Debug-iphonesimulator/PackageFrameworks -F /Users/shashipandey/Library/Developer/Xcode/DerivedData/RSMS-galdljqllugdxqeukomoxaxsigpi/Build/Products/Debug-iphonesimulator/PackageFrameworks -F /Users/shashipandey/Library/Developer/Xcode/DerivedData/RSMS-galdljqllugdxqeukomoxaxsigpi/Build/Products/Debug-iphonesimulator/PackageFrameworks -F /Users/shashipandey/Library/Developer/Xcode/DerivedData/RSMS-galdljqllugdxqeukomoxaxsigpi/Build/Products/Debug-iphonesimulator/PackageFrameworks -F /Users/shashipandey/Library/Developer/Xcode/DerivedData/RSMS-galdljqllugdxqeukomoxaxsigpi/Build/Products/Debug-iphonesimulator -F /Applications/Xcode.app/Contents/Developer/Platforms/iPhoneSimulator.platform/Developer/Library/Frameworks -F /Applications/Xcode.app/Contents/Developer/Platforms/iPhoneSimulator.platform/Developer/SDKs/iPhoneSimulator26.5.sdk/Developer/Library/Frameworks -c -j10 -enable-batch-mode -incremental -Xcc -ivfsstatcache -Xcc /Users/shashipandey/Library/Developer/Xcode/DerivedData/SDKStatCaches.noindex/iphonesimulator26.5-23F81a-6cfe768891a92b912361537c460fe42b.sdkstatcache -output-file-map /Users/shashipandey/Library/Developer/Xcode/DerivedData/RSMS-galdljqllugdxqeukomoxaxsigpi/Build/Intermediates.noindex/Supabase.build/Debug-iphonesimulator/Realtime.build/Objects-normal/x86_64/Realtime-OutputFileMap.json -use-frontend-parseable-output -save-temps -no-color-diagnostics -explicit-module-build -module-cache-path /Users/shashipandey/Library/Developer/Xcode/DerivedData/RSMS-galdljqllugdxqeukomoxaxsigpi/Build/Intermediates.noindex/SwiftExplicitPrecompiledModules -clang-scanner-module-cache-path /Users/shashipandey/Library/Developer/Xcode/DerivedData/ModuleCache.noindex -sdk-module-cache-path /Users/shashipandey/Library/Developer/Xcode/DerivedData/ModuleCache.noindex -serialize-diagnostics -emit-dependencies -emit-module -emit-module-path /Users/shashipandey/Library/Developer/Xcode/DerivedData/RSMS-galdljqllugdxqeukomoxaxsigpi/Build/Intermediates.noindex/Supabase.build/Debug-iphonesimulator/Realtime.build/Objects-normal/x86_64/Realtime.swiftmodule -validate-clang-modules-once -clang-build-session-file /Users/shashipandey/Library/Developer/Xcode/DerivedData/ModuleCache.noindex/Session.modulevalidation -package-name supabase_swift -Xcc -I/Users/shashipandey/Library/Developer/Xcode/DerivedData/RSMS-galdljqllugdxqeukomoxaxsigpi/Build/Intermediates.noindex/Supabase.build/Debug-iphonesimulator/Realtime.build/swift-overrides.hmap -emit-const-values -Xfrontend -const-gather-protocols-file -Xfrontend /Users/shashipandey/Library/Developer/Xcode/DerivedData/RSMS-galdljqllugdxqeukomoxaxsigpi/Build/Intermediates.noindex/Supabase.build/Debug-iphonesimulator/Realtime.build/Objects-normal/x86_64/Realtime_const_extract_protocols.json -Xcc -I/Users/shashipandey/Library/Developer/Xcode/DerivedData/RSMS-galdljqllugdxqeukomoxaxsigpi/Build/Products/Debug-iphonesimulator/include -Xcc -I/Users/shashipandey/Library/Developer/Xcode/DerivedData/RSMS-galdljqllugdxqeukomoxaxsigpi/Build/Intermediates.noindex/Supabase.build/Debug-iphonesimulator/Realtime.build/DerivedSources-normal/x86_64 -Xcc -I/Users/shashipandey/Library/Developer/Xcode/DerivedData/RSMS-galdljqllugdxqeukomoxaxsigpi/Build/Intermediates.noindex/Supabase.build/Debug-iphonesimulator/Realtime.build/DerivedSources/x86_64 -Xcc -I/Users/shashipandey/Library/Developer/Xcode/DerivedData/RSMS-galdljqllugdxqeukomoxaxsigpi/Build/Intermediates.noindex/Supabase.build/Debug-iphonesimulator/Realtime.build/DerivedSources -Xcc -DSWIFT_PACKAGE -Xcc -DDEBUG\=1 -emit-objc-header -emit-objc-header-path /Users/shashipandey/Library/Developer/Xcode/DerivedData/RSMS-galdljqllugdxqeukomoxaxsigpi/Build/Intermediates.noindex/Supabase.build/Debug-iphonesimulator/Realtime.build/Objects-normal/x86_64/Realtime-Swift.h -working-directory /Users/shashipandey/Desktop/Team-8/RSMS.xcodeproj -experimental-emit-module-separately -disable-cmo

SwiftMergeGeneratedHeaders /Users/shashipandey/Library/Developer/Xcode/DerivedData/RSMS-galdljqllugdxqeukomoxaxsigpi/Build/Intermediates.noindex/GeneratedModuleMaps-iphonesimulator/Realtime-Swift.h /Users/shashipandey/Library/Developer/Xcode/DerivedData/RSMS-galdljqllugdxqeukomoxaxsigpi/Build/Intermediates.noindex/Supabase.build/Debug-iphonesimulator/Realtime.build/Objects-normal/arm64/Realtime-Swift.h /Users/shashipandey/Library/Developer/Xcode/DerivedData/RSMS-galdljqllugdxqeukomoxaxsigpi/Build/Intermediates.noindex/Supabase.build/Debug-iphonesimulator/Realtime.build/Objects-normal/x86_64/Realtime-Swift.h (in target 'Realtime' from project 'Supabase')
    cd /Users/shashipandey/Library/Developer/Xcode/DerivedData/RSMS-galdljqllugdxqeukomoxaxsigpi/SourcePackages/checkouts/supabase-swift
    builtin-swiftHeaderTool -arch arm64 /Users/shashipandey/Library/Developer/Xcode/DerivedData/RSMS-galdljqllugdxqeukomoxaxsigpi/Build/Intermediates.noindex/Supabase.build/Debug-iphonesimulator/Realtime.build/Objects-normal/arm64/Realtime-Swift.h -arch x86_64 /Users/shashipandey/Library/Developer/Xcode/DerivedData/RSMS-galdljqllugdxqeukomoxaxsigpi/Build/Intermediates.noindex/Supabase.build/Debug-iphonesimulator/Realtime.build/Objects-normal/x86_64/Realtime-Swift.h -o /Users/shashipandey/Library/Developer/Xcode/DerivedData/RSMS-galdljqllugdxqeukomoxaxsigpi/Build/Intermediates.noindex/GeneratedModuleMaps-iphonesimulator/Realtime-Swift.h

Ld /Users/shashipandey/Library/Developer/Xcode/DerivedData/RSMS-galdljqllugdxqeukomoxaxsigpi/Build/Intermediates.noindex/Supabase.build/Debug-iphonesimulator/Realtime.build/Objects-normal/arm64/Binary/Realtime normal arm64 (in target 'Realtime' from project 'Supabase')
    cd /Users/shashipandey/Library/Developer/Xcode/DerivedData/RSMS-galdljqllugdxqeukomoxaxsigpi/SourcePackages/checkouts/supabase-swift
    /Applications/Xcode.app/Contents/Developer/Toolchains/XcodeDefault.xctoolchain/usr/bin/clang -Xlinker -reproducible -target arm64-apple-ios13.0-simulator -dynamiclib -isysroot /Applications/Xcode.app/Contents/Developer/Platforms/iPhoneSimulator.platform/Developer/SDKs/iPhoneSimulator26.5.sdk -O0 -w -L/Users/shashipandey/Library/Developer/Xcode/DerivedData/RSMS-galdljqllugdxqeukomoxaxsigpi/Build/Intermediates.noindex/EagerLinkingTBDs/Debug-iphonesimulator -L/Users/shashipandey/Library/Developer/Xcode/DerivedData/RSMS-galdljqllugdxqeukomoxaxsigpi/Build/Products/Debug-iphonesimulator -L/Applications/Xcode.app/Contents/Developer/Platforms/iPhoneSimulator.platform/Developer/usr/lib -F/Users/shashipandey/Library/Developer/Xcode/DerivedData/RSMS-galdljqllugdxqeukomoxaxsigpi/Build/Intermediates.noindex/EagerLinkingTBDs/Debug-iphonesimulator -F/Users/shashipandey/Library/Developer/Xcode/DerivedData/RSMS-galdljqllugdxqeukomoxaxsigpi/Build/Products/Debug-iphonesimulator/PackageFrameworks -F/Users/shashipandey/Library/Developer/Xcode/DerivedData/RSMS-galdljqllugdxqeukomoxaxsigpi/Build/Products/Debug-iphonesimulator/PackageFrameworks -F/Users/shashipandey/Library/Developer/Xcode/DerivedData/RSMS-galdljqllugdxqeukomoxaxsigpi/Build/Products/Debug-iphonesimulator/PackageFrameworks -F/Users/shashipandey/Library/Developer/Xcode/DerivedData/RSMS-galdljqllugdxqeukomoxaxsigpi/Build/Products/Debug-iphonesimulator/PackageFrameworks -F/Users/shashipandey/Library/Developer/Xcode/DerivedData/RSMS-galdljqllugdxqeukomoxaxsigpi/Build/Products/Debug-iphonesimulator/PackageFrameworks -F/Users/shashipandey/Library/Developer/Xcode/DerivedData/RSMS-galdljqllugdxqeukomoxaxsigpi/Build/Products/Debug-iphonesimulator/PackageFrameworks -F/Users/shashipandey/Library/Developer/Xcode/DerivedData/RSMS-galdljqllugdxqeukomoxaxsigpi/Build/Products/Debug-iphonesimulator -iframework /Applications/Xcode.app/Contents/Developer/Platforms/iPhoneSimulator.platform/Developer/Library/Frameworks -iframework /Applications/Xcode.app/Contents/Developer/Platforms/iPhoneSimulator.platform/Developer/SDKs/iPhoneSimulator26.5.sdk/Developer/Library/Frameworks -filelist /Users/shashipandey/Library/Developer/Xcode/DerivedData/RSMS-galdljqllugdxqeukomoxaxsigpi/Build/Intermediates.noindex/Supabase.build/Debug-iphonesimulator/Realtime.build/Objects-normal/arm64/Realtime.LinkFileList -install_name @rpath/Realtime.framework/Realtime -Xlinker -rpath -Xlinker /usr/lib/swift -Xlinker -rpath -Xlinker /Users/shashipandey/Library/Developer/Xcode/DerivedData/RSMS-galdljqllugdxqeukomoxaxsigpi/Build/Products/Debug-iphonesimulator/PackageFrameworks -Xlinker -dead_strip -Xlinker -object_path_lto -Xlinker /Users/shashipandey/Library/Developer/Xcode/DerivedData/RSMS-galdljqllugdxqeukomoxaxsigpi/Build/Intermediates.noindex/Supabase.build/Debug-iphonesimulator/Realtime.build/Objects-normal/arm64/Realtime_lto.o -rdynamic -Xlinker -no_deduplicate -Xlinker -objc_abi_version -Xlinker 2 -Xlinker -dependency_info -Xlinker /Users/shashipandey/Library/Developer/Xcode/DerivedData/RSMS-galdljqllugdxqeukomoxaxsigpi/Build/Intermediates.noindex/Supabase.build/Debug-iphonesimulator/Realtime.build/Objects-normal/arm64/Realtime_dependency_info.dat -fobjc-link-runtime -L/Applications/Xcode.app/Contents/Developer/Toolchains/XcodeDefault.xctoolchain/usr/lib/swift/iphonesimulator -L/usr/lib/swift -Xlinker -add_ast_path -Xlinker /Users/shashipandey/Library/Developer/Xcode/DerivedData/RSMS-galdljqllugdxqeukomoxaxsigpi/Build/Intermediates.noindex/Supabase.build/Debug-iphonesimulator/Realtime.build/Objects-normal/arm64/Realtime.swiftmodule @/Users/shashipandey/Library/Developer/Xcode/DerivedData/RSMS-galdljqllugdxqeukomoxaxsigpi/Build/Intermediates.noindex/Supabase.build/Debug-iphonesimulator/Realtime.build/Objects-normal/arm64/Realtime-linker-args.resp -Wl,-no_warn_duplicate_libraries -Wl,-no_warn_duplicate_libraries -Wl,-no_warn_duplicate_libraries -Wl,-no_warn_duplicate_libraries -Wl,-no_warn_duplicate_libraries -Wl,-no_warn_duplicate_libraries /Users/shashipandey/Library/Developer/Xcode/DerivedData/RSMS-galdljqllugdxqeukomoxaxsigpi/Build/Products/Debug-iphonesimulator/PackageFrameworks/ConcurrencyExtras_-2B4B167800F2E3ED_PackageProduct.framework/ConcurrencyExtras_-2B4B167800F2E3ED_PackageProduct /Users/shashipandey/Library/Developer/Xcode/DerivedData/RSMS-galdljqllugdxqeukomoxaxsigpi/Build/Products/Debug-iphonesimulator/PackageFrameworks/HTTPTypes_6E0498CBABC4245E_PackageProduct.framework/HTTPTypes_6E0498CBABC4245E_PackageProduct /Users/shashipandey/Library/Developer/Xcode/DerivedData/RSMS-galdljqllugdxqeukomoxaxsigpi/Build/Products/Debug-iphonesimulator/PackageFrameworks/Clocks_17A223499E7CA5_PackageProduct.framework/Clocks_17A223499E7CA5_PackageProduct /Users/shashipandey/Library/Developer/Xcode/DerivedData/RSMS-galdljqllugdxqeukomoxaxsigpi/Build/Products/Debug-iphonesimulator/PackageFrameworks/XCTestDynamicOverlay_6187313334988FF6_PackageProduct.framework/XCTestDynamicOverlay_6187313334988FF6_PackageProduct /Users/shashipandey/Library/Developer/Xcode/DerivedData/RSMS-galdljqllugdxqeukomoxaxsigpi/Build/Products/Debug-iphonesimulator/PackageFrameworks/IssueReporting.framework/IssueReporting -framework Helpers -o /Users/shashipandey/Library/Developer/Xcode/DerivedData/RSMS-galdljqllugdxqeukomoxaxsigpi/Build/Intermediates.noindex/Supabase.build/Debug-iphonesimulator/Realtime.build/Objects-normal/arm64/Binary/Realtime

Ld /Users/shashipandey/Library/Developer/Xcode/DerivedData/RSMS-galdljqllugdxqeukomoxaxsigpi/Build/Intermediates.noindex/Supabase.build/Debug-iphonesimulator/Realtime.build/Objects-normal/x86_64/Binary/Realtime normal x86_64 (in target 'Realtime' from project 'Supabase')
    cd /Users/shashipandey/Library/Developer/Xcode/DerivedData/RSMS-galdljqllugdxqeukomoxaxsigpi/SourcePackages/checkouts/supabase-swift
    /Applications/Xcode.app/Contents/Developer/Toolchains/XcodeDefault.xctoolchain/usr/bin/clang -Xlinker -reproducible -target x86_64-apple-ios13.0-simulator -dynamiclib -isysroot /Applications/Xcode.app/Contents/Developer/Platforms/iPhoneSimulator.platform/Developer/SDKs/iPhoneSimulator26.5.sdk -O0 -w -L/Users/shashipandey/Library/Developer/Xcode/DerivedData/RSMS-galdljqllugdxqeukomoxaxsigpi/Build/Intermediates.noindex/EagerLinkingTBDs/Debug-iphonesimulator -L/Users/shashipandey/Library/Developer/Xcode/DerivedData/RSMS-galdljqllugdxqeukomoxaxsigpi/Build/Products/Debug-iphonesimulator -L/Applications/Xcode.app/Contents/Developer/Platforms/iPhoneSimulator.platform/Developer/usr/lib -F/Users/shashipandey/Library/Developer/Xcode/DerivedData/RSMS-galdljqllugdxqeukomoxaxsigpi/Build/Intermediates.noindex/EagerLinkingTBDs/Debug-iphonesimulator -F/Users/shashipandey/Library/Developer/Xcode/DerivedData/RSMS-galdljqllugdxqeukomoxaxsigpi/Build/Products/Debug-iphonesimulator/PackageFrameworks -F/Users/shashipandey/Library/Developer/Xcode/DerivedData/RSMS-galdljqllugdxqeukomoxaxsigpi/Build/Products/Debug-iphonesimulator/PackageFrameworks -F/Users/shashipandey/Library/Developer/Xcode/DerivedData/RSMS-galdljqllugdxqeukomoxaxsigpi/Build/Products/Debug-iphonesimulator/PackageFrameworks -F/Users/shashipandey/Library/Developer/Xcode/DerivedData/RSMS-galdljqllugdxqeukomoxaxsigpi/Build/Products/Debug-iphonesimulator/PackageFrameworks -F/Users/shashipandey/Library/Developer/Xcode/DerivedData/RSMS-galdljqllugdxqeukomoxaxsigpi/Build/Products/Debug-iphonesimulator/PackageFrameworks -F/Users/shashipandey/Library/Developer/Xcode/DerivedData/RSMS-galdljqllugdxqeukomoxaxsigpi/Build/Products/Debug-iphonesimulator/PackageFrameworks -F/Users/shashipandey/Library/Developer/Xcode/DerivedData/RSMS-galdljqllugdxqeukomoxaxsigpi/Build/Products/Debug-iphonesimulator -iframework /Applications/Xcode.app/Contents/Developer/Platforms/iPhoneSimulator.platform/Developer/Library/Frameworks -iframework /Applications/Xcode.app/Contents/Developer/Platforms/iPhoneSimulator.platform/Developer/SDKs/iPhoneSimulator26.5.sdk/Developer/Library/Frameworks -filelist /Users/shashipandey/Library/Developer/Xcode/DerivedData/RSMS-galdljqllugdxqeukomoxaxsigpi/Build/Intermediates.noindex/Supabase.build/Debug-iphonesimulator/Realtime.build/Objects-normal/x86_64/Realtime.LinkFileList -install_name @rpath/Realtime.framework/Realtime -Xlinker -rpath -Xlinker /usr/lib/swift -Xlinker -rpath -Xlinker /Users/shashipandey/Library/Developer/Xcode/DerivedData/RSMS-galdljqllugdxqeukomoxaxsigpi/Build/Products/Debug-iphonesimulator/PackageFrameworks -Xlinker -dead_strip -Xlinker -object_path_lto -Xlinker /Users/shashipandey/Library/Developer/Xcode/DerivedData/RSMS-galdljqllugdxqeukomoxaxsigpi/Build/Intermediates.noindex/Supabase.build/Debug-iphonesimulator/Realtime.build/Objects-normal/x86_64/Realtime_lto.o -rdynamic -Xlinker -no_deduplicate -Xlinker -objc_abi_version -Xlinker 2 -Xlinker -dependency_info -Xlinker /Users/shashipandey/Library/Developer/Xcode/DerivedData/RSMS-galdljqllugdxqeukomoxaxsigpi/Build/Intermediates.noindex/Supabase.build/Debug-iphonesimulator/Realtime.build/Objects-normal/x86_64/Realtime_dependency_info.dat -fobjc-link-runtime -L/Applications/Xcode.app/Contents/Developer/Toolchains/XcodeDefault.xctoolchain/usr/lib/swift/iphonesimulator -L/usr/lib/swift -Xlinker -add_ast_path -Xlinker /Users/shashipandey/Library/Developer/Xcode/DerivedData/RSMS-galdljqllugdxqeukomoxaxsigpi/Build/Intermediates.noindex/Supabase.build/Debug-iphonesimulator/Realtime.build/Objects-normal/x86_64/Realtime.swiftmodule @/Users/shashipandey/Library/Developer/Xcode/DerivedData/RSMS-galdljqllugdxqeukomoxaxsigpi/Build/Intermediates.noindex/Supabase.build/Debug-iphonesimulator/Realtime.build/Objects-normal/x86_64/Realtime-linker-args.resp -Wl,-no_warn_duplicate_libraries -Wl,-no_warn_duplicate_libraries -Wl,-no_warn_duplicate_libraries -Wl,-no_warn_duplicate_libraries -Wl,-no_warn_duplicate_libraries -Wl,-no_warn_duplicate_libraries /Users/shashipandey/Library/Developer/Xcode/DerivedData/RSMS-galdljqllugdxqeukomoxaxsigpi/Build/Products/Debug-iphonesimulator/PackageFrameworks/ConcurrencyExtras_-2B4B167800F2E3ED_PackageProduct.framework/ConcurrencyExtras_-2B4B167800F2E3ED_PackageProduct /Users/shashipandey/Library/Developer/Xcode/DerivedData/RSMS-galdljqllugdxqeukomoxaxsigpi/Build/Products/Debug-iphonesimulator/PackageFrameworks/HTTPTypes_6E0498CBABC4245E_PackageProduct.framework/HTTPTypes_6E0498CBABC4245E_PackageProduct /Users/shashipandey/Library/Developer/Xcode/DerivedData/RSMS-galdljqllugdxqeukomoxaxsigpi/Build/Products/Debug-iphonesimulator/PackageFrameworks/Clocks_17A223499E7CA5_PackageProduct.framework/Clocks_17A223499E7CA5_PackageProduct /Users/shashipandey/Library/Developer/Xcode/DerivedData/RSMS-galdljqllugdxqeukomoxaxsigpi/Build/Products/Debug-iphonesimulator/PackageFrameworks/XCTestDynamicOverlay_6187313334988FF6_PackageProduct.framework/XCTestDynamicOverlay_6187313334988FF6_PackageProduct /Users/shashipandey/Library/Developer/Xcode/DerivedData/RSMS-galdljqllugdxqeukomoxaxsigpi/Build/Products/Debug-iphonesimulator/PackageFrameworks/IssueReporting.framework/IssueReporting -framework Helpers -o /Users/shashipandey/Library/Developer/Xcode/DerivedData/RSMS-galdljqllugdxqeukomoxaxsigpi/Build/Intermediates.noindex/Supabase.build/Debug-iphonesimulator/Realtime.build/Objects-normal/x86_64/Binary/Realtime

SwiftDriver\ Compilation\ Requirements Auth normal x86_64 com.apple.xcode.tools.swift.compiler (in target 'Auth' from project 'Supabase')
    cd /Users/shashipandey/Desktop/Team-8/RSMS.xcodeproj
    builtin-Swift-Compilation-Requirements -- /Applications/Xcode.app/Contents/Developer/Toolchains/XcodeDefault.xctoolchain/usr/bin/swiftc -module-name Auth -Onone @/Users/shashipandey/Library/Developer/Xcode/DerivedData/RSMS-galdljqllugdxqeukomoxaxsigpi/Build/Intermediates.noindex/Supabase.build/Debug-iphonesimulator/Auth.build/Objects-normal/x86_64/Auth.SwiftFileList -DSWIFT_PACKAGE -DDEBUG -DSWIFT_MODULE_RESOURCE_BUNDLE_UNAVAILABLE -DXcode -enable-upcoming-feature ExistentialAny -enable-experimental-feature StrictConcurrency -plugin-path /Applications/Xcode.app/Contents/Developer/Toolchains/XcodeDefault.xctoolchain/usr/lib/swift/host/plugins/testing -enable-experimental-feature DebugDescriptionMacro -sdk /Applications/Xcode.app/Contents/Developer/Platforms/iPhoneSimulator.platform/Developer/SDKs/iPhoneSimulator26.5.sdk -target x86_64-apple-ios13.0-simulator -g -module-cache-path /Users/shashipandey/Library/Developer/Xcode/DerivedData/ModuleCache.noindex -Xfrontend -serialize-debugging-options -enable-testing -suppress-warnings -index-store-path /Users/shashipandey/Library/Developer/Xcode/DerivedData/RSMS-galdljqllugdxqeukomoxaxsigpi/Index.noindex/DataStore -Xcc -D_LIBCPP_HARDENING_MODE\=_LIBCPP_HARDENING_MODE_DEBUG -swift-version 5 -I /Users/shashipandey/Library/Developer/Xcode/DerivedData/RSMS-galdljqllugdxqeukomoxaxsigpi/Build/Products/Debug-iphonesimulator -Isystem /Applications/Xcode.app/Contents/Developer/Platforms/iPhoneSimulator.platform/Developer/usr/lib -F /Users/shashipandey/Library/Developer/Xcode/DerivedData/RSMS-galdljqllugdxqeukomoxaxsigpi/Build/Products/Debug-iphonesimulator/PackageFrameworks -F /Users/shashipandey/Library/Developer/Xcode/DerivedData/RSMS-galdljqllugdxqeukomoxaxsigpi/Build/Products/Debug-iphonesimulator/PackageFrameworks -F /Users/shashipandey/Library/Developer/Xcode/DerivedData/RSMS-galdljqllugdxqeukomoxaxsigpi/Build/Products/Debug-iphonesimulator/PackageFrameworks -F /Users/shashipandey/Library/Developer/Xcode/DerivedData/RSMS-galdljqllugdxqeukomoxaxsigpi/Build/Products/Debug-iphonesimulator/PackageFrameworks -F /Users/shashipandey/Library/Developer/Xcode/DerivedData/RSMS-galdljqllugdxqeukomoxaxsigpi/Build/Products/Debug-iphonesimulator/PackageFrameworks -F /Users/shashipandey/Library/Developer/Xcode/DerivedData/RSMS-galdljqllugdxqeukomoxaxsigpi/Build/Products/Debug-iphonesimulator/PackageFrameworks -F /Users/shashipandey/Library/Developer/Xcode/DerivedData/RSMS-galdljqllugdxqeukomoxaxsigpi/Build/Products/Debug-iphonesimulator/PackageFrameworks -F /Users/shashipandey/Library/Developer/Xcode/DerivedData/RSMS-galdljqllugdxqeukomoxaxsigpi/Build/Products/Debug-iphonesimulator -F /Applications/Xcode.app/Contents/Developer/Platforms/iPhoneSimulator.platform/Developer/Library/Frameworks -F /Applications/Xcode.app/Contents/Developer/Platforms/iPhoneSimulator.platform/Developer/SDKs/iPhoneSimulator26.5.sdk/Developer/Library/Frameworks -c -j10 -enable-batch-mode -incremental -Xcc -ivfsstatcache -Xcc /Users/shashipandey/Library/Developer/Xcode/DerivedData/SDKStatCaches.noindex/iphonesimulator26.5-23F81a-6cfe768891a92b912361537c460fe42b.sdkstatcache -output-file-map /Users/shashipandey/Library/Developer/Xcode/DerivedData/RSMS-galdljqllugdxqeukomoxaxsigpi/Build/Intermediates.noindex/Supabase.build/Debug-iphonesimulator/Auth.build/Objects-normal/x86_64/Auth-OutputFileMap.json -use-frontend-parseable-output -save-temps -no-color-diagnostics -explicit-module-build -module-cache-path /Users/shashipandey/Library/Developer/Xcode/DerivedData/RSMS-galdljqllugdxqeukomoxaxsigpi/Build/Intermediates.noindex/SwiftExplicitPrecompiledModules -clang-scanner-module-cache-path /Users/shashipandey/Library/Developer/Xcode/DerivedData/ModuleCache.noindex -sdk-module-cache-path /Users/shashipandey/Library/Developer/Xcode/DerivedData/ModuleCache.noindex -serialize-diagnostics -emit-dependencies -emit-module -emit-module-path /Users/shashipandey/Library/Developer/Xcode/DerivedData/RSMS-galdljqllugdxqeukomoxaxsigpi/Build/Intermediates.noindex/Supabase.build/Debug-iphonesimulator/Auth.build/Objects-normal/x86_64/Auth.swiftmodule -validate-clang-modules-once -clang-build-session-file /Users/shashipandey/Library/Developer/Xcode/DerivedData/ModuleCache.noindex/Session.modulevalidation -package-name supabase_swift -Xcc -I/Users/shashipandey/Library/Developer/Xcode/DerivedData/RSMS-galdljqllugdxqeukomoxaxsigpi/Build/Intermediates.noindex/Supabase.build/Debug-iphonesimulator/Auth.build/swift-overrides.hmap -emit-const-values -Xfrontend -const-gather-protocols-file -Xfrontend /Users/shashipandey/Library/Developer/Xcode/DerivedData/RSMS-galdljqllugdxqeukomoxaxsigpi/Build/Intermediates.noindex/Supabase.build/Debug-iphonesimulator/Auth.build/Objects-normal/x86_64/Auth_const_extract_protocols.json -Xcc -I/Users/shashipandey/Library/Developer/Xcode/DerivedData/RSMS-galdljqllugdxqeukomoxaxsigpi/Build/Products/Debug-iphonesimulator/include -Xcc -I/Users/shashipandey/Library/Developer/Xcode/DerivedData/RSMS-galdljqllugdxqeukomoxaxsigpi/Build/Intermediates.noindex/Supabase.build/Debug-iphonesimulator/Auth.build/DerivedSources-normal/x86_64 -Xcc -I/Users/shashipandey/Library/Developer/Xcode/DerivedData/RSMS-galdljqllugdxqeukomoxaxsigpi/Build/Intermediates.noindex/Supabase.build/Debug-iphonesimulator/Auth.build/DerivedSources/x86_64 -Xcc -I/Users/shashipandey/Library/Developer/Xcode/DerivedData/RSMS-galdljqllugdxqeukomoxaxsigpi/Build/Intermediates.noindex/Supabase.build/Debug-iphonesimulator/Auth.build/DerivedSources -Xcc -DSWIFT_PACKAGE -Xcc -DDEBUG\=1 -emit-objc-header -emit-objc-header-path /Users/shashipandey/Library/Developer/Xcode/DerivedData/RSMS-galdljqllugdxqeukomoxaxsigpi/Build/Intermediates.noindex/Supabase.build/Debug-iphonesimulator/Auth.build/Objects-normal/x86_64/Auth-Swift.h -working-directory /Users/shashipandey/Desktop/Team-8/RSMS.xcodeproj -experimental-emit-module-separately -disable-cmo

SwiftDriver\ Compilation Auth normal x86_64 com.apple.xcode.tools.swift.compiler (in target 'Auth' from project 'Supabase')
    cd /Users/shashipandey/Desktop/Team-8/RSMS.xcodeproj
    builtin-Swift-Compilation -- /Applications/Xcode.app/Contents/Developer/Toolchains/XcodeDefault.xctoolchain/usr/bin/swiftc -module-name Auth -Onone @/Users/shashipandey/Library/Developer/Xcode/DerivedData/RSMS-galdljqllugdxqeukomoxaxsigpi/Build/Intermediates.noindex/Supabase.build/Debug-iphonesimulator/Auth.build/Objects-normal/x86_64/Auth.SwiftFileList -DSWIFT_PACKAGE -DDEBUG -DSWIFT_MODULE_RESOURCE_BUNDLE_UNAVAILABLE -DXcode -enable-upcoming-feature ExistentialAny -enable-experimental-feature StrictConcurrency -plugin-path /Applications/Xcode.app/Contents/Developer/Toolchains/XcodeDefault.xctoolchain/usr/lib/swift/host/plugins/testing -enable-experimental-feature DebugDescriptionMacro -sdk /Applications/Xcode.app/Contents/Developer/Platforms/iPhoneSimulator.platform/Developer/SDKs/iPhoneSimulator26.5.sdk -target x86_64-apple-ios13.0-simulator -g -module-cache-path /Users/shashipandey/Library/Developer/Xcode/DerivedData/ModuleCache.noindex -Xfrontend -serialize-debugging-options -enable-testing -suppress-warnings -index-store-path /Users/shashipandey/Library/Developer/Xcode/DerivedData/RSMS-galdljqllugdxqeukomoxaxsigpi/Index.noindex/DataStore -Xcc -D_LIBCPP_HARDENING_MODE\=_LIBCPP_HARDENING_MODE_DEBUG -swift-version 5 -I /Users/shashipandey/Library/Developer/Xcode/DerivedData/RSMS-galdljqllugdxqeukomoxaxsigpi/Build/Products/Debug-iphonesimulator -Isystem /Applications/Xcode.app/Contents/Developer/Platforms/iPhoneSimulator.platform/Developer/usr/lib -F /Users/shashipandey/Library/Developer/Xcode/DerivedData/RSMS-galdljqllugdxqeukomoxaxsigpi/Build/Products/Debug-iphonesimulator/PackageFrameworks -F /Users/shashipandey/Library/Developer/Xcode/DerivedData/RSMS-galdljqllugdxqeukomoxaxsigpi/Build/Products/Debug-iphonesimulator/PackageFrameworks -F /Users/shashipandey/Library/Developer/Xcode/DerivedData/RSMS-galdljqllugdxqeukomoxaxsigpi/Build/Products/Debug-iphonesimulator/PackageFrameworks -F /Users/shashipandey/Library/Developer/Xcode/DerivedData/RSMS-galdljqllugdxqeukomoxaxsigpi/Build/Products/Debug-iphonesimulator/PackageFrameworks -F /Users/shashipandey/Library/Developer/Xcode/DerivedData/RSMS-galdljqllugdxqeukomoxaxsigpi/Build/Products/Debug-iphonesimulator/PackageFrameworks -F /Users/shashipandey/Library/Developer/Xcode/DerivedData/RSMS-galdljqllugdxqeukomoxaxsigpi/Build/Products/Debug-iphonesimulator/PackageFrameworks -F /Users/shashipandey/Library/Developer/Xcode/DerivedData/RSMS-galdljqllugdxqeukomoxaxsigpi/Build/Products/Debug-iphonesimulator/PackageFrameworks -F /Users/shashipandey/Library/Developer/Xcode/DerivedData/RSMS-galdljqllugdxqeukomoxaxsigpi/Build/Products/Debug-iphonesimulator -F /Applications/Xcode.app/Contents/Developer/Platforms/iPhoneSimulator.platform/Developer/Library/Frameworks -F /Applications/Xcode.app/Contents/Developer/Platforms/iPhoneSimulator.platform/Developer/SDKs/iPhoneSimulator26.5.sdk/Developer/Library/Frameworks -c -j10 -enable-batch-mode -incremental -Xcc -ivfsstatcache -Xcc /Users/shashipandey/Library/Developer/Xcode/DerivedData/SDKStatCaches.noindex/iphonesimulator26.5-23F81a-6cfe768891a92b912361537c460fe42b.sdkstatcache -output-file-map /Users/shashipandey/Library/Developer/Xcode/DerivedData/RSMS-galdljqllugdxqeukomoxaxsigpi/Build/Intermediates.noindex/Supabase.build/Debug-iphonesimulator/Auth.build/Objects-normal/x86_64/Auth-OutputFileMap.json -use-frontend-parseable-output -save-temps -no-color-diagnostics -explicit-module-build -module-cache-path /Users/shashipandey/Library/Developer/Xcode/DerivedData/RSMS-galdljqllugdxqeukomoxaxsigpi/Build/Intermediates.noindex/SwiftExplicitPrecompiledModules -clang-scanner-module-cache-path /Users/shashipandey/Library/Developer/Xcode/DerivedData/ModuleCache.noindex -sdk-module-cache-path /Users/shashipandey/Library/Developer/Xcode/DerivedData/ModuleCache.noindex -serialize-diagnostics -emit-dependencies -emit-module -emit-module-path /Users/shashipandey/Library/Developer/Xcode/DerivedData/RSMS-galdljqllugdxqeukomoxaxsigpi/Build/Intermediates.noindex/Supabase.build/Debug-iphonesimulator/Auth.build/Objects-normal/x86_64/Auth.swiftmodule -validate-clang-modules-once -clang-build-session-file /Users/shashipandey/Library/Developer/Xcode/DerivedData/ModuleCache.noindex/Session.modulevalidation -package-name supabase_swift -Xcc -I/Users/shashipandey/Library/Developer/Xcode/DerivedData/RSMS-galdljqllugdxqeukomoxaxsigpi/Build/Intermediates.noindex/Supabase.build/Debug-iphonesimulator/Auth.build/swift-overrides.hmap -emit-const-values -Xfrontend -const-gather-protocols-file -Xfrontend /Users/shashipandey/Library/Developer/Xcode/DerivedData/RSMS-galdljqllugdxqeukomoxaxsigpi/Build/Intermediates.noindex/Supabase.build/Debug-iphonesimulator/Auth.build/Objects-normal/x86_64/Auth_const_extract_protocols.json -Xcc -I/Users/shashipandey/Library/Developer/Xcode/DerivedData/RSMS-galdljqllugdxqeukomoxaxsigpi/Build/Products/Debug-iphonesimulator/include -Xcc -I/Users/shashipandey/Library/Developer/Xcode/DerivedData/RSMS-galdljqllugdxqeukomoxaxsigpi/Build/Intermediates.noindex/Supabase.build/Debug-iphonesimulator/Auth.build/DerivedSources-normal/x86_64 -Xcc -I/Users/shashipandey/Library/Developer/Xcode/DerivedData/RSMS-galdljqllugdxqeukomoxaxsigpi/Build/Intermediates.noindex/Supabase.build/Debug-iphonesimulator/Auth.build/DerivedSources/x86_64 -Xcc -I/Users/shashipandey/Library/Developer/Xcode/DerivedData/RSMS-galdljqllugdxqeukomoxaxsigpi/Build/Intermediates.noindex/Supabase.build/Debug-iphonesimulator/Auth.build/DerivedSources -Xcc -DSWIFT_PACKAGE -Xcc -DDEBUG\=1 -emit-objc-header -emit-objc-header-path /Users/shashipandey/Library/Developer/Xcode/DerivedData/RSMS-galdljqllugdxqeukomoxaxsigpi/Build/Intermediates.noindex/Supabase.build/Debug-iphonesimulator/Auth.build/Objects-normal/x86_64/Auth-Swift.h -working-directory /Users/shashipandey/Desktop/Team-8/RSMS.xcodeproj -experimental-emit-module-separately -disable-cmo

SwiftDriver\ Compilation\ Requirements Auth normal arm64 com.apple.xcode.tools.swift.compiler (in target 'Auth' from project 'Supabase')
    cd /Users/shashipandey/Desktop/Team-8/RSMS.xcodeproj
    builtin-Swift-Compilation-Requirements -- /Applications/Xcode.app/Contents/Developer/Toolchains/XcodeDefault.xctoolchain/usr/bin/swiftc -module-name Auth -Onone @/Users/shashipandey/Library/Developer/Xcode/DerivedData/RSMS-galdljqllugdxqeukomoxaxsigpi/Build/Intermediates.noindex/Supabase.build/Debug-iphonesimulator/Auth.build/Objects-normal/arm64/Auth.SwiftFileList -DSWIFT_PACKAGE -DDEBUG -DSWIFT_MODULE_RESOURCE_BUNDLE_UNAVAILABLE -DXcode -enable-upcoming-feature ExistentialAny -enable-experimental-feature StrictConcurrency -plugin-path /Applications/Xcode.app/Contents/Developer/Toolchains/XcodeDefault.xctoolchain/usr/lib/swift/host/plugins/testing -enable-experimental-feature DebugDescriptionMacro -sdk /Applications/Xcode.app/Contents/Developer/Platforms/iPhoneSimulator.platform/Developer/SDKs/iPhoneSimulator26.5.sdk -target arm64-apple-ios13.0-simulator -g -module-cache-path /Users/shashipandey/Library/Developer/Xcode/DerivedData/ModuleCache.noindex -Xfrontend -serialize-debugging-options -enable-testing -suppress-warnings -index-store-path /Users/shashipandey/Library/Developer/Xcode/DerivedData/RSMS-galdljqllugdxqeukomoxaxsigpi/Index.noindex/DataStore -Xcc -D_LIBCPP_HARDENING_MODE\=_LIBCPP_HARDENING_MODE_DEBUG -swift-version 5 -I /Users/shashipandey/Library/Developer/Xcode/DerivedData/RSMS-galdljqllugdxqeukomoxaxsigpi/Build/Products/Debug-iphonesimulator -Isystem /Applications/Xcode.app/Contents/Developer/Platforms/iPhoneSimulator.platform/Developer/usr/lib -F /Users/shashipandey/Library/Developer/Xcode/DerivedData/RSMS-galdljqllugdxqeukomoxaxsigpi/Build/Products/Debug-iphonesimulator/PackageFrameworks -F /Users/shashipandey/Library/Developer/Xcode/DerivedData/RSMS-galdljqllugdxqeukomoxaxsigpi/Build/Products/Debug-iphonesimulator/PackageFrameworks -F /Users/shashipandey/Library/Developer/Xcode/DerivedData/RSMS-galdljqllugdxqeukomoxaxsigpi/Build/Products/Debug-iphonesimulator/PackageFrameworks -F /Users/shashipandey/Library/Developer/Xcode/DerivedData/RSMS-galdljqllugdxqeukomoxaxsigpi/Build/Products/Debug-iphonesimulator/PackageFrameworks -F /Users/shashipandey/Library/Developer/Xcode/DerivedData/RSMS-galdljqllugdxqeukomoxaxsigpi/Build/Products/Debug-iphonesimulator/PackageFrameworks -F /Users/shashipandey/Library/Developer/Xcode/DerivedData/RSMS-galdljqllugdxqeukomoxaxsigpi/Build/Products/Debug-iphonesimulator/PackageFrameworks -F /Users/shashipandey/Library/Developer/Xcode/DerivedData/RSMS-galdljqllugdxqeukomoxaxsigpi/Build/Products/Debug-iphonesimulator/PackageFrameworks -F /Users/shashipandey/Library/Developer/Xcode/DerivedData/RSMS-galdljqllugdxqeukomoxaxsigpi/Build/Products/Debug-iphonesimulator -F /Applications/Xcode.app/Contents/Developer/Platforms/iPhoneSimulator.platform/Developer/Library/Frameworks -F /Applications/Xcode.app/Contents/Developer/Platforms/iPhoneSimulator.platform/Developer/SDKs/iPhoneSimulator26.5.sdk/Developer/Library/Frameworks -c -j10 -enable-batch-mode -incremental -Xcc -ivfsstatcache -Xcc /Users/shashipandey/Library/Developer/Xcode/DerivedData/SDKStatCaches.noindex/iphonesimulator26.5-23F81a-6cfe768891a92b912361537c460fe42b.sdkstatcache -output-file-map /Users/shashipandey/Library/Developer/Xcode/DerivedData/RSMS-galdljqllugdxqeukomoxaxsigpi/Build/Intermediates.noindex/Supabase.build/Debug-iphonesimulator/Auth.build/Objects-normal/arm64/Auth-OutputFileMap.json -use-frontend-parseable-output -save-temps -no-color-diagnostics -explicit-module-build -module-cache-path /Users/shashipandey/Library/Developer/Xcode/DerivedData/RSMS-galdljqllugdxqeukomoxaxsigpi/Build/Intermediates.noindex/SwiftExplicitPrecompiledModules -clang-scanner-module-cache-path /Users/shashipandey/Library/Developer/Xcode/DerivedData/ModuleCache.noindex -sdk-module-cache-path /Users/shashipandey/Library/Developer/Xcode/DerivedData/ModuleCache.noindex -serialize-diagnostics -emit-dependencies -emit-module -emit-module-path /Users/shashipandey/Library/Developer/Xcode/DerivedData/RSMS-galdljqllugdxqeukomoxaxsigpi/Build/Intermediates.noindex/Supabase.build/Debug-iphonesimulator/Auth.build/Objects-normal/arm64/Auth.swiftmodule -validate-clang-modules-once -clang-build-session-file /Users/shashipandey/Library/Developer/Xcode/DerivedData/ModuleCache.noindex/Session.modulevalidation -package-name supabase_swift -Xcc -I/Users/shashipandey/Library/Developer/Xcode/DerivedData/RSMS-galdljqllugdxqeukomoxaxsigpi/Build/Intermediates.noindex/Supabase.build/Debug-iphonesimulator/Auth.build/swift-overrides.hmap -emit-const-values -Xfrontend -const-gather-protocols-file -Xfrontend /Users/shashipandey/Library/Developer/Xcode/DerivedData/RSMS-galdljqllugdxqeukomoxaxsigpi/Build/Intermediates.noindex/Supabase.build/Debug-iphonesimulator/Auth.build/Objects-normal/arm64/Auth_const_extract_protocols.json -Xcc -I/Users/shashipandey/Library/Developer/Xcode/DerivedData/RSMS-galdljqllugdxqeukomoxaxsigpi/Build/Products/Debug-iphonesimulator/include -Xcc -I/Users/shashipandey/Library/Developer/Xcode/DerivedData/RSMS-galdljqllugdxqeukomoxaxsigpi/Build/Intermediates.noindex/Supabase.build/Debug-iphonesimulator/Auth.build/DerivedSources-normal/arm64 -Xcc -I/Users/shashipandey/Library/Developer/Xcode/DerivedData/RSMS-galdljqllugdxqeukomoxaxsigpi/Build/Intermediates.noindex/Supabase.build/Debug-iphonesimulator/Auth.build/DerivedSources/arm64 -Xcc -I/Users/shashipandey/Library/Developer/Xcode/DerivedData/RSMS-galdljqllugdxqeukomoxaxsigpi/Build/Intermediates.noindex/Supabase.build/Debug-iphonesimulator/Auth.build/DerivedSources -Xcc -DSWIFT_PACKAGE -Xcc -DDEBUG\=1 -emit-objc-header -emit-objc-header-path /Users/shashipandey/Library/Developer/Xcode/DerivedData/RSMS-galdljqllugdxqeukomoxaxsigpi/Build/Intermediates.noindex/Supabase.build/Debug-iphonesimulator/Auth.build/Objects-normal/arm64/Auth-Swift.h -working-directory /Users/shashipandey/Desktop/Team-8/RSMS.xcodeproj -experimental-emit-module-separately -disable-cmo

SwiftDriver\ Compilation Auth normal arm64 com.apple.xcode.tools.swift.compiler (in target 'Auth' from project 'Supabase')
    cd /Users/shashipandey/Desktop/Team-8/RSMS.xcodeproj
    builtin-Swift-Compilation -- /Applications/Xcode.app/Contents/Developer/Toolchains/XcodeDefault.xctoolchain/usr/bin/swiftc -module-name Auth -Onone @/Users/shashipandey/Library/Developer/Xcode/DerivedData/RSMS-galdljqllugdxqeukomoxaxsigpi/Build/Intermediates.noindex/Supabase.build/Debug-iphonesimulator/Auth.build/Objects-normal/arm64/Auth.SwiftFileList -DSWIFT_PACKAGE -DDEBUG -DSWIFT_MODULE_RESOURCE_BUNDLE_UNAVAILABLE -DXcode -enable-upcoming-feature ExistentialAny -enable-experimental-feature StrictConcurrency -plugin-path /Applications/Xcode.app/Contents/Developer/Toolchains/XcodeDefault.xctoolchain/usr/lib/swift/host/plugins/testing -enable-experimental-feature DebugDescriptionMacro -sdk /Applications/Xcode.app/Contents/Developer/Platforms/iPhoneSimulator.platform/Developer/SDKs/iPhoneSimulator26.5.sdk -target arm64-apple-ios13.0-simulator -g -module-cache-path /Users/shashipandey/Library/Developer/Xcode/DerivedData/ModuleCache.noindex -Xfrontend -serialize-debugging-options -enable-testing -suppress-warnings -index-store-path /Users/shashipandey/Library/Developer/Xcode/DerivedData/RSMS-galdljqllugdxqeukomoxaxsigpi/Index.noindex/DataStore -Xcc -D_LIBCPP_HARDENING_MODE\=_LIBCPP_HARDENING_MODE_DEBUG -swift-version 5 -I /Users/shashipandey/Library/Developer/Xcode/DerivedData/RSMS-galdljqllugdxqeukomoxaxsigpi/Build/Products/Debug-iphonesimulator -Isystem /Applications/Xcode.app/Contents/Developer/Platforms/iPhoneSimulator.platform/Developer/usr/lib -F /Users/shashipandey/Library/Developer/Xcode/DerivedData/RSMS-galdljqllugdxqeukomoxaxsigpi/Build/Products/Debug-iphonesimulator/PackageFrameworks -F /Users/shashipandey/Library/Developer/Xcode/DerivedData/RSMS-galdljqllugdxqeukomoxaxsigpi/Build/Products/Debug-iphonesimulator/PackageFrameworks -F /Users/shashipandey/Library/Developer/Xcode/DerivedData/RSMS-galdljqllugdxqeukomoxaxsigpi/Build/Products/Debug-iphonesimulator/PackageFrameworks -F /Users/shashipandey/Library/Developer/Xcode/DerivedData/RSMS-galdljqllugdxqeukomoxaxsigpi/Build/Products/Debug-iphonesimulator/PackageFrameworks -F /Users/shashipandey/Library/Developer/Xcode/DerivedData/RSMS-galdljqllugdxqeukomoxaxsigpi/Build/Products/Debug-iphonesimulator/PackageFrameworks -F /Users/shashipandey/Library/Developer/Xcode/DerivedData/RSMS-galdljqllugdxqeukomoxaxsigpi/Build/Products/Debug-iphonesimulator/PackageFrameworks -F /Users/shashipandey/Library/Developer/Xcode/DerivedData/RSMS-galdljqllugdxqeukomoxaxsigpi/Build/Products/Debug-iphonesimulator/PackageFrameworks -F /Users/shashipandey/Library/Developer/Xcode/DerivedData/RSMS-galdljqllugdxqeukomoxaxsigpi/Build/Products/Debug-iphonesimulator -F /Applications/Xcode.app/Contents/Developer/Platforms/iPhoneSimulator.platform/Developer/Library/Frameworks -F /Applications/Xcode.app/Contents/Developer/Platforms/iPhoneSimulator.platform/Developer/SDKs/iPhoneSimulator26.5.sdk/Developer/Library/Frameworks -c -j10 -enable-batch-mode -incremental -Xcc -ivfsstatcache -Xcc /Users/shashipandey/Library/Developer/Xcode/DerivedData/SDKStatCaches.noindex/iphonesimulator26.5-23F81a-6cfe768891a92b912361537c460fe42b.sdkstatcache -output-file-map /Users/shashipandey/Library/Developer/Xcode/DerivedData/RSMS-galdljqllugdxqeukomoxaxsigpi/Build/Intermediates.noindex/Supabase.build/Debug-iphonesimulator/Auth.build/Objects-normal/arm64/Auth-OutputFileMap.json -use-frontend-parseable-output -save-temps -no-color-diagnostics -explicit-module-build -module-cache-path /Users/shashipandey/Library/Developer/Xcode/DerivedData/RSMS-galdljqllugdxqeukomoxaxsigpi/Build/Intermediates.noindex/SwiftExplicitPrecompiledModules -clang-scanner-module-cache-path /Users/shashipandey/Library/Developer/Xcode/DerivedData/ModuleCache.noindex -sdk-module-cache-path /Users/shashipandey/Library/Developer/Xcode/DerivedData/ModuleCache.noindex -serialize-diagnostics -emit-dependencies -emit-module -emit-module-path /Users/shashipandey/Library/Developer/Xcode/DerivedData/RSMS-galdljqllugdxqeukomoxaxsigpi/Build/Intermediates.noindex/Supabase.build/Debug-iphonesimulator/Auth.build/Objects-normal/arm64/Auth.swiftmodule -validate-clang-modules-once -clang-build-session-file /Users/shashipandey/Library/Developer/Xcode/DerivedData/ModuleCache.noindex/Session.modulevalidation -package-name supabase_swift -Xcc -I/Users/shashipandey/Library/Developer/Xcode/DerivedData/RSMS-galdljqllugdxqeukomoxaxsigpi/Build/Intermediates.noindex/Supabase.build/Debug-iphonesimulator/Auth.build/swift-overrides.hmap -emit-const-values -Xfrontend -const-gather-protocols-file -Xfrontend /Users/shashipandey/Library/Developer/Xcode/DerivedData/RSMS-galdljqllugdxqeukomoxaxsigpi/Build/Intermediates.noindex/Supabase.build/Debug-iphonesimulator/Auth.build/Objects-normal/arm64/Auth_const_extract_protocols.json -Xcc -I/Users/shashipandey/Library/Developer/Xcode/DerivedData/RSMS-galdljqllugdxqeukomoxaxsigpi/Build/Products/Debug-iphonesimulator/include -Xcc -I/Users/shashipandey/Library/Developer/Xcode/DerivedData/RSMS-galdljqllugdxqeukomoxaxsigpi/Build/Intermediates.noindex/Supabase.build/Debug-iphonesimulator/Auth.build/DerivedSources-normal/arm64 -Xcc -I/Users/shashipandey/Library/Developer/Xcode/DerivedData/RSMS-galdljqllugdxqeukomoxaxsigpi/Build/Intermediates.noindex/Supabase.build/Debug-iphonesimulator/Auth.build/DerivedSources/arm64 -Xcc -I/Users/shashipandey/Library/Developer/Xcode/DerivedData/RSMS-galdljqllugdxqeukomoxaxsigpi/Build/Intermediates.noindex/Supabase.build/Debug-iphonesimulator/Auth.build/DerivedSources -Xcc -DSWIFT_PACKAGE -Xcc -DDEBUG\=1 -emit-objc-header -emit-objc-header-path /Users/shashipandey/Library/Developer/Xcode/DerivedData/RSMS-galdljqllugdxqeukomoxaxsigpi/Build/Intermediates.noindex/Supabase.build/Debug-iphonesimulator/Auth.build/Objects-normal/arm64/Auth-Swift.h -working-directory /Users/shashipandey/Desktop/Team-8/RSMS.xcodeproj -experimental-emit-module-separately -disable-cmo

SwiftMergeGeneratedHeaders /Users/shashipandey/Library/Developer/Xcode/DerivedData/RSMS-galdljqllugdxqeukomoxaxsigpi/Build/Intermediates.noindex/GeneratedModuleMaps-iphonesimulator/Auth-Swift.h /Users/shashipandey/Library/Developer/Xcode/DerivedData/RSMS-galdljqllugdxqeukomoxaxsigpi/Build/Intermediates.noindex/Supabase.build/Debug-iphonesimulator/Auth.build/Objects-normal/arm64/Auth-Swift.h /Users/shashipandey/Library/Developer/Xcode/DerivedData/RSMS-galdljqllugdxqeukomoxaxsigpi/Build/Intermediates.noindex/Supabase.build/Debug-iphonesimulator/Auth.build/Objects-normal/x86_64/Auth-Swift.h (in target 'Auth' from project 'Supabase')
    cd /Users/shashipandey/Library/Developer/Xcode/DerivedData/RSMS-galdljqllugdxqeukomoxaxsigpi/SourcePackages/checkouts/supabase-swift
    builtin-swiftHeaderTool -arch arm64 /Users/shashipandey/Library/Developer/Xcode/DerivedData/RSMS-galdljqllugdxqeukomoxaxsigpi/Build/Intermediates.noindex/Supabase.build/Debug-iphonesimulator/Auth.build/Objects-normal/arm64/Auth-Swift.h -arch x86_64 /Users/shashipandey/Library/Developer/Xcode/DerivedData/RSMS-galdljqllugdxqeukomoxaxsigpi/Build/Intermediates.noindex/Supabase.build/Debug-iphonesimulator/Auth.build/Objects-normal/x86_64/Auth-Swift.h -o /Users/shashipandey/Library/Developer/Xcode/DerivedData/RSMS-galdljqllugdxqeukomoxaxsigpi/Build/Intermediates.noindex/GeneratedModuleMaps-iphonesimulator/Auth-Swift.h

Copy /Users/shashipandey/Library/Developer/Xcode/DerivedData/RSMS-galdljqllugdxqeukomoxaxsigpi/Build/Products/Debug-iphonesimulator/PackageFrameworks/Auth.framework/Modules/Auth.swiftmodule/arm64-apple-ios-simulator.swiftmodule /Users/shashipandey/Library/Developer/Xcode/DerivedData/RSMS-galdljqllugdxqeukomoxaxsigpi/Build/Intermediates.noindex/Supabase.build/Debug-iphonesimulator/Auth.build/Objects-normal/arm64/Auth.swiftmodule (in target 'Auth' from project 'Supabase')
    cd /Users/shashipandey/Library/Developer/Xcode/DerivedData/RSMS-galdljqllugdxqeukomoxaxsigpi/SourcePackages/checkouts/supabase-swift
    builtin-copy -exclude .DS_Store -exclude CVS -exclude .svn -exclude .git -exclude .hg -resolve-src-symlinks -rename /Users/shashipandey/Library/Developer/Xcode/DerivedData/RSMS-galdljqllugdxqeukomoxaxsigpi/Build/Intermediates.noindex/Supabase.build/Debug-iphonesimulator/Auth.build/Objects-normal/arm64/Auth.swiftmodule /Users/shashipandey/Library/Developer/Xcode/DerivedData/RSMS-galdljqllugdxqeukomoxaxsigpi/Build/Products/Debug-iphonesimulator/PackageFrameworks/Auth.framework/Modules/Auth.swiftmodule/arm64-apple-ios-simulator.swiftmodule

Copy /Users/shashipandey/Library/Developer/Xcode/DerivedData/RSMS-galdljqllugdxqeukomoxaxsigpi/Build/Products/Debug-iphonesimulator/PackageFrameworks/Auth.framework/Modules/Auth.swiftmodule/arm64-apple-ios-simulator.swiftdoc /Users/shashipandey/Library/Developer/Xcode/DerivedData/RSMS-galdljqllugdxqeukomoxaxsigpi/Build/Intermediates.noindex/Supabase.build/Debug-iphonesimulator/Auth.build/Objects-normal/arm64/Auth.swiftdoc (in target 'Auth' from project 'Supabase')
    cd /Users/shashipandey/Library/Developer/Xcode/DerivedData/RSMS-galdljqllugdxqeukomoxaxsigpi/SourcePackages/checkouts/supabase-swift
    builtin-copy -exclude .DS_Store -exclude CVS -exclude .svn -exclude .git -exclude .hg -resolve-src-symlinks -rename /Users/shashipandey/Library/Developer/Xcode/DerivedData/RSMS-galdljqllugdxqeukomoxaxsigpi/Build/Intermediates.noindex/Supabase.build/Debug-iphonesimulator/Auth.build/Objects-normal/arm64/Auth.swiftdoc /Users/shashipandey/Library/Developer/Xcode/DerivedData/RSMS-galdljqllugdxqeukomoxaxsigpi/Build/Products/Debug-iphonesimulator/PackageFrameworks/Auth.framework/Modules/Auth.swiftmodule/arm64-apple-ios-simulator.swiftdoc

Copy /Users/shashipandey/Library/Developer/Xcode/DerivedData/RSMS-galdljqllugdxqeukomoxaxsigpi/Build/Products/Debug-iphonesimulator/PackageFrameworks/Auth.framework/Modules/Auth.swiftmodule/arm64-apple-ios-simulator.abi.json /Users/shashipandey/Library/Developer/Xcode/DerivedData/RSMS-galdljqllugdxqeukomoxaxsigpi/Build/Intermediates.noindex/Supabase.build/Debug-iphonesimulator/Auth.build/Objects-normal/arm64/Auth.abi.json (in target 'Auth' from project 'Supabase')
    cd /Users/shashipandey/Library/Developer/Xcode/DerivedData/RSMS-galdljqllugdxqeukomoxaxsigpi/SourcePackages/checkouts/supabase-swift
    builtin-copy -exclude .DS_Store -exclude CVS -exclude .svn -exclude .git -exclude .hg -resolve-src-symlinks -rename /Users/shashipandey/Library/Developer/Xcode/DerivedData/RSMS-galdljqllugdxqeukomoxaxsigpi/Build/Intermediates.noindex/Supabase.build/Debug-iphonesimulator/Auth.build/Objects-normal/arm64/Auth.abi.json /Users/shashipandey/Library/Developer/Xcode/DerivedData/RSMS-galdljqllugdxqeukomoxaxsigpi/Build/Products/Debug-iphonesimulator/PackageFrameworks/Auth.framework/Modules/Auth.swiftmodule/arm64-apple-ios-simulator.abi.json

Copy /Users/shashipandey/Library/Developer/Xcode/DerivedData/RSMS-galdljqllugdxqeukomoxaxsigpi/Build/Products/Debug-iphonesimulator/PackageFrameworks/Auth.framework/Modules/Auth.swiftmodule/Project/arm64-apple-ios-simulator.swiftsourceinfo /Users/shashipandey/Library/Developer/Xcode/DerivedData/RSMS-galdljqllugdxqeukomoxaxsigpi/Build/Intermediates.noindex/Supabase.build/Debug-iphonesimulator/Auth.build/Objects-normal/arm64/Auth.swiftsourceinfo (in target 'Auth' from project 'Supabase')
    cd /Users/shashipandey/Library/Developer/Xcode/DerivedData/RSMS-galdljqllugdxqeukomoxaxsigpi/SourcePackages/checkouts/supabase-swift
    builtin-copy -exclude .DS_Store -exclude CVS -exclude .svn -exclude .git -exclude .hg -resolve-src-symlinks -rename /Users/shashipandey/Library/Developer/Xcode/DerivedData/RSMS-galdljqllugdxqeukomoxaxsigpi/Build/Intermediates.noindex/Supabase.build/Debug-iphonesimulator/Auth.build/Objects-normal/arm64/Auth.swiftsourceinfo /Users/shashipandey/Library/Developer/Xcode/DerivedData/RSMS-galdljqllugdxqeukomoxaxsigpi/Build/Products/Debug-iphonesimulator/PackageFrameworks/Auth.framework/Modules/Auth.swiftmodule/Project/arm64-apple-ios-simulator.swiftsourceinfo

Ld /Users/shashipandey/Library/Developer/Xcode/DerivedData/RSMS-galdljqllugdxqeukomoxaxsigpi/Build/Intermediates.noindex/Supabase.build/Debug-iphonesimulator/Auth.build/Objects-normal/x86_64/Binary/Auth normal x86_64 (in target 'Auth' from project 'Supabase')
    cd /Users/shashipandey/Library/Developer/Xcode/DerivedData/RSMS-galdljqllugdxqeukomoxaxsigpi/SourcePackages/checkouts/supabase-swift
    /Applications/Xcode.app/Contents/Developer/Toolchains/XcodeDefault.xctoolchain/usr/bin/clang -Xlinker -reproducible -target x86_64-apple-ios13.0-simulator -dynamiclib -isysroot /Applications/Xcode.app/Contents/Developer/Platforms/iPhoneSimulator.platform/Developer/SDKs/iPhoneSimulator26.5.sdk -O0 -w -L/Users/shashipandey/Library/Developer/Xcode/DerivedData/RSMS-galdljqllugdxqeukomoxaxsigpi/Build/Intermediates.noindex/EagerLinkingTBDs/Debug-iphonesimulator -L/Users/shashipandey/Library/Developer/Xcode/DerivedData/RSMS-galdljqllugdxqeukomoxaxsigpi/Build/Products/Debug-iphonesimulator -L/Applications/Xcode.app/Contents/Developer/Platforms/iPhoneSimulator.platform/Developer/usr/lib -F/Users/shashipandey/Library/Developer/Xcode/DerivedData/RSMS-galdljqllugdxqeukomoxaxsigpi/Build/Intermediates.noindex/EagerLinkingTBDs/Debug-iphonesimulator -F/Users/shashipandey/Library/Developer/Xcode/DerivedData/RSMS-galdljqllugdxqeukomoxaxsigpi/Build/Products/Debug-iphonesimulator/PackageFrameworks -F/Users/shashipandey/Library/Developer/Xcode/DerivedData/RSMS-galdljqllugdxqeukomoxaxsigpi/Build/Products/Debug-iphonesimulator/PackageFrameworks -F/Users/shashipandey/Library/Developer/Xcode/DerivedData/RSMS-galdljqllugdxqeukomoxaxsigpi/Build/Products/Debug-iphonesimulator/PackageFrameworks -F/Users/shashipandey/Library/Developer/Xcode/DerivedData/RSMS-galdljqllugdxqeukomoxaxsigpi/Build/Products/Debug-iphonesimulator/PackageFrameworks -F/Users/shashipandey/Library/Developer/Xcode/DerivedData/RSMS-galdljqllugdxqeukomoxaxsigpi/Build/Products/Debug-iphonesimulator/PackageFrameworks -F/Users/shashipandey/Library/Developer/Xcode/DerivedData/RSMS-galdljqllugdxqeukomoxaxsigpi/Build/Products/Debug-iphonesimulator/PackageFrameworks -F/Users/shashipandey/Library/Developer/Xcode/DerivedData/RSMS-galdljqllugdxqeukomoxaxsigpi/Build/Products/Debug-iphonesimulator/PackageFrameworks -F/Users/shashipandey/Library/Developer/Xcode/DerivedData/RSMS-galdljqllugdxqeukomoxaxsigpi/Build/Products/Debug-iphonesimulator -iframework /Applications/Xcode.app/Contents/Developer/Platforms/iPhoneSimulator.platform/Developer/Library/Frameworks -iframework /Applications/Xcode.app/Contents/Developer/Platforms/iPhoneSimulator.platform/Developer/SDKs/iPhoneSimulator26.5.sdk/Developer/Library/Frameworks -filelist /Users/shashipandey/Library/Developer/Xcode/DerivedData/RSMS-galdljqllugdxqeukomoxaxsigpi/Build/Intermediates.noindex/Supabase.build/Debug-iphonesimulator/Auth.build/Objects-normal/x86_64/Auth.LinkFileList -install_name @rpath/Auth.framework/Auth -Xlinker -rpath -Xlinker /usr/lib/swift -Xlinker -rpath -Xlinker /Users/shashipandey/Library/Developer/Xcode/DerivedData/RSMS-galdljqllugdxqeukomoxaxsigpi/Build/Products/Debug-iphonesimulator/PackageFrameworks -Xlinker -dead_strip -Xlinker -object_path_lto -Xlinker /Users/shashipandey/Library/Developer/Xcode/DerivedData/RSMS-galdljqllugdxqeukomoxaxsigpi/Build/Intermediates.noindex/Supabase.build/Debug-iphonesimulator/Auth.build/Objects-normal/x86_64/Auth_lto.o -rdynamic -Xlinker -no_deduplicate -Xlinker -objc_abi_version -Xlinker 2 -Xlinker -dependency_info -Xlinker /Users/shashipandey/Library/Developer/Xcode/DerivedData/RSMS-galdljqllugdxqeukomoxaxsigpi/Build/Intermediates.noindex/Supabase.build/Debug-iphonesimulator/Auth.build/Objects-normal/x86_64/Auth_dependency_info.dat -fobjc-link-runtime -L/Applications/Xcode.app/Contents/Developer/Toolchains/XcodeDefault.xctoolchain/usr/lib/swift/iphonesimulator -L/usr/lib/swift -Xlinker -add_ast_path -Xlinker /Users/shashipandey/Library/Developer/Xcode/DerivedData/RSMS-galdljqllugdxqeukomoxaxsigpi/Build/Intermediates.noindex/Supabase.build/Debug-iphonesimulator/Auth.build/Objects-normal/x86_64/Auth.swiftmodule @/Users/shashipandey/Library/Developer/Xcode/DerivedData/RSMS-galdljqllugdxqeukomoxaxsigpi/Build/Intermediates.noindex/Supabase.build/Debug-iphonesimulator/Auth.build/Objects-normal/x86_64/Auth-linker-args.resp -Wl,-no_warn_duplicate_libraries -Wl,-no_warn_duplicate_libraries -Wl,-no_warn_duplicate_libraries -Wl,-no_warn_duplicate_libraries -Wl,-no_warn_duplicate_libraries -Wl,-no_warn_duplicate_libraries -Wl,-no_warn_duplicate_libraries /Users/shashipandey/Library/Developer/Xcode/DerivedData/RSMS-galdljqllugdxqeukomoxaxsigpi/Build/Products/Debug-iphonesimulator/PackageFrameworks/ConcurrencyExtras_-2B4B167800F2E3ED_PackageProduct.framework/ConcurrencyExtras_-2B4B167800F2E3ED_PackageProduct /Users/shashipandey/Library/Developer/Xcode/DerivedData/RSMS-galdljqllugdxqeukomoxaxsigpi/Build/Products/Debug-iphonesimulator/PackageFrameworks/HTTPTypes_6E0498CBABC4245E_PackageProduct.framework/HTTPTypes_6E0498CBABC4245E_PackageProduct /Users/shashipandey/Library/Developer/Xcode/DerivedData/RSMS-galdljqllugdxqeukomoxaxsigpi/Build/Products/Debug-iphonesimulator/PackageFrameworks/Clocks_17A223499E7CA5_PackageProduct.framework/Clocks_17A223499E7CA5_PackageProduct /Users/shashipandey/Library/Developer/Xcode/DerivedData/RSMS-galdljqllugdxqeukomoxaxsigpi/Build/Products/Debug-iphonesimulator/PackageFrameworks/XCTestDynamicOverlay_6187313334988FF6_PackageProduct.framework/XCTestDynamicOverlay_6187313334988FF6_PackageProduct /Users/shashipandey/Library/Developer/Xcode/DerivedData/RSMS-galdljqllugdxqeukomoxaxsigpi/Build/Products/Debug-iphonesimulator/PackageFrameworks/IssueReporting.framework/IssueReporting -framework Helpers /Users/shashipandey/Library/Developer/Xcode/DerivedData/RSMS-galdljqllugdxqeukomoxaxsigpi/Build/Products/Debug-iphonesimulator/PackageFrameworks/Crypto_17A3B1FFC41E47_PackageProduct.framework/Crypto_17A3B1FFC41E47_PackageProduct -o /Users/shashipandey/Library/Developer/Xcode/DerivedData/RSMS-galdljqllugdxqeukomoxaxsigpi/Build/Intermediates.noindex/Supabase.build/Debug-iphonesimulator/Auth.build/Objects-normal/x86_64/Binary/Auth

SwiftDriver Supabase normal x86_64 com.apple.xcode.tools.swift.compiler (in target 'Supabase' from project 'Supabase')
    cd /Users/shashipandey/Desktop/Team-8/RSMS.xcodeproj
    builtin-SwiftDriver -- /Applications/Xcode.app/Contents/Developer/Toolchains/XcodeDefault.xctoolchain/usr/bin/swiftc -module-name Supabase -Onone @/Users/shashipandey/Library/Developer/Xcode/DerivedData/RSMS-galdljqllugdxqeukomoxaxsigpi/Build/Intermediates.noindex/Supabase.build/Debug-iphonesimulator/Supabase.build/Objects-normal/x86_64/Supabase.SwiftFileList -DSWIFT_PACKAGE -DDEBUG -DSWIFT_MODULE_RESOURCE_BUNDLE_UNAVAILABLE -DXcode -enable-upcoming-feature ExistentialAny -enable-experimental-feature StrictConcurrency -plugin-path /Applications/Xcode.app/Contents/Developer/Toolchains/XcodeDefault.xctoolchain/usr/lib/swift/host/plugins/testing -enable-experimental-feature DebugDescriptionMacro -sdk /Applications/Xcode.app/Contents/Developer/Platforms/iPhoneSimulator.platform/Developer/SDKs/iPhoneSimulator26.5.sdk -target x86_64-apple-ios13.0-simulator -g -module-cache-path /Users/shashipandey/Library/Developer/Xcode/DerivedData/ModuleCache.noindex -Xfrontend -serialize-debugging-options -enable-testing -suppress-warnings -index-store-path /Users/shashipandey/Library/Developer/Xcode/DerivedData/RSMS-galdljqllugdxqeukomoxaxsigpi/Index.noindex/DataStore -Xcc -D_LIBCPP_HARDENING_MODE\=_LIBCPP_HARDENING_MODE_DEBUG -swift-version 5 -I /Users/shashipandey/Library/Developer/Xcode/DerivedData/RSMS-galdljqllugdxqeukomoxaxsigpi/Build/Products/Debug-iphonesimulator -Isystem /Applications/Xcode.app/Contents/Developer/Platforms/iPhoneSimulator.platform/Developer/usr/lib -F /Users/shashipandey/Library/Developer/Xcode/DerivedData/RSMS-galdljqllugdxqeukomoxaxsigpi/Build/Products/Debug-iphonesimulator/PackageFrameworks -F /Users/shashipandey/Library/Developer/Xcode/DerivedData/RSMS-galdljqllugdxqeukomoxaxsigpi/Build/Products/Debug-iphonesimulator/PackageFrameworks -F /Users/shashipandey/Library/Developer/Xcode/DerivedData/RSMS-galdljqllugdxqeukomoxaxsigpi/Build/Products/Debug-iphonesimulator/PackageFrameworks -F /Users/shashipandey/Library/Developer/Xcode/DerivedData/RSMS-galdljqllugdxqeukomoxaxsigpi/Build/Products/Debug-iphonesimulator/PackageFrameworks -F /Users/shashipandey/Library/Developer/Xcode/DerivedData/RSMS-galdljqllugdxqeukomoxaxsigpi/Build/Products/Debug-iphonesimulator/PackageFrameworks -F /Users/shashipandey/Library/Developer/Xcode/DerivedData/RSMS-galdljqllugdxqeukomoxaxsigpi/Build/Products/Debug-iphonesimulator/PackageFrameworks -F /Users/shashipandey/Library/Developer/Xcode/DerivedData/RSMS-galdljqllugdxqeukomoxaxsigpi/Build/Products/Debug-iphonesimulator/PackageFrameworks -F /Users/shashipandey/Library/Developer/Xcode/DerivedData/RSMS-galdljqllugdxqeukomoxaxsigpi/Build/Products/Debug-iphonesimulator/PackageFrameworks -F /Users/shashipandey/Library/Developer/Xcode/DerivedData/RSMS-galdljqllugdxqeukomoxaxsigpi/Build/Products/Debug-iphonesimulator/PackageFrameworks -F /Users/shashipandey/Library/Developer/Xcode/DerivedData/RSMS-galdljqllugdxqeukomoxaxsigpi/Build/Products/Debug-iphonesimulator/PackageFrameworks -F /Users/shashipandey/Library/Developer/Xcode/DerivedData/RSMS-galdljqllugdxqeukomoxaxsigpi/Build/Products/Debug-iphonesimulator/PackageFrameworks -F /Users/shashipandey/Library/Developer/Xcode/DerivedData/RSMS-galdljqllugdxqeukomoxaxsigpi/Build/Products/Debug-iphonesimulator/PackageFrameworks -F /Users/shashipandey/Library/Developer/Xcode/DerivedData/RSMS-galdljqllugdxqeukomoxaxsigpi/Build/Products/Debug-iphonesimulator -F /Applications/Xcode.app/Contents/Developer/Platforms/iPhoneSimulator.platform/Developer/Library/Frameworks -F /Applications/Xcode.app/Contents/Developer/Platforms/iPhoneSimulator.platform/Developer/SDKs/iPhoneSimulator26.5.sdk/Developer/Library/Frameworks -c -j10 -enable-batch-mode -incremental -Xcc -ivfsstatcache -Xcc /Users/shashipandey/Library/Developer/Xcode/DerivedData/SDKStatCaches.noindex/iphonesimulator26.5-23F81a-6cfe768891a92b912361537c460fe42b.sdkstatcache -output-file-map /Users/shashipandey/Library/Developer/Xcode/DerivedData/RSMS-galdljqllugdxqeukomoxaxsigpi/Build/Intermediates.noindex/Supabase.build/Debug-iphonesimulator/Supabase.build/Objects-normal/x86_64/Supabase-OutputFileMap.json -use-frontend-parseable-output -save-temps -no-color-diagnostics -explicit-module-build -module-cache-path /Users/shashipandey/Library/Developer/Xcode/DerivedData/RSMS-galdljqllugdxqeukomoxaxsigpi/Build/Intermediates.noindex/SwiftExplicitPrecompiledModules -clang-scanner-module-cache-path /Users/shashipandey/Library/Developer/Xcode/DerivedData/ModuleCache.noindex -sdk-module-cache-path /Users/shashipandey/Library/Developer/Xcode/DerivedData/ModuleCache.noindex -serialize-diagnostics -emit-dependencies -emit-module -emit-module-path /Users/shashipandey/Library/Developer/Xcode/DerivedData/RSMS-galdljqllugdxqeukomoxaxsigpi/Build/Intermediates.noindex/Supabase.build/Debug-iphonesimulator/Supabase.build/Objects-normal/x86_64/Supabase.swiftmodule -validate-clang-modules-once -clang-build-session-file /Users/shashipandey/Library/Developer/Xcode/DerivedData/ModuleCache.noindex/Session.modulevalidation -package-name supabase_swift -Xcc -I/Users/shashipandey/Library/Developer/Xcode/DerivedData/RSMS-galdljqllugdxqeukomoxaxsigpi/Build/Intermediates.noindex/Supabase.build/Debug-iphonesimulator/Supabase.build/swift-overrides.hmap -emit-const-values -Xfrontend -const-gather-protocols-file -Xfrontend /Users/shashipandey/Library/Developer/Xcode/DerivedData/RSMS-galdljqllugdxqeukomoxaxsigpi/Build/Intermediates.noindex/Supabase.build/Debug-iphonesimulator/Supabase.build/Objects-normal/x86_64/Supabase_const_extract_protocols.json -Xcc -I/Users/shashipandey/Library/Developer/Xcode/DerivedData/RSMS-galdljqllugdxqeukomoxaxsigpi/Build/Products/Debug-iphonesimulator/include -Xcc -I/Users/shashipandey/Library/Developer/Xcode/DerivedData/RSMS-galdljqllugdxqeukomoxaxsigpi/Build/Intermediates.noindex/Supabase.build/Debug-iphonesimulator/Supabase.build/DerivedSources-normal/x86_64 -Xcc -I/Users/shashipandey/Library/Developer/Xcode/DerivedData/RSMS-galdljqllugdxqeukomoxaxsigpi/Build/Intermediates.noindex/Supabase.build/Debug-iphonesimulator/Supabase.build/DerivedSources/x86_64 -Xcc -I/Users/shashipandey/Library/Developer/Xcode/DerivedData/RSMS-galdljqllugdxqeukomoxaxsigpi/Build/Intermediates.noindex/Supabase.build/Debug-iphonesimulator/Supabase.build/DerivedSources -Xcc -DSWIFT_PACKAGE -Xcc -DDEBUG\=1 -emit-objc-header -emit-objc-header-path /Users/shashipandey/Library/Developer/Xcode/DerivedData/RSMS-galdljqllugdxqeukomoxaxsigpi/Build/Intermediates.noindex/Supabase.build/Debug-iphonesimulator/Supabase.build/Objects-normal/x86_64/Supabase-Swift.h -working-directory /Users/shashipandey/Desktop/Team-8/RSMS.xcodeproj -experimental-emit-module-separately -disable-cmo

SwiftDriver Supabase normal arm64 com.apple.xcode.tools.swift.compiler (in target 'Supabase' from project 'Supabase')
    cd /Users/shashipandey/Desktop/Team-8/RSMS.xcodeproj
    builtin-SwiftDriver -- /Applications/Xcode.app/Contents/Developer/Toolchains/XcodeDefault.xctoolchain/usr/bin/swiftc -module-name Supabase -Onone @/Users/shashipandey/Library/Developer/Xcode/DerivedData/RSMS-galdljqllugdxqeukomoxaxsigpi/Build/Intermediates.noindex/Supabase.build/Debug-iphonesimulator/Supabase.build/Objects-normal/arm64/Supabase.SwiftFileList -DSWIFT_PACKAGE -DDEBUG -DSWIFT_MODULE_RESOURCE_BUNDLE_UNAVAILABLE -DXcode -enable-upcoming-feature ExistentialAny -enable-experimental-feature StrictConcurrency -plugin-path /Applications/Xcode.app/Contents/Developer/Toolchains/XcodeDefault.xctoolchain/usr/lib/swift/host/plugins/testing -enable-experimental-feature DebugDescriptionMacro -sdk /Applications/Xcode.app/Contents/Developer/Platforms/iPhoneSimulator.platform/Developer/SDKs/iPhoneSimulator26.5.sdk -target arm64-apple-ios13.0-simulator -g -module-cache-path /Users/shashipandey/Library/Developer/Xcode/DerivedData/ModuleCache.noindex -Xfrontend -serialize-debugging-options -enable-testing -suppress-warnings -index-store-path /Users/shashipandey/Library/Developer/Xcode/DerivedData/RSMS-galdljqllugdxqeukomoxaxsigpi/Index.noindex/DataStore -Xcc -D_LIBCPP_HARDENING_MODE\=_LIBCPP_HARDENING_MODE_DEBUG -swift-version 5 -I /Users/shashipandey/Library/Developer/Xcode/DerivedData/RSMS-galdljqllugdxqeukomoxaxsigpi/Build/Products/Debug-iphonesimulator -Isystem /Applications/Xcode.app/Contents/Developer/Platforms/iPhoneSimulator.platform/Developer/usr/lib -F /Users/shashipandey/Library/Developer/Xcode/DerivedData/RSMS-galdljqllugdxqeukomoxaxsigpi/Build/Products/Debug-iphonesimulator/PackageFrameworks -F /Users/shashipandey/Library/Developer/Xcode/DerivedData/RSMS-galdljqllugdxqeukomoxaxsigpi/Build/Products/Debug-iphonesimulator/PackageFrameworks -F /Users/shashipandey/Library/Developer/Xcode/DerivedData/RSMS-galdljqllugdxqeukomoxaxsigpi/Build/Products/Debug-iphonesimulator/PackageFrameworks -F /Users/shashipandey/Library/Developer/Xcode/DerivedData/RSMS-galdljqllugdxqeukomoxaxsigpi/Build/Products/Debug-iphonesimulator/PackageFrameworks -F /Users/shashipandey/Library/Developer/Xcode/DerivedData/RSMS-galdljqllugdxqeukomoxaxsigpi/Build/Products/Debug-iphonesimulator/PackageFrameworks -F /Users/shashipandey/Library/Developer/Xcode/DerivedData/RSMS-galdljqllugdxqeukomoxaxsigpi/Build/Products/Debug-iphonesimulator/PackageFrameworks -F /Users/shashipandey/Library/Developer/Xcode/DerivedData/RSMS-galdljqllugdxqeukomoxaxsigpi/Build/Products/Debug-iphonesimulator/PackageFrameworks -F /Users/shashipandey/Library/Developer/Xcode/DerivedData/RSMS-galdljqllugdxqeukomoxaxsigpi/Build/Products/Debug-iphonesimulator/PackageFrameworks -F /Users/shashipandey/Library/Developer/Xcode/DerivedData/RSMS-galdljqllugdxqeukomoxaxsigpi/Build/Products/Debug-iphonesimulator/PackageFrameworks -F /Users/shashipandey/Library/Developer/Xcode/DerivedData/RSMS-galdljqllugdxqeukomoxaxsigpi/Build/Products/Debug-iphonesimulator/PackageFrameworks -F /Users/shashipandey/Library/Developer/Xcode/DerivedData/RSMS-galdljqllugdxqeukomoxaxsigpi/Build/Products/Debug-iphonesimulator/PackageFrameworks -F /Users/shashipandey/Library/Developer/Xcode/DerivedData/RSMS-galdljqllugdxqeukomoxaxsigpi/Build/Products/Debug-iphonesimulator/PackageFrameworks -F /Users/shashipandey/Library/Developer/Xcode/DerivedData/RSMS-galdljqllugdxqeukomoxaxsigpi/Build/Products/Debug-iphonesimulator -F /Applications/Xcode.app/Contents/Developer/Platforms/iPhoneSimulator.platform/Developer/Library/Frameworks -F /Applications/Xcode.app/Contents/Developer/Platforms/iPhoneSimulator.platform/Developer/SDKs/iPhoneSimulator26.5.sdk/Developer/Library/Frameworks -c -j10 -enable-batch-mode -incremental -Xcc -ivfsstatcache -Xcc /Users/shashipandey/Library/Developer/Xcode/DerivedData/SDKStatCaches.noindex/iphonesimulator26.5-23F81a-6cfe768891a92b912361537c460fe42b.sdkstatcache -output-file-map /Users/shashipandey/Library/Developer/Xcode/DerivedData/RSMS-galdljqllugdxqeukomoxaxsigpi/Build/Intermediates.noindex/Supabase.build/Debug-iphonesimulator/Supabase.build/Objects-normal/arm64/Supabase-OutputFileMap.json -use-frontend-parseable-output -save-temps -no-color-diagnostics -explicit-module-build -module-cache-path /Users/shashipandey/Library/Developer/Xcode/DerivedData/RSMS-galdljqllugdxqeukomoxaxsigpi/Build/Intermediates.noindex/SwiftExplicitPrecompiledModules -clang-scanner-module-cache-path /Users/shashipandey/Library/Developer/Xcode/DerivedData/ModuleCache.noindex -sdk-module-cache-path /Users/shashipandey/Library/Developer/Xcode/DerivedData/ModuleCache.noindex -serialize-diagnostics -emit-dependencies -emit-module -emit-module-path /Users/shashipandey/Library/Developer/Xcode/DerivedData/RSMS-galdljqllugdxqeukomoxaxsigpi/Build/Intermediates.noindex/Supabase.build/Debug-iphonesimulator/Supabase.build/Objects-normal/arm64/Supabase.swiftmodule -validate-clang-modules-once -clang-build-session-file /Users/shashipandey/Library/Developer/Xcode/DerivedData/ModuleCache.noindex/Session.modulevalidation -package-name supabase_swift -Xcc -I/Users/shashipandey/Library/Developer/Xcode/DerivedData/RSMS-galdljqllugdxqeukomoxaxsigpi/Build/Intermediates.noindex/Supabase.build/Debug-iphonesimulator/Supabase.build/swift-overrides.hmap -emit-const-values -Xfrontend -const-gather-protocols-file -Xfrontend /Users/shashipandey/Library/Developer/Xcode/DerivedData/RSMS-galdljqllugdxqeukomoxaxsigpi/Build/Intermediates.noindex/Supabase.build/Debug-iphonesimulator/Supabase.build/Objects-normal/arm64/Supabase_const_extract_protocols.json -Xcc -I/Users/shashipandey/Library/Developer/Xcode/DerivedData/RSMS-galdljqllugdxqeukomoxaxsigpi/Build/Products/Debug-iphonesimulator/include -Xcc -I/Users/shashipandey/Library/Developer/Xcode/DerivedData/RSMS-galdljqllugdxqeukomoxaxsigpi/Build/Intermediates.noindex/Supabase.build/Debug-iphonesimulator/Supabase.build/DerivedSources-normal/arm64 -Xcc -I/Users/shashipandey/Library/Developer/Xcode/DerivedData/RSMS-galdljqllugdxqeukomoxaxsigpi/Build/Intermediates.noindex/Supabase.build/Debug-iphonesimulator/Supabase.build/DerivedSources/arm64 -Xcc -I/Users/shashipandey/Library/Developer/Xcode/DerivedData/RSMS-galdljqllugdxqeukomoxaxsigpi/Build/Intermediates.noindex/Supabase.build/Debug-iphonesimulator/Supabase.build/DerivedSources -Xcc -DSWIFT_PACKAGE -Xcc -DDEBUG\=1 -emit-objc-header -emit-objc-header-path /Users/shashipandey/Library/Developer/Xcode/DerivedData/RSMS-galdljqllugdxqeukomoxaxsigpi/Build/Intermediates.noindex/Supabase.build/Debug-iphonesimulator/Supabase.build/Objects-normal/arm64/Supabase-Swift.h -working-directory /Users/shashipandey/Desktop/Team-8/RSMS.xcodeproj -experimental-emit-module-separately -disable-cmo

Ld /Users/shashipandey/Library/Developer/Xcode/DerivedData/RSMS-galdljqllugdxqeukomoxaxsigpi/Build/Intermediates.noindex/Supabase.build/Debug-iphonesimulator/Auth.build/Objects-normal/arm64/Binary/Auth normal arm64 (in target 'Auth' from project 'Supabase')
    cd /Users/shashipandey/Library/Developer/Xcode/DerivedData/RSMS-galdljqllugdxqeukomoxaxsigpi/SourcePackages/checkouts/supabase-swift
    /Applications/Xcode.app/Contents/Developer/Toolchains/XcodeDefault.xctoolchain/usr/bin/clang -Xlinker -reproducible -target arm64-apple-ios13.0-simulator -dynamiclib -isysroot /Applications/Xcode.app/Contents/Developer/Platforms/iPhoneSimulator.platform/Developer/SDKs/iPhoneSimulator26.5.sdk -O0 -w -L/Users/shashipandey/Library/Developer/Xcode/DerivedData/RSMS-galdljqllugdxqeukomoxaxsigpi/Build/Intermediates.noindex/EagerLinkingTBDs/Debug-iphonesimulator -L/Users/shashipandey/Library/Developer/Xcode/DerivedData/RSMS-galdljqllugdxqeukomoxaxsigpi/Build/Products/Debug-iphonesimulator -L/Applications/Xcode.app/Contents/Developer/Platforms/iPhoneSimulator.platform/Developer/usr/lib -F/Users/shashipandey/Library/Developer/Xcode/DerivedData/RSMS-galdljqllugdxqeukomoxaxsigpi/Build/Intermediates.noindex/EagerLinkingTBDs/Debug-iphonesimulator -F/Users/shashipandey/Library/Developer/Xcode/DerivedData/RSMS-galdljqllugdxqeukomoxaxsigpi/Build/Products/Debug-iphonesimulator/PackageFrameworks -F/Users/shashipandey/Library/Developer/Xcode/DerivedData/RSMS-galdljqllugdxqeukomoxaxsigpi/Build/Products/Debug-iphonesimulator/PackageFrameworks -F/Users/shashipandey/Library/Developer/Xcode/DerivedData/RSMS-galdljqllugdxqeukomoxaxsigpi/Build/Products/Debug-iphonesimulator/PackageFrameworks -F/Users/shashipandey/Library/Developer/Xcode/DerivedData/RSMS-galdljqllugdxqeukomoxaxsigpi/Build/Products/Debug-iphonesimulator/PackageFrameworks -F/Users/shashipandey/Library/Developer/Xcode/DerivedData/RSMS-galdljqllugdxqeukomoxaxsigpi/Build/Products/Debug-iphonesimulator/PackageFrameworks -F/Users/shashipandey/Library/Developer/Xcode/DerivedData/RSMS-galdljqllugdxqeukomoxaxsigpi/Build/Products/Debug-iphonesimulator/PackageFrameworks -F/Users/shashipandey/Library/Developer/Xcode/DerivedData/RSMS-galdljqllugdxqeukomoxaxsigpi/Build/Products/Debug-iphonesimulator/PackageFrameworks -F/Users/shashipandey/Library/Developer/Xcode/DerivedData/RSMS-galdljqllugdxqeukomoxaxsigpi/Build/Products/Debug-iphonesimulator -iframework /Applications/Xcode.app/Contents/Developer/Platforms/iPhoneSimulator.platform/Developer/Library/Frameworks -iframework /Applications/Xcode.app/Contents/Developer/Platforms/iPhoneSimulator.platform/Developer/SDKs/iPhoneSimulator26.5.sdk/Developer/Library/Frameworks -filelist /Users/shashipandey/Library/Developer/Xcode/DerivedData/RSMS-galdljqllugdxqeukomoxaxsigpi/Build/Intermediates.noindex/Supabase.build/Debug-iphonesimulator/Auth.build/Objects-normal/arm64/Auth.LinkFileList -install_name @rpath/Auth.framework/Auth -Xlinker -rpath -Xlinker /usr/lib/swift -Xlinker -rpath -Xlinker /Users/shashipandey/Library/Developer/Xcode/DerivedData/RSMS-galdljqllugdxqeukomoxaxsigpi/Build/Products/Debug-iphonesimulator/PackageFrameworks -Xlinker -dead_strip -Xlinker -object_path_lto -Xlinker /Users/shashipandey/Library/Developer/Xcode/DerivedData/RSMS-galdljqllugdxqeukomoxaxsigpi/Build/Intermediates.noindex/Supabase.build/Debug-iphonesimulator/Auth.build/Objects-normal/arm64/Auth_lto.o -rdynamic -Xlinker -no_deduplicate -Xlinker -objc_abi_version -Xlinker 2 -Xlinker -dependency_info -Xlinker /Users/shashipandey/Library/Developer/Xcode/DerivedData/RSMS-galdljqllugdxqeukomoxaxsigpi/Build/Intermediates.noindex/Supabase.build/Debug-iphonesimulator/Auth.build/Objects-normal/arm64/Auth_dependency_info.dat -fobjc-link-runtime -L/Applications/Xcode.app/Contents/Developer/Toolchains/XcodeDefault.xctoolchain/usr/lib/swift/iphonesimulator -L/usr/lib/swift -Xlinker -add_ast_path -Xlinker /Users/shashipandey/Library/Developer/Xcode/DerivedData/RSMS-galdljqllugdxqeukomoxaxsigpi/Build/Intermediates.noindex/Supabase.build/Debug-iphonesimulator/Auth.build/Objects-normal/arm64/Auth.swiftmodule @/Users/shashipandey/Library/Developer/Xcode/DerivedData/RSMS-galdljqllugdxqeukomoxaxsigpi/Build/Intermediates.noindex/Supabase.build/Debug-iphonesimulator/Auth.build/Objects-normal/arm64/Auth-linker-args.resp -Wl,-no_warn_duplicate_libraries -Wl,-no_warn_duplicate_libraries -Wl,-no_warn_duplicate_libraries -Wl,-no_warn_duplicate_libraries -Wl,-no_warn_duplicate_libraries -Wl,-no_warn_duplicate_libraries -Wl,-no_warn_duplicate_libraries /Users/shashipandey/Library/Developer/Xcode/DerivedData/RSMS-galdljqllugdxqeukomoxaxsigpi/Build/Products/Debug-iphonesimulator/PackageFrameworks/ConcurrencyExtras_-2B4B167800F2E3ED_PackageProduct.framework/ConcurrencyExtras_-2B4B167800F2E3ED_PackageProduct /Users/shashipandey/Library/Developer/Xcode/DerivedData/RSMS-galdljqllugdxqeukomoxaxsigpi/Build/Products/Debug-iphonesimulator/PackageFrameworks/HTTPTypes_6E0498CBABC4245E_PackageProduct.framework/HTTPTypes_6E0498CBABC4245E_PackageProduct /Users/shashipandey/Library/Developer/Xcode/DerivedData/RSMS-galdljqllugdxqeukomoxaxsigpi/Build/Products/Debug-iphonesimulator/PackageFrameworks/Clocks_17A223499E7CA5_PackageProduct.framework/Clocks_17A223499E7CA5_PackageProduct /Users/shashipandey/Library/Developer/Xcode/DerivedData/RSMS-galdljqllugdxqeukomoxaxsigpi/Build/Products/Debug-iphonesimulator/PackageFrameworks/XCTestDynamicOverlay_6187313334988FF6_PackageProduct.framework/XCTestDynamicOverlay_6187313334988FF6_PackageProduct /Users/shashipandey/Library/Developer/Xcode/DerivedData/RSMS-galdljqllugdxqeukomoxaxsigpi/Build/Products/Debug-iphonesimulator/PackageFrameworks/IssueReporting.framework/IssueReporting -framework Helpers /Users/shashipandey/Library/Developer/Xcode/DerivedData/RSMS-galdljqllugdxqeukomoxaxsigpi/Build/Products/Debug-iphonesimulator/PackageFrameworks/Crypto_17A3B1FFC41E47_PackageProduct.framework/Crypto_17A3B1FFC41E47_PackageProduct -o /Users/shashipandey/Library/Developer/Xcode/DerivedData/RSMS-galdljqllugdxqeukomoxaxsigpi/Build/Intermediates.noindex/Supabase.build/Debug-iphonesimulator/Auth.build/Objects-normal/arm64/Binary/Auth

CreateUniversalBinary /Users/shashipandey/Library/Developer/Xcode/DerivedData/RSMS-galdljqllugdxqeukomoxaxsigpi/Build/Products/Debug-iphonesimulator/PackageFrameworks/PostgREST.framework/PostgREST normal arm64\ x86_64 (in target 'PostgREST' from project 'Supabase')
    cd /Users/shashipandey/Library/Developer/Xcode/DerivedData/RSMS-galdljqllugdxqeukomoxaxsigpi/SourcePackages/checkouts/supabase-swift
    /Applications/Xcode.app/Contents/Developer/Toolchains/XcodeDefault.xctoolchain/usr/bin/lipo -create /Users/shashipandey/Library/Developer/Xcode/DerivedData/RSMS-galdljqllugdxqeukomoxaxsigpi/Build/Intermediates.noindex/Supabase.build/Debug-iphonesimulator/PostgREST.build/Objects-normal/arm64/Binary/PostgREST /Users/shashipandey/Library/Developer/Xcode/DerivedData/RSMS-galdljqllugdxqeukomoxaxsigpi/Build/Intermediates.noindex/Supabase.build/Debug-iphonesimulator/PostgREST.build/Objects-normal/x86_64/Binary/PostgREST -output /Users/shashipandey/Library/Developer/Xcode/DerivedData/RSMS-galdljqllugdxqeukomoxaxsigpi/Build/Products/Debug-iphonesimulator/PackageFrameworks/PostgREST.framework/PostgREST

ExtractAppIntentsMetadata (in target 'PostgREST' from project 'Supabase')
    cd /Users/shashipandey/Library/Developer/Xcode/DerivedData/RSMS-galdljqllugdxqeukomoxaxsigpi/SourcePackages/checkouts/supabase-swift
    /Applications/Xcode.app/Contents/Developer/Toolchains/XcodeDefault.xctoolchain/usr/bin/appintentsmetadataprocessor --toolchain-dir /Applications/Xcode.app/Contents/Developer/Toolchains/XcodeDefault.xctoolchain --module-name PostgREST --sdk-root /Applications/Xcode.app/Contents/Developer/Platforms/iPhoneSimulator.platform/Developer/SDKs/iPhoneSimulator26.5.sdk --xcode-version 17F113 --platform-family iOS --deployment-target 13.0 --bundle-identifier supabase-swift.PostgREST --output /Users/shashipandey/Library/Developer/Xcode/DerivedData/RSMS-galdljqllugdxqeukomoxaxsigpi/Build/Products/Debug-iphonesimulator/PackageFrameworks/PostgREST.framework --target-triple arm64-apple-ios13.0-simulator --target-triple x86_64-apple-ios13.0-simulator --binary-file /Users/shashipandey/Library/Developer/Xcode/DerivedData/RSMS-galdljqllugdxqeukomoxaxsigpi/Build/Products/Debug-iphonesimulator/PackageFrameworks/PostgREST.framework/PostgREST --dependency-file /Users/shashipandey/Library/Developer/Xcode/DerivedData/RSMS-galdljqllugdxqeukomoxaxsigpi/Build/Intermediates.noindex/Supabase.build/Debug-iphonesimulator/PostgREST.build/Objects-normal/arm64/PostgREST_dependency_info.dat --dependency-file /Users/shashipandey/Library/Developer/Xcode/DerivedData/RSMS-galdljqllugdxqeukomoxaxsigpi/Build/Intermediates.noindex/Supabase.build/Debug-iphonesimulator/PostgREST.build/Objects-normal/x86_64/PostgREST_dependency_info.dat --stringsdata-file /Users/shashipandey/Library/Developer/Xcode/DerivedData/RSMS-galdljqllugdxqeukomoxaxsigpi/Build/Intermediates.noindex/Supabase.build/Debug-iphonesimulator/PostgREST.build/Objects-normal/arm64/ExtractedAppShortcutsMetadata.stringsdata --stringsdata-file /Users/shashipandey/Library/Developer/Xcode/DerivedData/RSMS-galdljqllugdxqeukomoxaxsigpi/Build/Intermediates.noindex/Supabase.build/Debug-iphonesimulator/PostgREST.build/Objects-normal/x86_64/ExtractedAppShortcutsMetadata.stringsdata --source-file-list /Users/shashipandey/Library/Developer/Xcode/DerivedData/RSMS-galdljqllugdxqeukomoxaxsigpi/Build/Intermediates.noindex/Supabase.build/Debug-iphonesimulator/PostgREST.build/Objects-normal/arm64/PostgREST.SwiftFileList --source-file-list /Users/shashipandey/Library/Developer/Xcode/DerivedData/RSMS-galdljqllugdxqeukomoxaxsigpi/Build/Intermediates.noindex/Supabase.build/Debug-iphonesimulator/PostgREST.build/Objects-normal/x86_64/PostgREST.SwiftFileList --metadata-file-list /Users/shashipandey/Library/Developer/Xcode/DerivedData/RSMS-galdljqllugdxqeukomoxaxsigpi/Build/Intermediates.noindex/Supabase.build/Debug-iphonesimulator/PostgREST.build/PostgREST.DependencyMetadataFileList --static-metadata-file-list /Users/shashipandey/Library/Developer/Xcode/DerivedData/RSMS-galdljqllugdxqeukomoxaxsigpi/Build/Intermediates.noindex/Supabase.build/Debug-iphonesimulator/PostgREST.build/PostgREST.DependencyStaticMetadataFileList --swift-const-vals-list /Users/shashipandey/Library/Developer/Xcode/DerivedData/RSMS-galdljqllugdxqeukomoxaxsigpi/Build/Intermediates.noindex/Supabase.build/Debug-iphonesimulator/PostgREST.build/Objects-normal/arm64/PostgREST.SwiftConstValuesFileList --swift-const-vals-list /Users/shashipandey/Library/Developer/Xcode/DerivedData/RSMS-galdljqllugdxqeukomoxaxsigpi/Build/Intermediates.noindex/Supabase.build/Debug-iphonesimulator/PostgREST.build/Objects-normal/x86_64/PostgREST.SwiftConstValuesFileList --compile-time-extraction --deployment-aware-processing --validate-assistant-intents --no-app-shortcuts-localization
2026-07-07 16:58:08.256 appintentsmetadataprocessor[23203:378172] Starting appintentsmetadataprocessor export
2026-07-07 16:58:08.258 appintentsmetadataprocessor[23203:378172] warning: Metadata extraction skipped. No AppIntents.framework dependency found.

CreateUniversalBinary /Users/shashipandey/Library/Developer/Xcode/DerivedData/RSMS-galdljqllugdxqeukomoxaxsigpi/Build/Products/Debug-iphonesimulator/PackageFrameworks/Storage.framework/Storage normal arm64\ x86_64 (in target 'Storage' from project 'Supabase')
    cd /Users/shashipandey/Library/Developer/Xcode/DerivedData/RSMS-galdljqllugdxqeukomoxaxsigpi/SourcePackages/checkouts/supabase-swift
    /Applications/Xcode.app/Contents/Developer/Toolchains/XcodeDefault.xctoolchain/usr/bin/lipo -create /Users/shashipandey/Library/Developer/Xcode/DerivedData/RSMS-galdljqllugdxqeukomoxaxsigpi/Build/Intermediates.noindex/Supabase.build/Debug-iphonesimulator/Storage.build/Objects-normal/arm64/Binary/Storage /Users/shashipandey/Library/Developer/Xcode/DerivedData/RSMS-galdljqllugdxqeukomoxaxsigpi/Build/Intermediates.noindex/Supabase.build/Debug-iphonesimulator/Storage.build/Objects-normal/x86_64/Binary/Storage -output /Users/shashipandey/Library/Developer/Xcode/DerivedData/RSMS-galdljqllugdxqeukomoxaxsigpi/Build/Products/Debug-iphonesimulator/PackageFrameworks/Storage.framework/Storage

ExtractAppIntentsMetadata (in target 'Storage' from project 'Supabase')
    cd /Users/shashipandey/Library/Developer/Xcode/DerivedData/RSMS-galdljqllugdxqeukomoxaxsigpi/SourcePackages/checkouts/supabase-swift
    /Applications/Xcode.app/Contents/Developer/Toolchains/XcodeDefault.xctoolchain/usr/bin/appintentsmetadataprocessor --toolchain-dir /Applications/Xcode.app/Contents/Developer/Toolchains/XcodeDefault.xctoolchain --module-name Storage --sdk-root /Applications/Xcode.app/Contents/Developer/Platforms/iPhoneSimulator.platform/Developer/SDKs/iPhoneSimulator26.5.sdk --xcode-version 17F113 --platform-family iOS --deployment-target 13.0 --bundle-identifier supabase-swift.Storage --output /Users/shashipandey/Library/Developer/Xcode/DerivedData/RSMS-galdljqllugdxqeukomoxaxsigpi/Build/Products/Debug-iphonesimulator/PackageFrameworks/Storage.framework --target-triple arm64-apple-ios13.0-simulator --target-triple x86_64-apple-ios13.0-simulator --binary-file /Users/shashipandey/Library/Developer/Xcode/DerivedData/RSMS-galdljqllugdxqeukomoxaxsigpi/Build/Products/Debug-iphonesimulator/PackageFrameworks/Storage.framework/Storage --dependency-file /Users/shashipandey/Library/Developer/Xcode/DerivedData/RSMS-galdljqllugdxqeukomoxaxsigpi/Build/Intermediates.noindex/Supabase.build/Debug-iphonesimulator/Storage.build/Objects-normal/arm64/Storage_dependency_info.dat --dependency-file /Users/shashipandey/Library/Developer/Xcode/DerivedData/RSMS-galdljqllugdxqeukomoxaxsigpi/Build/Intermediates.noindex/Supabase.build/Debug-iphonesimulator/Storage.build/Objects-normal/x86_64/Storage_dependency_info.dat --stringsdata-file /Users/shashipandey/Library/Developer/Xcode/DerivedData/RSMS-galdljqllugdxqeukomoxaxsigpi/Build/Intermediates.noindex/Supabase.build/Debug-iphonesimulator/Storage.build/Objects-normal/arm64/ExtractedAppShortcutsMetadata.stringsdata --stringsdata-file /Users/shashipandey/Library/Developer/Xcode/DerivedData/RSMS-galdljqllugdxqeukomoxaxsigpi/Build/Intermediates.noindex/Supabase.build/Debug-iphonesimulator/Storage.build/Objects-normal/x86_64/ExtractedAppShortcutsMetadata.stringsdata --source-file-list /Users/shashipandey/Library/Developer/Xcode/DerivedData/RSMS-galdljqllugdxqeukomoxaxsigpi/Build/Intermediates.noindex/Supabase.build/Debug-iphonesimulator/Storage.build/Objects-normal/arm64/Storage.SwiftFileList --source-file-list /Users/shashipandey/Library/Developer/Xcode/DerivedData/RSMS-galdljqllugdxqeukomoxaxsigpi/Build/Intermediates.noindex/Supabase.build/Debug-iphonesimulator/Storage.build/Objects-normal/x86_64/Storage.SwiftFileList --metadata-file-list /Users/shashipandey/Library/Developer/Xcode/DerivedData/RSMS-galdljqllugdxqeukomoxaxsigpi/Build/Intermediates.noindex/Supabase.build/Debug-iphonesimulator/Storage.build/Storage.DependencyMetadataFileList --static-metadata-file-list /Users/shashipandey/Library/Developer/Xcode/DerivedData/RSMS-galdljqllugdxqeukomoxaxsigpi/Build/Intermediates.noindex/Supabase.build/Debug-iphonesimulator/Storage.build/Storage.DependencyStaticMetadataFileList --swift-const-vals-list /Users/shashipandey/Library/Developer/Xcode/DerivedData/RSMS-galdljqllugdxqeukomoxaxsigpi/Build/Intermediates.noindex/Supabase.build/Debug-iphonesimulator/Storage.build/Objects-normal/arm64/Storage.SwiftConstValuesFileList --swift-const-vals-list /Users/shashipandey/Library/Developer/Xcode/DerivedData/RSMS-galdljqllugdxqeukomoxaxsigpi/Build/Intermediates.noindex/Supabase.build/Debug-iphonesimulator/Storage.build/Objects-normal/x86_64/Storage.SwiftConstValuesFileList --compile-time-extraction --deployment-aware-processing --validate-assistant-intents --no-app-shortcuts-localization
2026-07-07 16:58:08.309 appintentsmetadataprocessor[23205:378174] Starting appintentsmetadataprocessor export
2026-07-07 16:58:08.310 appintentsmetadataprocessor[23205:378174] warning: Metadata extraction skipped. No AppIntents.framework dependency found.

SwiftDriver\ Compilation\ Requirements Supabase normal x86_64 com.apple.xcode.tools.swift.compiler (in target 'Supabase' from project 'Supabase')
    cd /Users/shashipandey/Desktop/Team-8/RSMS.xcodeproj
    builtin-Swift-Compilation-Requirements -- /Applications/Xcode.app/Contents/Developer/Toolchains/XcodeDefault.xctoolchain/usr/bin/swiftc -module-name Supabase -Onone @/Users/shashipandey/Library/Developer/Xcode/DerivedData/RSMS-galdljqllugdxqeukomoxaxsigpi/Build/Intermediates.noindex/Supabase.build/Debug-iphonesimulator/Supabase.build/Objects-normal/x86_64/Supabase.SwiftFileList -DSWIFT_PACKAGE -DDEBUG -DSWIFT_MODULE_RESOURCE_BUNDLE_UNAVAILABLE -DXcode -enable-upcoming-feature ExistentialAny -enable-experimental-feature StrictConcurrency -plugin-path /Applications/Xcode.app/Contents/Developer/Toolchains/XcodeDefault.xctoolchain/usr/lib/swift/host/plugins/testing -enable-experimental-feature DebugDescriptionMacro -sdk /Applications/Xcode.app/Contents/Developer/Platforms/iPhoneSimulator.platform/Developer/SDKs/iPhoneSimulator26.5.sdk -target x86_64-apple-ios13.0-simulator -g -module-cache-path /Users/shashipandey/Library/Developer/Xcode/DerivedData/ModuleCache.noindex -Xfrontend -serialize-debugging-options -enable-testing -suppress-warnings -index-store-path /Users/shashipandey/Library/Developer/Xcode/DerivedData/RSMS-galdljqllugdxqeukomoxaxsigpi/Index.noindex/DataStore -Xcc -D_LIBCPP_HARDENING_MODE\=_LIBCPP_HARDENING_MODE_DEBUG -swift-version 5 -I /Users/shashipandey/Library/Developer/Xcode/DerivedData/RSMS-galdljqllugdxqeukomoxaxsigpi/Build/Products/Debug-iphonesimulator -Isystem /Applications/Xcode.app/Contents/Developer/Platforms/iPhoneSimulator.platform/Developer/usr/lib -F /Users/shashipandey/Library/Developer/Xcode/DerivedData/RSMS-galdljqllugdxqeukomoxaxsigpi/Build/Products/Debug-iphonesimulator/PackageFrameworks -F /Users/shashipandey/Library/Developer/Xcode/DerivedData/RSMS-galdljqllugdxqeukomoxaxsigpi/Build/Products/Debug-iphonesimulator/PackageFrameworks -F /Users/shashipandey/Library/Developer/Xcode/DerivedData/RSMS-galdljqllugdxqeukomoxaxsigpi/Build/Products/Debug-iphonesimulator/PackageFrameworks -F /Users/shashipandey/Library/Developer/Xcode/DerivedData/RSMS-galdljqllugdxqeukomoxaxsigpi/Build/Products/Debug-iphonesimulator/PackageFrameworks -F /Users/shashipandey/Library/Developer/Xcode/DerivedData/RSMS-galdljqllugdxqeukomoxaxsigpi/Build/Products/Debug-iphonesimulator/PackageFrameworks -F /Users/shashipandey/Library/Developer/Xcode/DerivedData/RSMS-galdljqllugdxqeukomoxaxsigpi/Build/Products/Debug-iphonesimulator/PackageFrameworks -F /Users/shashipandey/Library/Developer/Xcode/DerivedData/RSMS-galdljqllugdxqeukomoxaxsigpi/Build/Products/Debug-iphonesimulator/PackageFrameworks -F /Users/shashipandey/Library/Developer/Xcode/DerivedData/RSMS-galdljqllugdxqeukomoxaxsigpi/Build/Products/Debug-iphonesimulator/PackageFrameworks -F /Users/shashipandey/Library/Developer/Xcode/DerivedData/RSMS-galdljqllugdxqeukomoxaxsigpi/Build/Products/Debug-iphonesimulator/PackageFrameworks -F /Users/shashipandey/Library/Developer/Xcode/DerivedData/RSMS-galdljqllugdxqeukomoxaxsigpi/Build/Products/Debug-iphonesimulator/PackageFrameworks -F /Users/shashipandey/Library/Developer/Xcode/DerivedData/RSMS-galdljqllugdxqeukomoxaxsigpi/Build/Products/Debug-iphonesimulator/PackageFrameworks -F /Users/shashipandey/Library/Developer/Xcode/DerivedData/RSMS-galdljqllugdxqeukomoxaxsigpi/Build/Products/Debug-iphonesimulator/PackageFrameworks -F /Users/shashipandey/Library/Developer/Xcode/DerivedData/RSMS-galdljqllugdxqeukomoxaxsigpi/Build/Products/Debug-iphonesimulator -F /Applications/Xcode.app/Contents/Developer/Platforms/iPhoneSimulator.platform/Developer/Library/Frameworks -F /Applications/Xcode.app/Contents/Developer/Platforms/iPhoneSimulator.platform/Developer/SDKs/iPhoneSimulator26.5.sdk/Developer/Library/Frameworks -c -j10 -enable-batch-mode -incremental -Xcc -ivfsstatcache -Xcc /Users/shashipandey/Library/Developer/Xcode/DerivedData/SDKStatCaches.noindex/iphonesimulator26.5-23F81a-6cfe768891a92b912361537c460fe42b.sdkstatcache -output-file-map /Users/shashipandey/Library/Developer/Xcode/DerivedData/RSMS-galdljqllugdxqeukomoxaxsigpi/Build/Intermediates.noindex/Supabase.build/Debug-iphonesimulator/Supabase.build/Objects-normal/x86_64/Supabase-OutputFileMap.json -use-frontend-parseable-output -save-temps -no-color-diagnostics -explicit-module-build -module-cache-path /Users/shashipandey/Library/Developer/Xcode/DerivedData/RSMS-galdljqllugdxqeukomoxaxsigpi/Build/Intermediates.noindex/SwiftExplicitPrecompiledModules -clang-scanner-module-cache-path /Users/shashipandey/Library/Developer/Xcode/DerivedData/ModuleCache.noindex -sdk-module-cache-path /Users/shashipandey/Library/Developer/Xcode/DerivedData/ModuleCache.noindex -serialize-diagnostics -emit-dependencies -emit-module -emit-module-path /Users/shashipandey/Library/Developer/Xcode/DerivedData/RSMS-galdljqllugdxqeukomoxaxsigpi/Build/Intermediates.noindex/Supabase.build/Debug-iphonesimulator/Supabase.build/Objects-normal/x86_64/Supabase.swiftmodule -validate-clang-modules-once -clang-build-session-file /Users/shashipandey/Library/Developer/Xcode/DerivedData/ModuleCache.noindex/Session.modulevalidation -package-name supabase_swift -Xcc -I/Users/shashipandey/Library/Developer/Xcode/DerivedData/RSMS-galdljqllugdxqeukomoxaxsigpi/Build/Intermediates.noindex/Supabase.build/Debug-iphonesimulator/Supabase.build/swift-overrides.hmap -emit-const-values -Xfrontend -const-gather-protocols-file -Xfrontend /Users/shashipandey/Library/Developer/Xcode/DerivedData/RSMS-galdljqllugdxqeukomoxaxsigpi/Build/Intermediates.noindex/Supabase.build/Debug-iphonesimulator/Supabase.build/Objects-normal/x86_64/Supabase_const_extract_protocols.json -Xcc -I/Users/shashipandey/Library/Developer/Xcode/DerivedData/RSMS-galdljqllugdxqeukomoxaxsigpi/Build/Products/Debug-iphonesimulator/include -Xcc -I/Users/shashipandey/Library/Developer/Xcode/DerivedData/RSMS-galdljqllugdxqeukomoxaxsigpi/Build/Intermediates.noindex/Supabase.build/Debug-iphonesimulator/Supabase.build/DerivedSources-normal/x86_64 -Xcc -I/Users/shashipandey/Library/Developer/Xcode/DerivedData/RSMS-galdljqllugdxqeukomoxaxsigpi/Build/Intermediates.noindex/Supabase.build/Debug-iphonesimulator/Supabase.build/DerivedSources/x86_64 -Xcc -I/Users/shashipandey/Library/Developer/Xcode/DerivedData/RSMS-galdljqllugdxqeukomoxaxsigpi/Build/Intermediates.noindex/Supabase.build/Debug-iphonesimulator/Supabase.build/DerivedSources -Xcc -DSWIFT_PACKAGE -Xcc -DDEBUG\=1 -emit-objc-header -emit-objc-header-path /Users/shashipandey/Library/Developer/Xcode/DerivedData/RSMS-galdljqllugdxqeukomoxaxsigpi/Build/Intermediates.noindex/Supabase.build/Debug-iphonesimulator/Supabase.build/Objects-normal/x86_64/Supabase-Swift.h -working-directory /Users/shashipandey/Desktop/Team-8/RSMS.xcodeproj -experimental-emit-module-separately -disable-cmo

SwiftDriver\ Compilation Supabase normal x86_64 com.apple.xcode.tools.swift.compiler (in target 'Supabase' from project 'Supabase')
    cd /Users/shashipandey/Desktop/Team-8/RSMS.xcodeproj
    builtin-Swift-Compilation -- /Applications/Xcode.app/Contents/Developer/Toolchains/XcodeDefault.xctoolchain/usr/bin/swiftc -module-name Supabase -Onone @/Users/shashipandey/Library/Developer/Xcode/DerivedData/RSMS-galdljqllugdxqeukomoxaxsigpi/Build/Intermediates.noindex/Supabase.build/Debug-iphonesimulator/Supabase.build/Objects-normal/x86_64/Supabase.SwiftFileList -DSWIFT_PACKAGE -DDEBUG -DSWIFT_MODULE_RESOURCE_BUNDLE_UNAVAILABLE -DXcode -enable-upcoming-feature ExistentialAny -enable-experimental-feature StrictConcurrency -plugin-path /Applications/Xcode.app/Contents/Developer/Toolchains/XcodeDefault.xctoolchain/usr/lib/swift/host/plugins/testing -enable-experimental-feature DebugDescriptionMacro -sdk /Applications/Xcode.app/Contents/Developer/Platforms/iPhoneSimulator.platform/Developer/SDKs/iPhoneSimulator26.5.sdk -target x86_64-apple-ios13.0-simulator -g -module-cache-path /Users/shashipandey/Library/Developer/Xcode/DerivedData/ModuleCache.noindex -Xfrontend -serialize-debugging-options -enable-testing -suppress-warnings -index-store-path /Users/shashipandey/Library/Developer/Xcode/DerivedData/RSMS-galdljqllugdxqeukomoxaxsigpi/Index.noindex/DataStore -Xcc -D_LIBCPP_HARDENING_MODE\=_LIBCPP_HARDENING_MODE_DEBUG -swift-version 5 -I /Users/shashipandey/Library/Developer/Xcode/DerivedData/RSMS-galdljqllugdxqeukomoxaxsigpi/Build/Products/Debug-iphonesimulator -Isystem /Applications/Xcode.app/Contents/Developer/Platforms/iPhoneSimulator.platform/Developer/usr/lib -F /Users/shashipandey/Library/Developer/Xcode/DerivedData/RSMS-galdljqllugdxqeukomoxaxsigpi/Build/Products/Debug-iphonesimulator/PackageFrameworks -F /Users/shashipandey/Library/Developer/Xcode/DerivedData/RSMS-galdljqllugdxqeukomoxaxsigpi/Build/Products/Debug-iphonesimulator/PackageFrameworks -F /Users/shashipandey/Library/Developer/Xcode/DerivedData/RSMS-galdljqllugdxqeukomoxaxsigpi/Build/Products/Debug-iphonesimulator/PackageFrameworks -F /Users/shashipandey/Library/Developer/Xcode/DerivedData/RSMS-galdljqllugdxqeukomoxaxsigpi/Build/Products/Debug-iphonesimulator/PackageFrameworks -F /Users/shashipandey/Library/Developer/Xcode/DerivedData/RSMS-galdljqllugdxqeukomoxaxsigpi/Build/Products/Debug-iphonesimulator/PackageFrameworks -F /Users/shashipandey/Library/Developer/Xcode/DerivedData/RSMS-galdljqllugdxqeukomoxaxsigpi/Build/Products/Debug-iphonesimulator/PackageFrameworks -F /Users/shashipandey/Library/Developer/Xcode/DerivedData/RSMS-galdljqllugdxqeukomoxaxsigpi/Build/Products/Debug-iphonesimulator/PackageFrameworks -F /Users/shashipandey/Library/Developer/Xcode/DerivedData/RSMS-galdljqllugdxqeukomoxaxsigpi/Build/Products/Debug-iphonesimulator/PackageFrameworks -F /Users/shashipandey/Library/Developer/Xcode/DerivedData/RSMS-galdljqllugdxqeukomoxaxsigpi/Build/Products/Debug-iphonesimulator/PackageFrameworks -F /Users/shashipandey/Library/Developer/Xcode/DerivedData/RSMS-galdljqllugdxqeukomoxaxsigpi/Build/Products/Debug-iphonesimulator/PackageFrameworks -F /Users/shashipandey/Library/Developer/Xcode/DerivedData/RSMS-galdljqllugdxqeukomoxaxsigpi/Build/Products/Debug-iphonesimulator/PackageFrameworks -F /Users/shashipandey/Library/Developer/Xcode/DerivedData/RSMS-galdljqllugdxqeukomoxaxsigpi/Build/Products/Debug-iphonesimulator/PackageFrameworks -F /Users/shashipandey/Library/Developer/Xcode/DerivedData/RSMS-galdljqllugdxqeukomoxaxsigpi/Build/Products/Debug-iphonesimulator -F /Applications/Xcode.app/Contents/Developer/Platforms/iPhoneSimulator.platform/Developer/Library/Frameworks -F /Applications/Xcode.app/Contents/Developer/Platforms/iPhoneSimulator.platform/Developer/SDKs/iPhoneSimulator26.5.sdk/Developer/Library/Frameworks -c -j10 -enable-batch-mode -incremental -Xcc -ivfsstatcache -Xcc /Users/shashipandey/Library/Developer/Xcode/DerivedData/SDKStatCaches.noindex/iphonesimulator26.5-23F81a-6cfe768891a92b912361537c460fe42b.sdkstatcache -output-file-map /Users/shashipandey/Library/Developer/Xcode/DerivedData/RSMS-galdljqllugdxqeukomoxaxsigpi/Build/Intermediates.noindex/Supabase.build/Debug-iphonesimulator/Supabase.build/Objects-normal/x86_64/Supabase-OutputFileMap.json -use-frontend-parseable-output -save-temps -no-color-diagnostics -explicit-module-build -module-cache-path /Users/shashipandey/Library/Developer/Xcode/DerivedData/RSMS-galdljqllugdxqeukomoxaxsigpi/Build/Intermediates.noindex/SwiftExplicitPrecompiledModules -clang-scanner-module-cache-path /Users/shashipandey/Library/Developer/Xcode/DerivedData/ModuleCache.noindex -sdk-module-cache-path /Users/shashipandey/Library/Developer/Xcode/DerivedData/ModuleCache.noindex -serialize-diagnostics -emit-dependencies -emit-module -emit-module-path /Users/shashipandey/Library/Developer/Xcode/DerivedData/RSMS-galdljqllugdxqeukomoxaxsigpi/Build/Intermediates.noindex/Supabase.build/Debug-iphonesimulator/Supabase.build/Objects-normal/x86_64/Supabase.swiftmodule -validate-clang-modules-once -clang-build-session-file /Users/shashipandey/Library/Developer/Xcode/DerivedData/ModuleCache.noindex/Session.modulevalidation -package-name supabase_swift -Xcc -I/Users/shashipandey/Library/Developer/Xcode/DerivedData/RSMS-galdljqllugdxqeukomoxaxsigpi/Build/Intermediates.noindex/Supabase.build/Debug-iphonesimulator/Supabase.build/swift-overrides.hmap -emit-const-values -Xfrontend -const-gather-protocols-file -Xfrontend /Users/shashipandey/Library/Developer/Xcode/DerivedData/RSMS-galdljqllugdxqeukomoxaxsigpi/Build/Intermediates.noindex/Supabase.build/Debug-iphonesimulator/Supabase.build/Objects-normal/x86_64/Supabase_const_extract_protocols.json -Xcc -I/Users/shashipandey/Library/Developer/Xcode/DerivedData/RSMS-galdljqllugdxqeukomoxaxsigpi/Build/Products/Debug-iphonesimulator/include -Xcc -I/Users/shashipandey/Library/Developer/Xcode/DerivedData/RSMS-galdljqllugdxqeukomoxaxsigpi/Build/Intermediates.noindex/Supabase.build/Debug-iphonesimulator/Supabase.build/DerivedSources-normal/x86_64 -Xcc -I/Users/shashipandey/Library/Developer/Xcode/DerivedData/RSMS-galdljqllugdxqeukomoxaxsigpi/Build/Intermediates.noindex/Supabase.build/Debug-iphonesimulator/Supabase.build/DerivedSources/x86_64 -Xcc -I/Users/shashipandey/Library/Developer/Xcode/DerivedData/RSMS-galdljqllugdxqeukomoxaxsigpi/Build/Intermediates.noindex/Supabase.build/Debug-iphonesimulator/Supabase.build/DerivedSources -Xcc -DSWIFT_PACKAGE -Xcc -DDEBUG\=1 -emit-objc-header -emit-objc-header-path /Users/shashipandey/Library/Developer/Xcode/DerivedData/RSMS-galdljqllugdxqeukomoxaxsigpi/Build/Intermediates.noindex/Supabase.build/Debug-iphonesimulator/Supabase.build/Objects-normal/x86_64/Supabase-Swift.h -working-directory /Users/shashipandey/Desktop/Team-8/RSMS.xcodeproj -experimental-emit-module-separately -disable-cmo

CreateUniversalBinary /Users/shashipandey/Library/Developer/Xcode/DerivedData/RSMS-galdljqllugdxqeukomoxaxsigpi/Build/Products/Debug-iphonesimulator/PackageFrameworks/Auth.framework/Auth normal arm64\ x86_64 (in target 'Auth' from project 'Supabase')
    cd /Users/shashipandey/Library/Developer/Xcode/DerivedData/RSMS-galdljqllugdxqeukomoxaxsigpi/SourcePackages/checkouts/supabase-swift
    /Applications/Xcode.app/Contents/Developer/Toolchains/XcodeDefault.xctoolchain/usr/bin/lipo -create /Users/shashipandey/Library/Developer/Xcode/DerivedData/RSMS-galdljqllugdxqeukomoxaxsigpi/Build/Intermediates.noindex/Supabase.build/Debug-iphonesimulator/Auth.build/Objects-normal/arm64/Binary/Auth /Users/shashipandey/Library/Developer/Xcode/DerivedData/RSMS-galdljqllugdxqeukomoxaxsigpi/Build/Intermediates.noindex/Supabase.build/Debug-iphonesimulator/Auth.build/Objects-normal/x86_64/Binary/Auth -output /Users/shashipandey/Library/Developer/Xcode/DerivedData/RSMS-galdljqllugdxqeukomoxaxsigpi/Build/Products/Debug-iphonesimulator/PackageFrameworks/Auth.framework/Auth

ExtractAppIntentsMetadata (in target 'Auth' from project 'Supabase')
    cd /Users/shashipandey/Library/Developer/Xcode/DerivedData/RSMS-galdljqllugdxqeukomoxaxsigpi/SourcePackages/checkouts/supabase-swift
    /Applications/Xcode.app/Contents/Developer/Toolchains/XcodeDefault.xctoolchain/usr/bin/appintentsmetadataprocessor --toolchain-dir /Applications/Xcode.app/Contents/Developer/Toolchains/XcodeDefault.xctoolchain --module-name Auth --sdk-root /Applications/Xcode.app/Contents/Developer/Platforms/iPhoneSimulator.platform/Developer/SDKs/iPhoneSimulator26.5.sdk --xcode-version 17F113 --platform-family iOS --deployment-target 13.0 --bundle-identifier supabase-swift.Auth --output /Users/shashipandey/Library/Developer/Xcode/DerivedData/RSMS-galdljqllugdxqeukomoxaxsigpi/Build/Products/Debug-iphonesimulator/PackageFrameworks/Auth.framework --target-triple arm64-apple-ios13.0-simulator --target-triple x86_64-apple-ios13.0-simulator --binary-file /Users/shashipandey/Library/Developer/Xcode/DerivedData/RSMS-galdljqllugdxqeukomoxaxsigpi/Build/Products/Debug-iphonesimulator/PackageFrameworks/Auth.framework/Auth --dependency-file /Users/shashipandey/Library/Developer/Xcode/DerivedData/RSMS-galdljqllugdxqeukomoxaxsigpi/Build/Intermediates.noindex/Supabase.build/Debug-iphonesimulator/Auth.build/Objects-normal/arm64/Auth_dependency_info.dat --dependency-file /Users/shashipandey/Library/Developer/Xcode/DerivedData/RSMS-galdljqllugdxqeukomoxaxsigpi/Build/Intermediates.noindex/Supabase.build/Debug-iphonesimulator/Auth.build/Objects-normal/x86_64/Auth_dependency_info.dat --stringsdata-file /Users/shashipandey/Library/Developer/Xcode/DerivedData/RSMS-galdljqllugdxqeukomoxaxsigpi/Build/Intermediates.noindex/Supabase.build/Debug-iphonesimulator/Auth.build/Objects-normal/arm64/ExtractedAppShortcutsMetadata.stringsdata --stringsdata-file /Users/shashipandey/Library/Developer/Xcode/DerivedData/RSMS-galdljqllugdxqeukomoxaxsigpi/Build/Intermediates.noindex/Supabase.build/Debug-iphonesimulator/Auth.build/Objects-normal/x86_64/ExtractedAppShortcutsMetadata.stringsdata --source-file-list /Users/shashipandey/Library/Developer/Xcode/DerivedData/RSMS-galdljqllugdxqeukomoxaxsigpi/Build/Intermediates.noindex/Supabase.build/Debug-iphonesimulator/Auth.build/Objects-normal/arm64/Auth.SwiftFileList --source-file-list /Users/shashipandey/Library/Developer/Xcode/DerivedData/RSMS-galdljqllugdxqeukomoxaxsigpi/Build/Intermediates.noindex/Supabase.build/Debug-iphonesimulator/Auth.build/Objects-normal/x86_64/Auth.SwiftFileList --metadata-file-list /Users/shashipandey/Library/Developer/Xcode/DerivedData/RSMS-galdljqllugdxqeukomoxaxsigpi/Build/Intermediates.noindex/Supabase.build/Debug-iphonesimulator/Auth.build/Auth.DependencyMetadataFileList --static-metadata-file-list /Users/shashipandey/Library/Developer/Xcode/DerivedData/RSMS-galdljqllugdxqeukomoxaxsigpi/Build/Intermediates.noindex/Supabase.build/Debug-iphonesimulator/Auth.build/Auth.DependencyStaticMetadataFileList --swift-const-vals-list /Users/shashipandey/Library/Developer/Xcode/DerivedData/RSMS-galdljqllugdxqeukomoxaxsigpi/Build/Intermediates.noindex/Supabase.build/Debug-iphonesimulator/Auth.build/Objects-normal/arm64/Auth.SwiftConstValuesFileList --swift-const-vals-list /Users/shashipandey/Library/Developer/Xcode/DerivedData/RSMS-galdljqllugdxqeukomoxaxsigpi/Build/Intermediates.noindex/Supabase.build/Debug-iphonesimulator/Auth.build/Objects-normal/x86_64/Auth.SwiftConstValuesFileList --compile-time-extraction --deployment-aware-processing --validate-assistant-intents --no-app-shortcuts-localization
2026-07-07 16:58:08.407 appintentsmetadataprocessor[23207:378177] Starting appintentsmetadataprocessor export
2026-07-07 16:58:08.408 appintentsmetadataprocessor[23207:378177] warning: Metadata extraction skipped. No AppIntents.framework dependency found.

CreateUniversalBinary /Users/shashipandey/Library/Developer/Xcode/DerivedData/RSMS-galdljqllugdxqeukomoxaxsigpi/Build/Products/Debug-iphonesimulator/PackageFrameworks/Realtime.framework/Realtime normal arm64\ x86_64 (in target 'Realtime' from project 'Supabase')
    cd /Users/shashipandey/Library/Developer/Xcode/DerivedData/RSMS-galdljqllugdxqeukomoxaxsigpi/SourcePackages/checkouts/supabase-swift
    /Applications/Xcode.app/Contents/Developer/Toolchains/XcodeDefault.xctoolchain/usr/bin/lipo -create /Users/shashipandey/Library/Developer/Xcode/DerivedData/RSMS-galdljqllugdxqeukomoxaxsigpi/Build/Intermediates.noindex/Supabase.build/Debug-iphonesimulator/Realtime.build/Objects-normal/arm64/Binary/Realtime /Users/shashipandey/Library/Developer/Xcode/DerivedData/RSMS-galdljqllugdxqeukomoxaxsigpi/Build/Intermediates.noindex/Supabase.build/Debug-iphonesimulator/Realtime.build/Objects-normal/x86_64/Binary/Realtime -output /Users/shashipandey/Library/Developer/Xcode/DerivedData/RSMS-galdljqllugdxqeukomoxaxsigpi/Build/Products/Debug-iphonesimulator/PackageFrameworks/Realtime.framework/Realtime

ExtractAppIntentsMetadata (in target 'Realtime' from project 'Supabase')
    cd /Users/shashipandey/Library/Developer/Xcode/DerivedData/RSMS-galdljqllugdxqeukomoxaxsigpi/SourcePackages/checkouts/supabase-swift
    /Applications/Xcode.app/Contents/Developer/Toolchains/XcodeDefault.xctoolchain/usr/bin/appintentsmetadataprocessor --toolchain-dir /Applications/Xcode.app/Contents/Developer/Toolchains/XcodeDefault.xctoolchain --module-name Realtime --sdk-root /Applications/Xcode.app/Contents/Developer/Platforms/iPhoneSimulator.platform/Developer/SDKs/iPhoneSimulator26.5.sdk --xcode-version 17F113 --platform-family iOS --deployment-target 13.0 --bundle-identifier supabase-swift.Realtime --output /Users/shashipandey/Library/Developer/Xcode/DerivedData/RSMS-galdljqllugdxqeukomoxaxsigpi/Build/Products/Debug-iphonesimulator/PackageFrameworks/Realtime.framework --target-triple arm64-apple-ios13.0-simulator --target-triple x86_64-apple-ios13.0-simulator --binary-file /Users/shashipandey/Library/Developer/Xcode/DerivedData/RSMS-galdljqllugdxqeukomoxaxsigpi/Build/Products/Debug-iphonesimulator/PackageFrameworks/Realtime.framework/Realtime --dependency-file /Users/shashipandey/Library/Developer/Xcode/DerivedData/RSMS-galdljqllugdxqeukomoxaxsigpi/Build/Intermediates.noindex/Supabase.build/Debug-iphonesimulator/Realtime.build/Objects-normal/arm64/Realtime_dependency_info.dat --dependency-file /Users/shashipandey/Library/Developer/Xcode/DerivedData/RSMS-galdljqllugdxqeukomoxaxsigpi/Build/Intermediates.noindex/Supabase.build/Debug-iphonesimulator/Realtime.build/Objects-normal/x86_64/Realtime_dependency_info.dat --stringsdata-file /Users/shashipandey/Library/Developer/Xcode/DerivedData/RSMS-galdljqllugdxqeukomoxaxsigpi/Build/Intermediates.noindex/Supabase.build/Debug-iphonesimulator/Realtime.build/Objects-normal/arm64/ExtractedAppShortcutsMetadata.stringsdata --stringsdata-file /Users/shashipandey/Library/Developer/Xcode/DerivedData/RSMS-galdljqllugdxqeukomoxaxsigpi/Build/Intermediates.noindex/Supabase.build/Debug-iphonesimulator/Realtime.build/Objects-normal/x86_64/ExtractedAppShortcutsMetadata.stringsdata --source-file-list /Users/shashipandey/Library/Developer/Xcode/DerivedData/RSMS-galdljqllugdxqeukomoxaxsigpi/Build/Intermediates.noindex/Supabase.build/Debug-iphonesimulator/Realtime.build/Objects-normal/arm64/Realtime.SwiftFileList --source-file-list /Users/shashipandey/Library/Developer/Xcode/DerivedData/RSMS-galdljqllugdxqeukomoxaxsigpi/Build/Intermediates.noindex/Supabase.build/Debug-iphonesimulator/Realtime.build/Objects-normal/x86_64/Realtime.SwiftFileList --metadata-file-list /Users/shashipandey/Library/Developer/Xcode/DerivedData/RSMS-galdljqllugdxqeukomoxaxsigpi/Build/Intermediates.noindex/Supabase.build/Debug-iphonesimulator/Realtime.build/Realtime.DependencyMetadataFileList --static-metadata-file-list /Users/shashipandey/Library/Developer/Xcode/DerivedData/RSMS-galdljqllugdxqeukomoxaxsigpi/Build/Intermediates.noindex/Supabase.build/Debug-iphonesimulator/Realtime.build/Realtime.DependencyStaticMetadataFileList --swift-const-vals-list /Users/shashipandey/Library/Developer/Xcode/DerivedData/RSMS-galdljqllugdxqeukomoxaxsigpi/Build/Intermediates.noindex/Supabase.build/Debug-iphonesimulator/Realtime.build/Objects-normal/arm64/Realtime.SwiftConstValuesFileList --swift-const-vals-list /Users/shashipandey/Library/Developer/Xcode/DerivedData/RSMS-galdljqllugdxqeukomoxaxsigpi/Build/Intermediates.noindex/Supabase.build/Debug-iphonesimulator/Realtime.build/Objects-normal/x86_64/Realtime.SwiftConstValuesFileList --compile-time-extraction --deployment-aware-processing --validate-assistant-intents --no-app-shortcuts-localization
2026-07-07 16:58:08.414 appintentsmetadataprocessor[23209:378179] Starting appintentsmetadataprocessor export
2026-07-07 16:58:08.415 appintentsmetadataprocessor[23209:378179] warning: Metadata extraction skipped. No AppIntents.framework dependency found.

SwiftDriver\ Compilation\ Requirements Supabase normal arm64 com.apple.xcode.tools.swift.compiler (in target 'Supabase' from project 'Supabase')
    cd /Users/shashipandey/Desktop/Team-8/RSMS.xcodeproj
    builtin-Swift-Compilation-Requirements -- /Applications/Xcode.app/Contents/Developer/Toolchains/XcodeDefault.xctoolchain/usr/bin/swiftc -module-name Supabase -Onone @/Users/shashipandey/Library/Developer/Xcode/DerivedData/RSMS-galdljqllugdxqeukomoxaxsigpi/Build/Intermediates.noindex/Supabase.build/Debug-iphonesimulator/Supabase.build/Objects-normal/arm64/Supabase.SwiftFileList -DSWIFT_PACKAGE -DDEBUG -DSWIFT_MODULE_RESOURCE_BUNDLE_UNAVAILABLE -DXcode -enable-upcoming-feature ExistentialAny -enable-experimental-feature StrictConcurrency -plugin-path /Applications/Xcode.app/Contents/Developer/Toolchains/XcodeDefault.xctoolchain/usr/lib/swift/host/plugins/testing -enable-experimental-feature DebugDescriptionMacro -sdk /Applications/Xcode.app/Contents/Developer/Platforms/iPhoneSimulator.platform/Developer/SDKs/iPhoneSimulator26.5.sdk -target arm64-apple-ios13.0-simulator -g -module-cache-path /Users/shashipandey/Library/Developer/Xcode/DerivedData/ModuleCache.noindex -Xfrontend -serialize-debugging-options -enable-testing -suppress-warnings -index-store-path /Users/shashipandey/Library/Developer/Xcode/DerivedData/RSMS-galdljqllugdxqeukomoxaxsigpi/Index.noindex/DataStore -Xcc -D_LIBCPP_HARDENING_MODE\=_LIBCPP_HARDENING_MODE_DEBUG -swift-version 5 -I /Users/shashipandey/Library/Developer/Xcode/DerivedData/RSMS-galdljqllugdxqeukomoxaxsigpi/Build/Products/Debug-iphonesimulator -Isystem /Applications/Xcode.app/Contents/Developer/Platforms/iPhoneSimulator.platform/Developer/usr/lib -F /Users/shashipandey/Library/Developer/Xcode/DerivedData/RSMS-galdljqllugdxqeukomoxaxsigpi/Build/Products/Debug-iphonesimulator/PackageFrameworks -F /Users/shashipandey/Library/Developer/Xcode/DerivedData/RSMS-galdljqllugdxqeukomoxaxsigpi/Build/Products/Debug-iphonesimulator/PackageFrameworks -F /Users/shashipandey/Library/Developer/Xcode/DerivedData/RSMS-galdljqllugdxqeukomoxaxsigpi/Build/Products/Debug-iphonesimulator/PackageFrameworks -F /Users/shashipandey/Library/Developer/Xcode/DerivedData/RSMS-galdljqllugdxqeukomoxaxsigpi/Build/Products/Debug-iphonesimulator/PackageFrameworks -F /Users/shashipandey/Library/Developer/Xcode/DerivedData/RSMS-galdljqllugdxqeukomoxaxsigpi/Build/Products/Debug-iphonesimulator/PackageFrameworks -F /Users/shashipandey/Library/Developer/Xcode/DerivedData/RSMS-galdljqllugdxqeukomoxaxsigpi/Build/Products/Debug-iphonesimulator/PackageFrameworks -F /Users/shashipandey/Library/Developer/Xcode/DerivedData/RSMS-galdljqllugdxqeukomoxaxsigpi/Build/Products/Debug-iphonesimulator/PackageFrameworks -F /Users/shashipandey/Library/Developer/Xcode/DerivedData/RSMS-galdljqllugdxqeukomoxaxsigpi/Build/Products/Debug-iphonesimulator/PackageFrameworks -F /Users/shashipandey/Library/Developer/Xcode/DerivedData/RSMS-galdljqllugdxqeukomoxaxsigpi/Build/Products/Debug-iphonesimulator/PackageFrameworks -F /Users/shashipandey/Library/Developer/Xcode/DerivedData/RSMS-galdljqllugdxqeukomoxaxsigpi/Build/Products/Debug-iphonesimulator/PackageFrameworks -F /Users/shashipandey/Library/Developer/Xcode/DerivedData/RSMS-galdljqllugdxqeukomoxaxsigpi/Build/Products/Debug-iphonesimulator/PackageFrameworks -F /Users/shashipandey/Library/Developer/Xcode/DerivedData/RSMS-galdljqllugdxqeukomoxaxsigpi/Build/Products/Debug-iphonesimulator/PackageFrameworks -F /Users/shashipandey/Library/Developer/Xcode/DerivedData/RSMS-galdljqllugdxqeukomoxaxsigpi/Build/Products/Debug-iphonesimulator -F /Applications/Xcode.app/Contents/Developer/Platforms/iPhoneSimulator.platform/Developer/Library/Frameworks -F /Applications/Xcode.app/Contents/Developer/Platforms/iPhoneSimulator.platform/Developer/SDKs/iPhoneSimulator26.5.sdk/Developer/Library/Frameworks -c -j10 -enable-batch-mode -incremental -Xcc -ivfsstatcache -Xcc /Users/shashipandey/Library/Developer/Xcode/DerivedData/SDKStatCaches.noindex/iphonesimulator26.5-23F81a-6cfe768891a92b912361537c460fe42b.sdkstatcache -output-file-map /Users/shashipandey/Library/Developer/Xcode/DerivedData/RSMS-galdljqllugdxqeukomoxaxsigpi/Build/Intermediates.noindex/Supabase.build/Debug-iphonesimulator/Supabase.build/Objects-normal/arm64/Supabase-OutputFileMap.json -use-frontend-parseable-output -save-temps -no-color-diagnostics -explicit-module-build -module-cache-path /Users/shashipandey/Library/Developer/Xcode/DerivedData/RSMS-galdljqllugdxqeukomoxaxsigpi/Build/Intermediates.noindex/SwiftExplicitPrecompiledModules -clang-scanner-module-cache-path /Users/shashipandey/Library/Developer/Xcode/DerivedData/ModuleCache.noindex -sdk-module-cache-path /Users/shashipandey/Library/Developer/Xcode/DerivedData/ModuleCache.noindex -serialize-diagnostics -emit-dependencies -emit-module -emit-module-path /Users/shashipandey/Library/Developer/Xcode/DerivedData/RSMS-galdljqllugdxqeukomoxaxsigpi/Build/Intermediates.noindex/Supabase.build/Debug-iphonesimulator/Supabase.build/Objects-normal/arm64/Supabase.swiftmodule -validate-clang-modules-once -clang-build-session-file /Users/shashipandey/Library/Developer/Xcode/DerivedData/ModuleCache.noindex/Session.modulevalidation -package-name supabase_swift -Xcc -I/Users/shashipandey/Library/Developer/Xcode/DerivedData/RSMS-galdljqllugdxqeukomoxaxsigpi/Build/Intermediates.noindex/Supabase.build/Debug-iphonesimulator/Supabase.build/swift-overrides.hmap -emit-const-values -Xfrontend -const-gather-protocols-file -Xfrontend /Users/shashipandey/Library/Developer/Xcode/DerivedData/RSMS-galdljqllugdxqeukomoxaxsigpi/Build/Intermediates.noindex/Supabase.build/Debug-iphonesimulator/Supabase.build/Objects-normal/arm64/Supabase_const_extract_protocols.json -Xcc -I/Users/shashipandey/Library/Developer/Xcode/DerivedData/RSMS-galdljqllugdxqeukomoxaxsigpi/Build/Products/Debug-iphonesimulator/include -Xcc -I/Users/shashipandey/Library/Developer/Xcode/DerivedData/RSMS-galdljqllugdxqeukomoxaxsigpi/Build/Intermediates.noindex/Supabase.build/Debug-iphonesimulator/Supabase.build/DerivedSources-normal/arm64 -Xcc -I/Users/shashipandey/Library/Developer/Xcode/DerivedData/RSMS-galdljqllugdxqeukomoxaxsigpi/Build/Intermediates.noindex/Supabase.build/Debug-iphonesimulator/Supabase.build/DerivedSources/arm64 -Xcc -I/Users/shashipandey/Library/Developer/Xcode/DerivedData/RSMS-galdljqllugdxqeukomoxaxsigpi/Build/Intermediates.noindex/Supabase.build/Debug-iphonesimulator/Supabase.build/DerivedSources -Xcc -DSWIFT_PACKAGE -Xcc -DDEBUG\=1 -emit-objc-header -emit-objc-header-path /Users/shashipandey/Library/Developer/Xcode/DerivedData/RSMS-galdljqllugdxqeukomoxaxsigpi/Build/Intermediates.noindex/Supabase.build/Debug-iphonesimulator/Supabase.build/Objects-normal/arm64/Supabase-Swift.h -working-directory /Users/shashipandey/Desktop/Team-8/RSMS.xcodeproj -experimental-emit-module-separately -disable-cmo

SwiftDriver\ Compilation Supabase normal arm64 com.apple.xcode.tools.swift.compiler (in target 'Supabase' from project 'Supabase')
    cd /Users/shashipandey/Desktop/Team-8/RSMS.xcodeproj
    builtin-Swift-Compilation -- /Applications/Xcode.app/Contents/Developer/Toolchains/XcodeDefault.xctoolchain/usr/bin/swiftc -module-name Supabase -Onone @/Users/shashipandey/Library/Developer/Xcode/DerivedData/RSMS-galdljqllugdxqeukomoxaxsigpi/Build/Intermediates.noindex/Supabase.build/Debug-iphonesimulator/Supabase.build/Objects-normal/arm64/Supabase.SwiftFileList -DSWIFT_PACKAGE -DDEBUG -DSWIFT_MODULE_RESOURCE_BUNDLE_UNAVAILABLE -DXcode -enable-upcoming-feature ExistentialAny -enable-experimental-feature StrictConcurrency -plugin-path /Applications/Xcode.app/Contents/Developer/Toolchains/XcodeDefault.xctoolchain/usr/lib/swift/host/plugins/testing -enable-experimental-feature DebugDescriptionMacro -sdk /Applications/Xcode.app/Contents/Developer/Platforms/iPhoneSimulator.platform/Developer/SDKs/iPhoneSimulator26.5.sdk -target arm64-apple-ios13.0-simulator -g -module-cache-path /Users/shashipandey/Library/Developer/Xcode/DerivedData/ModuleCache.noindex -Xfrontend -serialize-debugging-options -enable-testing -suppress-warnings -index-store-path /Users/shashipandey/Library/Developer/Xcode/DerivedData/RSMS-galdljqllugdxqeukomoxaxsigpi/Index.noindex/DataStore -Xcc -D_LIBCPP_HARDENING_MODE\=_LIBCPP_HARDENING_MODE_DEBUG -swift-version 5 -I /Users/shashipandey/Library/Developer/Xcode/DerivedData/RSMS-galdljqllugdxqeukomoxaxsigpi/Build/Products/Debug-iphonesimulator -Isystem /Applications/Xcode.app/Contents/Developer/Platforms/iPhoneSimulator.platform/Developer/usr/lib -F /Users/shashipandey/Library/Developer/Xcode/DerivedData/RSMS-galdljqllugdxqeukomoxaxsigpi/Build/Products/Debug-iphonesimulator/PackageFrameworks -F /Users/shashipandey/Library/Developer/Xcode/DerivedData/RSMS-galdljqllugdxqeukomoxaxsigpi/Build/Products/Debug-iphonesimulator/PackageFrameworks -F /Users/shashipandey/Library/Developer/Xcode/DerivedData/RSMS-galdljqllugdxqeukomoxaxsigpi/Build/Products/Debug-iphonesimulator/PackageFrameworks -F /Users/shashipandey/Library/Developer/Xcode/DerivedData/RSMS-galdljqllugdxqeukomoxaxsigpi/Build/Products/Debug-iphonesimulator/PackageFrameworks -F /Users/shashipandey/Library/Developer/Xcode/DerivedData/RSMS-galdljqllugdxqeukomoxaxsigpi/Build/Products/Debug-iphonesimulator/PackageFrameworks -F /Users/shashipandey/Library/Developer/Xcode/DerivedData/RSMS-galdljqllugdxqeukomoxaxsigpi/Build/Products/Debug-iphonesimulator/PackageFrameworks -F /Users/shashipandey/Library/Developer/Xcode/DerivedData/RSMS-galdljqllugdxqeukomoxaxsigpi/Build/Products/Debug-iphonesimulator/PackageFrameworks -F /Users/shashipandey/Library/Developer/Xcode/DerivedData/RSMS-galdljqllugdxqeukomoxaxsigpi/Build/Products/Debug-iphonesimulator/PackageFrameworks -F /Users/shashipandey/Library/Developer/Xcode/DerivedData/RSMS-galdljqllugdxqeukomoxaxsigpi/Build/Products/Debug-iphonesimulator/PackageFrameworks -F /Users/shashipandey/Library/Developer/Xcode/DerivedData/RSMS-galdljqllugdxqeukomoxaxsigpi/Build/Products/Debug-iphonesimulator/PackageFrameworks -F /Users/shashipandey/Library/Developer/Xcode/DerivedData/RSMS-galdljqllugdxqeukomoxaxsigpi/Build/Products/Debug-iphonesimulator/PackageFrameworks -F /Users/shashipandey/Library/Developer/Xcode/DerivedData/RSMS-galdljqllugdxqeukomoxaxsigpi/Build/Products/Debug-iphonesimulator/PackageFrameworks -F /Users/shashipandey/Library/Developer/Xcode/DerivedData/RSMS-galdljqllugdxqeukomoxaxsigpi/Build/Products/Debug-iphonesimulator -F /Applications/Xcode.app/Contents/Developer/Platforms/iPhoneSimulator.platform/Developer/Library/Frameworks -F /Applications/Xcode.app/Contents/Developer/Platforms/iPhoneSimulator.platform/Developer/SDKs/iPhoneSimulator26.5.sdk/Developer/Library/Frameworks -c -j10 -enable-batch-mode -incremental -Xcc -ivfsstatcache -Xcc /Users/shashipandey/Library/Developer/Xcode/DerivedData/SDKStatCaches.noindex/iphonesimulator26.5-23F81a-6cfe768891a92b912361537c460fe42b.sdkstatcache -output-file-map /Users/shashipandey/Library/Developer/Xcode/DerivedData/RSMS-galdljqllugdxqeukomoxaxsigpi/Build/Intermediates.noindex/Supabase.build/Debug-iphonesimulator/Supabase.build/Objects-normal/arm64/Supabase-OutputFileMap.json -use-frontend-parseable-output -save-temps -no-color-diagnostics -explicit-module-build -module-cache-path /Users/shashipandey/Library/Developer/Xcode/DerivedData/RSMS-galdljqllugdxqeukomoxaxsigpi/Build/Intermediates.noindex/SwiftExplicitPrecompiledModules -clang-scanner-module-cache-path /Users/shashipandey/Library/Developer/Xcode/DerivedData/ModuleCache.noindex -sdk-module-cache-path /Users/shashipandey/Library/Developer/Xcode/DerivedData/ModuleCache.noindex -serialize-diagnostics -emit-dependencies -emit-module -emit-module-path /Users/shashipandey/Library/Developer/Xcode/DerivedData/RSMS-galdljqllugdxqeukomoxaxsigpi/Build/Intermediates.noindex/Supabase.build/Debug-iphonesimulator/Supabase.build/Objects-normal/arm64/Supabase.swiftmodule -validate-clang-modules-once -clang-build-session-file /Users/shashipandey/Library/Developer/Xcode/DerivedData/ModuleCache.noindex/Session.modulevalidation -package-name supabase_swift -Xcc -I/Users/shashipandey/Library/Developer/Xcode/DerivedData/RSMS-galdljqllugdxqeukomoxaxsigpi/Build/Intermediates.noindex/Supabase.build/Debug-iphonesimulator/Supabase.build/swift-overrides.hmap -emit-const-values -Xfrontend -const-gather-protocols-file -Xfrontend /Users/shashipandey/Library/Developer/Xcode/DerivedData/RSMS-galdljqllugdxqeukomoxaxsigpi/Build/Intermediates.noindex/Supabase.build/Debug-iphonesimulator/Supabase.build/Objects-normal/arm64/Supabase_const_extract_protocols.json -Xcc -I/Users/shashipandey/Library/Developer/Xcode/DerivedData/RSMS-galdljqllugdxqeukomoxaxsigpi/Build/Products/Debug-iphonesimulator/include -Xcc -I/Users/shashipandey/Library/Developer/Xcode/DerivedData/RSMS-galdljqllugdxqeukomoxaxsigpi/Build/Intermediates.noindex/Supabase.build/Debug-iphonesimulator/Supabase.build/DerivedSources-normal/arm64 -Xcc -I/Users/shashipandey/Library/Developer/Xcode/DerivedData/RSMS-galdljqllugdxqeukomoxaxsigpi/Build/Intermediates.noindex/Supabase.build/Debug-iphonesimulator/Supabase.build/DerivedSources/arm64 -Xcc -I/Users/shashipandey/Library/Developer/Xcode/DerivedData/RSMS-galdljqllugdxqeukomoxaxsigpi/Build/Intermediates.noindex/Supabase.build/Debug-iphonesimulator/Supabase.build/DerivedSources -Xcc -DSWIFT_PACKAGE -Xcc -DDEBUG\=1 -emit-objc-header -emit-objc-header-path /Users/shashipandey/Library/Developer/Xcode/DerivedData/RSMS-galdljqllugdxqeukomoxaxsigpi/Build/Intermediates.noindex/Supabase.build/Debug-iphonesimulator/Supabase.build/Objects-normal/arm64/Supabase-Swift.h -working-directory /Users/shashipandey/Desktop/Team-8/RSMS.xcodeproj -experimental-emit-module-separately -disable-cmo

SwiftMergeGeneratedHeaders /Users/shashipandey/Library/Developer/Xcode/DerivedData/RSMS-galdljqllugdxqeukomoxaxsigpi/Build/Intermediates.noindex/GeneratedModuleMaps-iphonesimulator/Supabase-Swift.h /Users/shashipandey/Library/Developer/Xcode/DerivedData/RSMS-galdljqllugdxqeukomoxaxsigpi/Build/Intermediates.noindex/Supabase.build/Debug-iphonesimulator/Supabase.build/Objects-normal/arm64/Supabase-Swift.h /Users/shashipandey/Library/Developer/Xcode/DerivedData/RSMS-galdljqllugdxqeukomoxaxsigpi/Build/Intermediates.noindex/Supabase.build/Debug-iphonesimulator/Supabase.build/Objects-normal/x86_64/Supabase-Swift.h (in target 'Supabase' from project 'Supabase')
    cd /Users/shashipandey/Library/Developer/Xcode/DerivedData/RSMS-galdljqllugdxqeukomoxaxsigpi/SourcePackages/checkouts/supabase-swift
    builtin-swiftHeaderTool -arch arm64 /Users/shashipandey/Library/Developer/Xcode/DerivedData/RSMS-galdljqllugdxqeukomoxaxsigpi/Build/Intermediates.noindex/Supabase.build/Debug-iphonesimulator/Supabase.build/Objects-normal/arm64/Supabase-Swift.h -arch x86_64 /Users/shashipandey/Library/Developer/Xcode/DerivedData/RSMS-galdljqllugdxqeukomoxaxsigpi/Build/Intermediates.noindex/Supabase.build/Debug-iphonesimulator/Supabase.build/Objects-normal/x86_64/Supabase-Swift.h -o /Users/shashipandey/Library/Developer/Xcode/DerivedData/RSMS-galdljqllugdxqeukomoxaxsigpi/Build/Intermediates.noindex/GeneratedModuleMaps-iphonesimulator/Supabase-Swift.h

Copy /Users/shashipandey/Library/Developer/Xcode/DerivedData/RSMS-galdljqllugdxqeukomoxaxsigpi/Build/Products/Debug-iphonesimulator/Supabase.swiftmodule/arm64-apple-ios-simulator.swiftmodule /Users/shashipandey/Library/Developer/Xcode/DerivedData/RSMS-galdljqllugdxqeukomoxaxsigpi/Build/Intermediates.noindex/Supabase.build/Debug-iphonesimulator/Supabase.build/Objects-normal/arm64/Supabase.swiftmodule (in target 'Supabase' from project 'Supabase')
    cd /Users/shashipandey/Library/Developer/Xcode/DerivedData/RSMS-galdljqllugdxqeukomoxaxsigpi/SourcePackages/checkouts/supabase-swift
    builtin-copy -exclude .DS_Store -exclude CVS -exclude .svn -exclude .git -exclude .hg -resolve-src-symlinks -rename /Users/shashipandey/Library/Developer/Xcode/DerivedData/RSMS-galdljqllugdxqeukomoxaxsigpi/Build/Intermediates.noindex/Supabase.build/Debug-iphonesimulator/Supabase.build/Objects-normal/arm64/Supabase.swiftmodule /Users/shashipandey/Library/Developer/Xcode/DerivedData/RSMS-galdljqllugdxqeukomoxaxsigpi/Build/Products/Debug-iphonesimulator/Supabase.swiftmodule/arm64-apple-ios-simulator.swiftmodule

Copy /Users/shashipandey/Library/Developer/Xcode/DerivedData/RSMS-galdljqllugdxqeukomoxaxsigpi/Build/Products/Debug-iphonesimulator/Supabase.swiftmodule/arm64-apple-ios-simulator.swiftdoc /Users/shashipandey/Library/Developer/Xcode/DerivedData/RSMS-galdljqllugdxqeukomoxaxsigpi/Build/Intermediates.noindex/Supabase.build/Debug-iphonesimulator/Supabase.build/Objects-normal/arm64/Supabase.swiftdoc (in target 'Supabase' from project 'Supabase')
    cd /Users/shashipandey/Library/Developer/Xcode/DerivedData/RSMS-galdljqllugdxqeukomoxaxsigpi/SourcePackages/checkouts/supabase-swift
    builtin-copy -exclude .DS_Store -exclude CVS -exclude .svn -exclude .git -exclude .hg -resolve-src-symlinks -rename /Users/shashipandey/Library/Developer/Xcode/DerivedData/RSMS-galdljqllugdxqeukomoxaxsigpi/Build/Intermediates.noindex/Supabase.build/Debug-iphonesimulator/Supabase.build/Objects-normal/arm64/Supabase.swiftdoc /Users/shashipandey/Library/Developer/Xcode/DerivedData/RSMS-galdljqllugdxqeukomoxaxsigpi/Build/Products/Debug-iphonesimulator/Supabase.swiftmodule/arm64-apple-ios-simulator.swiftdoc

Copy /Users/shashipandey/Library/Developer/Xcode/DerivedData/RSMS-galdljqllugdxqeukomoxaxsigpi/Build/Products/Debug-iphonesimulator/Supabase.swiftmodule/Project/arm64-apple-ios-simulator.swiftsourceinfo /Users/shashipandey/Library/Developer/Xcode/DerivedData/RSMS-galdljqllugdxqeukomoxaxsigpi/Build/Intermediates.noindex/Supabase.build/Debug-iphonesimulator/Supabase.build/Objects-normal/arm64/Supabase.swiftsourceinfo (in target 'Supabase' from project 'Supabase')
    cd /Users/shashipandey/Library/Developer/Xcode/DerivedData/RSMS-galdljqllugdxqeukomoxaxsigpi/SourcePackages/checkouts/supabase-swift
    builtin-copy -exclude .DS_Store -exclude CVS -exclude .svn -exclude .git -exclude .hg -resolve-src-symlinks -rename /Users/shashipandey/Library/Developer/Xcode/DerivedData/RSMS-galdljqllugdxqeukomoxaxsigpi/Build/Intermediates.noindex/Supabase.build/Debug-iphonesimulator/Supabase.build/Objects-normal/arm64/Supabase.swiftsourceinfo /Users/shashipandey/Library/Developer/Xcode/DerivedData/RSMS-galdljqllugdxqeukomoxaxsigpi/Build/Products/Debug-iphonesimulator/Supabase.swiftmodule/Project/arm64-apple-ios-simulator.swiftsourceinfo

Copy /Users/shashipandey/Library/Developer/Xcode/DerivedData/RSMS-galdljqllugdxqeukomoxaxsigpi/Build/Products/Debug-iphonesimulator/Supabase.swiftmodule/arm64-apple-ios-simulator.abi.json /Users/shashipandey/Library/Developer/Xcode/DerivedData/RSMS-galdljqllugdxqeukomoxaxsigpi/Build/Intermediates.noindex/Supabase.build/Debug-iphonesimulator/Supabase.build/Objects-normal/arm64/Supabase.abi.json (in target 'Supabase' from project 'Supabase')
    cd /Users/shashipandey/Library/Developer/Xcode/DerivedData/RSMS-galdljqllugdxqeukomoxaxsigpi/SourcePackages/checkouts/supabase-swift
    builtin-copy -exclude .DS_Store -exclude CVS -exclude .svn -exclude .git -exclude .hg -resolve-src-symlinks -rename /Users/shashipandey/Library/Developer/Xcode/DerivedData/RSMS-galdljqllugdxqeukomoxaxsigpi/Build/Intermediates.noindex/Supabase.build/Debug-iphonesimulator/Supabase.build/Objects-normal/arm64/Supabase.abi.json /Users/shashipandey/Library/Developer/Xcode/DerivedData/RSMS-galdljqllugdxqeukomoxaxsigpi/Build/Products/Debug-iphonesimulator/Supabase.swiftmodule/arm64-apple-ios-simulator.abi.json

Ld /Users/shashipandey/Library/Developer/Xcode/DerivedData/RSMS-galdljqllugdxqeukomoxaxsigpi/Build/Intermediates.noindex/Supabase.build/Debug-iphonesimulator/Supabase.build/Objects-normal/arm64/Binary/Supabase.o normal arm64 (in target 'Supabase' from project 'Supabase')
    cd /Users/shashipandey/Library/Developer/Xcode/DerivedData/RSMS-galdljqllugdxqeukomoxaxsigpi/SourcePackages/checkouts/supabase-swift
    /Applications/Xcode.app/Contents/Developer/Toolchains/XcodeDefault.xctoolchain/usr/bin/clang -Xlinker -reproducible -target arm64-apple-ios13.0-simulator -r -isysroot /Applications/Xcode.app/Contents/Developer/Platforms/iPhoneSimulator.platform/Developer/SDKs/iPhoneSimulator26.5.sdk -O0 -w -F/Users/shashipandey/Library/Developer/Xcode/DerivedData/RSMS-galdljqllugdxqeukomoxaxsigpi/Build/Intermediates.noindex/EagerLinkingTBDs/Debug-iphonesimulator -F/Users/shashipandey/Library/Developer/Xcode/DerivedData/RSMS-galdljqllugdxqeukomoxaxsigpi/Build/Products/Debug-iphonesimulator/PackageFrameworks -F/Users/shashipandey/Library/Developer/Xcode/DerivedData/RSMS-galdljqllugdxqeukomoxaxsigpi/Build/Products/Debug-iphonesimulator/PackageFrameworks -F/Users/shashipandey/Library/Developer/Xcode/DerivedData/RSMS-galdljqllugdxqeukomoxaxsigpi/Build/Products/Debug-iphonesimulator/PackageFrameworks -F/Users/shashipandey/Library/Developer/Xcode/DerivedData/RSMS-galdljqllugdxqeukomoxaxsigpi/Build/Products/Debug-iphonesimulator/PackageFrameworks -F/Users/shashipandey/Library/Developer/Xcode/DerivedData/RSMS-galdljqllugdxqeukomoxaxsigpi/Build/Products/Debug-iphonesimulator/PackageFrameworks -F/Users/shashipandey/Library/Developer/Xcode/DerivedData/RSMS-galdljqllugdxqeukomoxaxsigpi/Build/Products/Debug-iphonesimulator/PackageFrameworks -F/Users/shashipandey/Library/Developer/Xcode/DerivedData/RSMS-galdljqllugdxqeukomoxaxsigpi/Build/Products/Debug-iphonesimulator/PackageFrameworks -F/Users/shashipandey/Library/Developer/Xcode/DerivedData/RSMS-galdljqllugdxqeukomoxaxsigpi/Build/Products/Debug-iphonesimulator/PackageFrameworks -F/Users/shashipandey/Library/Developer/Xcode/DerivedData/RSMS-galdljqllugdxqeukomoxaxsigpi/Build/Products/Debug-iphonesimulator/PackageFrameworks -F/Users/shashipandey/Library/Developer/Xcode/DerivedData/RSMS-galdljqllugdxqeukomoxaxsigpi/Build/Products/Debug-iphonesimulator/PackageFrameworks -F/Users/shashipandey/Library/Developer/Xcode/DerivedData/RSMS-galdljqllugdxqeukomoxaxsigpi/Build/Products/Debug-iphonesimulator/PackageFrameworks -F/Users/shashipandey/Library/Developer/Xcode/DerivedData/RSMS-galdljqllugdxqeukomoxaxsigpi/Build/Products/Debug-iphonesimulator/PackageFrameworks -F/Users/shashipandey/Library/Developer/Xcode/DerivedData/RSMS-galdljqllugdxqeukomoxaxsigpi/Build/Products/Debug-iphonesimulator -iframework /Applications/Xcode.app/Contents/Developer/Platforms/iPhoneSimulator.platform/Developer/Library/Frameworks -iframework /Applications/Xcode.app/Contents/Developer/Platforms/iPhoneSimulator.platform/Developer/SDKs/iPhoneSimulator26.5.sdk/Developer/Library/Frameworks -filelist /Users/shashipandey/Library/Developer/Xcode/DerivedData/RSMS-galdljqllugdxqeukomoxaxsigpi/Build/Intermediates.noindex/Supabase.build/Debug-iphonesimulator/Supabase.build/Objects-normal/arm64/Supabase.LinkFileList -nostdlib -Xlinker -object_path_lto -Xlinker /Users/shashipandey/Library/Developer/Xcode/DerivedData/RSMS-galdljqllugdxqeukomoxaxsigpi/Build/Intermediates.noindex/Supabase.build/Debug-iphonesimulator/Supabase.build/Objects-normal/arm64/Supabase_lto.o -Xlinker -no_deduplicate -Xlinker -objc_abi_version -Xlinker 2 -Xlinker -dependency_info -Xlinker /Users/shashipandey/Library/Developer/Xcode/DerivedData/RSMS-galdljqllugdxqeukomoxaxsigpi/Build/Intermediates.noindex/Supabase.build/Debug-iphonesimulator/Supabase.build/Objects-normal/arm64/Supabase_dependency_info.dat -fobjc-link-runtime -L/Applications/Xcode.app/Contents/Developer/Toolchains/XcodeDefault.xctoolchain/usr/lib/swift/iphonesimulator -L/usr/lib/swift -Xlinker -add_ast_path -Xlinker /Users/shashipandey/Library/Developer/Xcode/DerivedData/RSMS-galdljqllugdxqeukomoxaxsigpi/Build/Intermediates.noindex/Supabase.build/Debug-iphonesimulator/Supabase.build/Objects-normal/arm64/Supabase.swiftmodule @/Users/shashipandey/Library/Developer/Xcode/DerivedData/RSMS-galdljqllugdxqeukomoxaxsigpi/Build/Intermediates.noindex/Supabase.build/Debug-iphonesimulator/Supabase.build/Objects-normal/arm64/Supabase-linker-args.resp -o /Users/shashipandey/Library/Developer/Xcode/DerivedData/RSMS-galdljqllugdxqeukomoxaxsigpi/Build/Intermediates.noindex/Supabase.build/Debug-iphonesimulator/Supabase.build/Objects-normal/arm64/Binary/Supabase.o

CompileAssetCatalogVariant thinned /Users/shashipandey/Library/Developer/Xcode/DerivedData/RSMS-galdljqllugdxqeukomoxaxsigpi/Build/Products/Debug-iphonesimulator/StoreManagerModule.framework /Users/shashipandey/Desktop/Team-8/RSMS_Store_Manager/RSMS_Project/Assets.xcassets (in target 'StoreManagerModule' from project 'RSMS')
    cd /Users/shashipandey/Desktop/Team-8
    /Applications/Xcode.app/Contents/Developer/usr/bin/actool /Users/shashipandey/Desktop/Team-8/RSMS_Store_Manager/RSMS_Project/Assets.xcassets --compile /Users/shashipandey/Library/Developer/Xcode/DerivedData/RSMS-galdljqllugdxqeukomoxaxsigpi/Build/Intermediates.noindex/RSMS.build/Debug-iphonesimulator/StoreManagerModule.build/assetcatalog_output/thinned --output-format human-readable-text --notices --warnings --export-dependency-info /Users/shashipandey/Library/Developer/Xcode/DerivedData/RSMS-galdljqllugdxqeukomoxaxsigpi/Build/Intermediates.noindex/RSMS.build/Debug-iphonesimulator/StoreManagerModule.build/assetcatalog_dependencies_thinned --output-partial-info-plist /Users/shashipandey/Library/Developer/Xcode/DerivedData/RSMS-galdljqllugdxqeukomoxaxsigpi/Build/Intermediates.noindex/RSMS.build/Debug-iphonesimulator/StoreManagerModule.build/assetcatalog_generated_info.plist_thinned --compress-pngs --enable-on-demand-resources NO --development-region en --target-device iphone --target-device ipad --minimum-deployment-target 26.5 --platform iphonesimulator
/* com.apple.actool.compilation-results */
/Users/shashipandey/Library/Developer/Xcode/DerivedData/RSMS-galdljqllugdxqeukomoxaxsigpi/Build/Intermediates.noindex/RSMS.build/Debug-iphonesimulator/StoreManagerModule.build/assetcatalog_generated_info.plist_thinned


CompileAssetCatalogVariant thinned /Users/shashipandey/Library/Developer/Xcode/DerivedData/RSMS-galdljqllugdxqeukomoxaxsigpi/Build/Products/Debug-iphonesimulator/InventoryModule.framework /Users/shashipandey/Desktop/Team-8/RSMS_Inventory/RSMS_Project/Assets.xcassets (in target 'InventoryModule' from project 'RSMS')
    cd /Users/shashipandey/Desktop/Team-8
    /Applications/Xcode.app/Contents/Developer/usr/bin/actool /Users/shashipandey/Desktop/Team-8/RSMS_Inventory/RSMS_Project/Assets.xcassets --compile /Users/shashipandey/Library/Developer/Xcode/DerivedData/RSMS-galdljqllugdxqeukomoxaxsigpi/Build/Intermediates.noindex/RSMS.build/Debug-iphonesimulator/InventoryModule.build/assetcatalog_output/thinned --output-format human-readable-text --notices --warnings --export-dependency-info /Users/shashipandey/Library/Developer/Xcode/DerivedData/RSMS-galdljqllugdxqeukomoxaxsigpi/Build/Intermediates.noindex/RSMS.build/Debug-iphonesimulator/InventoryModule.build/assetcatalog_dependencies_thinned --output-partial-info-plist /Users/shashipandey/Library/Developer/Xcode/DerivedData/RSMS-galdljqllugdxqeukomoxaxsigpi/Build/Intermediates.noindex/RSMS.build/Debug-iphonesimulator/InventoryModule.build/assetcatalog_generated_info.plist_thinned --compress-pngs --enable-on-demand-resources NO --development-region en --target-device iphone --target-device ipad --minimum-deployment-target 26.5 --platform iphonesimulator
/* com.apple.actool.compilation-results */
/Users/shashipandey/Library/Developer/Xcode/DerivedData/RSMS-galdljqllugdxqeukomoxaxsigpi/Build/Intermediates.noindex/RSMS.build/Debug-iphonesimulator/InventoryModule.build/assetcatalog_generated_info.plist_thinned


CompileAssetCatalogVariant thinned /Users/shashipandey/Library/Developer/Xcode/DerivedData/RSMS-galdljqllugdxqeukomoxaxsigpi/Build/Products/Debug-iphonesimulator/AdminModule.framework /Users/shashipandey/Desktop/Team-8/RSMS_Admin/Admin_RSMS/Assets/Assets.xcassets (in target 'AdminModule' from project 'RSMS')
    cd /Users/shashipandey/Desktop/Team-8
    /Applications/Xcode.app/Contents/Developer/usr/bin/actool /Users/shashipandey/Desktop/Team-8/RSMS_Admin/Admin_RSMS/Assets/Assets.xcassets --compile /Users/shashipandey/Library/Developer/Xcode/DerivedData/RSMS-galdljqllugdxqeukomoxaxsigpi/Build/Intermediates.noindex/RSMS.build/Debug-iphonesimulator/AdminModule.build/assetcatalog_output/thinned --output-format human-readable-text --notices --warnings --export-dependency-info /Users/shashipandey/Library/Developer/Xcode/DerivedData/RSMS-galdljqllugdxqeukomoxaxsigpi/Build/Intermediates.noindex/RSMS.build/Debug-iphonesimulator/AdminModule.build/assetcatalog_dependencies_thinned --output-partial-info-plist /Users/shashipandey/Library/Developer/Xcode/DerivedData/RSMS-galdljqllugdxqeukomoxaxsigpi/Build/Intermediates.noindex/RSMS.build/Debug-iphonesimulator/AdminModule.build/assetcatalog_generated_info.plist_thinned --compress-pngs --enable-on-demand-resources NO --development-region en --target-device iphone --target-device ipad --minimum-deployment-target 26.5 --platform iphonesimulator
/* com.apple.actool.compilation-results */
/Users/shashipandey/Library/Developer/Xcode/DerivedData/RSMS-galdljqllugdxqeukomoxaxsigpi/Build/Intermediates.noindex/RSMS.build/Debug-iphonesimulator/AdminModule.build/assetcatalog_generated_info.plist_thinned


SwiftDriver InventoryModule normal arm64 com.apple.xcode.tools.swift.compiler (in target 'InventoryModule' from project 'RSMS')
    cd /Users/shashipandey/Desktop/Team-8
    builtin-SwiftDriver -- /Applications/Xcode.app/Contents/Developer/Toolchains/XcodeDefault.xctoolchain/usr/bin/swiftc -module-name InventoryModule -Onone @/Users/shashipandey/Library/Developer/Xcode/DerivedData/RSMS-galdljqllugdxqeukomoxaxsigpi/Build/Intermediates.noindex/RSMS.build/Debug-iphonesimulator/InventoryModule.build/Objects-normal/arm64/InventoryModule.SwiftFileList -DDEBUG -enable-bare-slash-regex -enable-experimental-feature DebugDescriptionMacro -sdk /Applications/Xcode.app/Contents/Developer/Platforms/iPhoneSimulator.platform/Developer/SDKs/iPhoneSimulator26.5.sdk -target arm64-apple-ios26.5-simulator -g -module-cache-path /Users/shashipandey/Library/Developer/Xcode/DerivedData/ModuleCache.noindex -Xfrontend -serialize-debugging-options -enable-testing -index-store-path /Users/shashipandey/Library/Developer/Xcode/DerivedData/RSMS-galdljqllugdxqeukomoxaxsigpi/Index.noindex/DataStore -Xcc -D_LIBCPP_HARDENING_MODE\=_LIBCPP_HARDENING_MODE_DEBUG -swift-version 5 -I /Users/shashipandey/Library/Developer/Xcode/DerivedData/RSMS-galdljqllugdxqeukomoxaxsigpi/Build/Products/Debug-iphonesimulator -F /Users/shashipandey/Library/Developer/Xcode/DerivedData/RSMS-galdljqllugdxqeukomoxaxsigpi/Build/Products/Debug-iphonesimulator/PackageFrameworks -F /Users/shashipandey/Library/Developer/Xcode/DerivedData/RSMS-galdljqllugdxqeukomoxaxsigpi/Build/Products/Debug-iphonesimulator/PackageFrameworks -F /Users/shashipandey/Library/Developer/Xcode/DerivedData/RSMS-galdljqllugdxqeukomoxaxsigpi/Build/Products/Debug-iphonesimulator/PackageFrameworks -F /Users/shashipandey/Library/Developer/Xcode/DerivedData/RSMS-galdljqllugdxqeukomoxaxsigpi/Build/Products/Debug-iphonesimulator/PackageFrameworks -F /Users/shashipandey/Library/Developer/Xcode/DerivedData/RSMS-galdljqllugdxqeukomoxaxsigpi/Build/Products/Debug-iphonesimulator/PackageFrameworks -F /Users/shashipandey/Library/Developer/Xcode/DerivedData/RSMS-galdljqllugdxqeukomoxaxsigpi/Build/Products/Debug-iphonesimulator/PackageFrameworks -F /Users/shashipandey/Library/Developer/Xcode/DerivedData/RSMS-galdljqllugdxqeukomoxaxsigpi/Build/Products/Debug-iphonesimulator/PackageFrameworks -F /Users/shashipandey/Library/Developer/Xcode/DerivedData/RSMS-galdljqllugdxqeukomoxaxsigpi/Build/Products/Debug-iphonesimulator/PackageFrameworks -F /Users/shashipandey/Library/Developer/Xcode/DerivedData/RSMS-galdljqllugdxqeukomoxaxsigpi/Build/Products/Debug-iphonesimulator/PackageFrameworks -F /Users/shashipandey/Library/Developer/Xcode/DerivedData/RSMS-galdljqllugdxqeukomoxaxsigpi/Build/Products/Debug-iphonesimulator/PackageFrameworks -F /Users/shashipandey/Library/Developer/Xcode/DerivedData/RSMS-galdljqllugdxqeukomoxaxsigpi/Build/Products/Debug-iphonesimulator/PackageFrameworks -F /Users/shashipandey/Library/Developer/Xcode/DerivedData/RSMS-galdljqllugdxqeukomoxaxsigpi/Build/Products/Debug-iphonesimulator/PackageFrameworks -F /Users/shashipandey/Library/Developer/Xcode/DerivedData/RSMS-galdljqllugdxqeukomoxaxsigpi/Build/Products/Debug-iphonesimulator/PackageFrameworks -F /Users/shashipandey/Library/Developer/Xcode/DerivedData/RSMS-galdljqllugdxqeukomoxaxsigpi/Build/Products/Debug-iphonesimulator -c -j10 -enable-batch-mode -incremental -Xcc -ivfsstatcache -Xcc /Users/shashipandey/Library/Developer/Xcode/DerivedData/SDKStatCaches.noindex/iphonesimulator26.5-23F81a-6cfe768891a92b912361537c460fe42b.sdkstatcache -output-file-map /Users/shashipandey/Library/Developer/Xcode/DerivedData/RSMS-galdljqllugdxqeukomoxaxsigpi/Build/Intermediates.noindex/RSMS.build/Debug-iphonesimulator/InventoryModule.build/Objects-normal/arm64/InventoryModule-OutputFileMap.json -use-frontend-parseable-output -save-temps -no-color-diagnostics -explicit-module-build -module-cache-path /Users/shashipandey/Library/Developer/Xcode/DerivedData/RSMS-galdljqllugdxqeukomoxaxsigpi/Build/Intermediates.noindex/SwiftExplicitPrecompiledModules -clang-scanner-module-cache-path /Users/shashipandey/Library/Developer/Xcode/DerivedData/ModuleCache.noindex -sdk-module-cache-path /Users/shashipandey/Library/Developer/Xcode/DerivedData/ModuleCache.noindex -serialize-diagnostics -emit-dependencies -emit-module -emit-module-path /Users/shashipandey/Library/Developer/Xcode/DerivedData/RSMS-galdljqllugdxqeukomoxaxsigpi/Build/Intermediates.noindex/RSMS.build/Debug-iphonesimulator/InventoryModule.build/Objects-normal/arm64/InventoryModule.swiftmodule -validate-clang-modules-once -clang-build-session-file /Users/shashipandey/Library/Developer/Xcode/DerivedData/ModuleCache.noindex/Session.modulevalidation -Xcc -I/Users/shashipandey/Library/Developer/Xcode/DerivedData/RSMS-galdljqllugdxqeukomoxaxsigpi/Build/Intermediates.noindex/RSMS.build/Debug-iphonesimulator/InventoryModule.build/swift-overrides.hmap -emit-const-values -Xfrontend -const-gather-protocols-file -Xfrontend /Users/shashipandey/Library/Developer/Xcode/DerivedData/RSMS-galdljqllugdxqeukomoxaxsigpi/Build/Intermediates.noindex/RSMS.build/Debug-iphonesimulator/InventoryModule.build/Objects-normal/arm64/InventoryModule_const_extract_protocols.json -Xcc -iquote -Xcc /Users/shashipandey/Library/Developer/Xcode/DerivedData/RSMS-galdljqllugdxqeukomoxaxsigpi/Build/Intermediates.noindex/RSMS.build/Debug-iphonesimulator/InventoryModule.build/InventoryModule-generated-files.hmap -Xcc -I/Users/shashipandey/Library/Developer/Xcode/DerivedData/RSMS-galdljqllugdxqeukomoxaxsigpi/Build/Intermediates.noindex/RSMS.build/Debug-iphonesimulator/InventoryModule.build/InventoryModule-own-target-headers.hmap -Xcc -I/Users/shashipandey/Library/Developer/Xcode/DerivedData/RSMS-galdljqllugdxqeukomoxaxsigpi/Build/Intermediates.noindex/RSMS.build/Debug-iphonesimulator/InventoryModule.build/InventoryModule-all-non-framework-target-headers.hmap -Xcc -ivfsoverlay -Xcc /Users/shashipandey/Library/Developer/Xcode/DerivedData/RSMS-galdljqllugdxqeukomoxaxsigpi/Build/Intermediates.noindex/RSMS.build/Debug-iphonesimulator/RSMS-20c8144d8fc61d4ec82d88f627d29184-VFS-iphonesimulator/all-product-headers.yaml -Xcc -iquote -Xcc /Users/shashipandey/Library/Developer/Xcode/DerivedData/RSMS-galdljqllugdxqeukomoxaxsigpi/Build/Intermediates.noindex/RSMS.build/Debug-iphonesimulator/InventoryModule.build/InventoryModule-project-headers.hmap -Xcc -I/Users/shashipandey/Library/Developer/Xcode/DerivedData/RSMS-galdljqllugdxqeukomoxaxsigpi/Build/Products/Debug-iphonesimulator/include -Xcc -I/Users/shashipandey/Library/Developer/Xcode/DerivedData/RSMS-galdljqllugdxqeukomoxaxsigpi/Build/Intermediates.noindex/RSMS.build/Debug-iphonesimulator/InventoryModule.build/DerivedSources-normal/arm64 -Xcc -I/Users/shashipandey/Library/Developer/Xcode/DerivedData/RSMS-galdljqllugdxqeukomoxaxsigpi/Build/Intermediates.noindex/RSMS.build/Debug-iphonesimulator/InventoryModule.build/DerivedSources/arm64 -Xcc -I/Users/shashipandey/Library/Developer/Xcode/DerivedData/RSMS-galdljqllugdxqeukomoxaxsigpi/Build/Intermediates.noindex/RSMS.build/Debug-iphonesimulator/InventoryModule.build/DerivedSources -Xcc -DDEBUG\=1 -emit-objc-header -emit-objc-header-path /Users/shashipandey/Library/Developer/Xcode/DerivedData/RSMS-galdljqllugdxqeukomoxaxsigpi/Build/Intermediates.noindex/RSMS.build/Debug-iphonesimulator/InventoryModule.build/Objects-normal/arm64/InventoryModule-Swift.h -working-directory /Users/shashipandey/Desktop/Team-8 -experimental-emit-module-separately -disable-cmo
warning: module file '/Users/shashipandey/Library/Developer/Xcode/DerivedData/RSMS-galdljqllugdxqeukomoxaxsigpi/Build/Products/Debug-iphonesimulator/Auth.swiftmodule/arm64-apple-ios-simulator.swiftmodule' is incompatible with this Swift compiler: built for incompatible target
warning: module file '/Users/shashipandey/Library/Developer/Xcode/DerivedData/RSMS-galdljqllugdxqeukomoxaxsigpi/Build/Products/Debug-iphonesimulator/Functions.swiftmodule/arm64-apple-ios-simulator.swiftmodule' is incompatible with this Swift compiler: built for incompatible target
warning: module file '/Users/shashipandey/Library/Developer/Xcode/DerivedData/RSMS-galdljqllugdxqeukomoxaxsigpi/Build/Products/Debug-iphonesimulator/IssueReporting.swiftmodule/arm64-apple-ios-simulator.swiftmodule' is incompatible with this Swift compiler: built for incompatible target
warning: module file '/Users/shashipandey/Library/Developer/Xcode/DerivedData/RSMS-galdljqllugdxqeukomoxaxsigpi/Build/Products/Debug-iphonesimulator/PostgREST.swiftmodule/arm64-apple-ios-simulator.swiftmodule' is incompatible with this Swift compiler: built for incompatible target
warning: module file '/Users/shashipandey/Library/Developer/Xcode/DerivedData/RSMS-galdljqllugdxqeukomoxaxsigpi/Build/Products/Debug-iphonesimulator/Realtime.swiftmodule/arm64-apple-ios-simulator.swiftmodule' is incompatible with this Swift compiler: built for incompatible target
warning: module file '/Users/shashipandey/Library/Developer/Xcode/DerivedData/RSMS-galdljqllugdxqeukomoxaxsigpi/Build/Products/Debug-iphonesimulator/Storage.swiftmodule/arm64-apple-ios-simulator.swiftmodule' is incompatible with this Swift compiler: built for incompatible target
warning: module file '/Users/shashipandey/Library/Developer/Xcode/DerivedData/RSMS-galdljqllugdxqeukomoxaxsigpi/Build/Products/Debug-iphonesimulator/Auth.swiftmodule/arm64-apple-ios-simulator.swiftmodule' is incompatible with this Swift compiler: built for incompatible target
warning: module file '/Users/shashipandey/Library/Developer/Xcode/DerivedData/RSMS-galdljqllugdxqeukomoxaxsigpi/Build/Products/Debug-iphonesimulator/Functions.swiftmodule/arm64-apple-ios-simulator.swiftmodule' is incompatible with this Swift compiler: built for incompatible target
warning: module file '/Users/shashipandey/Library/Developer/Xcode/DerivedData/RSMS-galdljqllugdxqeukomoxaxsigpi/Build/Products/Debug-iphonesimulator/IssueReporting.swiftmodule/arm64-apple-ios-simulator.swiftmodule' is incompatible with this Swift compiler: built for incompatible target
warning: module file '/Users/shashipandey/Library/Developer/Xcode/DerivedData/RSMS-galdljqllugdxqeukomoxaxsigpi/Build/Products/Debug-iphonesimulator/PostgREST.swiftmodule/arm64-apple-ios-simulator.swiftmodule' is incompatible with this Swift compiler: built for incompatible target
warning: module file '/Users/shashipandey/Library/Developer/Xcode/DerivedData/RSMS-galdljqllugdxqeukomoxaxsigpi/Build/Products/Debug-iphonesimulator/Realtime.swiftmodule/arm64-apple-ios-simulator.swiftmodule' is incompatible with this Swift compiler: built for incompatible target
warning: module file '/Users/shashipandey/Library/Developer/Xcode/DerivedData/RSMS-galdljqllugdxqeukomoxaxsigpi/Build/Products/Debug-iphonesimulator/Storage.swiftmodule/arm64-apple-ios-simulator.swiftmodule' is incompatible with this Swift compiler: built for incompatible target
warning: module file '/Users/shashipandey/Library/Developer/Xcode/DerivedData/RSMS-galdljqllugdxqeukomoxaxsigpi/Build/Products/Debug-iphonesimulator/Helpers.swiftmodule/arm64-apple-ios-simulator.swiftmodule' is incompatible with this Swift compiler: built for incompatible target
warning: module file '/Users/shashipandey/Library/Developer/Xcode/DerivedData/RSMS-galdljqllugdxqeukomoxaxsigpi/Build/Products/Debug-iphonesimulator/Helpers.swiftmodule/arm64-apple-ios-simulator.swiftmodule' is incompatible with this Swift compiler: built for incompatible target
warning: module file '/Users/shashipandey/Library/Developer/Xcode/DerivedData/RSMS-galdljqllugdxqeukomoxaxsigpi/Build/Products/Debug-iphonesimulator/Auth.swiftmodule/arm64-apple-ios-simulator.swiftmodule' is incompatible with this Swift compiler: built for incompatible target
warning: module file '/Users/shashipandey/Library/Developer/Xcode/DerivedData/RSMS-galdljqllugdxqeukomoxaxsigpi/Build/Products/Debug-iphonesimulator/Functions.swiftmodule/arm64-apple-ios-simulator.swiftmodule' is incompatible with this Swift compiler: built for incompatible target
warning: module file '/Users/shashipandey/Library/Developer/Xcode/DerivedData/RSMS-galdljqllugdxqeukomoxaxsigpi/Build/Products/Debug-iphonesimulator/IssueReporting.swiftmodule/arm64-apple-ios-simulator.swiftmodule' is incompatible with this Swift compiler: built for incompatible target
warning: module file '/Users/shashipandey/Library/Developer/Xcode/DerivedData/RSMS-galdljqllugdxqeukomoxaxsigpi/Build/Products/Debug-iphonesimulator/PostgREST.swiftmodule/arm64-apple-ios-simulator.swiftmodule' is incompatible with this Swift compiler: built for incompatible target
warning: module file '/Users/shashipandey/Library/Developer/Xcode/DerivedData/RSMS-galdljqllugdxqeukomoxaxsigpi/Build/Products/Debug-iphonesimulator/Realtime.swiftmodule/arm64-apple-ios-simulator.swiftmodule' is incompatible with this Swift compiler: built for incompatible target
warning: module file '/Users/shashipandey/Library/Developer/Xcode/DerivedData/RSMS-galdljqllugdxqeukomoxaxsigpi/Build/Products/Debug-iphonesimulator/Storage.swiftmodule/arm64-apple-ios-simulator.swiftmodule' is incompatible with this Swift compiler: built for incompatible target
warning: module file '/Users/shashipandey/Library/Developer/Xcode/DerivedData/RSMS-galdljqllugdxqeukomoxaxsigpi/Build/Products/Debug-iphonesimulator/Auth.swiftmodule/arm64-apple-ios-simulator.swiftmodule' is incompatible with this Swift compiler: built for incompatible target
warning: module file '/Users/shashipandey/Library/Developer/Xcode/DerivedData/RSMS-galdljqllugdxqeukomoxaxsigpi/Build/Products/Debug-iphonesimulator/Functions.swiftmodule/arm64-apple-ios-simulator.swiftmodule' is incompatible with this Swift compiler: built for incompatible target
warning: module file '/Users/shashipandey/Library/Developer/Xcode/DerivedData/RSMS-galdljqllugdxqeukomoxaxsigpi/Build/Products/Debug-iphonesimulator/IssueReporting.swiftmodule/arm64-apple-ios-simulator.swiftmodule' is incompatible with this Swift compiler: built for incompatible target
warning: module file '/Users/shashipandey/Library/Developer/Xcode/DerivedData/RSMS-galdljqllugdxqeukomoxaxsigpi/Build/Products/Debug-iphonesimulator/PostgREST.swiftmodule/arm64-apple-ios-simulator.swiftmodule' is incompatible with this Swift compiler: built for incompatible target
warning: module file '/Users/shashipandey/Library/Developer/Xcode/DerivedData/RSMS-galdljqllugdxqeukomoxaxsigpi/Build/Products/Debug-iphonesimulator/Realtime.swiftmodule/arm64-apple-ios-simulator.swiftmodule' is incompatible with this Swift compiler: built for incompatible target
warning: module file '/Users/shashipandey/Library/Developer/Xcode/DerivedData/RSMS-galdljqllugdxqeukomoxaxsigpi/Build/Products/Debug-iphonesimulator/Storage.swiftmodule/arm64-apple-ios-simulator.swiftmodule' is incompatible with this Swift compiler: built for incompatible target
warning: module file '/Users/shashipandey/Library/Developer/Xcode/DerivedData/RSMS-galdljqllugdxqeukomoxaxsigpi/Build/Products/Debug-iphonesimulator/Helpers.swiftmodule/arm64-apple-ios-simulator.swiftmodule' is incompatible with this Swift compiler: built for incompatible target
warning: module file '/Users/shashipandey/Library/Developer/Xcode/DerivedData/RSMS-galdljqllugdxqeukomoxaxsigpi/Build/Products/Debug-iphonesimulator/Helpers.swiftmodule/arm64-apple-ios-simulator.swiftmodule' is incompatible with this Swift compiler: built for incompatible target
warning: module file '/Users/shashipandey/Library/Developer/Xcode/DerivedData/RSMS-galdljqllugdxqeukomoxaxsigpi/Build/Products/Debug-iphonesimulator/Auth.swiftmodule/arm64-apple-ios-simulator.swiftmodule' is incompatible with this Swift compiler: built for incompatible target
warning: module file '/Users/shashipandey/Library/Developer/Xcode/DerivedData/RSMS-galdljqllugdxqeukomoxaxsigpi/Build/Products/Debug-iphonesimulator/Functions.swiftmodule/arm64-apple-ios-simulator.swiftmodule' is incompatible with this Swift compiler: built for incompatible target
warning: module file '/Users/shashipandey/Library/Developer/Xcode/DerivedData/RSMS-galdljqllugdxqeukomoxaxsigpi/Build/Products/Debug-iphonesimulator/IssueReporting.swiftmodule/arm64-apple-ios-simulator.swiftmodule' is incompatible with this Swift compiler: built for incompatible target
warning: module file '/Users/shashipandey/Library/Developer/Xcode/DerivedData/RSMS-galdljqllugdxqeukomoxaxsigpi/Build/Products/Debug-iphonesimulator/PostgREST.swiftmodule/arm64-apple-ios-simulator.swiftmodule' is incompatible with this Swift compiler: built for incompatible target
warning: module file '/Users/shashipandey/Library/Developer/Xcode/DerivedData/RSMS-galdljqllugdxqeukomoxaxsigpi/Build/Products/Debug-iphonesimulator/Realtime.swiftmodule/arm64-apple-ios-simulator.swiftmodule' is incompatible with this Swift compiler: built for incompatible target
warning: module file '/Users/shashipandey/Library/Developer/Xcode/DerivedData/RSMS-galdljqllugdxqeukomoxaxsigpi/Build/Products/Debug-iphonesimulator/Storage.swiftmodule/arm64-apple-ios-simulator.swiftmodule' is incompatible with this Swift compiler: built for incompatible target
warning: module file '/Users/shashipandey/Library/Developer/Xcode/DerivedData/RSMS-galdljqllugdxqeukomoxaxsigpi/Build/Products/Debug-iphonesimulator/Auth.swiftmodule/arm64-apple-ios-simulator.swiftmodule' is incompatible with this Swift compiler: built for incompatible target
warning: module file '/Users/shashipandey/Library/Developer/Xcode/DerivedData/RSMS-galdljqllugdxqeukomoxaxsigpi/Build/Products/Debug-iphonesimulator/Functions.swiftmodule/arm64-apple-ios-simulator.swiftmodule' is incompatible with this Swift compiler: built for incompatible target
warning: module file '/Users/shashipandey/Library/Developer/Xcode/DerivedData/RSMS-galdljqllugdxqeukomoxaxsigpi/Build/Products/Debug-iphonesimulator/IssueReporting.swiftmodule/arm64-apple-ios-simulator.swiftmodule' is incompatible with this Swift compiler: built for incompatible target
warning: module file '/Users/shashipandey/Library/Developer/Xcode/DerivedData/RSMS-galdljqllugdxqeukomoxaxsigpi/Build/Products/Debug-iphonesimulator/PostgREST.swiftmodule/arm64-apple-ios-simulator.swiftmodule' is incompatible with this Swift compiler: built for incompatible target
warning: module file '/Users/shashipandey/Library/Developer/Xcode/DerivedData/RSMS-galdljqllugdxqeukomoxaxsigpi/Build/Products/Debug-iphonesimulator/Realtime.swiftmodule/arm64-apple-ios-simulator.swiftmodule' is incompatible with this Swift compiler: built for incompatible target
warning: module file '/Users/shashipandey/Library/Developer/Xcode/DerivedData/RSMS-galdljqllugdxqeukomoxaxsigpi/Build/Products/Debug-iphonesimulator/Storage.swiftmodule/arm64-apple-ios-simulator.swiftmodule' is incompatible with this Swift compiler: built for incompatible target
warning: module file '/Users/shashipandey/Library/Developer/Xcode/DerivedData/RSMS-galdljqllugdxqeukomoxaxsigpi/Build/Products/Debug-iphonesimulator/Helpers.swiftmodule/arm64-apple-ios-simulator.swiftmodule' is incompatible with this Swift compiler: built for incompatible target
warning: module file '/Users/shashipandey/Library/Developer/Xcode/DerivedData/RSMS-galdljqllugdxqeukomoxaxsigpi/Build/Products/Debug-iphonesimulator/Helpers.swiftmodule/arm64-apple-ios-simulator.swiftmodule' is incompatible with this Swift compiler: built for incompatible target

SwiftDriver InventoryModule normal x86_64 com.apple.xcode.tools.swift.compiler (in target 'InventoryModule' from project 'RSMS')
    cd /Users/shashipandey/Desktop/Team-8
    builtin-SwiftDriver -- /Applications/Xcode.app/Contents/Developer/Toolchains/XcodeDefault.xctoolchain/usr/bin/swiftc -module-name InventoryModule -Onone @/Users/shashipandey/Library/Developer/Xcode/DerivedData/RSMS-galdljqllugdxqeukomoxaxsigpi/Build/Intermediates.noindex/RSMS.build/Debug-iphonesimulator/InventoryModule.build/Objects-normal/x86_64/InventoryModule.SwiftFileList -DDEBUG -enable-bare-slash-regex -enable-experimental-feature DebugDescriptionMacro -sdk /Applications/Xcode.app/Contents/Developer/Platforms/iPhoneSimulator.platform/Developer/SDKs/iPhoneSimulator26.5.sdk -target x86_64-apple-ios26.5-simulator -g -module-cache-path /Users/shashipandey/Library/Developer/Xcode/DerivedData/ModuleCache.noindex -Xfrontend -serialize-debugging-options -enable-testing -index-store-path /Users/shashipandey/Library/Developer/Xcode/DerivedData/RSMS-galdljqllugdxqeukomoxaxsigpi/Index.noindex/DataStore -Xcc -D_LIBCPP_HARDENING_MODE\=_LIBCPP_HARDENING_MODE_DEBUG -swift-version 5 -I /Users/shashipandey/Library/Developer/Xcode/DerivedData/RSMS-galdljqllugdxqeukomoxaxsigpi/Build/Products/Debug-iphonesimulator -F /Users/shashipandey/Library/Developer/Xcode/DerivedData/RSMS-galdljqllugdxqeukomoxaxsigpi/Build/Products/Debug-iphonesimulator/PackageFrameworks -F /Users/shashipandey/Library/Developer/Xcode/DerivedData/RSMS-galdljqllugdxqeukomoxaxsigpi/Build/Products/Debug-iphonesimulator/PackageFrameworks -F /Users/shashipandey/Library/Developer/Xcode/DerivedData/RSMS-galdljqllugdxqeukomoxaxsigpi/Build/Products/Debug-iphonesimulator/PackageFrameworks -F /Users/shashipandey/Library/Developer/Xcode/DerivedData/RSMS-galdljqllugdxqeukomoxaxsigpi/Build/Products/Debug-iphonesimulator/PackageFrameworks -F /Users/shashipandey/Library/Developer/Xcode/DerivedData/RSMS-galdljqllugdxqeukomoxaxsigpi/Build/Products/Debug-iphonesimulator/PackageFrameworks -F /Users/shashipandey/Library/Developer/Xcode/DerivedData/RSMS-galdljqllugdxqeukomoxaxsigpi/Build/Products/Debug-iphonesimulator/PackageFrameworks -F /Users/shashipandey/Library/Developer/Xcode/DerivedData/RSMS-galdljqllugdxqeukomoxaxsigpi/Build/Products/Debug-iphonesimulator/PackageFrameworks -F /Users/shashipandey/Library/Developer/Xcode/DerivedData/RSMS-galdljqllugdxqeukomoxaxsigpi/Build/Products/Debug-iphonesimulator/PackageFrameworks -F /Users/shashipandey/Library/Developer/Xcode/DerivedData/RSMS-galdljqllugdxqeukomoxaxsigpi/Build/Products/Debug-iphonesimulator/PackageFrameworks -F /Users/shashipandey/Library/Developer/Xcode/DerivedData/RSMS-galdljqllugdxqeukomoxaxsigpi/Build/Products/Debug-iphonesimulator/PackageFrameworks -F /Users/shashipandey/Library/Developer/Xcode/DerivedData/RSMS-galdljqllugdxqeukomoxaxsigpi/Build/Products/Debug-iphonesimulator/PackageFrameworks -F /Users/shashipandey/Library/Developer/Xcode/DerivedData/RSMS-galdljqllugdxqeukomoxaxsigpi/Build/Products/Debug-iphonesimulator/PackageFrameworks -F /Users/shashipandey/Library/Developer/Xcode/DerivedData/RSMS-galdljqllugdxqeukomoxaxsigpi/Build/Products/Debug-iphonesimulator/PackageFrameworks -F /Users/shashipandey/Library/Developer/Xcode/DerivedData/RSMS-galdljqllugdxqeukomoxaxsigpi/Build/Products/Debug-iphonesimulator -c -j10 -enable-batch-mode -incremental -Xcc -ivfsstatcache -Xcc /Users/shashipandey/Library/Developer/Xcode/DerivedData/SDKStatCaches.noindex/iphonesimulator26.5-23F81a-6cfe768891a92b912361537c460fe42b.sdkstatcache -output-file-map /Users/shashipandey/Library/Developer/Xcode/DerivedData/RSMS-galdljqllugdxqeukomoxaxsigpi/Build/Intermediates.noindex/RSMS.build/Debug-iphonesimulator/InventoryModule.build/Objects-normal/x86_64/InventoryModule-OutputFileMap.json -use-frontend-parseable-output -save-temps -no-color-diagnostics -explicit-module-build -module-cache-path /Users/shashipandey/Library/Developer/Xcode/DerivedData/RSMS-galdljqllugdxqeukomoxaxsigpi/Build/Intermediates.noindex/SwiftExplicitPrecompiledModules -clang-scanner-module-cache-path /Users/shashipandey/Library/Developer/Xcode/DerivedData/ModuleCache.noindex -sdk-module-cache-path /Users/shashipandey/Library/Developer/Xcode/DerivedData/ModuleCache.noindex -serialize-diagnostics -emit-dependencies -emit-module -emit-module-path /Users/shashipandey/Library/Developer/Xcode/DerivedData/RSMS-galdljqllugdxqeukomoxaxsigpi/Build/Intermediates.noindex/RSMS.build/Debug-iphonesimulator/InventoryModule.build/Objects-normal/x86_64/InventoryModule.swiftmodule -validate-clang-modules-once -clang-build-session-file /Users/shashipandey/Library/Developer/Xcode/DerivedData/ModuleCache.noindex/Session.modulevalidation -Xcc -I/Users/shashipandey/Library/Developer/Xcode/DerivedData/RSMS-galdljqllugdxqeukomoxaxsigpi/Build/Intermediates.noindex/RSMS.build/Debug-iphonesimulator/InventoryModule.build/swift-overrides.hmap -emit-const-values -Xfrontend -const-gather-protocols-file -Xfrontend /Users/shashipandey/Library/Developer/Xcode/DerivedData/RSMS-galdljqllugdxqeukomoxaxsigpi/Build/Intermediates.noindex/RSMS.build/Debug-iphonesimulator/InventoryModule.build/Objects-normal/x86_64/InventoryModule_const_extract_protocols.json -Xcc -iquote -Xcc /Users/shashipandey/Library/Developer/Xcode/DerivedData/RSMS-galdljqllugdxqeukomoxaxsigpi/Build/Intermediates.noindex/RSMS.build/Debug-iphonesimulator/InventoryModule.build/InventoryModule-generated-files.hmap -Xcc -I/Users/shashipandey/Library/Developer/Xcode/DerivedData/RSMS-galdljqllugdxqeukomoxaxsigpi/Build/Intermediates.noindex/RSMS.build/Debug-iphonesimulator/InventoryModule.build/InventoryModule-own-target-headers.hmap -Xcc -I/Users/shashipandey/Library/Developer/Xcode/DerivedData/RSMS-galdljqllugdxqeukomoxaxsigpi/Build/Intermediates.noindex/RSMS.build/Debug-iphonesimulator/InventoryModule.build/InventoryModule-all-non-framework-target-headers.hmap -Xcc -ivfsoverlay -Xcc /Users/shashipandey/Library/Developer/Xcode/DerivedData/RSMS-galdljqllugdxqeukomoxaxsigpi/Build/Intermediates.noindex/RSMS.build/Debug-iphonesimulator/RSMS-20c8144d8fc61d4ec82d88f627d29184-VFS-iphonesimulator/all-product-headers.yaml -Xcc -iquote -Xcc /Users/shashipandey/Library/Developer/Xcode/DerivedData/RSMS-galdljqllugdxqeukomoxaxsigpi/Build/Intermediates.noindex/RSMS.build/Debug-iphonesimulator/InventoryModule.build/InventoryModule-project-headers.hmap -Xcc -I/Users/shashipandey/Library/Developer/Xcode/DerivedData/RSMS-galdljqllugdxqeukomoxaxsigpi/Build/Products/Debug-iphonesimulator/include -Xcc -I/Users/shashipandey/Library/Developer/Xcode/DerivedData/RSMS-galdljqllugdxqeukomoxaxsigpi/Build/Intermediates.noindex/RSMS.build/Debug-iphonesimulator/InventoryModule.build/DerivedSources-normal/x86_64 -Xcc -I/Users/shashipandey/Library/Developer/Xcode/DerivedData/RSMS-galdljqllugdxqeukomoxaxsigpi/Build/Intermediates.noindex/RSMS.build/Debug-iphonesimulator/InventoryModule.build/DerivedSources/x86_64 -Xcc -I/Users/shashipandey/Library/Developer/Xcode/DerivedData/RSMS-galdljqllugdxqeukomoxaxsigpi/Build/Intermediates.noindex/RSMS.build/Debug-iphonesimulator/InventoryModule.build/DerivedSources -Xcc -DDEBUG\=1 -emit-objc-header -emit-objc-header-path /Users/shashipandey/Library/Developer/Xcode/DerivedData/RSMS-galdljqllugdxqeukomoxaxsigpi/Build/Intermediates.noindex/RSMS.build/Debug-iphonesimulator/InventoryModule.build/Objects-normal/x86_64/InventoryModule-Swift.h -working-directory /Users/shashipandey/Desktop/Team-8 -experimental-emit-module-separately -disable-cmo
warning: Module file '/Users/shashipandey/Library/Developer/Xcode/DerivedData/RSMS-galdljqllugdxqeukomoxaxsigpi/Build/Products/Debug-iphonesimulator/Auth.swiftmodule/arm64-apple-ios-simulator.swiftmodule' is incompatible with this Swift compiler: built for incompatible target (in target 'InventoryModule' from project 'RSMS')
warning: Module file '/Users/shashipandey/Library/Developer/Xcode/DerivedData/RSMS-galdljqllugdxqeukomoxaxsigpi/Build/Products/Debug-iphonesimulator/Functions.swiftmodule/arm64-apple-ios-simulator.swiftmodule' is incompatible with this Swift compiler: built for incompatible target (in target 'InventoryModule' from project 'RSMS')
warning: Module file '/Users/shashipandey/Library/Developer/Xcode/DerivedData/RSMS-galdljqllugdxqeukomoxaxsigpi/Build/Products/Debug-iphonesimulator/IssueReporting.swiftmodule/arm64-apple-ios-simulator.swiftmodule' is incompatible with this Swift compiler: built for incompatible target (in target 'InventoryModule' from project 'RSMS')
warning: Module file '/Users/shashipandey/Library/Developer/Xcode/DerivedData/RSMS-galdljqllugdxqeukomoxaxsigpi/Build/Products/Debug-iphonesimulator/PostgREST.swiftmodule/arm64-apple-ios-simulator.swiftmodule' is incompatible with this Swift compiler: built for incompatible target (in target 'InventoryModule' from project 'RSMS')
warning: Module file '/Users/shashipandey/Library/Developer/Xcode/DerivedData/RSMS-galdljqllugdxqeukomoxaxsigpi/Build/Products/Debug-iphonesimulator/Realtime.swiftmodule/arm64-apple-ios-simulator.swiftmodule' is incompatible with this Swift compiler: built for incompatible target (in target 'InventoryModule' from project 'RSMS')
warning: Module file '/Users/shashipandey/Library/Developer/Xcode/DerivedData/RSMS-galdljqllugdxqeukomoxaxsigpi/Build/Products/Debug-iphonesimulator/Storage.swiftmodule/arm64-apple-ios-simulator.swiftmodule' is incompatible with this Swift compiler: built for incompatible target (in target 'InventoryModule' from project 'RSMS')
warning: Module file '/Users/shashipandey/Library/Developer/Xcode/DerivedData/RSMS-galdljqllugdxqeukomoxaxsigpi/Build/Products/Debug-iphonesimulator/Auth.swiftmodule/arm64-apple-ios-simulator.swiftmodule' is incompatible with this Swift compiler: built for incompatible target (in target 'InventoryModule' from project 'RSMS')
warning: Module file '/Users/shashipandey/Library/Developer/Xcode/DerivedData/RSMS-galdljqllugdxqeukomoxaxsigpi/Build/Products/Debug-iphonesimulator/Functions.swiftmodule/arm64-apple-ios-simulator.swiftmodule' is incompatible with this Swift compiler: built for incompatible target (in target 'InventoryModule' from project 'RSMS')
warning: Module file '/Users/shashipandey/Library/Developer/Xcode/DerivedData/RSMS-galdljqllugdxqeukomoxaxsigpi/Build/Products/Debug-iphonesimulator/IssueReporting.swiftmodule/arm64-apple-ios-simulator.swiftmodule' is incompatible with this Swift compiler: built for incompatible target (in target 'InventoryModule' from project 'RSMS')
warning: Module file '/Users/shashipandey/Library/Developer/Xcode/DerivedData/RSMS-galdljqllugdxqeukomoxaxsigpi/Build/Products/Debug-iphonesimulator/PostgREST.swiftmodule/arm64-apple-ios-simulator.swiftmodule' is incompatible with this Swift compiler: built for incompatible target (in target 'InventoryModule' from project 'RSMS')
warning: Module file '/Users/shashipandey/Library/Developer/Xcode/DerivedData/RSMS-galdljqllugdxqeukomoxaxsigpi/Build/Products/Debug-iphonesimulator/Realtime.swiftmodule/arm64-apple-ios-simulator.swiftmodule' is incompatible with this Swift compiler: built for incompatible target (in target 'InventoryModule' from project 'RSMS')
warning: Module file '/Users/shashipandey/Library/Developer/Xcode/DerivedData/RSMS-galdljqllugdxqeukomoxaxsigpi/Build/Products/Debug-iphonesimulator/Storage.swiftmodule/arm64-apple-ios-simulator.swiftmodule' is incompatible with this Swift compiler: built for incompatible target (in target 'InventoryModule' from project 'RSMS')
warning: Module file '/Users/shashipandey/Library/Developer/Xcode/DerivedData/RSMS-galdljqllugdxqeukomoxaxsigpi/Build/Products/Debug-iphonesimulator/Helpers.swiftmodule/arm64-apple-ios-simulator.swiftmodule' is incompatible with this Swift compiler: built for incompatible target (in target 'InventoryModule' from project 'RSMS')
warning: Module file '/Users/shashipandey/Library/Developer/Xcode/DerivedData/RSMS-galdljqllugdxqeukomoxaxsigpi/Build/Products/Debug-iphonesimulator/Helpers.swiftmodule/arm64-apple-ios-simulator.swiftmodule' is incompatible with this Swift compiler: built for incompatible target (in target 'InventoryModule' from project 'RSMS')

CompileAssetCatalogVariant thinned /Users/shashipandey/Library/Developer/Xcode/DerivedData/RSMS-galdljqllugdxqeukomoxaxsigpi/Build/Products/Debug-iphonesimulator/SalesAssociateModule.framework /Users/shashipandey/Desktop/Team-8/RSMS_Sales_Associate/sales_associate_rsms/Assets.xcassets (in target 'SalesAssociateModule' from project 'RSMS')
    cd /Users/shashipandey/Desktop/Team-8
    /Applications/Xcode.app/Contents/Developer/usr/bin/actool /Users/shashipandey/Desktop/Team-8/RSMS_Sales_Associate/sales_associate_rsms/Assets.xcassets --compile /Users/shashipandey/Library/Developer/Xcode/DerivedData/RSMS-galdljqllugdxqeukomoxaxsigpi/Build/Intermediates.noindex/RSMS.build/Debug-iphonesimulator/SalesAssociateModule.build/assetcatalog_output/thinned --output-format human-readable-text --notices --warnings --export-dependency-info /Users/shashipandey/Library/Developer/Xcode/DerivedData/RSMS-galdljqllugdxqeukomoxaxsigpi/Build/Intermediates.noindex/RSMS.build/Debug-iphonesimulator/SalesAssociateModule.build/assetcatalog_dependencies_thinned --output-partial-info-plist /Users/shashipandey/Library/Developer/Xcode/DerivedData/RSMS-galdljqllugdxqeukomoxaxsigpi/Build/Intermediates.noindex/RSMS.build/Debug-iphonesimulator/SalesAssociateModule.build/assetcatalog_generated_info.plist_thinned --compress-pngs --enable-on-demand-resources NO --development-region en --target-device iphone --target-device ipad --minimum-deployment-target 26.5 --platform iphonesimulator
/* com.apple.actool.compilation-results */
/Users/shashipandey/Library/Developer/Xcode/DerivedData/RSMS-galdljqllugdxqeukomoxaxsigpi/Build/Intermediates.noindex/RSMS.build/Debug-iphonesimulator/SalesAssociateModule.build/assetcatalog_generated_info.plist_thinned


SwiftDriver StoreManagerModule normal arm64 com.apple.xcode.tools.swift.compiler (in target 'StoreManagerModule' from project 'RSMS')
    cd /Users/shashipandey/Desktop/Team-8
    builtin-SwiftDriver -- /Applications/Xcode.app/Contents/Developer/Toolchains/XcodeDefault.xctoolchain/usr/bin/swiftc -module-name StoreManagerModule -Onone @/Users/shashipandey/Library/Developer/Xcode/DerivedData/RSMS-galdljqllugdxqeukomoxaxsigpi/Build/Intermediates.noindex/RSMS.build/Debug-iphonesimulator/StoreManagerModule.build/Objects-normal/arm64/StoreManagerModule.SwiftFileList -DDEBUG -enable-bare-slash-regex -enable-experimental-feature DebugDescriptionMacro -sdk /Applications/Xcode.app/Contents/Developer/Platforms/iPhoneSimulator.platform/Developer/SDKs/iPhoneSimulator26.5.sdk -target arm64-apple-ios26.5-simulator -g -module-cache-path /Users/shashipandey/Library/Developer/Xcode/DerivedData/ModuleCache.noindex -Xfrontend -serialize-debugging-options -enable-testing -index-store-path /Users/shashipandey/Library/Developer/Xcode/DerivedData/RSMS-galdljqllugdxqeukomoxaxsigpi/Index.noindex/DataStore -Xcc -D_LIBCPP_HARDENING_MODE\=_LIBCPP_HARDENING_MODE_DEBUG -swift-version 5 -I /Users/shashipandey/Library/Developer/Xcode/DerivedData/RSMS-galdljqllugdxqeukomoxaxsigpi/Build/Products/Debug-iphonesimulator -F /Users/shashipandey/Library/Developer/Xcode/DerivedData/RSMS-galdljqllugdxqeukomoxaxsigpi/Build/Products/Debug-iphonesimulator/PackageFrameworks -F /Users/shashipandey/Library/Developer/Xcode/DerivedData/RSMS-galdljqllugdxqeukomoxaxsigpi/Build/Products/Debug-iphonesimulator/PackageFrameworks -F /Users/shashipandey/Library/Developer/Xcode/DerivedData/RSMS-galdljqllugdxqeukomoxaxsigpi/Build/Products/Debug-iphonesimulator/PackageFrameworks -F /Users/shashipandey/Library/Developer/Xcode/DerivedData/RSMS-galdljqllugdxqeukomoxaxsigpi/Build/Products/Debug-iphonesimulator/PackageFrameworks -F /Users/shashipandey/Library/Developer/Xcode/DerivedData/RSMS-galdljqllugdxqeukomoxaxsigpi/Build/Products/Debug-iphonesimulator/PackageFrameworks -F /Users/shashipandey/Library/Developer/Xcode/DerivedData/RSMS-galdljqllugdxqeukomoxaxsigpi/Build/Products/Debug-iphonesimulator/PackageFrameworks -F /Users/shashipandey/Library/Developer/Xcode/DerivedData/RSMS-galdljqllugdxqeukomoxaxsigpi/Build/Products/Debug-iphonesimulator/PackageFrameworks -F /Users/shashipandey/Library/Developer/Xcode/DerivedData/RSMS-galdljqllugdxqeukomoxaxsigpi/Build/Products/Debug-iphonesimulator/PackageFrameworks -F /Users/shashipandey/Library/Developer/Xcode/DerivedData/RSMS-galdljqllugdxqeukomoxaxsigpi/Build/Products/Debug-iphonesimulator/PackageFrameworks -F /Users/shashipandey/Library/Developer/Xcode/DerivedData/RSMS-galdljqllugdxqeukomoxaxsigpi/Build/Products/Debug-iphonesimulator/PackageFrameworks -F /Users/shashipandey/Library/Developer/Xcode/DerivedData/RSMS-galdljqllugdxqeukomoxaxsigpi/Build/Products/Debug-iphonesimulator/PackageFrameworks -F /Users/shashipandey/Library/Developer/Xcode/DerivedData/RSMS-galdljqllugdxqeukomoxaxsigpi/Build/Products/Debug-iphonesimulator/PackageFrameworks -F /Users/shashipandey/Library/Developer/Xcode/DerivedData/RSMS-galdljqllugdxqeukomoxaxsigpi/Build/Products/Debug-iphonesimulator/PackageFrameworks -F /Users/shashipandey/Library/Developer/Xcode/DerivedData/RSMS-galdljqllugdxqeukomoxaxsigpi/Build/Products/Debug-iphonesimulator -c -j10 -enable-batch-mode -incremental -Xcc -ivfsstatcache -Xcc /Users/shashipandey/Library/Developer/Xcode/DerivedData/SDKStatCaches.noindex/iphonesimulator26.5-23F81a-6cfe768891a92b912361537c460fe42b.sdkstatcache -output-file-map /Users/shashipandey/Library/Developer/Xcode/DerivedData/RSMS-galdljqllugdxqeukomoxaxsigpi/Build/Intermediates.noindex/RSMS.build/Debug-iphonesimulator/StoreManagerModule.build/Objects-normal/arm64/StoreManagerModule-OutputFileMap.json -use-frontend-parseable-output -save-temps -no-color-diagnostics -explicit-module-build -module-cache-path /Users/shashipandey/Library/Developer/Xcode/DerivedData/RSMS-galdljqllugdxqeukomoxaxsigpi/Build/Intermediates.noindex/SwiftExplicitPrecompiledModules -clang-scanner-module-cache-path /Users/shashipandey/Library/Developer/Xcode/DerivedData/ModuleCache.noindex -sdk-module-cache-path /Users/shashipandey/Library/Developer/Xcode/DerivedData/ModuleCache.noindex -serialize-diagnostics -emit-dependencies -emit-module -emit-module-path /Users/shashipandey/Library/Developer/Xcode/DerivedData/RSMS-galdljqllugdxqeukomoxaxsigpi/Build/Intermediates.noindex/RSMS.build/Debug-iphonesimulator/StoreManagerModule.build/Objects-normal/arm64/StoreManagerModule.swiftmodule -validate-clang-modules-once -clang-build-session-file /Users/shashipandey/Library/Developer/Xcode/DerivedData/ModuleCache.noindex/Session.modulevalidation -Xcc -I/Users/shashipandey/Library/Developer/Xcode/DerivedData/RSMS-galdljqllugdxqeukomoxaxsigpi/Build/Intermediates.noindex/RSMS.build/Debug-iphonesimulator/StoreManagerModule.build/swift-overrides.hmap -emit-const-values -Xfrontend -const-gather-protocols-file -Xfrontend /Users/shashipandey/Library/Developer/Xcode/DerivedData/RSMS-galdljqllugdxqeukomoxaxsigpi/Build/Intermediates.noindex/RSMS.build/Debug-iphonesimulator/StoreManagerModule.build/Objects-normal/arm64/StoreManagerModule_const_extract_protocols.json -Xcc -iquote -Xcc /Users/shashipandey/Library/Developer/Xcode/DerivedData/RSMS-galdljqllugdxqeukomoxaxsigpi/Build/Intermediates.noindex/RSMS.build/Debug-iphonesimulator/StoreManagerModule.build/StoreManagerModule-generated-files.hmap -Xcc -I/Users/shashipandey/Library/Developer/Xcode/DerivedData/RSMS-galdljqllugdxqeukomoxaxsigpi/Build/Intermediates.noindex/RSMS.build/Debug-iphonesimulator/StoreManagerModule.build/StoreManagerModule-own-target-headers.hmap -Xcc -I/Users/shashipandey/Library/Developer/Xcode/DerivedData/RSMS-galdljqllugdxqeukomoxaxsigpi/Build/Intermediates.noindex/RSMS.build/Debug-iphonesimulator/StoreManagerModule.build/StoreManagerModule-all-non-framework-target-headers.hmap -Xcc -ivfsoverlay -Xcc /Users/shashipandey/Library/Developer/Xcode/DerivedData/RSMS-galdljqllugdxqeukomoxaxsigpi/Build/Intermediates.noindex/RSMS.build/Debug-iphonesimulator/RSMS-20c8144d8fc61d4ec82d88f627d29184-VFS-iphonesimulator/all-product-headers.yaml -Xcc -iquote -Xcc /Users/shashipandey/Library/Developer/Xcode/DerivedData/RSMS-galdljqllugdxqeukomoxaxsigpi/Build/Intermediates.noindex/RSMS.build/Debug-iphonesimulator/StoreManagerModule.build/StoreManagerModule-project-headers.hmap -Xcc -I/Users/shashipandey/Library/Developer/Xcode/DerivedData/RSMS-galdljqllugdxqeukomoxaxsigpi/Build/Products/Debug-iphonesimulator/include -Xcc -I/Users/shashipandey/Library/Developer/Xcode/DerivedData/RSMS-galdljqllugdxqeukomoxaxsigpi/Build/Intermediates.noindex/RSMS.build/Debug-iphonesimulator/StoreManagerModule.build/DerivedSources-normal/arm64 -Xcc -I/Users/shashipandey/Library/Developer/Xcode/DerivedData/RSMS-galdljqllugdxqeukomoxaxsigpi/Build/Intermediates.noindex/RSMS.build/Debug-iphonesimulator/StoreManagerModule.build/DerivedSources/arm64 -Xcc -I/Users/shashipandey/Library/Developer/Xcode/DerivedData/RSMS-galdljqllugdxqeukomoxaxsigpi/Build/Intermediates.noindex/RSMS.build/Debug-iphonesimulator/StoreManagerModule.build/DerivedSources -Xcc -DDEBUG\=1 -emit-objc-header -emit-objc-header-path /Users/shashipandey/Library/Developer/Xcode/DerivedData/RSMS-galdljqllugdxqeukomoxaxsigpi/Build/Intermediates.noindex/RSMS.build/Debug-iphonesimulator/StoreManagerModule.build/Objects-normal/arm64/StoreManagerModule-Swift.h -working-directory /Users/shashipandey/Desktop/Team-8 -experimental-emit-module-separately -disable-cmo
warning: module file '/Users/shashipandey/Library/Developer/Xcode/DerivedData/RSMS-galdljqllugdxqeukomoxaxsigpi/Build/Products/Debug-iphonesimulator/Auth.swiftmodule/arm64-apple-ios-simulator.swiftmodule' is incompatible with this Swift compiler: built for incompatible target
warning: module file '/Users/shashipandey/Library/Developer/Xcode/DerivedData/RSMS-galdljqllugdxqeukomoxaxsigpi/Build/Products/Debug-iphonesimulator/Functions.swiftmodule/arm64-apple-ios-simulator.swiftmodule' is incompatible with this Swift compiler: built for incompatible target
warning: module file '/Users/shashipandey/Library/Developer/Xcode/DerivedData/RSMS-galdljqllugdxqeukomoxaxsigpi/Build/Products/Debug-iphonesimulator/IssueReporting.swiftmodule/arm64-apple-ios-simulator.swiftmodule' is incompatible with this Swift compiler: built for incompatible target
warning: module file '/Users/shashipandey/Library/Developer/Xcode/DerivedData/RSMS-galdljqllugdxqeukomoxaxsigpi/Build/Products/Debug-iphonesimulator/PostgREST.swiftmodule/arm64-apple-ios-simulator.swiftmodule' is incompatible with this Swift compiler: built for incompatible target
warning: module file '/Users/shashipandey/Library/Developer/Xcode/DerivedData/RSMS-galdljqllugdxqeukomoxaxsigpi/Build/Products/Debug-iphonesimulator/Realtime.swiftmodule/arm64-apple-ios-simulator.swiftmodule' is incompatible with this Swift compiler: built for incompatible target
warning: module file '/Users/shashipandey/Library/Developer/Xcode/DerivedData/RSMS-galdljqllugdxqeukomoxaxsigpi/Build/Products/Debug-iphonesimulator/Storage.swiftmodule/arm64-apple-ios-simulator.swiftmodule' is incompatible with this Swift compiler: built for incompatible target
warning: module file '/Users/shashipandey/Library/Developer/Xcode/DerivedData/RSMS-galdljqllugdxqeukomoxaxsigpi/Build/Products/Debug-iphonesimulator/Auth.swiftmodule/arm64-apple-ios-simulator.swiftmodule' is incompatible with this Swift compiler: built for incompatible target
warning: module file '/Users/shashipandey/Library/Developer/Xcode/DerivedData/RSMS-galdljqllugdxqeukomoxaxsigpi/Build/Products/Debug-iphonesimulator/Functions.swiftmodule/arm64-apple-ios-simulator.swiftmodule' is incompatible with this Swift compiler: built for incompatible target
warning: module file '/Users/shashipandey/Library/Developer/Xcode/DerivedData/RSMS-galdljqllugdxqeukomoxaxsigpi/Build/Products/Debug-iphonesimulator/IssueReporting.swiftmodule/arm64-apple-ios-simulator.swiftmodule' is incompatible with this Swift compiler: built for incompatible target
warning: module file '/Users/shashipandey/Library/Developer/Xcode/DerivedData/RSMS-galdljqllugdxqeukomoxaxsigpi/Build/Products/Debug-iphonesimulator/PostgREST.swiftmodule/arm64-apple-ios-simulator.swiftmodule' is incompatible with this Swift compiler: built for incompatible target
warning: module file '/Users/shashipandey/Library/Developer/Xcode/DerivedData/RSMS-galdljqllugdxqeukomoxaxsigpi/Build/Products/Debug-iphonesimulator/Realtime.swiftmodule/arm64-apple-ios-simulator.swiftmodule' is incompatible with this Swift compiler: built for incompatible target
warning: module file '/Users/shashipandey/Library/Developer/Xcode/DerivedData/RSMS-galdljqllugdxqeukomoxaxsigpi/Build/Products/Debug-iphonesimulator/Storage.swiftmodule/arm64-apple-ios-simulator.swiftmodule' is incompatible with this Swift compiler: built for incompatible target
warning: module file '/Users/shashipandey/Library/Developer/Xcode/DerivedData/RSMS-galdljqllugdxqeukomoxaxsigpi/Build/Products/Debug-iphonesimulator/Helpers.swiftmodule/arm64-apple-ios-simulator.swiftmodule' is incompatible with this Swift compiler: built for incompatible target
warning: module file '/Users/shashipandey/Library/Developer/Xcode/DerivedData/RSMS-galdljqllugdxqeukomoxaxsigpi/Build/Products/Debug-iphonesimulator/Helpers.swiftmodule/arm64-apple-ios-simulator.swiftmodule' is incompatible with this Swift compiler: built for incompatible target

SwiftDriver StoreManagerModule normal x86_64 com.apple.xcode.tools.swift.compiler (in target 'StoreManagerModule' from project 'RSMS')
    cd /Users/shashipandey/Desktop/Team-8
    builtin-SwiftDriver -- /Applications/Xcode.app/Contents/Developer/Toolchains/XcodeDefault.xctoolchain/usr/bin/swiftc -module-name StoreManagerModule -Onone @/Users/shashipandey/Library/Developer/Xcode/DerivedData/RSMS-galdljqllugdxqeukomoxaxsigpi/Build/Intermediates.noindex/RSMS.build/Debug-iphonesimulator/StoreManagerModule.build/Objects-normal/x86_64/StoreManagerModule.SwiftFileList -DDEBUG -enable-bare-slash-regex -enable-experimental-feature DebugDescriptionMacro -sdk /Applications/Xcode.app/Contents/Developer/Platforms/iPhoneSimulator.platform/Developer/SDKs/iPhoneSimulator26.5.sdk -target x86_64-apple-ios26.5-simulator -g -module-cache-path /Users/shashipandey/Library/Developer/Xcode/DerivedData/ModuleCache.noindex -Xfrontend -serialize-debugging-options -enable-testing -index-store-path /Users/shashipandey/Library/Developer/Xcode/DerivedData/RSMS-galdljqllugdxqeukomoxaxsigpi/Index.noindex/DataStore -Xcc -D_LIBCPP_HARDENING_MODE\=_LIBCPP_HARDENING_MODE_DEBUG -swift-version 5 -I /Users/shashipandey/Library/Developer/Xcode/DerivedData/RSMS-galdljqllugdxqeukomoxaxsigpi/Build/Products/Debug-iphonesimulator -F /Users/shashipandey/Library/Developer/Xcode/DerivedData/RSMS-galdljqllugdxqeukomoxaxsigpi/Build/Products/Debug-iphonesimulator/PackageFrameworks -F /Users/shashipandey/Library/Developer/Xcode/DerivedData/RSMS-galdljqllugdxqeukomoxaxsigpi/Build/Products/Debug-iphonesimulator/PackageFrameworks -F /Users/shashipandey/Library/Developer/Xcode/DerivedData/RSMS-galdljqllugdxqeukomoxaxsigpi/Build/Products/Debug-iphonesimulator/PackageFrameworks -F /Users/shashipandey/Library/Developer/Xcode/DerivedData/RSMS-galdljqllugdxqeukomoxaxsigpi/Build/Products/Debug-iphonesimulator/PackageFrameworks -F /Users/shashipandey/Library/Developer/Xcode/DerivedData/RSMS-galdljqllugdxqeukomoxaxsigpi/Build/Products/Debug-iphonesimulator/PackageFrameworks -F /Users/shashipandey/Library/Developer/Xcode/DerivedData/RSMS-galdljqllugdxqeukomoxaxsigpi/Build/Products/Debug-iphonesimulator/PackageFrameworks -F /Users/shashipandey/Library/Developer/Xcode/DerivedData/RSMS-galdljqllugdxqeukomoxaxsigpi/Build/Products/Debug-iphonesimulator/PackageFrameworks -F /Users/shashipandey/Library/Developer/Xcode/DerivedData/RSMS-galdljqllugdxqeukomoxaxsigpi/Build/Products/Debug-iphonesimulator/PackageFrameworks -F /Users/shashipandey/Library/Developer/Xcode/DerivedData/RSMS-galdljqllugdxqeukomoxaxsigpi/Build/Products/Debug-iphonesimulator/PackageFrameworks -F /Users/shashipandey/Library/Developer/Xcode/DerivedData/RSMS-galdljqllugdxqeukomoxaxsigpi/Build/Products/Debug-iphonesimulator/PackageFrameworks -F /Users/shashipandey/Library/Developer/Xcode/DerivedData/RSMS-galdljqllugdxqeukomoxaxsigpi/Build/Products/Debug-iphonesimulator/PackageFrameworks -F /Users/shashipandey/Library/Developer/Xcode/DerivedData/RSMS-galdljqllugdxqeukomoxaxsigpi/Build/Products/Debug-iphonesimulator/PackageFrameworks -F /Users/shashipandey/Library/Developer/Xcode/DerivedData/RSMS-galdljqllugdxqeukomoxaxsigpi/Build/Products/Debug-iphonesimulator/PackageFrameworks -F /Users/shashipandey/Library/Developer/Xcode/DerivedData/RSMS-galdljqllugdxqeukomoxaxsigpi/Build/Products/Debug-iphonesimulator -c -j10 -enable-batch-mode -incremental -Xcc -ivfsstatcache -Xcc /Users/shashipandey/Library/Developer/Xcode/DerivedData/SDKStatCaches.noindex/iphonesimulator26.5-23F81a-6cfe768891a92b912361537c460fe42b.sdkstatcache -output-file-map /Users/shashipandey/Library/Developer/Xcode/DerivedData/RSMS-galdljqllugdxqeukomoxaxsigpi/Build/Intermediates.noindex/RSMS.build/Debug-iphonesimulator/StoreManagerModule.build/Objects-normal/x86_64/StoreManagerModule-OutputFileMap.json -use-frontend-parseable-output -save-temps -no-color-diagnostics -explicit-module-build -module-cache-path /Users/shashipandey/Library/Developer/Xcode/DerivedData/RSMS-galdljqllugdxqeukomoxaxsigpi/Build/Intermediates.noindex/SwiftExplicitPrecompiledModules -clang-scanner-module-cache-path /Users/shashipandey/Library/Developer/Xcode/DerivedData/ModuleCache.noindex -sdk-module-cache-path /Users/shashipandey/Library/Developer/Xcode/DerivedData/ModuleCache.noindex -serialize-diagnostics -emit-dependencies -emit-module -emit-module-path /Users/shashipandey/Library/Developer/Xcode/DerivedData/RSMS-galdljqllugdxqeukomoxaxsigpi/Build/Intermediates.noindex/RSMS.build/Debug-iphonesimulator/StoreManagerModule.build/Objects-normal/x86_64/StoreManagerModule.swiftmodule -validate-clang-modules-once -clang-build-session-file /Users/shashipandey/Library/Developer/Xcode/DerivedData/ModuleCache.noindex/Session.modulevalidation -Xcc -I/Users/shashipandey/Library/Developer/Xcode/DerivedData/RSMS-galdljqllugdxqeukomoxaxsigpi/Build/Intermediates.noindex/RSMS.build/Debug-iphonesimulator/StoreManagerModule.build/swift-overrides.hmap -emit-const-values -Xfrontend -const-gather-protocols-file -Xfrontend /Users/shashipandey/Library/Developer/Xcode/DerivedData/RSMS-galdljqllugdxqeukomoxaxsigpi/Build/Intermediates.noindex/RSMS.build/Debug-iphonesimulator/StoreManagerModule.build/Objects-normal/x86_64/StoreManagerModule_const_extract_protocols.json -Xcc -iquote -Xcc /Users/shashipandey/Library/Developer/Xcode/DerivedData/RSMS-galdljqllugdxqeukomoxaxsigpi/Build/Intermediates.noindex/RSMS.build/Debug-iphonesimulator/StoreManagerModule.build/StoreManagerModule-generated-files.hmap -Xcc -I/Users/shashipandey/Library/Developer/Xcode/DerivedData/RSMS-galdljqllugdxqeukomoxaxsigpi/Build/Intermediates.noindex/RSMS.build/Debug-iphonesimulator/StoreManagerModule.build/StoreManagerModule-own-target-headers.hmap -Xcc -I/Users/shashipandey/Library/Developer/Xcode/DerivedData/RSMS-galdljqllugdxqeukomoxaxsigpi/Build/Intermediates.noindex/RSMS.build/Debug-iphonesimulator/StoreManagerModule.build/StoreManagerModule-all-non-framework-target-headers.hmap -Xcc -ivfsoverlay -Xcc /Users/shashipandey/Library/Developer/Xcode/DerivedData/RSMS-galdljqllugdxqeukomoxaxsigpi/Build/Intermediates.noindex/RSMS.build/Debug-iphonesimulator/RSMS-20c8144d8fc61d4ec82d88f627d29184-VFS-iphonesimulator/all-product-headers.yaml -Xcc -iquote -Xcc /Users/shashipandey/Library/Developer/Xcode/DerivedData/RSMS-galdljqllugdxqeukomoxaxsigpi/Build/Intermediates.noindex/RSMS.build/Debug-iphonesimulator/StoreManagerModule.build/StoreManagerModule-project-headers.hmap -Xcc -I/Users/shashipandey/Library/Developer/Xcode/DerivedData/RSMS-galdljqllugdxqeukomoxaxsigpi/Build/Products/Debug-iphonesimulator/include -Xcc -I/Users/shashipandey/Library/Developer/Xcode/DerivedData/RSMS-galdljqllugdxqeukomoxaxsigpi/Build/Intermediates.noindex/RSMS.build/Debug-iphonesimulator/StoreManagerModule.build/DerivedSources-normal/x86_64 -Xcc -I/Users/shashipandey/Library/Developer/Xcode/DerivedData/RSMS-galdljqllugdxqeukomoxaxsigpi/Build/Intermediates.noindex/RSMS.build/Debug-iphonesimulator/StoreManagerModule.build/DerivedSources/x86_64 -Xcc -I/Users/shashipandey/Library/Developer/Xcode/DerivedData/RSMS-galdljqllugdxqeukomoxaxsigpi/Build/Intermediates.noindex/RSMS.build/Debug-iphonesimulator/StoreManagerModule.build/DerivedSources -Xcc -DDEBUG\=1 -emit-objc-header -emit-objc-header-path /Users/shashipandey/Library/Developer/Xcode/DerivedData/RSMS-galdljqllugdxqeukomoxaxsigpi/Build/Intermediates.noindex/RSMS.build/Debug-iphonesimulator/StoreManagerModule.build/Objects-normal/x86_64/StoreManagerModule-Swift.h -working-directory /Users/shashipandey/Desktop/Team-8 -experimental-emit-module-separately -disable-cmo
warning: Module file '/Users/shashipandey/Library/Developer/Xcode/DerivedData/RSMS-galdljqllugdxqeukomoxaxsigpi/Build/Products/Debug-iphonesimulator/Auth.swiftmodule/arm64-apple-ios-simulator.swiftmodule' is incompatible with this Swift compiler: built for incompatible target (in target 'StoreManagerModule' from project 'RSMS')
warning: Module file '/Users/shashipandey/Library/Developer/Xcode/DerivedData/RSMS-galdljqllugdxqeukomoxaxsigpi/Build/Products/Debug-iphonesimulator/Functions.swiftmodule/arm64-apple-ios-simulator.swiftmodule' is incompatible with this Swift compiler: built for incompatible target (in target 'StoreManagerModule' from project 'RSMS')
warning: Module file '/Users/shashipandey/Library/Developer/Xcode/DerivedData/RSMS-galdljqllugdxqeukomoxaxsigpi/Build/Products/Debug-iphonesimulator/IssueReporting.swiftmodule/arm64-apple-ios-simulator.swiftmodule' is incompatible with this Swift compiler: built for incompatible target (in target 'StoreManagerModule' from project 'RSMS')
warning: Module file '/Users/shashipandey/Library/Developer/Xcode/DerivedData/RSMS-galdljqllugdxqeukomoxaxsigpi/Build/Products/Debug-iphonesimulator/PostgREST.swiftmodule/arm64-apple-ios-simulator.swiftmodule' is incompatible with this Swift compiler: built for incompatible target (in target 'StoreManagerModule' from project 'RSMS')
warning: Module file '/Users/shashipandey/Library/Developer/Xcode/DerivedData/RSMS-galdljqllugdxqeukomoxaxsigpi/Build/Products/Debug-iphonesimulator/Realtime.swiftmodule/arm64-apple-ios-simulator.swiftmodule' is incompatible with this Swift compiler: built for incompatible target (in target 'StoreManagerModule' from project 'RSMS')
warning: Module file '/Users/shashipandey/Library/Developer/Xcode/DerivedData/RSMS-galdljqllugdxqeukomoxaxsigpi/Build/Products/Debug-iphonesimulator/Storage.swiftmodule/arm64-apple-ios-simulator.swiftmodule' is incompatible with this Swift compiler: built for incompatible target (in target 'StoreManagerModule' from project 'RSMS')
warning: Module file '/Users/shashipandey/Library/Developer/Xcode/DerivedData/RSMS-galdljqllugdxqeukomoxaxsigpi/Build/Products/Debug-iphonesimulator/Auth.swiftmodule/arm64-apple-ios-simulator.swiftmodule' is incompatible with this Swift compiler: built for incompatible target (in target 'StoreManagerModule' from project 'RSMS')
warning: Module file '/Users/shashipandey/Library/Developer/Xcode/DerivedData/RSMS-galdljqllugdxqeukomoxaxsigpi/Build/Products/Debug-iphonesimulator/Functions.swiftmodule/arm64-apple-ios-simulator.swiftmodule' is incompatible with this Swift compiler: built for incompatible target (in target 'StoreManagerModule' from project 'RSMS')
warning: Module file '/Users/shashipandey/Library/Developer/Xcode/DerivedData/RSMS-galdljqllugdxqeukomoxaxsigpi/Build/Products/Debug-iphonesimulator/IssueReporting.swiftmodule/arm64-apple-ios-simulator.swiftmodule' is incompatible with this Swift compiler: built for incompatible target (in target 'StoreManagerModule' from project 'RSMS')
warning: Module file '/Users/shashipandey/Library/Developer/Xcode/DerivedData/RSMS-galdljqllugdxqeukomoxaxsigpi/Build/Products/Debug-iphonesimulator/PostgREST.swiftmodule/arm64-apple-ios-simulator.swiftmodule' is incompatible with this Swift compiler: built for incompatible target (in target 'StoreManagerModule' from project 'RSMS')
warning: Module file '/Users/shashipandey/Library/Developer/Xcode/DerivedData/RSMS-galdljqllugdxqeukomoxaxsigpi/Build/Products/Debug-iphonesimulator/Realtime.swiftmodule/arm64-apple-ios-simulator.swiftmodule' is incompatible with this Swift compiler: built for incompatible target (in target 'StoreManagerModule' from project 'RSMS')
warning: Module file '/Users/shashipandey/Library/Developer/Xcode/DerivedData/RSMS-galdljqllugdxqeukomoxaxsigpi/Build/Products/Debug-iphonesimulator/Storage.swiftmodule/arm64-apple-ios-simulator.swiftmodule' is incompatible with this Swift compiler: built for incompatible target (in target 'StoreManagerModule' from project 'RSMS')
warning: Module file '/Users/shashipandey/Library/Developer/Xcode/DerivedData/RSMS-galdljqllugdxqeukomoxaxsigpi/Build/Products/Debug-iphonesimulator/Helpers.swiftmodule/arm64-apple-ios-simulator.swiftmodule' is incompatible with this Swift compiler: built for incompatible target (in target 'StoreManagerModule' from project 'RSMS')
warning: Module file '/Users/shashipandey/Library/Developer/Xcode/DerivedData/RSMS-galdljqllugdxqeukomoxaxsigpi/Build/Products/Debug-iphonesimulator/Helpers.swiftmodule/arm64-apple-ios-simulator.swiftmodule' is incompatible with this Swift compiler: built for incompatible target (in target 'StoreManagerModule' from project 'RSMS')

SwiftDriver AdminModule normal x86_64 com.apple.xcode.tools.swift.compiler (in target 'AdminModule' from project 'RSMS')
    cd /Users/shashipandey/Desktop/Team-8
    builtin-SwiftDriver -- /Applications/Xcode.app/Contents/Developer/Toolchains/XcodeDefault.xctoolchain/usr/bin/swiftc -module-name AdminModule -Onone @/Users/shashipandey/Library/Developer/Xcode/DerivedData/RSMS-galdljqllugdxqeukomoxaxsigpi/Build/Intermediates.noindex/RSMS.build/Debug-iphonesimulator/AdminModule.build/Objects-normal/x86_64/AdminModule.SwiftFileList -DDEBUG -enable-bare-slash-regex -enable-experimental-feature DebugDescriptionMacro -sdk /Applications/Xcode.app/Contents/Developer/Platforms/iPhoneSimulator.platform/Developer/SDKs/iPhoneSimulator26.5.sdk -target x86_64-apple-ios26.5-simulator -g -module-cache-path /Users/shashipandey/Library/Developer/Xcode/DerivedData/ModuleCache.noindex -Xfrontend -serialize-debugging-options -enable-testing -index-store-path /Users/shashipandey/Library/Developer/Xcode/DerivedData/RSMS-galdljqllugdxqeukomoxaxsigpi/Index.noindex/DataStore -Xcc -D_LIBCPP_HARDENING_MODE\=_LIBCPP_HARDENING_MODE_DEBUG -swift-version 5 -I /Users/shashipandey/Library/Developer/Xcode/DerivedData/RSMS-galdljqllugdxqeukomoxaxsigpi/Build/Products/Debug-iphonesimulator -F /Users/shashipandey/Library/Developer/Xcode/DerivedData/RSMS-galdljqllugdxqeukomoxaxsigpi/Build/Products/Debug-iphonesimulator/PackageFrameworks -F /Users/shashipandey/Library/Developer/Xcode/DerivedData/RSMS-galdljqllugdxqeukomoxaxsigpi/Build/Products/Debug-iphonesimulator/PackageFrameworks -F /Users/shashipandey/Library/Developer/Xcode/DerivedData/RSMS-galdljqllugdxqeukomoxaxsigpi/Build/Products/Debug-iphonesimulator/PackageFrameworks -F /Users/shashipandey/Library/Developer/Xcode/DerivedData/RSMS-galdljqllugdxqeukomoxaxsigpi/Build/Products/Debug-iphonesimulator/PackageFrameworks -F /Users/shashipandey/Library/Developer/Xcode/DerivedData/RSMS-galdljqllugdxqeukomoxaxsigpi/Build/Products/Debug-iphonesimulator/PackageFrameworks -F /Users/shashipandey/Library/Developer/Xcode/DerivedData/RSMS-galdljqllugdxqeukomoxaxsigpi/Build/Products/Debug-iphonesimulator/PackageFrameworks -F /Users/shashipandey/Library/Developer/Xcode/DerivedData/RSMS-galdljqllugdxqeukomoxaxsigpi/Build/Products/Debug-iphonesimulator/PackageFrameworks -F /Users/shashipandey/Library/Developer/Xcode/DerivedData/RSMS-galdljqllugdxqeukomoxaxsigpi/Build/Products/Debug-iphonesimulator/PackageFrameworks -F /Users/shashipandey/Library/Developer/Xcode/DerivedData/RSMS-galdljqllugdxqeukomoxaxsigpi/Build/Products/Debug-iphonesimulator/PackageFrameworks -F /Users/shashipandey/Library/Developer/Xcode/DerivedData/RSMS-galdljqllugdxqeukomoxaxsigpi/Build/Products/Debug-iphonesimulator/PackageFrameworks -F /Users/shashipandey/Library/Developer/Xcode/DerivedData/RSMS-galdljqllugdxqeukomoxaxsigpi/Build/Products/Debug-iphonesimulator/PackageFrameworks -F /Users/shashipandey/Library/Developer/Xcode/DerivedData/RSMS-galdljqllugdxqeukomoxaxsigpi/Build/Products/Debug-iphonesimulator/PackageFrameworks -F /Users/shashipandey/Library/Developer/Xcode/DerivedData/RSMS-galdljqllugdxqeukomoxaxsigpi/Build/Products/Debug-iphonesimulator/PackageFrameworks -F /Users/shashipandey/Library/Developer/Xcode/DerivedData/RSMS-galdljqllugdxqeukomoxaxsigpi/Build/Products/Debug-iphonesimulator -c -j10 -enable-batch-mode -incremental -Xcc -ivfsstatcache -Xcc /Users/shashipandey/Library/Developer/Xcode/DerivedData/SDKStatCaches.noindex/iphonesimulator26.5-23F81a-6cfe768891a92b912361537c460fe42b.sdkstatcache -output-file-map /Users/shashipandey/Library/Developer/Xcode/DerivedData/RSMS-galdljqllugdxqeukomoxaxsigpi/Build/Intermediates.noindex/RSMS.build/Debug-iphonesimulator/AdminModule.build/Objects-normal/x86_64/AdminModule-OutputFileMap.json -use-frontend-parseable-output -save-temps -no-color-diagnostics -explicit-module-build -module-cache-path /Users/shashipandey/Library/Developer/Xcode/DerivedData/RSMS-galdljqllugdxqeukomoxaxsigpi/Build/Intermediates.noindex/SwiftExplicitPrecompiledModules -clang-scanner-module-cache-path /Users/shashipandey/Library/Developer/Xcode/DerivedData/ModuleCache.noindex -sdk-module-cache-path /Users/shashipandey/Library/Developer/Xcode/DerivedData/ModuleCache.noindex -serialize-diagnostics -emit-dependencies -emit-module -emit-module-path /Users/shashipandey/Library/Developer/Xcode/DerivedData/RSMS-galdljqllugdxqeukomoxaxsigpi/Build/Intermediates.noindex/RSMS.build/Debug-iphonesimulator/AdminModule.build/Objects-normal/x86_64/AdminModule.swiftmodule -validate-clang-modules-once -clang-build-session-file /Users/shashipandey/Library/Developer/Xcode/DerivedData/ModuleCache.noindex/Session.modulevalidation -Xcc -I/Users/shashipandey/Library/Developer/Xcode/DerivedData/RSMS-galdljqllugdxqeukomoxaxsigpi/Build/Intermediates.noindex/RSMS.build/Debug-iphonesimulator/AdminModule.build/swift-overrides.hmap -emit-const-values -Xfrontend -const-gather-protocols-file -Xfrontend /Users/shashipandey/Library/Developer/Xcode/DerivedData/RSMS-galdljqllugdxqeukomoxaxsigpi/Build/Intermediates.noindex/RSMS.build/Debug-iphonesimulator/AdminModule.build/Objects-normal/x86_64/AdminModule_const_extract_protocols.json -Xcc -iquote -Xcc /Users/shashipandey/Library/Developer/Xcode/DerivedData/RSMS-galdljqllugdxqeukomoxaxsigpi/Build/Intermediates.noindex/RSMS.build/Debug-iphonesimulator/AdminModule.build/AdminModule-generated-files.hmap -Xcc -I/Users/shashipandey/Library/Developer/Xcode/DerivedData/RSMS-galdljqllugdxqeukomoxaxsigpi/Build/Intermediates.noindex/RSMS.build/Debug-iphonesimulator/AdminModule.build/AdminModule-own-target-headers.hmap -Xcc -I/Users/shashipandey/Library/Developer/Xcode/DerivedData/RSMS-galdljqllugdxqeukomoxaxsigpi/Build/Intermediates.noindex/RSMS.build/Debug-iphonesimulator/AdminModule.build/AdminModule-all-non-framework-target-headers.hmap -Xcc -ivfsoverlay -Xcc /Users/shashipandey/Library/Developer/Xcode/DerivedData/RSMS-galdljqllugdxqeukomoxaxsigpi/Build/Intermediates.noindex/RSMS.build/Debug-iphonesimulator/RSMS-20c8144d8fc61d4ec82d88f627d29184-VFS-iphonesimulator/all-product-headers.yaml -Xcc -iquote -Xcc /Users/shashipandey/Library/Developer/Xcode/DerivedData/RSMS-galdljqllugdxqeukomoxaxsigpi/Build/Intermediates.noindex/RSMS.build/Debug-iphonesimulator/AdminModule.build/AdminModule-project-headers.hmap -Xcc -I/Users/shashipandey/Library/Developer/Xcode/DerivedData/RSMS-galdljqllugdxqeukomoxaxsigpi/Build/Products/Debug-iphonesimulator/include -Xcc -I/Users/shashipandey/Library/Developer/Xcode/DerivedData/RSMS-galdljqllugdxqeukomoxaxsigpi/Build/Intermediates.noindex/RSMS.build/Debug-iphonesimulator/AdminModule.build/DerivedSources-normal/x86_64 -Xcc -I/Users/shashipandey/Library/Developer/Xcode/DerivedData/RSMS-galdljqllugdxqeukomoxaxsigpi/Build/Intermediates.noindex/RSMS.build/Debug-iphonesimulator/AdminModule.build/DerivedSources/x86_64 -Xcc -I/Users/shashipandey/Library/Developer/Xcode/DerivedData/RSMS-galdljqllugdxqeukomoxaxsigpi/Build/Intermediates.noindex/RSMS.build/Debug-iphonesimulator/AdminModule.build/DerivedSources -Xcc -DDEBUG\=1 -emit-objc-header -emit-objc-header-path /Users/shashipandey/Library/Developer/Xcode/DerivedData/RSMS-galdljqllugdxqeukomoxaxsigpi/Build/Intermediates.noindex/RSMS.build/Debug-iphonesimulator/AdminModule.build/Objects-normal/x86_64/AdminModule-Swift.h -working-directory /Users/shashipandey/Desktop/Team-8 -experimental-emit-module-separately -disable-cmo
warning: Module file '/Users/shashipandey/Library/Developer/Xcode/DerivedData/RSMS-galdljqllugdxqeukomoxaxsigpi/Build/Products/Debug-iphonesimulator/Auth.swiftmodule/arm64-apple-ios-simulator.swiftmodule' is incompatible with this Swift compiler: built for incompatible target (in target 'AdminModule' from project 'RSMS')
warning: Module file '/Users/shashipandey/Library/Developer/Xcode/DerivedData/RSMS-galdljqllugdxqeukomoxaxsigpi/Build/Products/Debug-iphonesimulator/Functions.swiftmodule/arm64-apple-ios-simulator.swiftmodule' is incompatible with this Swift compiler: built for incompatible target (in target 'AdminModule' from project 'RSMS')
warning: Module file '/Users/shashipandey/Library/Developer/Xcode/DerivedData/RSMS-galdljqllugdxqeukomoxaxsigpi/Build/Products/Debug-iphonesimulator/IssueReporting.swiftmodule/arm64-apple-ios-simulator.swiftmodule' is incompatible with this Swift compiler: built for incompatible target (in target 'AdminModule' from project 'RSMS')
warning: Module file '/Users/shashipandey/Library/Developer/Xcode/DerivedData/RSMS-galdljqllugdxqeukomoxaxsigpi/Build/Products/Debug-iphonesimulator/PostgREST.swiftmodule/arm64-apple-ios-simulator.swiftmodule' is incompatible with this Swift compiler: built for incompatible target (in target 'AdminModule' from project 'RSMS')
warning: Module file '/Users/shashipandey/Library/Developer/Xcode/DerivedData/RSMS-galdljqllugdxqeukomoxaxsigpi/Build/Products/Debug-iphonesimulator/Realtime.swiftmodule/arm64-apple-ios-simulator.swiftmodule' is incompatible with this Swift compiler: built for incompatible target (in target 'AdminModule' from project 'RSMS')
warning: Module file '/Users/shashipandey/Library/Developer/Xcode/DerivedData/RSMS-galdljqllugdxqeukomoxaxsigpi/Build/Products/Debug-iphonesimulator/Storage.swiftmodule/arm64-apple-ios-simulator.swiftmodule' is incompatible with this Swift compiler: built for incompatible target (in target 'AdminModule' from project 'RSMS')
warning: Module file '/Users/shashipandey/Library/Developer/Xcode/DerivedData/RSMS-galdljqllugdxqeukomoxaxsigpi/Build/Products/Debug-iphonesimulator/Auth.swiftmodule/arm64-apple-ios-simulator.swiftmodule' is incompatible with this Swift compiler: built for incompatible target (in target 'AdminModule' from project 'RSMS')
warning: Module file '/Users/shashipandey/Library/Developer/Xcode/DerivedData/RSMS-galdljqllugdxqeukomoxaxsigpi/Build/Products/Debug-iphonesimulator/Functions.swiftmodule/arm64-apple-ios-simulator.swiftmodule' is incompatible with this Swift compiler: built for incompatible target (in target 'AdminModule' from project 'RSMS')
warning: Module file '/Users/shashipandey/Library/Developer/Xcode/DerivedData/RSMS-galdljqllugdxqeukomoxaxsigpi/Build/Products/Debug-iphonesimulator/IssueReporting.swiftmodule/arm64-apple-ios-simulator.swiftmodule' is incompatible with this Swift compiler: built for incompatible target (in target 'AdminModule' from project 'RSMS')
warning: Module file '/Users/shashipandey/Library/Developer/Xcode/DerivedData/RSMS-galdljqllugdxqeukomoxaxsigpi/Build/Products/Debug-iphonesimulator/PostgREST.swiftmodule/arm64-apple-ios-simulator.swiftmodule' is incompatible with this Swift compiler: built for incompatible target (in target 'AdminModule' from project 'RSMS')
warning: Module file '/Users/shashipandey/Library/Developer/Xcode/DerivedData/RSMS-galdljqllugdxqeukomoxaxsigpi/Build/Products/Debug-iphonesimulator/Realtime.swiftmodule/arm64-apple-ios-simulator.swiftmodule' is incompatible with this Swift compiler: built for incompatible target (in target 'AdminModule' from project 'RSMS')
warning: Module file '/Users/shashipandey/Library/Developer/Xcode/DerivedData/RSMS-galdljqllugdxqeukomoxaxsigpi/Build/Products/Debug-iphonesimulator/Storage.swiftmodule/arm64-apple-ios-simulator.swiftmodule' is incompatible with this Swift compiler: built for incompatible target (in target 'AdminModule' from project 'RSMS')
warning: Module file '/Users/shashipandey/Library/Developer/Xcode/DerivedData/RSMS-galdljqllugdxqeukomoxaxsigpi/Build/Products/Debug-iphonesimulator/Helpers.swiftmodule/arm64-apple-ios-simulator.swiftmodule' is incompatible with this Swift compiler: built for incompatible target (in target 'AdminModule' from project 'RSMS')
warning: Module file '/Users/shashipandey/Library/Developer/Xcode/DerivedData/RSMS-galdljqllugdxqeukomoxaxsigpi/Build/Products/Debug-iphonesimulator/Helpers.swiftmodule/arm64-apple-ios-simulator.swiftmodule' is incompatible with this Swift compiler: built for incompatible target (in target 'AdminModule' from project 'RSMS')

SwiftDriver AdminModule normal arm64 com.apple.xcode.tools.swift.compiler (in target 'AdminModule' from project 'RSMS')
    cd /Users/shashipandey/Desktop/Team-8
    builtin-SwiftDriver -- /Applications/Xcode.app/Contents/Developer/Toolchains/XcodeDefault.xctoolchain/usr/bin/swiftc -module-name AdminModule -Onone @/Users/shashipandey/Library/Developer/Xcode/DerivedData/RSMS-galdljqllugdxqeukomoxaxsigpi/Build/Intermediates.noindex/RSMS.build/Debug-iphonesimulator/AdminModule.build/Objects-normal/arm64/AdminModule.SwiftFileList -DDEBUG -enable-bare-slash-regex -enable-experimental-feature DebugDescriptionMacro -sdk /Applications/Xcode.app/Contents/Developer/Platforms/iPhoneSimulator.platform/Developer/SDKs/iPhoneSimulator26.5.sdk -target arm64-apple-ios26.5-simulator -g -module-cache-path /Users/shashipandey/Library/Developer/Xcode/DerivedData/ModuleCache.noindex -Xfrontend -serialize-debugging-options -enable-testing -index-store-path /Users/shashipandey/Library/Developer/Xcode/DerivedData/RSMS-galdljqllugdxqeukomoxaxsigpi/Index.noindex/DataStore -Xcc -D_LIBCPP_HARDENING_MODE\=_LIBCPP_HARDENING_MODE_DEBUG -swift-version 5 -I /Users/shashipandey/Library/Developer/Xcode/DerivedData/RSMS-galdljqllugdxqeukomoxaxsigpi/Build/Products/Debug-iphonesimulator -F /Users/shashipandey/Library/Developer/Xcode/DerivedData/RSMS-galdljqllugdxqeukomoxaxsigpi/Build/Products/Debug-iphonesimulator/PackageFrameworks -F /Users/shashipandey/Library/Developer/Xcode/DerivedData/RSMS-galdljqllugdxqeukomoxaxsigpi/Build/Products/Debug-iphonesimulator/PackageFrameworks -F /Users/shashipandey/Library/Developer/Xcode/DerivedData/RSMS-galdljqllugdxqeukomoxaxsigpi/Build/Products/Debug-iphonesimulator/PackageFrameworks -F /Users/shashipandey/Library/Developer/Xcode/DerivedData/RSMS-galdljqllugdxqeukomoxaxsigpi/Build/Products/Debug-iphonesimulator/PackageFrameworks -F /Users/shashipandey/Library/Developer/Xcode/DerivedData/RSMS-galdljqllugdxqeukomoxaxsigpi/Build/Products/Debug-iphonesimulator/PackageFrameworks -F /Users/shashipandey/Library/Developer/Xcode/DerivedData/RSMS-galdljqllugdxqeukomoxaxsigpi/Build/Products/Debug-iphonesimulator/PackageFrameworks -F /Users/shashipandey/Library/Developer/Xcode/DerivedData/RSMS-galdljqllugdxqeukomoxaxsigpi/Build/Products/Debug-iphonesimulator/PackageFrameworks -F /Users/shashipandey/Library/Developer/Xcode/DerivedData/RSMS-galdljqllugdxqeukomoxaxsigpi/Build/Products/Debug-iphonesimulator/PackageFrameworks -F /Users/shashipandey/Library/Developer/Xcode/DerivedData/RSMS-galdljqllugdxqeukomoxaxsigpi/Build/Products/Debug-iphonesimulator/PackageFrameworks -F /Users/shashipandey/Library/Developer/Xcode/DerivedData/RSMS-galdljqllugdxqeukomoxaxsigpi/Build/Products/Debug-iphonesimulator/PackageFrameworks -F /Users/shashipandey/Library/Developer/Xcode/DerivedData/RSMS-galdljqllugdxqeukomoxaxsigpi/Build/Products/Debug-iphonesimulator/PackageFrameworks -F /Users/shashipandey/Library/Developer/Xcode/DerivedData/RSMS-galdljqllugdxqeukomoxaxsigpi/Build/Products/Debug-iphonesimulator/PackageFrameworks -F /Users/shashipandey/Library/Developer/Xcode/DerivedData/RSMS-galdljqllugdxqeukomoxaxsigpi/Build/Products/Debug-iphonesimulator/PackageFrameworks -F /Users/shashipandey/Library/Developer/Xcode/DerivedData/RSMS-galdljqllugdxqeukomoxaxsigpi/Build/Products/Debug-iphonesimulator -c -j10 -enable-batch-mode -incremental -Xcc -ivfsstatcache -Xcc /Users/shashipandey/Library/Developer/Xcode/DerivedData/SDKStatCaches.noindex/iphonesimulator26.5-23F81a-6cfe768891a92b912361537c460fe42b.sdkstatcache -output-file-map /Users/shashipandey/Library/Developer/Xcode/DerivedData/RSMS-galdljqllugdxqeukomoxaxsigpi/Build/Intermediates.noindex/RSMS.build/Debug-iphonesimulator/AdminModule.build/Objects-normal/arm64/AdminModule-OutputFileMap.json -use-frontend-parseable-output -save-temps -no-color-diagnostics -explicit-module-build -module-cache-path /Users/shashipandey/Library/Developer/Xcode/DerivedData/RSMS-galdljqllugdxqeukomoxaxsigpi/Build/Intermediates.noindex/SwiftExplicitPrecompiledModules -clang-scanner-module-cache-path /Users/shashipandey/Library/Developer/Xcode/DerivedData/ModuleCache.noindex -sdk-module-cache-path /Users/shashipandey/Library/Developer/Xcode/DerivedData/ModuleCache.noindex -serialize-diagnostics -emit-dependencies -emit-module -emit-module-path /Users/shashipandey/Library/Developer/Xcode/DerivedData/RSMS-galdljqllugdxqeukomoxaxsigpi/Build/Intermediates.noindex/RSMS.build/Debug-iphonesimulator/AdminModule.build/Objects-normal/arm64/AdminModule.swiftmodule -validate-clang-modules-once -clang-build-session-file /Users/shashipandey/Library/Developer/Xcode/DerivedData/ModuleCache.noindex/Session.modulevalidation -Xcc -I/Users/shashipandey/Library/Developer/Xcode/DerivedData/RSMS-galdljqllugdxqeukomoxaxsigpi/Build/Intermediates.noindex/RSMS.build/Debug-iphonesimulator/AdminModule.build/swift-overrides.hmap -emit-const-values -Xfrontend -const-gather-protocols-file -Xfrontend /Users/shashipandey/Library/Developer/Xcode/DerivedData/RSMS-galdljqllugdxqeukomoxaxsigpi/Build/Intermediates.noindex/RSMS.build/Debug-iphonesimulator/AdminModule.build/Objects-normal/arm64/AdminModule_const_extract_protocols.json -Xcc -iquote -Xcc /Users/shashipandey/Library/Developer/Xcode/DerivedData/RSMS-galdljqllugdxqeukomoxaxsigpi/Build/Intermediates.noindex/RSMS.build/Debug-iphonesimulator/AdminModule.build/AdminModule-generated-files.hmap -Xcc -I/Users/shashipandey/Library/Developer/Xcode/DerivedData/RSMS-galdljqllugdxqeukomoxaxsigpi/Build/Intermediates.noindex/RSMS.build/Debug-iphonesimulator/AdminModule.build/AdminModule-own-target-headers.hmap -Xcc -I/Users/shashipandey/Library/Developer/Xcode/DerivedData/RSMS-galdljqllugdxqeukomoxaxsigpi/Build/Intermediates.noindex/RSMS.build/Debug-iphonesimulator/AdminModule.build/AdminModule-all-non-framework-target-headers.hmap -Xcc -ivfsoverlay -Xcc /Users/shashipandey/Library/Developer/Xcode/DerivedData/RSMS-galdljqllugdxqeukomoxaxsigpi/Build/Intermediates.noindex/RSMS.build/Debug-iphonesimulator/RSMS-20c8144d8fc61d4ec82d88f627d29184-VFS-iphonesimulator/all-product-headers.yaml -Xcc -iquote -Xcc /Users/shashipandey/Library/Developer/Xcode/DerivedData/RSMS-galdljqllugdxqeukomoxaxsigpi/Build/Intermediates.noindex/RSMS.build/Debug-iphonesimulator/AdminModule.build/AdminModule-project-headers.hmap -Xcc -I/Users/shashipandey/Library/Developer/Xcode/DerivedData/RSMS-galdljqllugdxqeukomoxaxsigpi/Build/Products/Debug-iphonesimulator/include -Xcc -I/Users/shashipandey/Library/Developer/Xcode/DerivedData/RSMS-galdljqllugdxqeukomoxaxsigpi/Build/Intermediates.noindex/RSMS.build/Debug-iphonesimulator/AdminModule.build/DerivedSources-normal/arm64 -Xcc -I/Users/shashipandey/Library/Developer/Xcode/DerivedData/RSMS-galdljqllugdxqeukomoxaxsigpi/Build/Intermediates.noindex/RSMS.build/Debug-iphonesimulator/AdminModule.build/DerivedSources/arm64 -Xcc -I/Users/shashipandey/Library/Developer/Xcode/DerivedData/RSMS-galdljqllugdxqeukomoxaxsigpi/Build/Intermediates.noindex/RSMS.build/Debug-iphonesimulator/AdminModule.build/DerivedSources -Xcc -DDEBUG\=1 -emit-objc-header -emit-objc-header-path /Users/shashipandey/Library/Developer/Xcode/DerivedData/RSMS-galdljqllugdxqeukomoxaxsigpi/Build/Intermediates.noindex/RSMS.build/Debug-iphonesimulator/AdminModule.build/Objects-normal/arm64/AdminModule-Swift.h -working-directory /Users/shashipandey/Desktop/Team-8 -experimental-emit-module-separately -disable-cmo

SwiftDriver SalesAssociateModule normal arm64 com.apple.xcode.tools.swift.compiler (in target 'SalesAssociateModule' from project 'RSMS')
    cd /Users/shashipandey/Desktop/Team-8
    builtin-SwiftDriver -- /Applications/Xcode.app/Contents/Developer/Toolchains/XcodeDefault.xctoolchain/usr/bin/swiftc -module-name SalesAssociateModule -Onone @/Users/shashipandey/Library/Developer/Xcode/DerivedData/RSMS-galdljqllugdxqeukomoxaxsigpi/Build/Intermediates.noindex/RSMS.build/Debug-iphonesimulator/SalesAssociateModule.build/Objects-normal/arm64/SalesAssociateModule.SwiftFileList -DDEBUG -enable-bare-slash-regex -enable-experimental-feature DebugDescriptionMacro -sdk /Applications/Xcode.app/Contents/Developer/Platforms/iPhoneSimulator.platform/Developer/SDKs/iPhoneSimulator26.5.sdk -target arm64-apple-ios26.5-simulator -g -module-cache-path /Users/shashipandey/Library/Developer/Xcode/DerivedData/ModuleCache.noindex -Xfrontend -serialize-debugging-options -enable-testing -index-store-path /Users/shashipandey/Library/Developer/Xcode/DerivedData/RSMS-galdljqllugdxqeukomoxaxsigpi/Index.noindex/DataStore -Xcc -D_LIBCPP_HARDENING_MODE\=_LIBCPP_HARDENING_MODE_DEBUG -swift-version 5 -I /Users/shashipandey/Library/Developer/Xcode/DerivedData/RSMS-galdljqllugdxqeukomoxaxsigpi/Build/Products/Debug-iphonesimulator -F /Users/shashipandey/Library/Developer/Xcode/DerivedData/RSMS-galdljqllugdxqeukomoxaxsigpi/Build/Products/Debug-iphonesimulator/PackageFrameworks -F /Users/shashipandey/Library/Developer/Xcode/DerivedData/RSMS-galdljqllugdxqeukomoxaxsigpi/Build/Products/Debug-iphonesimulator/PackageFrameworks -F /Users/shashipandey/Library/Developer/Xcode/DerivedData/RSMS-galdljqllugdxqeukomoxaxsigpi/Build/Products/Debug-iphonesimulator/PackageFrameworks -F /Users/shashipandey/Library/Developer/Xcode/DerivedData/RSMS-galdljqllugdxqeukomoxaxsigpi/Build/Products/Debug-iphonesimulator/PackageFrameworks -F /Users/shashipandey/Library/Developer/Xcode/DerivedData/RSMS-galdljqllugdxqeukomoxaxsigpi/Build/Products/Debug-iphonesimulator/PackageFrameworks -F /Users/shashipandey/Library/Developer/Xcode/DerivedData/RSMS-galdljqllugdxqeukomoxaxsigpi/Build/Products/Debug-iphonesimulator/PackageFrameworks -F /Users/shashipandey/Library/Developer/Xcode/DerivedData/RSMS-galdljqllugdxqeukomoxaxsigpi/Build/Products/Debug-iphonesimulator/PackageFrameworks -F /Users/shashipandey/Library/Developer/Xcode/DerivedData/RSMS-galdljqllugdxqeukomoxaxsigpi/Build/Products/Debug-iphonesimulator/PackageFrameworks -F /Users/shashipandey/Library/Developer/Xcode/DerivedData/RSMS-galdljqllugdxqeukomoxaxsigpi/Build/Products/Debug-iphonesimulator/PackageFrameworks -F /Users/shashipandey/Library/Developer/Xcode/DerivedData/RSMS-galdljqllugdxqeukomoxaxsigpi/Build/Products/Debug-iphonesimulator/PackageFrameworks -F /Users/shashipandey/Library/Developer/Xcode/DerivedData/RSMS-galdljqllugdxqeukomoxaxsigpi/Build/Products/Debug-iphonesimulator/PackageFrameworks -F /Users/shashipandey/Library/Developer/Xcode/DerivedData/RSMS-galdljqllugdxqeukomoxaxsigpi/Build/Products/Debug-iphonesimulator/PackageFrameworks -F /Users/shashipandey/Library/Developer/Xcode/DerivedData/RSMS-galdljqllugdxqeukomoxaxsigpi/Build/Products/Debug-iphonesimulator/PackageFrameworks -F /Users/shashipandey/Library/Developer/Xcode/DerivedData/RSMS-galdljqllugdxqeukomoxaxsigpi/Build/Products/Debug-iphonesimulator/PackageFrameworks -F /Users/shashipandey/Library/Developer/Xcode/DerivedData/RSMS-galdljqllugdxqeukomoxaxsigpi/Build/Products/Debug-iphonesimulator -c -j10 -enable-batch-mode -incremental -Xcc -ivfsstatcache -Xcc /Users/shashipandey/Library/Developer/Xcode/DerivedData/SDKStatCaches.noindex/iphonesimulator26.5-23F81a-6cfe768891a92b912361537c460fe42b.sdkstatcache -output-file-map /Users/shashipandey/Library/Developer/Xcode/DerivedData/RSMS-galdljqllugdxqeukomoxaxsigpi/Build/Intermediates.noindex/RSMS.build/Debug-iphonesimulator/SalesAssociateModule.build/Objects-normal/arm64/SalesAssociateModule-OutputFileMap.json -use-frontend-parseable-output -save-temps -no-color-diagnostics -explicit-module-build -module-cache-path /Users/shashipandey/Library/Developer/Xcode/DerivedData/RSMS-galdljqllugdxqeukomoxaxsigpi/Build/Intermediates.noindex/SwiftExplicitPrecompiledModules -clang-scanner-module-cache-path /Users/shashipandey/Library/Developer/Xcode/DerivedData/ModuleCache.noindex -sdk-module-cache-path /Users/shashipandey/Library/Developer/Xcode/DerivedData/ModuleCache.noindex -serialize-diagnostics -emit-dependencies -emit-module -emit-module-path /Users/shashipandey/Library/Developer/Xcode/DerivedData/RSMS-galdljqllugdxqeukomoxaxsigpi/Build/Intermediates.noindex/RSMS.build/Debug-iphonesimulator/SalesAssociateModule.build/Objects-normal/arm64/SalesAssociateModule.swiftmodule -validate-clang-modules-once -clang-build-session-file /Users/shashipandey/Library/Developer/Xcode/DerivedData/ModuleCache.noindex/Session.modulevalidation -Xcc -I/Users/shashipandey/Library/Developer/Xcode/DerivedData/RSMS-galdljqllugdxqeukomoxaxsigpi/Build/Intermediates.noindex/RSMS.build/Debug-iphonesimulator/SalesAssociateModule.build/swift-overrides.hmap -emit-const-values -Xfrontend -const-gather-protocols-file -Xfrontend /Users/shashipandey/Library/Developer/Xcode/DerivedData/RSMS-galdljqllugdxqeukomoxaxsigpi/Build/Intermediates.noindex/RSMS.build/Debug-iphonesimulator/SalesAssociateModule.build/Objects-normal/arm64/SalesAssociateModule_const_extract_protocols.json -Xcc -iquote -Xcc /Users/shashipandey/Library/Developer/Xcode/DerivedData/RSMS-galdljqllugdxqeukomoxaxsigpi/Build/Intermediates.noindex/RSMS.build/Debug-iphonesimulator/SalesAssociateModule.build/SalesAssociateModule-generated-files.hmap -Xcc -I/Users/shashipandey/Library/Developer/Xcode/DerivedData/RSMS-galdljqllugdxqeukomoxaxsigpi/Build/Intermediates.noindex/RSMS.build/Debug-iphonesimulator/SalesAssociateModule.build/SalesAssociateModule-own-target-headers.hmap -Xcc -I/Users/shashipandey/Library/Developer/Xcode/DerivedData/RSMS-galdljqllugdxqeukomoxaxsigpi/Build/Intermediates.noindex/RSMS.build/Debug-iphonesimulator/SalesAssociateModule.build/SalesAssociateModule-all-non-framework-target-headers.hmap -Xcc -ivfsoverlay -Xcc /Users/shashipandey/Library/Developer/Xcode/DerivedData/RSMS-galdljqllugdxqeukomoxaxsigpi/Build/Intermediates.noindex/RSMS.build/Debug-iphonesimulator/RSMS-20c8144d8fc61d4ec82d88f627d29184-VFS-iphonesimulator/all-product-headers.yaml -Xcc -iquote -Xcc /Users/shashipandey/Library/Developer/Xcode/DerivedData/RSMS-galdljqllugdxqeukomoxaxsigpi/Build/Intermediates.noindex/RSMS.build/Debug-iphonesimulator/SalesAssociateModule.build/SalesAssociateModule-project-headers.hmap -Xcc -I/Users/shashipandey/Library/Developer/Xcode/DerivedData/RSMS-galdljqllugdxqeukomoxaxsigpi/Build/Products/Debug-iphonesimulator/include -Xcc -I/Users/shashipandey/Library/Developer/Xcode/DerivedData/RSMS-galdljqllugdxqeukomoxaxsigpi/Build/Intermediates.noindex/RSMS.build/Debug-iphonesimulator/SalesAssociateModule.build/DerivedSources-normal/arm64 -Xcc -I/Users/shashipandey/Library/Developer/Xcode/DerivedData/RSMS-galdljqllugdxqeukomoxaxsigpi/Build/Intermediates.noindex/RSMS.build/Debug-iphonesimulator/SalesAssociateModule.build/DerivedSources/arm64 -Xcc -I/Users/shashipandey/Library/Developer/Xcode/DerivedData/RSMS-galdljqllugdxqeukomoxaxsigpi/Build/Intermediates.noindex/RSMS.build/Debug-iphonesimulator/SalesAssociateModule.build/DerivedSources -Xcc -DDEBUG\=1 -emit-objc-header -emit-objc-header-path /Users/shashipandey/Library/Developer/Xcode/DerivedData/RSMS-galdljqllugdxqeukomoxaxsigpi/Build/Intermediates.noindex/RSMS.build/Debug-iphonesimulator/SalesAssociateModule.build/Objects-normal/arm64/SalesAssociateModule-Swift.h -working-directory /Users/shashipandey/Desktop/Team-8 -experimental-emit-module-separately -disable-cmo

SwiftDriver SalesAssociateModule normal x86_64 com.apple.xcode.tools.swift.compiler (in target 'SalesAssociateModule' from project 'RSMS')
    cd /Users/shashipandey/Desktop/Team-8
    builtin-SwiftDriver -- /Applications/Xcode.app/Contents/Developer/Toolchains/XcodeDefault.xctoolchain/usr/bin/swiftc -module-name SalesAssociateModule -Onone @/Users/shashipandey/Library/Developer/Xcode/DerivedData/RSMS-galdljqllugdxqeukomoxaxsigpi/Build/Intermediates.noindex/RSMS.build/Debug-iphonesimulator/SalesAssociateModule.build/Objects-normal/x86_64/SalesAssociateModule.SwiftFileList -DDEBUG -enable-bare-slash-regex -enable-experimental-feature DebugDescriptionMacro -sdk /Applications/Xcode.app/Contents/Developer/Platforms/iPhoneSimulator.platform/Developer/SDKs/iPhoneSimulator26.5.sdk -target x86_64-apple-ios26.5-simulator -g -module-cache-path /Users/shashipandey/Library/Developer/Xcode/DerivedData/ModuleCache.noindex -Xfrontend -serialize-debugging-options -enable-testing -index-store-path /Users/shashipandey/Library/Developer/Xcode/DerivedData/RSMS-galdljqllugdxqeukomoxaxsigpi/Index.noindex/DataStore -Xcc -D_LIBCPP_HARDENING_MODE\=_LIBCPP_HARDENING_MODE_DEBUG -swift-version 5 -I /Users/shashipandey/Library/Developer/Xcode/DerivedData/RSMS-galdljqllugdxqeukomoxaxsigpi/Build/Products/Debug-iphonesimulator -F /Users/shashipandey/Library/Developer/Xcode/DerivedData/RSMS-galdljqllugdxqeukomoxaxsigpi/Build/Products/Debug-iphonesimulator/PackageFrameworks -F /Users/shashipandey/Library/Developer/Xcode/DerivedData/RSMS-galdljqllugdxqeukomoxaxsigpi/Build/Products/Debug-iphonesimulator/PackageFrameworks -F /Users/shashipandey/Library/Developer/Xcode/DerivedData/RSMS-galdljqllugdxqeukomoxaxsigpi/Build/Products/Debug-iphonesimulator/PackageFrameworks -F /Users/shashipandey/Library/Developer/Xcode/DerivedData/RSMS-galdljqllugdxqeukomoxaxsigpi/Build/Products/Debug-iphonesimulator/PackageFrameworks -F /Users/shashipandey/Library/Developer/Xcode/DerivedData/RSMS-galdljqllugdxqeukomoxaxsigpi/Build/Products/Debug-iphonesimulator/PackageFrameworks -F /Users/shashipandey/Library/Developer/Xcode/DerivedData/RSMS-galdljqllugdxqeukomoxaxsigpi/Build/Products/Debug-iphonesimulator/PackageFrameworks -F /Users/shashipandey/Library/Developer/Xcode/DerivedData/RSMS-galdljqllugdxqeukomoxaxsigpi/Build/Products/Debug-iphonesimulator/PackageFrameworks -F /Users/shashipandey/Library/Developer/Xcode/DerivedData/RSMS-galdljqllugdxqeukomoxaxsigpi/Build/Products/Debug-iphonesimulator/PackageFrameworks -F /Users/shashipandey/Library/Developer/Xcode/DerivedData/RSMS-galdljqllugdxqeukomoxaxsigpi/Build/Products/Debug-iphonesimulator/PackageFrameworks -F /Users/shashipandey/Library/Developer/Xcode/DerivedData/RSMS-galdljqllugdxqeukomoxaxsigpi/Build/Products/Debug-iphonesimulator/PackageFrameworks -F /Users/shashipandey/Library/Developer/Xcode/DerivedData/RSMS-galdljqllugdxqeukomoxaxsigpi/Build/Products/Debug-iphonesimulator/PackageFrameworks -F /Users/shashipandey/Library/Developer/Xcode/DerivedData/RSMS-galdljqllugdxqeukomoxaxsigpi/Build/Products/Debug-iphonesimulator/PackageFrameworks -F /Users/shashipandey/Library/Developer/Xcode/DerivedData/RSMS-galdljqllugdxqeukomoxaxsigpi/Build/Products/Debug-iphonesimulator/PackageFrameworks -F /Users/shashipandey/Library/Developer/Xcode/DerivedData/RSMS-galdljqllugdxqeukomoxaxsigpi/Build/Products/Debug-iphonesimulator/PackageFrameworks -F /Users/shashipandey/Library/Developer/Xcode/DerivedData/RSMS-galdljqllugdxqeukomoxaxsigpi/Build/Products/Debug-iphonesimulator -c -j10 -enable-batch-mode -incremental -Xcc -ivfsstatcache -Xcc /Users/shashipandey/Library/Developer/Xcode/DerivedData/SDKStatCaches.noindex/iphonesimulator26.5-23F81a-6cfe768891a92b912361537c460fe42b.sdkstatcache -output-file-map /Users/shashipandey/Library/Developer/Xcode/DerivedData/RSMS-galdljqllugdxqeukomoxaxsigpi/Build/Intermediates.noindex/RSMS.build/Debug-iphonesimulator/SalesAssociateModule.build/Objects-normal/x86_64/SalesAssociateModule-OutputFileMap.json -use-frontend-parseable-output -save-temps -no-color-diagnostics -explicit-module-build -module-cache-path /Users/shashipandey/Library/Developer/Xcode/DerivedData/RSMS-galdljqllugdxqeukomoxaxsigpi/Build/Intermediates.noindex/SwiftExplicitPrecompiledModules -clang-scanner-module-cache-path /Users/shashipandey/Library/Developer/Xcode/DerivedData/ModuleCache.noindex -sdk-module-cache-path /Users/shashipandey/Library/Developer/Xcode/DerivedData/ModuleCache.noindex -serialize-diagnostics -emit-dependencies -emit-module -emit-module-path /Users/shashipandey/Library/Developer/Xcode/DerivedData/RSMS-galdljqllugdxqeukomoxaxsigpi/Build/Intermediates.noindex/RSMS.build/Debug-iphonesimulator/SalesAssociateModule.build/Objects-normal/x86_64/SalesAssociateModule.swiftmodule -validate-clang-modules-once -clang-build-session-file /Users/shashipandey/Library/Developer/Xcode/DerivedData/ModuleCache.noindex/Session.modulevalidation -Xcc -I/Users/shashipandey/Library/Developer/Xcode/DerivedData/RSMS-galdljqllugdxqeukomoxaxsigpi/Build/Intermediates.noindex/RSMS.build/Debug-iphonesimulator/SalesAssociateModule.build/swift-overrides.hmap -emit-const-values -Xfrontend -const-gather-protocols-file -Xfrontend /Users/shashipandey/Library/Developer/Xcode/DerivedData/RSMS-galdljqllugdxqeukomoxaxsigpi/Build/Intermediates.noindex/RSMS.build/Debug-iphonesimulator/SalesAssociateModule.build/Objects-normal/x86_64/SalesAssociateModule_const_extract_protocols.json -Xcc -iquote -Xcc /Users/shashipandey/Library/Developer/Xcode/DerivedData/RSMS-galdljqllugdxqeukomoxaxsigpi/Build/Intermediates.noindex/RSMS.build/Debug-iphonesimulator/SalesAssociateModule.build/SalesAssociateModule-generated-files.hmap -Xcc -I/Users/shashipandey/Library/Developer/Xcode/DerivedData/RSMS-galdljqllugdxqeukomoxaxsigpi/Build/Intermediates.noindex/RSMS.build/Debug-iphonesimulator/SalesAssociateModule.build/SalesAssociateModule-own-target-headers.hmap -Xcc -I/Users/shashipandey/Library/Developer/Xcode/DerivedData/RSMS-galdljqllugdxqeukomoxaxsigpi/Build/Intermediates.noindex/RSMS.build/Debug-iphonesimulator/SalesAssociateModule.build/SalesAssociateModule-all-non-framework-target-headers.hmap -Xcc -ivfsoverlay -Xcc /Users/shashipandey/Library/Developer/Xcode/DerivedData/RSMS-galdljqllugdxqeukomoxaxsigpi/Build/Intermediates.noindex/RSMS.build/Debug-iphonesimulator/RSMS-20c8144d8fc61d4ec82d88f627d29184-VFS-iphonesimulator/all-product-headers.yaml -Xcc -iquote -Xcc /Users/shashipandey/Library/Developer/Xcode/DerivedData/RSMS-galdljqllugdxqeukomoxaxsigpi/Build/Intermediates.noindex/RSMS.build/Debug-iphonesimulator/SalesAssociateModule.build/SalesAssociateModule-project-headers.hmap -Xcc -I/Users/shashipandey/Library/Developer/Xcode/DerivedData/RSMS-galdljqllugdxqeukomoxaxsigpi/Build/Products/Debug-iphonesimulator/include -Xcc -I/Users/shashipandey/Library/Developer/Xcode/DerivedData/RSMS-galdljqllugdxqeukomoxaxsigpi/Build/Intermediates.noindex/RSMS.build/Debug-iphonesimulator/SalesAssociateModule.build/DerivedSources-normal/x86_64 -Xcc -I/Users/shashipandey/Library/Developer/Xcode/DerivedData/RSMS-galdljqllugdxqeukomoxaxsigpi/Build/Intermediates.noindex/RSMS.build/Debug-iphonesimulator/SalesAssociateModule.build/DerivedSources/x86_64 -Xcc -I/Users/shashipandey/Library/Developer/Xcode/DerivedData/RSMS-galdljqllugdxqeukomoxaxsigpi/Build/Intermediates.noindex/RSMS.build/Debug-iphonesimulator/SalesAssociateModule.build/DerivedSources -Xcc -DDEBUG\=1 -emit-objc-header -emit-objc-header-path /Users/shashipandey/Library/Developer/Xcode/DerivedData/RSMS-galdljqllugdxqeukomoxaxsigpi/Build/Intermediates.noindex/RSMS.build/Debug-iphonesimulator/SalesAssociateModule.build/Objects-normal/x86_64/SalesAssociateModule-Swift.h -working-directory /Users/shashipandey/Desktop/Team-8 -experimental-emit-module-separately -disable-cmo
warning: Module file '/Users/shashipandey/Library/Developer/Xcode/DerivedData/RSMS-galdljqllugdxqeukomoxaxsigpi/Build/Products/Debug-iphonesimulator/Auth.swiftmodule/arm64-apple-ios-simulator.swiftmodule' is incompatible with this Swift compiler: built for incompatible target (in target 'SalesAssociateModule' from project 'RSMS')
warning: Module file '/Users/shashipandey/Library/Developer/Xcode/DerivedData/RSMS-galdljqllugdxqeukomoxaxsigpi/Build/Products/Debug-iphonesimulator/Functions.swiftmodule/arm64-apple-ios-simulator.swiftmodule' is incompatible with this Swift compiler: built for incompatible target (in target 'SalesAssociateModule' from project 'RSMS')
warning: Module file '/Users/shashipandey/Library/Developer/Xcode/DerivedData/RSMS-galdljqllugdxqeukomoxaxsigpi/Build/Products/Debug-iphonesimulator/IssueReporting.swiftmodule/arm64-apple-ios-simulator.swiftmodule' is incompatible with this Swift compiler: built for incompatible target (in target 'SalesAssociateModule' from project 'RSMS')
warning: Module file '/Users/shashipandey/Library/Developer/Xcode/DerivedData/RSMS-galdljqllugdxqeukomoxaxsigpi/Build/Products/Debug-iphonesimulator/PostgREST.swiftmodule/arm64-apple-ios-simulator.swiftmodule' is incompatible with this Swift compiler: built for incompatible target (in target 'SalesAssociateModule' from project 'RSMS')
warning: Module file '/Users/shashipandey/Library/Developer/Xcode/DerivedData/RSMS-galdljqllugdxqeukomoxaxsigpi/Build/Products/Debug-iphonesimulator/Realtime.swiftmodule/arm64-apple-ios-simulator.swiftmodule' is incompatible with this Swift compiler: built for incompatible target (in target 'SalesAssociateModule' from project 'RSMS')
warning: Module file '/Users/shashipandey/Library/Developer/Xcode/DerivedData/RSMS-galdljqllugdxqeukomoxaxsigpi/Build/Products/Debug-iphonesimulator/Storage.swiftmodule/arm64-apple-ios-simulator.swiftmodule' is incompatible with this Swift compiler: built for incompatible target (in target 'SalesAssociateModule' from project 'RSMS')
warning: Module file '/Users/shashipandey/Library/Developer/Xcode/DerivedData/RSMS-galdljqllugdxqeukomoxaxsigpi/Build/Products/Debug-iphonesimulator/Auth.swiftmodule/arm64-apple-ios-simulator.swiftmodule' is incompatible with this Swift compiler: built for incompatible target (in target 'SalesAssociateModule' from project 'RSMS')
warning: Module file '/Users/shashipandey/Library/Developer/Xcode/DerivedData/RSMS-galdljqllugdxqeukomoxaxsigpi/Build/Products/Debug-iphonesimulator/Functions.swiftmodule/arm64-apple-ios-simulator.swiftmodule' is incompatible with this Swift compiler: built for incompatible target (in target 'SalesAssociateModule' from project 'RSMS')
warning: Module file '/Users/shashipandey/Library/Developer/Xcode/DerivedData/RSMS-galdljqllugdxqeukomoxaxsigpi/Build/Products/Debug-iphonesimulator/IssueReporting.swiftmodule/arm64-apple-ios-simulator.swiftmodule' is incompatible with this Swift compiler: built for incompatible target (in target 'SalesAssociateModule' from project 'RSMS')
warning: Module file '/Users/shashipandey/Library/Developer/Xcode/DerivedData/RSMS-galdljqllugdxqeukomoxaxsigpi/Build/Products/Debug-iphonesimulator/PostgREST.swiftmodule/arm64-apple-ios-simulator.swiftmodule' is incompatible with this Swift compiler: built for incompatible target (in target 'SalesAssociateModule' from project 'RSMS')
warning: Module file '/Users/shashipandey/Library/Developer/Xcode/DerivedData/RSMS-galdljqllugdxqeukomoxaxsigpi/Build/Products/Debug-iphonesimulator/Realtime.swiftmodule/arm64-apple-ios-simulator.swiftmodule' is incompatible with this Swift compiler: built for incompatible target (in target 'SalesAssociateModule' from project 'RSMS')
warning: Module file '/Users/shashipandey/Library/Developer/Xcode/DerivedData/RSMS-galdljqllugdxqeukomoxaxsigpi/Build/Products/Debug-iphonesimulator/Storage.swiftmodule/arm64-apple-ios-simulator.swiftmodule' is incompatible with this Swift compiler: built for incompatible target (in target 'SalesAssociateModule' from project 'RSMS')
warning: Module file '/Users/shashipandey/Library/Developer/Xcode/DerivedData/RSMS-galdljqllugdxqeukomoxaxsigpi/Build/Products/Debug-iphonesimulator/Helpers.swiftmodule/arm64-apple-ios-simulator.swiftmodule' is incompatible with this Swift compiler: built for incompatible target (in target 'SalesAssociateModule' from project 'RSMS')
warning: Module file '/Users/shashipandey/Library/Developer/Xcode/DerivedData/RSMS-galdljqllugdxqeukomoxaxsigpi/Build/Products/Debug-iphonesimulator/Helpers.swiftmodule/arm64-apple-ios-simulator.swiftmodule' is incompatible with this Swift compiler: built for incompatible target (in target 'SalesAssociateModule' from project 'RSMS')

CreateUniversalBinary /Users/shashipandey/Library/Developer/Xcode/DerivedData/RSMS-galdljqllugdxqeukomoxaxsigpi/Build/Products/Debug-iphonesimulator/Supabase.o normal arm64\ x86_64 (in target 'Supabase' from project 'Supabase')
    cd /Users/shashipandey/Library/Developer/Xcode/DerivedData/RSMS-galdljqllugdxqeukomoxaxsigpi/SourcePackages/checkouts/supabase-swift
    /Applications/Xcode.app/Contents/Developer/Toolchains/XcodeDefault.xctoolchain/usr/bin/lipo -create /Users/shashipandey/Library/Developer/Xcode/DerivedData/RSMS-galdljqllugdxqeukomoxaxsigpi/Build/Intermediates.noindex/Supabase.build/Debug-iphonesimulator/Supabase.build/Objects-normal/arm64/Binary/Supabase.o /Users/shashipandey/Library/Developer/Xcode/DerivedData/RSMS-galdljqllugdxqeukomoxaxsigpi/Build/Intermediates.noindex/Supabase.build/Debug-iphonesimulator/Supabase.build/Objects-normal/x86_64/Binary/Supabase.o -output /Users/shashipandey/Library/Developer/Xcode/DerivedData/RSMS-galdljqllugdxqeukomoxaxsigpi/Build/Products/Debug-iphonesimulator/Supabase.o

ExtractAppIntentsMetadata (in target 'Supabase' from project 'Supabase')
    cd /Users/shashipandey/Library/Developer/Xcode/DerivedData/RSMS-galdljqllugdxqeukomoxaxsigpi/SourcePackages/checkouts/supabase-swift
    /Applications/Xcode.app/Contents/Developer/Toolchains/XcodeDefault.xctoolchain/usr/bin/appintentsmetadataprocessor --toolchain-dir /Applications/Xcode.app/Contents/Developer/Toolchains/XcodeDefault.xctoolchain --module-name Supabase --sdk-root /Applications/Xcode.app/Contents/Developer/Platforms/iPhoneSimulator.platform/Developer/SDKs/iPhoneSimulator26.5.sdk --xcode-version 17F113 --platform-family iOS --deployment-target 13.0 --bundle-identifier supabase-swift.Supabase --output /Users/shashipandey/Library/Developer/Xcode/DerivedData/RSMS-galdljqllugdxqeukomoxaxsigpi/Build/Products/Debug-iphonesimulator/Supabase.appintents --target-triple arm64-apple-ios13.0-simulator --target-triple x86_64-apple-ios13.0-simulator --binary-file /Users/shashipandey/Library/Developer/Xcode/DerivedData/RSMS-galdljqllugdxqeukomoxaxsigpi/Build/Products/Debug-iphonesimulator/Supabase.o --dependency-file /Users/shashipandey/Library/Developer/Xcode/DerivedData/RSMS-galdljqllugdxqeukomoxaxsigpi/Build/Intermediates.noindex/Supabase.build/Debug-iphonesimulator/Supabase.build/Objects-normal/arm64/Supabase_dependency_info.dat --dependency-file /Users/shashipandey/Library/Developer/Xcode/DerivedData/RSMS-galdljqllugdxqeukomoxaxsigpi/Build/Intermediates.noindex/Supabase.build/Debug-iphonesimulator/Supabase.build/Objects-normal/x86_64/Supabase_dependency_info.dat --stringsdata-file /Users/shashipandey/Library/Developer/Xcode/DerivedData/RSMS-galdljqllugdxqeukomoxaxsigpi/Build/Intermediates.noindex/Supabase.build/Debug-iphonesimulator/Supabase.build/Objects-normal/arm64/ExtractedAppShortcutsMetadata.stringsdata --stringsdata-file /Users/shashipandey/Library/Developer/Xcode/DerivedData/RSMS-galdljqllugdxqeukomoxaxsigpi/Build/Intermediates.noindex/Supabase.build/Debug-iphonesimulator/Supabase.build/Objects-normal/x86_64/ExtractedAppShortcutsMetadata.stringsdata --source-file-list /Users/shashipandey/Library/Developer/Xcode/DerivedData/RSMS-galdljqllugdxqeukomoxaxsigpi/Build/Intermediates.noindex/Supabase.build/Debug-iphonesimulator/Supabase.build/Objects-normal/arm64/Supabase.SwiftFileList --source-file-list /Users/shashipandey/Library/Developer/Xcode/DerivedData/RSMS-galdljqllugdxqeukomoxaxsigpi/Build/Intermediates.noindex/Supabase.build/Debug-iphonesimulator/Supabase.build/Objects-normal/x86_64/Supabase.SwiftFileList --metadata-file-list /Users/shashipandey/Library/Developer/Xcode/DerivedData/RSMS-galdljqllugdxqeukomoxaxsigpi/Build/Intermediates.noindex/Supabase.build/Debug-iphonesimulator/Supabase.build/Supabase.DependencyMetadataFileList --static-metadata-file-list /Users/shashipandey/Library/Developer/Xcode/DerivedData/RSMS-galdljqllugdxqeukomoxaxsigpi/Build/Intermediates.noindex/Supabase.build/Debug-iphonesimulator/Supabase.build/Supabase.DependencyStaticMetadataFileList --swift-const-vals-list /Users/shashipandey/Library/Developer/Xcode/DerivedData/RSMS-galdljqllugdxqeukomoxaxsigpi/Build/Intermediates.noindex/Supabase.build/Debug-iphonesimulator/Supabase.build/Objects-normal/arm64/Supabase.SwiftConstValuesFileList --swift-const-vals-list /Users/shashipandey/Library/Developer/Xcode/DerivedData/RSMS-galdljqllugdxqeukomoxaxsigpi/Build/Intermediates.noindex/Supabase.build/Debug-iphonesimulator/Supabase.build/Objects-normal/x86_64/Supabase.SwiftConstValuesFileList --force --compile-time-extraction --deployment-aware-processing --validate-assistant-intents --no-app-shortcuts-localization
2026-07-07 16:58:09.502 appintentsmetadataprocessor[23220:378310] Starting appintentsmetadataprocessor export
2026-07-07 16:58:09.511 appintentsmetadataprocessor[23220:378310] Extracted no relevant App Intents symbols, skipping writing output

RegisterExecutionPolicyException /Users/shashipandey/Library/Developer/Xcode/DerivedData/RSMS-galdljqllugdxqeukomoxaxsigpi/Build/Products/Debug-iphonesimulator/Supabase.o (in target 'Supabase' from project 'Supabase')
    cd /Users/shashipandey/Library/Developer/Xcode/DerivedData/RSMS-galdljqllugdxqeukomoxaxsigpi/SourcePackages/checkouts/supabase-swift
    builtin-RegisterExecutionPolicyException /Users/shashipandey/Library/Developer/Xcode/DerivedData/RSMS-galdljqllugdxqeukomoxaxsigpi/Build/Products/Debug-iphonesimulator/Supabase.o

Ld /Users/shashipandey/Library/Developer/Xcode/DerivedData/RSMS-galdljqllugdxqeukomoxaxsigpi/Build/Intermediates.noindex/Supabase.build/Debug-iphonesimulator/Supabase\ product.build/Objects-normal/x86_64/Binary/Supabase_-28EB57FDA3E86EC4_PackageProduct normal x86_64 (in target 'Supabase' from project 'Supabase')
    cd /Users/shashipandey/Library/Developer/Xcode/DerivedData/RSMS-galdljqllugdxqeukomoxaxsigpi/SourcePackages/checkouts/supabase-swift
    /Applications/Xcode.app/Contents/Developer/Toolchains/XcodeDefault.xctoolchain/usr/bin/clang -Xlinker -reproducible -target x86_64-apple-ios13.0-simulator -dynamiclib -isysroot /Applications/Xcode.app/Contents/Developer/Platforms/iPhoneSimulator.platform/Developer/SDKs/iPhoneSimulator26.5.sdk -O0 -w -L/Users/shashipandey/Library/Developer/Xcode/DerivedData/RSMS-galdljqllugdxqeukomoxaxsigpi/Build/Intermediates.noindex/EagerLinkingTBDs/Debug-iphonesimulator -L/Users/shashipandey/Library/Developer/Xcode/DerivedData/RSMS-galdljqllugdxqeukomoxaxsigpi/Build/Products/Debug-iphonesimulator -L/Applications/Xcode.app/Contents/Developer/Platforms/iPhoneSimulator.platform/Developer/usr/lib -F/Users/shashipandey/Library/Developer/Xcode/DerivedData/RSMS-galdljqllugdxqeukomoxaxsigpi/Build/Intermediates.noindex/EagerLinkingTBDs/Debug-iphonesimulator -F/Users/shashipandey/Library/Developer/Xcode/DerivedData/RSMS-galdljqllugdxqeukomoxaxsigpi/Build/Products/Debug-iphonesimulator/PackageFrameworks -F/Users/shashipandey/Library/Developer/Xcode/DerivedData/RSMS-galdljqllugdxqeukomoxaxsigpi/Build/Products/Debug-iphonesimulator/PackageFrameworks -F/Users/shashipandey/Library/Developer/Xcode/DerivedData/RSMS-galdljqllugdxqeukomoxaxsigpi/Build/Products/Debug-iphonesimulator/PackageFrameworks -F/Users/shashipandey/Library/Developer/Xcode/DerivedData/RSMS-galdljqllugdxqeukomoxaxsigpi/Build/Products/Debug-iphonesimulator/PackageFrameworks -F/Users/shashipandey/Library/Developer/Xcode/DerivedData/RSMS-galdljqllugdxqeukomoxaxsigpi/Build/Products/Debug-iphonesimulator/PackageFrameworks -F/Users/shashipandey/Library/Developer/Xcode/DerivedData/RSMS-galdljqllugdxqeukomoxaxsigpi/Build/Products/Debug-iphonesimulator/PackageFrameworks -F/Users/shashipandey/Library/Developer/Xcode/DerivedData/RSMS-galdljqllugdxqeukomoxaxsigpi/Build/Products/Debug-iphonesimulator/PackageFrameworks -F/Users/shashipandey/Library/Developer/Xcode/DerivedData/RSMS-galdljqllugdxqeukomoxaxsigpi/Build/Products/Debug-iphonesimulator/PackageFrameworks -F/Users/shashipandey/Library/Developer/Xcode/DerivedData/RSMS-galdljqllugdxqeukomoxaxsigpi/Build/Products/Debug-iphonesimulator/PackageFrameworks -F/Users/shashipandey/Library/Developer/Xcode/DerivedData/RSMS-galdljqllugdxqeukomoxaxsigpi/Build/Products/Debug-iphonesimulator/PackageFrameworks -F/Users/shashipandey/Library/Developer/Xcode/DerivedData/RSMS-galdljqllugdxqeukomoxaxsigpi/Build/Products/Debug-iphonesimulator/PackageFrameworks -F/Users/shashipandey/Library/Developer/Xcode/DerivedData/RSMS-galdljqllugdxqeukomoxaxsigpi/Build/Products/Debug-iphonesimulator/PackageFrameworks -F/Users/shashipandey/Library/Developer/Xcode/DerivedData/RSMS-galdljqllugdxqeukomoxaxsigpi/Build/Products/Debug-iphonesimulator/PackageFrameworks -F/Users/shashipandey/Library/Developer/Xcode/DerivedData/RSMS-galdljqllugdxqeukomoxaxsigpi/Build/Products/Debug-iphonesimulator -iframework /Applications/Xcode.app/Contents/Developer/Platforms/iPhoneSimulator.platform/Developer/Library/Frameworks -iframework /Applications/Xcode.app/Contents/Developer/Platforms/iPhoneSimulator.platform/Developer/SDKs/iPhoneSimulator26.5.sdk/Developer/Library/Frameworks -filelist /Users/shashipandey/Library/Developer/Xcode/DerivedData/RSMS-galdljqllugdxqeukomoxaxsigpi/Build/Intermediates.noindex/Supabase.build/Debug-iphonesimulator/Supabase\ product.build/Objects-normal/x86_64/Supabase_-28EB57FDA3E86EC4_PackageProduct.LinkFileList -install_name @rpath/Supabase_-28EB57FDA3E86EC4_PackageProduct.framework/Supabase_-28EB57FDA3E86EC4_PackageProduct -Xlinker -rpath -Xlinker /usr/lib/swift -Xlinker -rpath -Xlinker /Users/shashipandey/Library/Developer/Xcode/DerivedData/RSMS-galdljqllugdxqeukomoxaxsigpi/Build/Products/Debug-iphonesimulator/PackageFrameworks -Xlinker -dead_strip -Xlinker -object_path_lto -Xlinker /Users/shashipandey/Library/Developer/Xcode/DerivedData/RSMS-galdljqllugdxqeukomoxaxsigpi/Build/Intermediates.noindex/Supabase.build/Debug-iphonesimulator/Supabase\ product.build/Objects-normal/x86_64/Supabase_-28EB57FDA3E86EC4_PackageProduct_lto.o -rdynamic -Xlinker -no_deduplicate -Xlinker -objc_abi_version -Xlinker 2 -Xlinker -dependency_info -Xlinker /Users/shashipandey/Library/Developer/Xcode/DerivedData/RSMS-galdljqllugdxqeukomoxaxsigpi/Build/Intermediates.noindex/Supabase.build/Debug-iphonesimulator/Supabase\ product.build/Objects-normal/x86_64/Supabase_-28EB57FDA3E86EC4_PackageProduct_dependency_info.dat -fobjc-link-runtime -L/Applications/Xcode.app/Contents/Developer/Toolchains/XcodeDefault.xctoolchain/usr/lib/swift/iphonesimulator -L/usr/lib/swift -Wl,-no_warn_duplicate_libraries -Wl,-no_warn_duplicate_libraries -Wl,-no_warn_duplicate_libraries -Wl,-no_warn_duplicate_libraries -Wl,-no_warn_duplicate_libraries -Wl,-no_warn_duplicate_libraries -Wl,-no_warn_duplicate_libraries -Wl,-no_warn_duplicate_libraries -Wl,-no_warn_duplicate_libraries -Wl,-no_warn_duplicate_libraries -Wl,-no_warn_duplicate_libraries -Wl,-no_warn_duplicate_libraries -Wl,-no_warn_duplicate_libraries /Users/shashipandey/Library/Developer/Xcode/DerivedData/RSMS-galdljqllugdxqeukomoxaxsigpi/Build/Products/Debug-iphonesimulator/PackageFrameworks/ConcurrencyExtras_-2B4B167800F2E3ED_PackageProduct.framework/ConcurrencyExtras_-2B4B167800F2E3ED_PackageProduct /Users/shashipandey/Library/Developer/Xcode/DerivedData/RSMS-galdljqllugdxqeukomoxaxsigpi/Build/Products/Debug-iphonesimulator/PackageFrameworks/HTTPTypes_6E0498CBABC4245E_PackageProduct.framework/HTTPTypes_6E0498CBABC4245E_PackageProduct /Users/shashipandey/Library/Developer/Xcode/DerivedData/RSMS-galdljqllugdxqeukomoxaxsigpi/Build/Products/Debug-iphonesimulator/PackageFrameworks/Clocks_17A223499E7CA5_PackageProduct.framework/Clocks_17A223499E7CA5_PackageProduct /Users/shashipandey/Library/Developer/Xcode/DerivedData/RSMS-galdljqllugdxqeukomoxaxsigpi/Build/Products/Debug-iphonesimulator/PackageFrameworks/XCTestDynamicOverlay_6187313334988FF6_PackageProduct.framework/XCTestDynamicOverlay_6187313334988FF6_PackageProduct /Users/shashipandey/Library/Developer/Xcode/DerivedData/RSMS-galdljqllugdxqeukomoxaxsigpi/Build/Products/Debug-iphonesimulator/PackageFrameworks/IssueReporting.framework/IssueReporting -framework Helpers /Users/shashipandey/Library/Developer/Xcode/DerivedData/RSMS-galdljqllugdxqeukomoxaxsigpi/Build/Products/Debug-iphonesimulator/PackageFrameworks/Crypto_17A3B1FFC41E47_PackageProduct.framework/Crypto_17A3B1FFC41E47_PackageProduct -framework Auth -framework Functions -framework PostgREST -framework Realtime -framework Storage -o /Users/shashipandey/Library/Developer/Xcode/DerivedData/RSMS-galdljqllugdxqeukomoxaxsigpi/Build/Intermediates.noindex/Supabase.build/Debug-iphonesimulator/Supabase\ product.build/Objects-normal/x86_64/Binary/Supabase_-28EB57FDA3E86EC4_PackageProduct -Xlinker -add_ast_path -Xlinker /Users/shashipandey/Library/Developer/Xcode/DerivedData/RSMS-galdljqllugdxqeukomoxaxsigpi/Build/Intermediates.noindex/Supabase.build/Debug-iphonesimulator/Supabase.build/Objects-normal/x86_64/Supabase.swiftmodule @/Users/shashipandey/Library/Developer/Xcode/DerivedData/RSMS-galdljqllugdxqeukomoxaxsigpi/Build/Intermediates.noindex/Supabase.build/Debug-iphonesimulator/Supabase.build/Objects-normal/x86_64/Supabase-linker-args.resp

Ld /Users/shashipandey/Library/Developer/Xcode/DerivedData/RSMS-galdljqllugdxqeukomoxaxsigpi/Build/Intermediates.noindex/Supabase.build/Debug-iphonesimulator/Supabase\ product.build/Objects-normal/arm64/Binary/Supabase_-28EB57FDA3E86EC4_PackageProduct normal arm64 (in target 'Supabase' from project 'Supabase')
    cd /Users/shashipandey/Library/Developer/Xcode/DerivedData/RSMS-galdljqllugdxqeukomoxaxsigpi/SourcePackages/checkouts/supabase-swift
    /Applications/Xcode.app/Contents/Developer/Toolchains/XcodeDefault.xctoolchain/usr/bin/clang -Xlinker -reproducible -target arm64-apple-ios13.0-simulator -dynamiclib -isysroot /Applications/Xcode.app/Contents/Developer/Platforms/iPhoneSimulator.platform/Developer/SDKs/iPhoneSimulator26.5.sdk -O0 -w -L/Users/shashipandey/Library/Developer/Xcode/DerivedData/RSMS-galdljqllugdxqeukomoxaxsigpi/Build/Intermediates.noindex/EagerLinkingTBDs/Debug-iphonesimulator -L/Users/shashipandey/Library/Developer/Xcode/DerivedData/RSMS-galdljqllugdxqeukomoxaxsigpi/Build/Products/Debug-iphonesimulator -L/Applications/Xcode.app/Contents/Developer/Platforms/iPhoneSimulator.platform/Developer/usr/lib -F/Users/shashipandey/Library/Developer/Xcode/DerivedData/RSMS-galdljqllugdxqeukomoxaxsigpi/Build/Intermediates.noindex/EagerLinkingTBDs/Debug-iphonesimulator -F/Users/shashipandey/Library/Developer/Xcode/DerivedData/RSMS-galdljqllugdxqeukomoxaxsigpi/Build/Products/Debug-iphonesimulator/PackageFrameworks -F/Users/shashipandey/Library/Developer/Xcode/DerivedData/RSMS-galdljqllugdxqeukomoxaxsigpi/Build/Products/Debug-iphonesimulator/PackageFrameworks -F/Users/shashipandey/Library/Developer/Xcode/DerivedData/RSMS-galdljqllugdxqeukomoxaxsigpi/Build/Products/Debug-iphonesimulator/PackageFrameworks -F/Users/shashipandey/Library/Developer/Xcode/DerivedData/RSMS-galdljqllugdxqeukomoxaxsigpi/Build/Products/Debug-iphonesimulator/PackageFrameworks -F/Users/shashipandey/Library/Developer/Xcode/DerivedData/RSMS-galdljqllugdxqeukomoxaxsigpi/Build/Products/Debug-iphonesimulator/PackageFrameworks -F/Users/shashipandey/Library/Developer/Xcode/DerivedData/RSMS-galdljqllugdxqeukomoxaxsigpi/Build/Products/Debug-iphonesimulator/PackageFrameworks -F/Users/shashipandey/Library/Developer/Xcode/DerivedData/RSMS-galdljqllugdxqeukomoxaxsigpi/Build/Products/Debug-iphonesimulator/PackageFrameworks -F/Users/shashipandey/Library/Developer/Xcode/DerivedData/RSMS-galdljqllugdxqeukomoxaxsigpi/Build/Products/Debug-iphonesimulator/PackageFrameworks -F/Users/shashipandey/Library/Developer/Xcode/DerivedData/RSMS-galdljqllugdxqeukomoxaxsigpi/Build/Products/Debug-iphonesimulator/PackageFrameworks -F/Users/shashipandey/Library/Developer/Xcode/DerivedData/RSMS-galdljqllugdxqeukomoxaxsigpi/Build/Products/Debug-iphonesimulator/PackageFrameworks -F/Users/shashipandey/Library/Developer/Xcode/DerivedData/RSMS-galdljqllugdxqeukomoxaxsigpi/Build/Products/Debug-iphonesimulator/PackageFrameworks -F/Users/shashipandey/Library/Developer/Xcode/DerivedData/RSMS-galdljqllugdxqeukomoxaxsigpi/Build/Products/Debug-iphonesimulator/PackageFrameworks -F/Users/shashipandey/Library/Developer/Xcode/DerivedData/RSMS-galdljqllugdxqeukomoxaxsigpi/Build/Products/Debug-iphonesimulator/PackageFrameworks -F/Users/shashipandey/Library/Developer/Xcode/DerivedData/RSMS-galdljqllugdxqeukomoxaxsigpi/Build/Products/Debug-iphonesimulator -iframework /Applications/Xcode.app/Contents/Developer/Platforms/iPhoneSimulator.platform/Developer/Library/Frameworks -iframework /Applications/Xcode.app/Contents/Developer/Platforms/iPhoneSimulator.platform/Developer/SDKs/iPhoneSimulator26.5.sdk/Developer/Library/Frameworks -filelist /Users/shashipandey/Library/Developer/Xcode/DerivedData/RSMS-galdljqllugdxqeukomoxaxsigpi/Build/Intermediates.noindex/Supabase.build/Debug-iphonesimulator/Supabase\ product.build/Objects-normal/arm64/Supabase_-28EB57FDA3E86EC4_PackageProduct.LinkFileList -install_name @rpath/Supabase_-28EB57FDA3E86EC4_PackageProduct.framework/Supabase_-28EB57FDA3E86EC4_PackageProduct -Xlinker -rpath -Xlinker /usr/lib/swift -Xlinker -rpath -Xlinker /Users/shashipandey/Library/Developer/Xcode/DerivedData/RSMS-galdljqllugdxqeukomoxaxsigpi/Build/Products/Debug-iphonesimulator/PackageFrameworks -Xlinker -dead_strip -Xlinker -object_path_lto -Xlinker /Users/shashipandey/Library/Developer/Xcode/DerivedData/RSMS-galdljqllugdxqeukomoxaxsigpi/Build/Intermediates.noindex/Supabase.build/Debug-iphonesimulator/Supabase\ product.build/Objects-normal/arm64/Supabase_-28EB57FDA3E86EC4_PackageProduct_lto.o -rdynamic -Xlinker -no_deduplicate -Xlinker -objc_abi_version -Xlinker 2 -Xlinker -dependency_info -Xlinker /Users/shashipandey/Library/Developer/Xcode/DerivedData/RSMS-galdljqllugdxqeukomoxaxsigpi/Build/Intermediates.noindex/Supabase.build/Debug-iphonesimulator/Supabase\ product.build/Objects-normal/arm64/Supabase_-28EB57FDA3E86EC4_PackageProduct_dependency_info.dat -fobjc-link-runtime -L/Applications/Xcode.app/Contents/Developer/Toolchains/XcodeDefault.xctoolchain/usr/lib/swift/iphonesimulator -L/usr/lib/swift -Wl,-no_warn_duplicate_libraries -Wl,-no_warn_duplicate_libraries -Wl,-no_warn_duplicate_libraries -Wl,-no_warn_duplicate_libraries -Wl,-no_warn_duplicate_libraries -Wl,-no_warn_duplicate_libraries -Wl,-no_warn_duplicate_libraries -Wl,-no_warn_duplicate_libraries -Wl,-no_warn_duplicate_libraries -Wl,-no_warn_duplicate_libraries -Wl,-no_warn_duplicate_libraries -Wl,-no_warn_duplicate_libraries -Wl,-no_warn_duplicate_libraries /Users/shashipandey/Library/Developer/Xcode/DerivedData/RSMS-galdljqllugdxqeukomoxaxsigpi/Build/Products/Debug-iphonesimulator/PackageFrameworks/ConcurrencyExtras_-2B4B167800F2E3ED_PackageProduct.framework/ConcurrencyExtras_-2B4B167800F2E3ED_PackageProduct /Users/shashipandey/Library/Developer/Xcode/DerivedData/RSMS-galdljqllugdxqeukomoxaxsigpi/Build/Products/Debug-iphonesimulator/PackageFrameworks/HTTPTypes_6E0498CBABC4245E_PackageProduct.framework/HTTPTypes_6E0498CBABC4245E_PackageProduct /Users/shashipandey/Library/Developer/Xcode/DerivedData/RSMS-galdljqllugdxqeukomoxaxsigpi/Build/Products/Debug-iphonesimulator/PackageFrameworks/Clocks_17A223499E7CA5_PackageProduct.framework/Clocks_17A223499E7CA5_PackageProduct /Users/shashipandey/Library/Developer/Xcode/DerivedData/RSMS-galdljqllugdxqeukomoxaxsigpi/Build/Products/Debug-iphonesimulator/PackageFrameworks/XCTestDynamicOverlay_6187313334988FF6_PackageProduct.framework/XCTestDynamicOverlay_6187313334988FF6_PackageProduct /Users/shashipandey/Library/Developer/Xcode/DerivedData/RSMS-galdljqllugdxqeukomoxaxsigpi/Build/Products/Debug-iphonesimulator/PackageFrameworks/IssueReporting.framework/IssueReporting -framework Helpers /Users/shashipandey/Library/Developer/Xcode/DerivedData/RSMS-galdljqllugdxqeukomoxaxsigpi/Build/Products/Debug-iphonesimulator/PackageFrameworks/Crypto_17A3B1FFC41E47_PackageProduct.framework/Crypto_17A3B1FFC41E47_PackageProduct -framework Auth -framework Functions -framework PostgREST -framework Realtime -framework Storage -o /Users/shashipandey/Library/Developer/Xcode/DerivedData/RSMS-galdljqllugdxqeukomoxaxsigpi/Build/Intermediates.noindex/Supabase.build/Debug-iphonesimulator/Supabase\ product.build/Objects-normal/arm64/Binary/Supabase_-28EB57FDA3E86EC4_PackageProduct -Xlinker -add_ast_path -Xlinker /Users/shashipandey/Library/Developer/Xcode/DerivedData/RSMS-galdljqllugdxqeukomoxaxsigpi/Build/Intermediates.noindex/Supabase.build/Debug-iphonesimulator/Supabase.build/Objects-normal/arm64/Supabase.swiftmodule @/Users/shashipandey/Library/Developer/Xcode/DerivedData/RSMS-galdljqllugdxqeukomoxaxsigpi/Build/Intermediates.noindex/Supabase.build/Debug-iphonesimulator/Supabase.build/Objects-normal/arm64/Supabase-linker-args.resp

ProcessInfoPlistFile /Users/shashipandey/Library/Developer/Xcode/DerivedData/RSMS-galdljqllugdxqeukomoxaxsigpi/Build/Products/Debug-iphonesimulator/PackageFrameworks/Supabase_-28EB57FDA3E86EC4_PackageProduct.framework/Info.plist /Users/shashipandey/Library/Developer/Xcode/DerivedData/RSMS-galdljqllugdxqeukomoxaxsigpi/Build/Intermediates.noindex/Supabase.build/Debug-iphonesimulator/Supabase\ product.build/empty-Supabase_-28EB57FDA3E86EC4_PackageProduct.plist (in target 'Supabase' from project 'Supabase')
    cd /Users/shashipandey/Library/Developer/Xcode/DerivedData/RSMS-galdljqllugdxqeukomoxaxsigpi/SourcePackages/checkouts/supabase-swift
    builtin-infoPlistUtility /Users/shashipandey/Library/Developer/Xcode/DerivedData/RSMS-galdljqllugdxqeukomoxaxsigpi/Build/Intermediates.noindex/Supabase.build/Debug-iphonesimulator/Supabase\ product.build/empty-Supabase_-28EB57FDA3E86EC4_PackageProduct.plist -producttype com.apple.product-type.framework -expandbuildsettings -format binary -platform iphonesimulator -o /Users/shashipandey/Library/Developer/Xcode/DerivedData/RSMS-galdljqllugdxqeukomoxaxsigpi/Build/Products/Debug-iphonesimulator/PackageFrameworks/Supabase_-28EB57FDA3E86EC4_PackageProduct.framework/Info.plist

SwiftDriver\ Compilation\ Requirements InventoryModule normal x86_64 com.apple.xcode.tools.swift.compiler (in target 'InventoryModule' from project 'RSMS')
    cd /Users/shashipandey/Desktop/Team-8
    builtin-Swift-Compilation-Requirements -- /Applications/Xcode.app/Contents/Developer/Toolchains/XcodeDefault.xctoolchain/usr/bin/swiftc -module-name InventoryModule -Onone @/Users/shashipandey/Library/Developer/Xcode/DerivedData/RSMS-galdljqllugdxqeukomoxaxsigpi/Build/Intermediates.noindex/RSMS.build/Debug-iphonesimulator/InventoryModule.build/Objects-normal/x86_64/InventoryModule.SwiftFileList -DDEBUG -enable-bare-slash-regex -enable-experimental-feature DebugDescriptionMacro -sdk /Applications/Xcode.app/Contents/Developer/Platforms/iPhoneSimulator.platform/Developer/SDKs/iPhoneSimulator26.5.sdk -target x86_64-apple-ios26.5-simulator -g -module-cache-path /Users/shashipandey/Library/Developer/Xcode/DerivedData/ModuleCache.noindex -Xfrontend -serialize-debugging-options -enable-testing -index-store-path /Users/shashipandey/Library/Developer/Xcode/DerivedData/RSMS-galdljqllugdxqeukomoxaxsigpi/Index.noindex/DataStore -Xcc -D_LIBCPP_HARDENING_MODE\=_LIBCPP_HARDENING_MODE_DEBUG -swift-version 5 -I /Users/shashipandey/Library/Developer/Xcode/DerivedData/RSMS-galdljqllugdxqeukomoxaxsigpi/Build/Products/Debug-iphonesimulator -F /Users/shashipandey/Library/Developer/Xcode/DerivedData/RSMS-galdljqllugdxqeukomoxaxsigpi/Build/Products/Debug-iphonesimulator/PackageFrameworks -F /Users/shashipandey/Library/Developer/Xcode/DerivedData/RSMS-galdljqllugdxqeukomoxaxsigpi/Build/Products/Debug-iphonesimulator/PackageFrameworks -F /Users/shashipandey/Library/Developer/Xcode/DerivedData/RSMS-galdljqllugdxqeukomoxaxsigpi/Build/Products/Debug-iphonesimulator/PackageFrameworks -F /Users/shashipandey/Library/Developer/Xcode/DerivedData/RSMS-galdljqllugdxqeukomoxaxsigpi/Build/Products/Debug-iphonesimulator/PackageFrameworks -F /Users/shashipandey/Library/Developer/Xcode/DerivedData/RSMS-galdljqllugdxqeukomoxaxsigpi/Build/Products/Debug-iphonesimulator/PackageFrameworks -F /Users/shashipandey/Library/Developer/Xcode/DerivedData/RSMS-galdljqllugdxqeukomoxaxsigpi/Build/Products/Debug-iphonesimulator/PackageFrameworks -F /Users/shashipandey/Library/Developer/Xcode/DerivedData/RSMS-galdljqllugdxqeukomoxaxsigpi/Build/Products/Debug-iphonesimulator/PackageFrameworks -F /Users/shashipandey/Library/Developer/Xcode/DerivedData/RSMS-galdljqllugdxqeukomoxaxsigpi/Build/Products/Debug-iphonesimulator/PackageFrameworks -F /Users/shashipandey/Library/Developer/Xcode/DerivedData/RSMS-galdljqllugdxqeukomoxaxsigpi/Build/Products/Debug-iphonesimulator/PackageFrameworks -F /Users/shashipandey/Library/Developer/Xcode/DerivedData/RSMS-galdljqllugdxqeukomoxaxsigpi/Build/Products/Debug-iphonesimulator/PackageFrameworks -F /Users/shashipandey/Library/Developer/Xcode/DerivedData/RSMS-galdljqllugdxqeukomoxaxsigpi/Build/Products/Debug-iphonesimulator/PackageFrameworks -F /Users/shashipandey/Library/Developer/Xcode/DerivedData/RSMS-galdljqllugdxqeukomoxaxsigpi/Build/Products/Debug-iphonesimulator/PackageFrameworks -F /Users/shashipandey/Library/Developer/Xcode/DerivedData/RSMS-galdljqllugdxqeukomoxaxsigpi/Build/Products/Debug-iphonesimulator/PackageFrameworks -F /Users/shashipandey/Library/Developer/Xcode/DerivedData/RSMS-galdljqllugdxqeukomoxaxsigpi/Build/Products/Debug-iphonesimulator -c -j10 -enable-batch-mode -incremental -Xcc -ivfsstatcache -Xcc /Users/shashipandey/Library/Developer/Xcode/DerivedData/SDKStatCaches.noindex/iphonesimulator26.5-23F81a-6cfe768891a92b912361537c460fe42b.sdkstatcache -output-file-map /Users/shashipandey/Library/Developer/Xcode/DerivedData/RSMS-galdljqllugdxqeukomoxaxsigpi/Build/Intermediates.noindex/RSMS.build/Debug-iphonesimulator/InventoryModule.build/Objects-normal/x86_64/InventoryModule-OutputFileMap.json -use-frontend-parseable-output -save-temps -no-color-diagnostics -explicit-module-build -module-cache-path /Users/shashipandey/Library/Developer/Xcode/DerivedData/RSMS-galdljqllugdxqeukomoxaxsigpi/Build/Intermediates.noindex/SwiftExplicitPrecompiledModules -clang-scanner-module-cache-path /Users/shashipandey/Library/Developer/Xcode/DerivedData/ModuleCache.noindex -sdk-module-cache-path /Users/shashipandey/Library/Developer/Xcode/DerivedData/ModuleCache.noindex -serialize-diagnostics -emit-dependencies -emit-module -emit-module-path /Users/shashipandey/Library/Developer/Xcode/DerivedData/RSMS-galdljqllugdxqeukomoxaxsigpi/Build/Intermediates.noindex/RSMS.build/Debug-iphonesimulator/InventoryModule.build/Objects-normal/x86_64/InventoryModule.swiftmodule -validate-clang-modules-once -clang-build-session-file /Users/shashipandey/Library/Developer/Xcode/DerivedData/ModuleCache.noindex/Session.modulevalidation -Xcc -I/Users/shashipandey/Library/Developer/Xcode/DerivedData/RSMS-galdljqllugdxqeukomoxaxsigpi/Build/Intermediates.noindex/RSMS.build/Debug-iphonesimulator/InventoryModule.build/swift-overrides.hmap -emit-const-values -Xfrontend -const-gather-protocols-file -Xfrontend /Users/shashipandey/Library/Developer/Xcode/DerivedData/RSMS-galdljqllugdxqeukomoxaxsigpi/Build/Intermediates.noindex/RSMS.build/Debug-iphonesimulator/InventoryModule.build/Objects-normal/x86_64/InventoryModule_const_extract_protocols.json -Xcc -iquote -Xcc /Users/shashipandey/Library/Developer/Xcode/DerivedData/RSMS-galdljqllugdxqeukomoxaxsigpi/Build/Intermediates.noindex/RSMS.build/Debug-iphonesimulator/InventoryModule.build/InventoryModule-generated-files.hmap -Xcc -I/Users/shashipandey/Library/Developer/Xcode/DerivedData/RSMS-galdljqllugdxqeukomoxaxsigpi/Build/Intermediates.noindex/RSMS.build/Debug-iphonesimulator/InventoryModule.build/InventoryModule-own-target-headers.hmap -Xcc -I/Users/shashipandey/Library/Developer/Xcode/DerivedData/RSMS-galdljqllugdxqeukomoxaxsigpi/Build/Intermediates.noindex/RSMS.build/Debug-iphonesimulator/InventoryModule.build/InventoryModule-all-non-framework-target-headers.hmap -Xcc -ivfsoverlay -Xcc /Users/shashipandey/Library/Developer/Xcode/DerivedData/RSMS-galdljqllugdxqeukomoxaxsigpi/Build/Intermediates.noindex/RSMS.build/Debug-iphonesimulator/RSMS-20c8144d8fc61d4ec82d88f627d29184-VFS-iphonesimulator/all-product-headers.yaml -Xcc -iquote -Xcc /Users/shashipandey/Library/Developer/Xcode/DerivedData/RSMS-galdljqllugdxqeukomoxaxsigpi/Build/Intermediates.noindex/RSMS.build/Debug-iphonesimulator/InventoryModule.build/InventoryModule-project-headers.hmap -Xcc -I/Users/shashipandey/Library/Developer/Xcode/DerivedData/RSMS-galdljqllugdxqeukomoxaxsigpi/Build/Products/Debug-iphonesimulator/include -Xcc -I/Users/shashipandey/Library/Developer/Xcode/DerivedData/RSMS-galdljqllugdxqeukomoxaxsigpi/Build/Intermediates.noindex/RSMS.build/Debug-iphonesimulator/InventoryModule.build/DerivedSources-normal/x86_64 -Xcc -I/Users/shashipandey/Library/Developer/Xcode/DerivedData/RSMS-galdljqllugdxqeukomoxaxsigpi/Build/Intermediates.noindex/RSMS.build/Debug-iphonesimulator/InventoryModule.build/DerivedSources/x86_64 -Xcc -I/Users/shashipandey/Library/Developer/Xcode/DerivedData/RSMS-galdljqllugdxqeukomoxaxsigpi/Build/Intermediates.noindex/RSMS.build/Debug-iphonesimulator/InventoryModule.build/DerivedSources -Xcc -DDEBUG\=1 -emit-objc-header -emit-objc-header-path /Users/shashipandey/Library/Developer/Xcode/DerivedData/RSMS-galdljqllugdxqeukomoxaxsigpi/Build/Intermediates.noindex/RSMS.build/Debug-iphonesimulator/InventoryModule.build/Objects-normal/x86_64/InventoryModule-Swift.h -working-directory /Users/shashipandey/Desktop/Team-8 -experimental-emit-module-separately -disable-cmo

SwiftDriver\ Compilation InventoryModule normal x86_64 com.apple.xcode.tools.swift.compiler (in target 'InventoryModule' from project 'RSMS')
    cd /Users/shashipandey/Desktop/Team-8
    builtin-Swift-Compilation -- /Applications/Xcode.app/Contents/Developer/Toolchains/XcodeDefault.xctoolchain/usr/bin/swiftc -module-name InventoryModule -Onone @/Users/shashipandey/Library/Developer/Xcode/DerivedData/RSMS-galdljqllugdxqeukomoxaxsigpi/Build/Intermediates.noindex/RSMS.build/Debug-iphonesimulator/InventoryModule.build/Objects-normal/x86_64/InventoryModule.SwiftFileList -DDEBUG -enable-bare-slash-regex -enable-experimental-feature DebugDescriptionMacro -sdk /Applications/Xcode.app/Contents/Developer/Platforms/iPhoneSimulator.platform/Developer/SDKs/iPhoneSimulator26.5.sdk -target x86_64-apple-ios26.5-simulator -g -module-cache-path /Users/shashipandey/Library/Developer/Xcode/DerivedData/ModuleCache.noindex -Xfrontend -serialize-debugging-options -enable-testing -index-store-path /Users/shashipandey/Library/Developer/Xcode/DerivedData/RSMS-galdljqllugdxqeukomoxaxsigpi/Index.noindex/DataStore -Xcc -D_LIBCPP_HARDENING_MODE\=_LIBCPP_HARDENING_MODE_DEBUG -swift-version 5 -I /Users/shashipandey/Library/Developer/Xcode/DerivedData/RSMS-galdljqllugdxqeukomoxaxsigpi/Build/Products/Debug-iphonesimulator -F /Users/shashipandey/Library/Developer/Xcode/DerivedData/RSMS-galdljqllugdxqeukomoxaxsigpi/Build/Products/Debug-iphonesimulator/PackageFrameworks -F /Users/shashipandey/Library/Developer/Xcode/DerivedData/RSMS-galdljqllugdxqeukomoxaxsigpi/Build/Products/Debug-iphonesimulator/PackageFrameworks -F /Users/shashipandey/Library/Developer/Xcode/DerivedData/RSMS-galdljqllugdxqeukomoxaxsigpi/Build/Products/Debug-iphonesimulator/PackageFrameworks -F /Users/shashipandey/Library/Developer/Xcode/DerivedData/RSMS-galdljqllugdxqeukomoxaxsigpi/Build/Products/Debug-iphonesimulator/PackageFrameworks -F /Users/shashipandey/Library/Developer/Xcode/DerivedData/RSMS-galdljqllugdxqeukomoxaxsigpi/Build/Products/Debug-iphonesimulator/PackageFrameworks -F /Users/shashipandey/Library/Developer/Xcode/DerivedData/RSMS-galdljqllugdxqeukomoxaxsigpi/Build/Products/Debug-iphonesimulator/PackageFrameworks -F /Users/shashipandey/Library/Developer/Xcode/DerivedData/RSMS-galdljqllugdxqeukomoxaxsigpi/Build/Products/Debug-iphonesimulator/PackageFrameworks -F /Users/shashipandey/Library/Developer/Xcode/DerivedData/RSMS-galdljqllugdxqeukomoxaxsigpi/Build/Products/Debug-iphonesimulator/PackageFrameworks -F /Users/shashipandey/Library/Developer/Xcode/DerivedData/RSMS-galdljqllugdxqeukomoxaxsigpi/Build/Products/Debug-iphonesimulator/PackageFrameworks -F /Users/shashipandey/Library/Developer/Xcode/DerivedData/RSMS-galdljqllugdxqeukomoxaxsigpi/Build/Products/Debug-iphonesimulator/PackageFrameworks -F /Users/shashipandey/Library/Developer/Xcode/DerivedData/RSMS-galdljqllugdxqeukomoxaxsigpi/Build/Products/Debug-iphonesimulator/PackageFrameworks -F /Users/shashipandey/Library/Developer/Xcode/DerivedData/RSMS-galdljqllugdxqeukomoxaxsigpi/Build/Products/Debug-iphonesimulator/PackageFrameworks -F /Users/shashipandey/Library/Developer/Xcode/DerivedData/RSMS-galdljqllugdxqeukomoxaxsigpi/Build/Products/Debug-iphonesimulator/PackageFrameworks -F /Users/shashipandey/Library/Developer/Xcode/DerivedData/RSMS-galdljqllugdxqeukomoxaxsigpi/Build/Products/Debug-iphonesimulator -c -j10 -enable-batch-mode -incremental -Xcc -ivfsstatcache -Xcc /Users/shashipandey/Library/Developer/Xcode/DerivedData/SDKStatCaches.noindex/iphonesimulator26.5-23F81a-6cfe768891a92b912361537c460fe42b.sdkstatcache -output-file-map /Users/shashipandey/Library/Developer/Xcode/DerivedData/RSMS-galdljqllugdxqeukomoxaxsigpi/Build/Intermediates.noindex/RSMS.build/Debug-iphonesimulator/InventoryModule.build/Objects-normal/x86_64/InventoryModule-OutputFileMap.json -use-frontend-parseable-output -save-temps -no-color-diagnostics -explicit-module-build -module-cache-path /Users/shashipandey/Library/Developer/Xcode/DerivedData/RSMS-galdljqllugdxqeukomoxaxsigpi/Build/Intermediates.noindex/SwiftExplicitPrecompiledModules -clang-scanner-module-cache-path /Users/shashipandey/Library/Developer/Xcode/DerivedData/ModuleCache.noindex -sdk-module-cache-path /Users/shashipandey/Library/Developer/Xcode/DerivedData/ModuleCache.noindex -serialize-diagnostics -emit-dependencies -emit-module -emit-module-path /Users/shashipandey/Library/Developer/Xcode/DerivedData/RSMS-galdljqllugdxqeukomoxaxsigpi/Build/Intermediates.noindex/RSMS.build/Debug-iphonesimulator/InventoryModule.build/Objects-normal/x86_64/InventoryModule.swiftmodule -validate-clang-modules-once -clang-build-session-file /Users/shashipandey/Library/Developer/Xcode/DerivedData/ModuleCache.noindex/Session.modulevalidation -Xcc -I/Users/shashipandey/Library/Developer/Xcode/DerivedData/RSMS-galdljqllugdxqeukomoxaxsigpi/Build/Intermediates.noindex/RSMS.build/Debug-iphonesimulator/InventoryModule.build/swift-overrides.hmap -emit-const-values -Xfrontend -const-gather-protocols-file -Xfrontend /Users/shashipandey/Library/Developer/Xcode/DerivedData/RSMS-galdljqllugdxqeukomoxaxsigpi/Build/Intermediates.noindex/RSMS.build/Debug-iphonesimulator/InventoryModule.build/Objects-normal/x86_64/InventoryModule_const_extract_protocols.json -Xcc -iquote -Xcc /Users/shashipandey/Library/Developer/Xcode/DerivedData/RSMS-galdljqllugdxqeukomoxaxsigpi/Build/Intermediates.noindex/RSMS.build/Debug-iphonesimulator/InventoryModule.build/InventoryModule-generated-files.hmap -Xcc -I/Users/shashipandey/Library/Developer/Xcode/DerivedData/RSMS-galdljqllugdxqeukomoxaxsigpi/Build/Intermediates.noindex/RSMS.build/Debug-iphonesimulator/InventoryModule.build/InventoryModule-own-target-headers.hmap -Xcc -I/Users/shashipandey/Library/Developer/Xcode/DerivedData/RSMS-galdljqllugdxqeukomoxaxsigpi/Build/Intermediates.noindex/RSMS.build/Debug-iphonesimulator/InventoryModule.build/InventoryModule-all-non-framework-target-headers.hmap -Xcc -ivfsoverlay -Xcc /Users/shashipandey/Library/Developer/Xcode/DerivedData/RSMS-galdljqllugdxqeukomoxaxsigpi/Build/Intermediates.noindex/RSMS.build/Debug-iphonesimulator/RSMS-20c8144d8fc61d4ec82d88f627d29184-VFS-iphonesimulator/all-product-headers.yaml -Xcc -iquote -Xcc /Users/shashipandey/Library/Developer/Xcode/DerivedData/RSMS-galdljqllugdxqeukomoxaxsigpi/Build/Intermediates.noindex/RSMS.build/Debug-iphonesimulator/InventoryModule.build/InventoryModule-project-headers.hmap -Xcc -I/Users/shashipandey/Library/Developer/Xcode/DerivedData/RSMS-galdljqllugdxqeukomoxaxsigpi/Build/Products/Debug-iphonesimulator/include -Xcc -I/Users/shashipandey/Library/Developer/Xcode/DerivedData/RSMS-galdljqllugdxqeukomoxaxsigpi/Build/Intermediates.noindex/RSMS.build/Debug-iphonesimulator/InventoryModule.build/DerivedSources-normal/x86_64 -Xcc -I/Users/shashipandey/Library/Developer/Xcode/DerivedData/RSMS-galdljqllugdxqeukomoxaxsigpi/Build/Intermediates.noindex/RSMS.build/Debug-iphonesimulator/InventoryModule.build/DerivedSources/x86_64 -Xcc -I/Users/shashipandey/Library/Developer/Xcode/DerivedData/RSMS-galdljqllugdxqeukomoxaxsigpi/Build/Intermediates.noindex/RSMS.build/Debug-iphonesimulator/InventoryModule.build/DerivedSources -Xcc -DDEBUG\=1 -emit-objc-header -emit-objc-header-path /Users/shashipandey/Library/Developer/Xcode/DerivedData/RSMS-galdljqllugdxqeukomoxaxsigpi/Build/Intermediates.noindex/RSMS.build/Debug-iphonesimulator/InventoryModule.build/Objects-normal/x86_64/InventoryModule-Swift.h -working-directory /Users/shashipandey/Desktop/Team-8 -experimental-emit-module-separately -disable-cmo

SwiftDriver\ Compilation InventoryModule normal arm64 com.apple.xcode.tools.swift.compiler (in target 'InventoryModule' from project 'RSMS')
    cd /Users/shashipandey/Desktop/Team-8
    builtin-Swift-Compilation -- /Applications/Xcode.app/Contents/Developer/Toolchains/XcodeDefault.xctoolchain/usr/bin/swiftc -module-name InventoryModule -Onone @/Users/shashipandey/Library/Developer/Xcode/DerivedData/RSMS-galdljqllugdxqeukomoxaxsigpi/Build/Intermediates.noindex/RSMS.build/Debug-iphonesimulator/InventoryModule.build/Objects-normal/arm64/InventoryModule.SwiftFileList -DDEBUG -enable-bare-slash-regex -enable-experimental-feature DebugDescriptionMacro -sdk /Applications/Xcode.app/Contents/Developer/Platforms/iPhoneSimulator.platform/Developer/SDKs/iPhoneSimulator26.5.sdk -target arm64-apple-ios26.5-simulator -g -module-cache-path /Users/shashipandey/Library/Developer/Xcode/DerivedData/ModuleCache.noindex -Xfrontend -serialize-debugging-options -enable-testing -index-store-path /Users/shashipandey/Library/Developer/Xcode/DerivedData/RSMS-galdljqllugdxqeukomoxaxsigpi/Index.noindex/DataStore -Xcc -D_LIBCPP_HARDENING_MODE\=_LIBCPP_HARDENING_MODE_DEBUG -swift-version 5 -I /Users/shashipandey/Library/Developer/Xcode/DerivedData/RSMS-galdljqllugdxqeukomoxaxsigpi/Build/Products/Debug-iphonesimulator -F /Users/shashipandey/Library/Developer/Xcode/DerivedData/RSMS-galdljqllugdxqeukomoxaxsigpi/Build/Products/Debug-iphonesimulator/PackageFrameworks -F /Users/shashipandey/Library/Developer/Xcode/DerivedData/RSMS-galdljqllugdxqeukomoxaxsigpi/Build/Products/Debug-iphonesimulator/PackageFrameworks -F /Users/shashipandey/Library/Developer/Xcode/DerivedData/RSMS-galdljqllugdxqeukomoxaxsigpi/Build/Products/Debug-iphonesimulator/PackageFrameworks -F /Users/shashipandey/Library/Developer/Xcode/DerivedData/RSMS-galdljqllugdxqeukomoxaxsigpi/Build/Products/Debug-iphonesimulator/PackageFrameworks -F /Users/shashipandey/Library/Developer/Xcode/DerivedData/RSMS-galdljqllugdxqeukomoxaxsigpi/Build/Products/Debug-iphonesimulator/PackageFrameworks -F /Users/shashipandey/Library/Developer/Xcode/DerivedData/RSMS-galdljqllugdxqeukomoxaxsigpi/Build/Products/Debug-iphonesimulator/PackageFrameworks -F /Users/shashipandey/Library/Developer/Xcode/DerivedData/RSMS-galdljqllugdxqeukomoxaxsigpi/Build/Products/Debug-iphonesimulator/PackageFrameworks -F /Users/shashipandey/Library/Developer/Xcode/DerivedData/RSMS-galdljqllugdxqeukomoxaxsigpi/Build/Products/Debug-iphonesimulator/PackageFrameworks -F /Users/shashipandey/Library/Developer/Xcode/DerivedData/RSMS-galdljqllugdxqeukomoxaxsigpi/Build/Products/Debug-iphonesimulator/PackageFrameworks -F /Users/shashipandey/Library/Developer/Xcode/DerivedData/RSMS-galdljqllugdxqeukomoxaxsigpi/Build/Products/Debug-iphonesimulator/PackageFrameworks -F /Users/shashipandey/Library/Developer/Xcode/DerivedData/RSMS-galdljqllugdxqeukomoxaxsigpi/Build/Products/Debug-iphonesimulator/PackageFrameworks -F /Users/shashipandey/Library/Developer/Xcode/DerivedData/RSMS-galdljqllugdxqeukomoxaxsigpi/Build/Products/Debug-iphonesimulator/PackageFrameworks -F /Users/shashipandey/Library/Developer/Xcode/DerivedData/RSMS-galdljqllugdxqeukomoxaxsigpi/Build/Products/Debug-iphonesimulator/PackageFrameworks -F /Users/shashipandey/Library/Developer/Xcode/DerivedData/RSMS-galdljqllugdxqeukomoxaxsigpi/Build/Products/Debug-iphonesimulator -c -j10 -enable-batch-mode -incremental -Xcc -ivfsstatcache -Xcc /Users/shashipandey/Library/Developer/Xcode/DerivedData/SDKStatCaches.noindex/iphonesimulator26.5-23F81a-6cfe768891a92b912361537c460fe42b.sdkstatcache -output-file-map /Users/shashipandey/Library/Developer/Xcode/DerivedData/RSMS-galdljqllugdxqeukomoxaxsigpi/Build/Intermediates.noindex/RSMS.build/Debug-iphonesimulator/InventoryModule.build/Objects-normal/arm64/InventoryModule-OutputFileMap.json -use-frontend-parseable-output -save-temps -no-color-diagnostics -explicit-module-build -module-cache-path /Users/shashipandey/Library/Developer/Xcode/DerivedData/RSMS-galdljqllugdxqeukomoxaxsigpi/Build/Intermediates.noindex/SwiftExplicitPrecompiledModules -clang-scanner-module-cache-path /Users/shashipandey/Library/Developer/Xcode/DerivedData/ModuleCache.noindex -sdk-module-cache-path /Users/shashipandey/Library/Developer/Xcode/DerivedData/ModuleCache.noindex -serialize-diagnostics -emit-dependencies -emit-module -emit-module-path /Users/shashipandey/Library/Developer/Xcode/DerivedData/RSMS-galdljqllugdxqeukomoxaxsigpi/Build/Intermediates.noindex/RSMS.build/Debug-iphonesimulator/InventoryModule.build/Objects-normal/arm64/InventoryModule.swiftmodule -validate-clang-modules-once -clang-build-session-file /Users/shashipandey/Library/Developer/Xcode/DerivedData/ModuleCache.noindex/Session.modulevalidation -Xcc -I/Users/shashipandey/Library/Developer/Xcode/DerivedData/RSMS-galdljqllugdxqeukomoxaxsigpi/Build/Intermediates.noindex/RSMS.build/Debug-iphonesimulator/InventoryModule.build/swift-overrides.hmap -emit-const-values -Xfrontend -const-gather-protocols-file -Xfrontend /Users/shashipandey/Library/Developer/Xcode/DerivedData/RSMS-galdljqllugdxqeukomoxaxsigpi/Build/Intermediates.noindex/RSMS.build/Debug-iphonesimulator/InventoryModule.build/Objects-normal/arm64/InventoryModule_const_extract_protocols.json -Xcc -iquote -Xcc /Users/shashipandey/Library/Developer/Xcode/DerivedData/RSMS-galdljqllugdxqeukomoxaxsigpi/Build/Intermediates.noindex/RSMS.build/Debug-iphonesimulator/InventoryModule.build/InventoryModule-generated-files.hmap -Xcc -I/Users/shashipandey/Library/Developer/Xcode/DerivedData/RSMS-galdljqllugdxqeukomoxaxsigpi/Build/Intermediates.noindex/RSMS.build/Debug-iphonesimulator/InventoryModule.build/InventoryModule-own-target-headers.hmap -Xcc -I/Users/shashipandey/Library/Developer/Xcode/DerivedData/RSMS-galdljqllugdxqeukomoxaxsigpi/Build/Intermediates.noindex/RSMS.build/Debug-iphonesimulator/InventoryModule.build/InventoryModule-all-non-framework-target-headers.hmap -Xcc -ivfsoverlay -Xcc /Users/shashipandey/Library/Developer/Xcode/DerivedData/RSMS-galdljqllugdxqeukomoxaxsigpi/Build/Intermediates.noindex/RSMS.build/Debug-iphonesimulator/RSMS-20c8144d8fc61d4ec82d88f627d29184-VFS-iphonesimulator/all-product-headers.yaml -Xcc -iquote -Xcc /Users/shashipandey/Library/Developer/Xcode/DerivedData/RSMS-galdljqllugdxqeukomoxaxsigpi/Build/Intermediates.noindex/RSMS.build/Debug-iphonesimulator/InventoryModule.build/InventoryModule-project-headers.hmap -Xcc -I/Users/shashipandey/Library/Developer/Xcode/DerivedData/RSMS-galdljqllugdxqeukomoxaxsigpi/Build/Products/Debug-iphonesimulator/include -Xcc -I/Users/shashipandey/Library/Developer/Xcode/DerivedData/RSMS-galdljqllugdxqeukomoxaxsigpi/Build/Intermediates.noindex/RSMS.build/Debug-iphonesimulator/InventoryModule.build/DerivedSources-normal/arm64 -Xcc -I/Users/shashipandey/Library/Developer/Xcode/DerivedData/RSMS-galdljqllugdxqeukomoxaxsigpi/Build/Intermediates.noindex/RSMS.build/Debug-iphonesimulator/InventoryModule.build/DerivedSources/arm64 -Xcc -I/Users/shashipandey/Library/Developer/Xcode/DerivedData/RSMS-galdljqllugdxqeukomoxaxsigpi/Build/Intermediates.noindex/RSMS.build/Debug-iphonesimulator/InventoryModule.build/DerivedSources -Xcc -DDEBUG\=1 -emit-objc-header -emit-objc-header-path /Users/shashipandey/Library/Developer/Xcode/DerivedData/RSMS-galdljqllugdxqeukomoxaxsigpi/Build/Intermediates.noindex/RSMS.build/Debug-iphonesimulator/InventoryModule.build/Objects-normal/arm64/InventoryModule-Swift.h -working-directory /Users/shashipandey/Desktop/Team-8 -experimental-emit-module-separately -disable-cmo

SwiftEmitModule normal arm64 Emitting\ module\ for\ InventoryModule (in target 'InventoryModule' from project 'RSMS')
EmitSwiftModule normal arm64 (in target 'InventoryModule' from project 'RSMS')
    cd /Users/shashipandey/Desktop/Team-8
    

SwiftDriver\ Compilation StoreManagerModule normal arm64 com.apple.xcode.tools.swift.compiler (in target 'StoreManagerModule' from project 'RSMS')
    cd /Users/shashipandey/Desktop/Team-8
    builtin-Swift-Compilation -- /Applications/Xcode.app/Contents/Developer/Toolchains/XcodeDefault.xctoolchain/usr/bin/swiftc -module-name StoreManagerModule -Onone @/Users/shashipandey/Library/Developer/Xcode/DerivedData/RSMS-galdljqllugdxqeukomoxaxsigpi/Build/Intermediates.noindex/RSMS.build/Debug-iphonesimulator/StoreManagerModule.build/Objects-normal/arm64/StoreManagerModule.SwiftFileList -DDEBUG -enable-bare-slash-regex -enable-experimental-feature DebugDescriptionMacro -sdk /Applications/Xcode.app/Contents/Developer/Platforms/iPhoneSimulator.platform/Developer/SDKs/iPhoneSimulator26.5.sdk -target arm64-apple-ios26.5-simulator -g -module-cache-path /Users/shashipandey/Library/Developer/Xcode/DerivedData/ModuleCache.noindex -Xfrontend -serialize-debugging-options -enable-testing -index-store-path /Users/shashipandey/Library/Developer/Xcode/DerivedData/RSMS-galdljqllugdxqeukomoxaxsigpi/Index.noindex/DataStore -Xcc -D_LIBCPP_HARDENING_MODE\=_LIBCPP_HARDENING_MODE_DEBUG -swift-version 5 -I /Users/shashipandey/Library/Developer/Xcode/DerivedData/RSMS-galdljqllugdxqeukomoxaxsigpi/Build/Products/Debug-iphonesimulator -F /Users/shashipandey/Library/Developer/Xcode/DerivedData/RSMS-galdljqllugdxqeukomoxaxsigpi/Build/Products/Debug-iphonesimulator/PackageFrameworks -F /Users/shashipandey/Library/Developer/Xcode/DerivedData/RSMS-galdljqllugdxqeukomoxaxsigpi/Build/Products/Debug-iphonesimulator/PackageFrameworks -F /Users/shashipandey/Library/Developer/Xcode/DerivedData/RSMS-galdljqllugdxqeukomoxaxsigpi/Build/Products/Debug-iphonesimulator/PackageFrameworks -F /Users/shashipandey/Library/Developer/Xcode/DerivedData/RSMS-galdljqllugdxqeukomoxaxsigpi/Build/Products/Debug-iphonesimulator/PackageFrameworks -F /Users/shashipandey/Library/Developer/Xcode/DerivedData/RSMS-galdljqllugdxqeukomoxaxsigpi/Build/Products/Debug-iphonesimulator/PackageFrameworks -F /Users/shashipandey/Library/Developer/Xcode/DerivedData/RSMS-galdljqllugdxqeukomoxaxsigpi/Build/Products/Debug-iphonesimulator/PackageFrameworks -F /Users/shashipandey/Library/Developer/Xcode/DerivedData/RSMS-galdljqllugdxqeukomoxaxsigpi/Build/Products/Debug-iphonesimulator/PackageFrameworks -F /Users/shashipandey/Library/Developer/Xcode/DerivedData/RSMS-galdljqllugdxqeukomoxaxsigpi/Build/Products/Debug-iphonesimulator/PackageFrameworks -F /Users/shashipandey/Library/Developer/Xcode/DerivedData/RSMS-galdljqllugdxqeukomoxaxsigpi/Build/Products/Debug-iphonesimulator/PackageFrameworks -F /Users/shashipandey/Library/Developer/Xcode/DerivedData/RSMS-galdljqllugdxqeukomoxaxsigpi/Build/Products/Debug-iphonesimulator/PackageFrameworks -F /Users/shashipandey/Library/Developer/Xcode/DerivedData/RSMS-galdljqllugdxqeukomoxaxsigpi/Build/Products/Debug-iphonesimulator/PackageFrameworks -F /Users/shashipandey/Library/Developer/Xcode/DerivedData/RSMS-galdljqllugdxqeukomoxaxsigpi/Build/Products/Debug-iphonesimulator/PackageFrameworks -F /Users/shashipandey/Library/Developer/Xcode/DerivedData/RSMS-galdljqllugdxqeukomoxaxsigpi/Build/Products/Debug-iphonesimulator/PackageFrameworks -F /Users/shashipandey/Library/Developer/Xcode/DerivedData/RSMS-galdljqllugdxqeukomoxaxsigpi/Build/Products/Debug-iphonesimulator -c -j10 -enable-batch-mode -incremental -Xcc -ivfsstatcache -Xcc /Users/shashipandey/Library/Developer/Xcode/DerivedData/SDKStatCaches.noindex/iphonesimulator26.5-23F81a-6cfe768891a92b912361537c460fe42b.sdkstatcache -output-file-map /Users/shashipandey/Library/Developer/Xcode/DerivedData/RSMS-galdljqllugdxqeukomoxaxsigpi/Build/Intermediates.noindex/RSMS.build/Debug-iphonesimulator/StoreManagerModule.build/Objects-normal/arm64/StoreManagerModule-OutputFileMap.json -use-frontend-parseable-output -save-temps -no-color-diagnostics -explicit-module-build -module-cache-path /Users/shashipandey/Library/Developer/Xcode/DerivedData/RSMS-galdljqllugdxqeukomoxaxsigpi/Build/Intermediates.noindex/SwiftExplicitPrecompiledModules -clang-scanner-module-cache-path /Users/shashipandey/Library/Developer/Xcode/DerivedData/ModuleCache.noindex -sdk-module-cache-path /Users/shashipandey/Library/Developer/Xcode/DerivedData/ModuleCache.noindex -serialize-diagnostics -emit-dependencies -emit-module -emit-module-path /Users/shashipandey/Library/Developer/Xcode/DerivedData/RSMS-galdljqllugdxqeukomoxaxsigpi/Build/Intermediates.noindex/RSMS.build/Debug-iphonesimulator/StoreManagerModule.build/Objects-normal/arm64/StoreManagerModule.swiftmodule -validate-clang-modules-once -clang-build-session-file /Users/shashipandey/Library/Developer/Xcode/DerivedData/ModuleCache.noindex/Session.modulevalidation -Xcc -I/Users/shashipandey/Library/Developer/Xcode/DerivedData/RSMS-galdljqllugdxqeukomoxaxsigpi/Build/Intermediates.noindex/RSMS.build/Debug-iphonesimulator/StoreManagerModule.build/swift-overrides.hmap -emit-const-values -Xfrontend -const-gather-protocols-file -Xfrontend /Users/shashipandey/Library/Developer/Xcode/DerivedData/RSMS-galdljqllugdxqeukomoxaxsigpi/Build/Intermediates.noindex/RSMS.build/Debug-iphonesimulator/StoreManagerModule.build/Objects-normal/arm64/StoreManagerModule_const_extract_protocols.json -Xcc -iquote -Xcc /Users/shashipandey/Library/Developer/Xcode/DerivedData/RSMS-galdljqllugdxqeukomoxaxsigpi/Build/Intermediates.noindex/RSMS.build/Debug-iphonesimulator/StoreManagerModule.build/StoreManagerModule-generated-files.hmap -Xcc -I/Users/shashipandey/Library/Developer/Xcode/DerivedData/RSMS-galdljqllugdxqeukomoxaxsigpi/Build/Intermediates.noindex/RSMS.build/Debug-iphonesimulator/StoreManagerModule.build/StoreManagerModule-own-target-headers.hmap -Xcc -I/Users/shashipandey/Library/Developer/Xcode/DerivedData/RSMS-galdljqllugdxqeukomoxaxsigpi/Build/Intermediates.noindex/RSMS.build/Debug-iphonesimulator/StoreManagerModule.build/StoreManagerModule-all-non-framework-target-headers.hmap -Xcc -ivfsoverlay -Xcc /Users/shashipandey/Library/Developer/Xcode/DerivedData/RSMS-galdljqllugdxqeukomoxaxsigpi/Build/Intermediates.noindex/RSMS.build/Debug-iphonesimulator/RSMS-20c8144d8fc61d4ec82d88f627d29184-VFS-iphonesimulator/all-product-headers.yaml -Xcc -iquote -Xcc /Users/shashipandey/Library/Developer/Xcode/DerivedData/RSMS-galdljqllugdxqeukomoxaxsigpi/Build/Intermediates.noindex/RSMS.build/Debug-iphonesimulator/StoreManagerModule.build/StoreManagerModule-project-headers.hmap -Xcc -I/Users/shashipandey/Library/Developer/Xcode/DerivedData/RSMS-galdljqllugdxqeukomoxaxsigpi/Build/Products/Debug-iphonesimulator/include -Xcc -I/Users/shashipandey/Library/Developer/Xcode/DerivedData/RSMS-galdljqllugdxqeukomoxaxsigpi/Build/Intermediates.noindex/RSMS.build/Debug-iphonesimulator/StoreManagerModule.build/DerivedSources-normal/arm64 -Xcc -I/Users/shashipandey/Library/Developer/Xcode/DerivedData/RSMS-galdljqllugdxqeukomoxaxsigpi/Build/Intermediates.noindex/RSMS.build/Debug-iphonesimulator/StoreManagerModule.build/DerivedSources/arm64 -Xcc -I/Users/shashipandey/Library/Developer/Xcode/DerivedData/RSMS-galdljqllugdxqeukomoxaxsigpi/Build/Intermediates.noindex/RSMS.build/Debug-iphonesimulator/StoreManagerModule.build/DerivedSources -Xcc -DDEBUG\=1 -emit-objc-header -emit-objc-header-path /Users/shashipandey/Library/Developer/Xcode/DerivedData/RSMS-galdljqllugdxqeukomoxaxsigpi/Build/Intermediates.noindex/RSMS.build/Debug-iphonesimulator/StoreManagerModule.build/Objects-normal/arm64/StoreManagerModule-Swift.h -working-directory /Users/shashipandey/Desktop/Team-8 -experimental-emit-module-separately -disable-cmo

SwiftEmitModule normal arm64 Emitting\ module\ for\ StoreManagerModule (in target 'StoreManagerModule' from project 'RSMS')
EmitSwiftModule normal arm64 (in target 'StoreManagerModule' from project 'RSMS')
    cd /Users/shashipandey/Desktop/Team-8
    

SwiftDriver\ Compilation\ Requirements StoreManagerModule normal x86_64 com.apple.xcode.tools.swift.compiler (in target 'StoreManagerModule' from project 'RSMS')
    cd /Users/shashipandey/Desktop/Team-8
    builtin-Swift-Compilation-Requirements -- /Applications/Xcode.app/Contents/Developer/Toolchains/XcodeDefault.xctoolchain/usr/bin/swiftc -module-name StoreManagerModule -Onone @/Users/shashipandey/Library/Developer/Xcode/DerivedData/RSMS-galdljqllugdxqeukomoxaxsigpi/Build/Intermediates.noindex/RSMS.build/Debug-iphonesimulator/StoreManagerModule.build/Objects-normal/x86_64/StoreManagerModule.SwiftFileList -DDEBUG -enable-bare-slash-regex -enable-experimental-feature DebugDescriptionMacro -sdk /Applications/Xcode.app/Contents/Developer/Platforms/iPhoneSimulator.platform/Developer/SDKs/iPhoneSimulator26.5.sdk -target x86_64-apple-ios26.5-simulator -g -module-cache-path /Users/shashipandey/Library/Developer/Xcode/DerivedData/ModuleCache.noindex -Xfrontend -serialize-debugging-options -enable-testing -index-store-path /Users/shashipandey/Library/Developer/Xcode/DerivedData/RSMS-galdljqllugdxqeukomoxaxsigpi/Index.noindex/DataStore -Xcc -D_LIBCPP_HARDENING_MODE\=_LIBCPP_HARDENING_MODE_DEBUG -swift-version 5 -I /Users/shashipandey/Library/Developer/Xcode/DerivedData/RSMS-galdljqllugdxqeukomoxaxsigpi/Build/Products/Debug-iphonesimulator -F /Users/shashipandey/Library/Developer/Xcode/DerivedData/RSMS-galdljqllugdxqeukomoxaxsigpi/Build/Products/Debug-iphonesimulator/PackageFrameworks -F /Users/shashipandey/Library/Developer/Xcode/DerivedData/RSMS-galdljqllugdxqeukomoxaxsigpi/Build/Products/Debug-iphonesimulator/PackageFrameworks -F /Users/shashipandey/Library/Developer/Xcode/DerivedData/RSMS-galdljqllugdxqeukomoxaxsigpi/Build/Products/Debug-iphonesimulator/PackageFrameworks -F /Users/shashipandey/Library/Developer/Xcode/DerivedData/RSMS-galdljqllugdxqeukomoxaxsigpi/Build/Products/Debug-iphonesimulator/PackageFrameworks -F /Users/shashipandey/Library/Developer/Xcode/DerivedData/RSMS-galdljqllugdxqeukomoxaxsigpi/Build/Products/Debug-iphonesimulator/PackageFrameworks -F /Users/shashipandey/Library/Developer/Xcode/DerivedData/RSMS-galdljqllugdxqeukomoxaxsigpi/Build/Products/Debug-iphonesimulator/PackageFrameworks -F /Users/shashipandey/Library/Developer/Xcode/DerivedData/RSMS-galdljqllugdxqeukomoxaxsigpi/Build/Products/Debug-iphonesimulator/PackageFrameworks -F /Users/shashipandey/Library/Developer/Xcode/DerivedData/RSMS-galdljqllugdxqeukomoxaxsigpi/Build/Products/Debug-iphonesimulator/PackageFrameworks -F /Users/shashipandey/Library/Developer/Xcode/DerivedData/RSMS-galdljqllugdxqeukomoxaxsigpi/Build/Products/Debug-iphonesimulator/PackageFrameworks -F /Users/shashipandey/Library/Developer/Xcode/DerivedData/RSMS-galdljqllugdxqeukomoxaxsigpi/Build/Products/Debug-iphonesimulator/PackageFrameworks -F /Users/shashipandey/Library/Developer/Xcode/DerivedData/RSMS-galdljqllugdxqeukomoxaxsigpi/Build/Products/Debug-iphonesimulator/PackageFrameworks -F /Users/shashipandey/Library/Developer/Xcode/DerivedData/RSMS-galdljqllugdxqeukomoxaxsigpi/Build/Products/Debug-iphonesimulator/PackageFrameworks -F /Users/shashipandey/Library/Developer/Xcode/DerivedData/RSMS-galdljqllugdxqeukomoxaxsigpi/Build/Products/Debug-iphonesimulator/PackageFrameworks -F /Users/shashipandey/Library/Developer/Xcode/DerivedData/RSMS-galdljqllugdxqeukomoxaxsigpi/Build/Products/Debug-iphonesimulator -c -j10 -enable-batch-mode -incremental -Xcc -ivfsstatcache -Xcc /Users/shashipandey/Library/Developer/Xcode/DerivedData/SDKStatCaches.noindex/iphonesimulator26.5-23F81a-6cfe768891a92b912361537c460fe42b.sdkstatcache -output-file-map /Users/shashipandey/Library/Developer/Xcode/DerivedData/RSMS-galdljqllugdxqeukomoxaxsigpi/Build/Intermediates.noindex/RSMS.build/Debug-iphonesimulator/StoreManagerModule.build/Objects-normal/x86_64/StoreManagerModule-OutputFileMap.json -use-frontend-parseable-output -save-temps -no-color-diagnostics -explicit-module-build -module-cache-path /Users/shashipandey/Library/Developer/Xcode/DerivedData/RSMS-galdljqllugdxqeukomoxaxsigpi/Build/Intermediates.noindex/SwiftExplicitPrecompiledModules -clang-scanner-module-cache-path /Users/shashipandey/Library/Developer/Xcode/DerivedData/ModuleCache.noindex -sdk-module-cache-path /Users/shashipandey/Library/Developer/Xcode/DerivedData/ModuleCache.noindex -serialize-diagnostics -emit-dependencies -emit-module -emit-module-path /Users/shashipandey/Library/Developer/Xcode/DerivedData/RSMS-galdljqllugdxqeukomoxaxsigpi/Build/Intermediates.noindex/RSMS.build/Debug-iphonesimulator/StoreManagerModule.build/Objects-normal/x86_64/StoreManagerModule.swiftmodule -validate-clang-modules-once -clang-build-session-file /Users/shashipandey/Library/Developer/Xcode/DerivedData/ModuleCache.noindex/Session.modulevalidation -Xcc -I/Users/shashipandey/Library/Developer/Xcode/DerivedData/RSMS-galdljqllugdxqeukomoxaxsigpi/Build/Intermediates.noindex/RSMS.build/Debug-iphonesimulator/StoreManagerModule.build/swift-overrides.hmap -emit-const-values -Xfrontend -const-gather-protocols-file -Xfrontend /Users/shashipandey/Library/Developer/Xcode/DerivedData/RSMS-galdljqllugdxqeukomoxaxsigpi/Build/Intermediates.noindex/RSMS.build/Debug-iphonesimulator/StoreManagerModule.build/Objects-normal/x86_64/StoreManagerModule_const_extract_protocols.json -Xcc -iquote -Xcc /Users/shashipandey/Library/Developer/Xcode/DerivedData/RSMS-galdljqllugdxqeukomoxaxsigpi/Build/Intermediates.noindex/RSMS.build/Debug-iphonesimulator/StoreManagerModule.build/StoreManagerModule-generated-files.hmap -Xcc -I/Users/shashipandey/Library/Developer/Xcode/DerivedData/RSMS-galdljqllugdxqeukomoxaxsigpi/Build/Intermediates.noindex/RSMS.build/Debug-iphonesimulator/StoreManagerModule.build/StoreManagerModule-own-target-headers.hmap -Xcc -I/Users/shashipandey/Library/Developer/Xcode/DerivedData/RSMS-galdljqllugdxqeukomoxaxsigpi/Build/Intermediates.noindex/RSMS.build/Debug-iphonesimulator/StoreManagerModule.build/StoreManagerModule-all-non-framework-target-headers.hmap -Xcc -ivfsoverlay -Xcc /Users/shashipandey/Library/Developer/Xcode/DerivedData/RSMS-galdljqllugdxqeukomoxaxsigpi/Build/Intermediates.noindex/RSMS.build/Debug-iphonesimulator/RSMS-20c8144d8fc61d4ec82d88f627d29184-VFS-iphonesimulator/all-product-headers.yaml -Xcc -iquote -Xcc /Users/shashipandey/Library/Developer/Xcode/DerivedData/RSMS-galdljqllugdxqeukomoxaxsigpi/Build/Intermediates.noindex/RSMS.build/Debug-iphonesimulator/StoreManagerModule.build/StoreManagerModule-project-headers.hmap -Xcc -I/Users/shashipandey/Library/Developer/Xcode/DerivedData/RSMS-galdljqllugdxqeukomoxaxsigpi/Build/Products/Debug-iphonesimulator/include -Xcc -I/Users/shashipandey/Library/Developer/Xcode/DerivedData/RSMS-galdljqllugdxqeukomoxaxsigpi/Build/Intermediates.noindex/RSMS.build/Debug-iphonesimulator/StoreManagerModule.build/DerivedSources-normal/x86_64 -Xcc -I/Users/shashipandey/Library/Developer/Xcode/DerivedData/RSMS-galdljqllugdxqeukomoxaxsigpi/Build/Intermediates.noindex/RSMS.build/Debug-iphonesimulator/StoreManagerModule.build/DerivedSources/x86_64 -Xcc -I/Users/shashipandey/Library/Developer/Xcode/DerivedData/RSMS-galdljqllugdxqeukomoxaxsigpi/Build/Intermediates.noindex/RSMS.build/Debug-iphonesimulator/StoreManagerModule.build/DerivedSources -Xcc -DDEBUG\=1 -emit-objc-header -emit-objc-header-path /Users/shashipandey/Library/Developer/Xcode/DerivedData/RSMS-galdljqllugdxqeukomoxaxsigpi/Build/Intermediates.noindex/RSMS.build/Debug-iphonesimulator/StoreManagerModule.build/Objects-normal/x86_64/StoreManagerModule-Swift.h -working-directory /Users/shashipandey/Desktop/Team-8 -experimental-emit-module-separately -disable-cmo

SwiftDriver\ Compilation StoreManagerModule normal x86_64 com.apple.xcode.tools.swift.compiler (in target 'StoreManagerModule' from project 'RSMS')
    cd /Users/shashipandey/Desktop/Team-8
    builtin-Swift-Compilation -- /Applications/Xcode.app/Contents/Developer/Toolchains/XcodeDefault.xctoolchain/usr/bin/swiftc -module-name StoreManagerModule -Onone @/Users/shashipandey/Library/Developer/Xcode/DerivedData/RSMS-galdljqllugdxqeukomoxaxsigpi/Build/Intermediates.noindex/RSMS.build/Debug-iphonesimulator/StoreManagerModule.build/Objects-normal/x86_64/StoreManagerModule.SwiftFileList -DDEBUG -enable-bare-slash-regex -enable-experimental-feature DebugDescriptionMacro -sdk /Applications/Xcode.app/Contents/Developer/Platforms/iPhoneSimulator.platform/Developer/SDKs/iPhoneSimulator26.5.sdk -target x86_64-apple-ios26.5-simulator -g -module-cache-path /Users/shashipandey/Library/Developer/Xcode/DerivedData/ModuleCache.noindex -Xfrontend -serialize-debugging-options -enable-testing -index-store-path /Users/shashipandey/Library/Developer/Xcode/DerivedData/RSMS-galdljqllugdxqeukomoxaxsigpi/Index.noindex/DataStore -Xcc -D_LIBCPP_HARDENING_MODE\=_LIBCPP_HARDENING_MODE_DEBUG -swift-version 5 -I /Users/shashipandey/Library/Developer/Xcode/DerivedData/RSMS-galdljqllugdxqeukomoxaxsigpi/Build/Products/Debug-iphonesimulator -F /Users/shashipandey/Library/Developer/Xcode/DerivedData/RSMS-galdljqllugdxqeukomoxaxsigpi/Build/Products/Debug-iphonesimulator/PackageFrameworks -F /Users/shashipandey/Library/Developer/Xcode/DerivedData/RSMS-galdljqllugdxqeukomoxaxsigpi/Build/Products/Debug-iphonesimulator/PackageFrameworks -F /Users/shashipandey/Library/Developer/Xcode/DerivedData/RSMS-galdljqllugdxqeukomoxaxsigpi/Build/Products/Debug-iphonesimulator/PackageFrameworks -F /Users/shashipandey/Library/Developer/Xcode/DerivedData/RSMS-galdljqllugdxqeukomoxaxsigpi/Build/Products/Debug-iphonesimulator/PackageFrameworks -F /Users/shashipandey/Library/Developer/Xcode/DerivedData/RSMS-galdljqllugdxqeukomoxaxsigpi/Build/Products/Debug-iphonesimulator/PackageFrameworks -F /Users/shashipandey/Library/Developer/Xcode/DerivedData/RSMS-galdljqllugdxqeukomoxaxsigpi/Build/Products/Debug-iphonesimulator/PackageFrameworks -F /Users/shashipandey/Library/Developer/Xcode/DerivedData/RSMS-galdljqllugdxqeukomoxaxsigpi/Build/Products/Debug-iphonesimulator/PackageFrameworks -F /Users/shashipandey/Library/Developer/Xcode/DerivedData/RSMS-galdljqllugdxqeukomoxaxsigpi/Build/Products/Debug-iphonesimulator/PackageFrameworks -F /Users/shashipandey/Library/Developer/Xcode/DerivedData/RSMS-galdljqllugdxqeukomoxaxsigpi/Build/Products/Debug-iphonesimulator/PackageFrameworks -F /Users/shashipandey/Library/Developer/Xcode/DerivedData/RSMS-galdljqllugdxqeukomoxaxsigpi/Build/Products/Debug-iphonesimulator/PackageFrameworks -F /Users/shashipandey/Library/Developer/Xcode/DerivedData/RSMS-galdljqllugdxqeukomoxaxsigpi/Build/Products/Debug-iphonesimulator/PackageFrameworks -F /Users/shashipandey/Library/Developer/Xcode/DerivedData/RSMS-galdljqllugdxqeukomoxaxsigpi/Build/Products/Debug-iphonesimulator/PackageFrameworks -F /Users/shashipandey/Library/Developer/Xcode/DerivedData/RSMS-galdljqllugdxqeukomoxaxsigpi/Build/Products/Debug-iphonesimulator/PackageFrameworks -F /Users/shashipandey/Library/Developer/Xcode/DerivedData/RSMS-galdljqllugdxqeukomoxaxsigpi/Build/Products/Debug-iphonesimulator -c -j10 -enable-batch-mode -incremental -Xcc -ivfsstatcache -Xcc /Users/shashipandey/Library/Developer/Xcode/DerivedData/SDKStatCaches.noindex/iphonesimulator26.5-23F81a-6cfe768891a92b912361537c460fe42b.sdkstatcache -output-file-map /Users/shashipandey/Library/Developer/Xcode/DerivedData/RSMS-galdljqllugdxqeukomoxaxsigpi/Build/Intermediates.noindex/RSMS.build/Debug-iphonesimulator/StoreManagerModule.build/Objects-normal/x86_64/StoreManagerModule-OutputFileMap.json -use-frontend-parseable-output -save-temps -no-color-diagnostics -explicit-module-build -module-cache-path /Users/shashipandey/Library/Developer/Xcode/DerivedData/RSMS-galdljqllugdxqeukomoxaxsigpi/Build/Intermediates.noindex/SwiftExplicitPrecompiledModules -clang-scanner-module-cache-path /Users/shashipandey/Library/Developer/Xcode/DerivedData/ModuleCache.noindex -sdk-module-cache-path /Users/shashipandey/Library/Developer/Xcode/DerivedData/ModuleCache.noindex -serialize-diagnostics -emit-dependencies -emit-module -emit-module-path /Users/shashipandey/Library/Developer/Xcode/DerivedData/RSMS-galdljqllugdxqeukomoxaxsigpi/Build/Intermediates.noindex/RSMS.build/Debug-iphonesimulator/StoreManagerModule.build/Objects-normal/x86_64/StoreManagerModule.swiftmodule -validate-clang-modules-once -clang-build-session-file /Users/shashipandey/Library/Developer/Xcode/DerivedData/ModuleCache.noindex/Session.modulevalidation -Xcc -I/Users/shashipandey/Library/Developer/Xcode/DerivedData/RSMS-galdljqllugdxqeukomoxaxsigpi/Build/Intermediates.noindex/RSMS.build/Debug-iphonesimulator/StoreManagerModule.build/swift-overrides.hmap -emit-const-values -Xfrontend -const-gather-protocols-file -Xfrontend /Users/shashipandey/Library/Developer/Xcode/DerivedData/RSMS-galdljqllugdxqeukomoxaxsigpi/Build/Intermediates.noindex/RSMS.build/Debug-iphonesimulator/StoreManagerModule.build/Objects-normal/x86_64/StoreManagerModule_const_extract_protocols.json -Xcc -iquote -Xcc /Users/shashipandey/Library/Developer/Xcode/DerivedData/RSMS-galdljqllugdxqeukomoxaxsigpi/Build/Intermediates.noindex/RSMS.build/Debug-iphonesimulator/StoreManagerModule.build/StoreManagerModule-generated-files.hmap -Xcc -I/Users/shashipandey/Library/Developer/Xcode/DerivedData/RSMS-galdljqllugdxqeukomoxaxsigpi/Build/Intermediates.noindex/RSMS.build/Debug-iphonesimulator/StoreManagerModule.build/StoreManagerModule-own-target-headers.hmap -Xcc -I/Users/shashipandey/Library/Developer/Xcode/DerivedData/RSMS-galdljqllugdxqeukomoxaxsigpi/Build/Intermediates.noindex/RSMS.build/Debug-iphonesimulator/StoreManagerModule.build/StoreManagerModule-all-non-framework-target-headers.hmap -Xcc -ivfsoverlay -Xcc /Users/shashipandey/Library/Developer/Xcode/DerivedData/RSMS-galdljqllugdxqeukomoxaxsigpi/Build/Intermediates.noindex/RSMS.build/Debug-iphonesimulator/RSMS-20c8144d8fc61d4ec82d88f627d29184-VFS-iphonesimulator/all-product-headers.yaml -Xcc -iquote -Xcc /Users/shashipandey/Library/Developer/Xcode/DerivedData/RSMS-galdljqllugdxqeukomoxaxsigpi/Build/Intermediates.noindex/RSMS.build/Debug-iphonesimulator/StoreManagerModule.build/StoreManagerModule-project-headers.hmap -Xcc -I/Users/shashipandey/Library/Developer/Xcode/DerivedData/RSMS-galdljqllugdxqeukomoxaxsigpi/Build/Products/Debug-iphonesimulator/include -Xcc -I/Users/shashipandey/Library/Developer/Xcode/DerivedData/RSMS-galdljqllugdxqeukomoxaxsigpi/Build/Intermediates.noindex/RSMS.build/Debug-iphonesimulator/StoreManagerModule.build/DerivedSources-normal/x86_64 -Xcc -I/Users/shashipandey/Library/Developer/Xcode/DerivedData/RSMS-galdljqllugdxqeukomoxaxsigpi/Build/Intermediates.noindex/RSMS.build/Debug-iphonesimulator/StoreManagerModule.build/DerivedSources/x86_64 -Xcc -I/Users/shashipandey/Library/Developer/Xcode/DerivedData/RSMS-galdljqllugdxqeukomoxaxsigpi/Build/Intermediates.noindex/RSMS.build/Debug-iphonesimulator/StoreManagerModule.build/DerivedSources -Xcc -DDEBUG\=1 -emit-objc-header -emit-objc-header-path /Users/shashipandey/Library/Developer/Xcode/DerivedData/RSMS-galdljqllugdxqeukomoxaxsigpi/Build/Intermediates.noindex/RSMS.build/Debug-iphonesimulator/StoreManagerModule.build/Objects-normal/x86_64/StoreManagerModule-Swift.h -working-directory /Users/shashipandey/Desktop/Team-8 -experimental-emit-module-separately -disable-cmo

CreateUniversalBinary /Users/shashipandey/Library/Developer/Xcode/DerivedData/RSMS-galdljqllugdxqeukomoxaxsigpi/Build/Products/Debug-iphonesimulator/PackageFrameworks/Supabase_-28EB57FDA3E86EC4_PackageProduct.framework/Supabase_-28EB57FDA3E86EC4_PackageProduct normal arm64\ x86_64 (in target 'Supabase' from project 'Supabase')
    cd /Users/shashipandey/Library/Developer/Xcode/DerivedData/RSMS-galdljqllugdxqeukomoxaxsigpi/SourcePackages/checkouts/supabase-swift
    /Applications/Xcode.app/Contents/Developer/Toolchains/XcodeDefault.xctoolchain/usr/bin/lipo -create /Users/shashipandey/Library/Developer/Xcode/DerivedData/RSMS-galdljqllugdxqeukomoxaxsigpi/Build/Intermediates.noindex/Supabase.build/Debug-iphonesimulator/Supabase\ product.build/Objects-normal/arm64/Binary/Supabase_-28EB57FDA3E86EC4_PackageProduct /Users/shashipandey/Library/Developer/Xcode/DerivedData/RSMS-galdljqllugdxqeukomoxaxsigpi/Build/Intermediates.noindex/Supabase.build/Debug-iphonesimulator/Supabase\ product.build/Objects-normal/x86_64/Binary/Supabase_-28EB57FDA3E86EC4_PackageProduct -output /Users/shashipandey/Library/Developer/Xcode/DerivedData/RSMS-galdljqllugdxqeukomoxaxsigpi/Build/Products/Debug-iphonesimulator/PackageFrameworks/Supabase_-28EB57FDA3E86EC4_PackageProduct.framework/Supabase_-28EB57FDA3E86EC4_PackageProduct

GenerateTAPI /Users/shashipandey/Library/Developer/Xcode/DerivedData/RSMS-galdljqllugdxqeukomoxaxsigpi/Build/Intermediates.noindex/EagerLinkingTBDs/Debug-iphonesimulator/Supabase_-28EB57FDA3E86EC4_PackageProduct.framework/Supabase_-28EB57FDA3E86EC4_PackageProduct.tbd (in target 'Supabase' from project 'Supabase')
    cd /Users/shashipandey/Library/Developer/Xcode/DerivedData/RSMS-galdljqllugdxqeukomoxaxsigpi/SourcePackages/checkouts/supabase-swift
    /Applications/Xcode.app/Contents/Developer/Toolchains/XcodeDefault.xctoolchain/usr/bin/tapi stubify -isysroot /Applications/Xcode.app/Contents/Developer/Platforms/iPhoneSimulator.platform/Developer/SDKs/iPhoneSimulator26.5.sdk -F/Users/shashipandey/Library/Developer/Xcode/DerivedData/RSMS-galdljqllugdxqeukomoxaxsigpi/Build/Products/Debug-iphonesimulator/PackageFrameworks -F/Users/shashipandey/Library/Developer/Xcode/DerivedData/RSMS-galdljqllugdxqeukomoxaxsigpi/Build/Products/Debug-iphonesimulator/PackageFrameworks -F/Users/shashipandey/Library/Developer/Xcode/DerivedData/RSMS-galdljqllugdxqeukomoxaxsigpi/Build/Products/Debug-iphonesimulator/PackageFrameworks -F/Users/shashipandey/Library/Developer/Xcode/DerivedData/RSMS-galdljqllugdxqeukomoxaxsigpi/Build/Products/Debug-iphonesimulator/PackageFrameworks -F/Users/shashipandey/Library/Developer/Xcode/DerivedData/RSMS-galdljqllugdxqeukomoxaxsigpi/Build/Products/Debug-iphonesimulator/PackageFrameworks -F/Users/shashipandey/Library/Developer/Xcode/DerivedData/RSMS-galdljqllugdxqeukomoxaxsigpi/Build/Products/Debug-iphonesimulator/PackageFrameworks -F/Users/shashipandey/Library/Developer/Xcode/DerivedData/RSMS-galdljqllugdxqeukomoxaxsigpi/Build/Products/Debug-iphonesimulator/PackageFrameworks -F/Users/shashipandey/Library/Developer/Xcode/DerivedData/RSMS-galdljqllugdxqeukomoxaxsigpi/Build/Products/Debug-iphonesimulator/PackageFrameworks -F/Users/shashipandey/Library/Developer/Xcode/DerivedData/RSMS-galdljqllugdxqeukomoxaxsigpi/Build/Products/Debug-iphonesimulator/PackageFrameworks -F/Users/shashipandey/Library/Developer/Xcode/DerivedData/RSMS-galdljqllugdxqeukomoxaxsigpi/Build/Products/Debug-iphonesimulator/PackageFrameworks -F/Users/shashipandey/Library/Developer/Xcode/DerivedData/RSMS-galdljqllugdxqeukomoxaxsigpi/Build/Products/Debug-iphonesimulator/PackageFrameworks -F/Users/shashipandey/Library/Developer/Xcode/DerivedData/RSMS-galdljqllugdxqeukomoxaxsigpi/Build/Products/Debug-iphonesimulator/PackageFrameworks -F/Users/shashipandey/Library/Developer/Xcode/DerivedData/RSMS-galdljqllugdxqeukomoxaxsigpi/Build/Products/Debug-iphonesimulator/PackageFrameworks -F/Users/shashipandey/Library/Developer/Xcode/DerivedData/RSMS-galdljqllugdxqeukomoxaxsigpi/Build/Products/Debug-iphonesimulator -iframework /Applications/Xcode.app/Contents/Developer/Platforms/iPhoneSimulator.platform/Developer/Library/Frameworks -iframework /Applications/Xcode.app/Contents/Developer/Platforms/iPhoneSimulator.platform/Developer/SDKs/iPhoneSimulator26.5.sdk/Developer/Library/Frameworks -L/Users/shashipandey/Library/Developer/Xcode/DerivedData/RSMS-galdljqllugdxqeukomoxaxsigpi/Build/Products/Debug-iphonesimulator -L/Applications/Xcode.app/Contents/Developer/Platforms/iPhoneSimulator.platform/Developer/usr/lib /Users/shashipandey/Library/Developer/Xcode/DerivedData/RSMS-galdljqllugdxqeukomoxaxsigpi/Build/Products/Debug-iphonesimulator/PackageFrameworks/Supabase_-28EB57FDA3E86EC4_PackageProduct.framework/Supabase_-28EB57FDA3E86EC4_PackageProduct -o /Users/shashipandey/Library/Developer/Xcode/DerivedData/RSMS-galdljqllugdxqeukomoxaxsigpi/Build/Intermediates.noindex/EagerLinkingTBDs/Debug-iphonesimulator/Supabase_-28EB57FDA3E86EC4_PackageProduct.framework/Supabase_-28EB57FDA3E86EC4_PackageProduct.tbd

ProcessInfoPlistFile /Users/shashipandey/Library/Developer/Xcode/DerivedData/RSMS-galdljqllugdxqeukomoxaxsigpi/Build/Products/Debug-iphonesimulator/StoreManagerModule.framework/Info.plist /Users/shashipandey/Library/Developer/Xcode/DerivedData/RSMS-galdljqllugdxqeukomoxaxsigpi/Build/Intermediates.noindex/RSMS.build/Debug-iphonesimulator/StoreManagerModule.build/empty-StoreManagerModule.plist (in target 'StoreManagerModule' from project 'RSMS')
    cd /Users/shashipandey/Desktop/Team-8
    builtin-infoPlistUtility /Users/shashipandey/Library/Developer/Xcode/DerivedData/RSMS-galdljqllugdxqeukomoxaxsigpi/Build/Intermediates.noindex/RSMS.build/Debug-iphonesimulator/StoreManagerModule.build/empty-StoreManagerModule.plist -producttype com.apple.product-type.framework -expandbuildsettings -format binary -platform iphonesimulator -additionalcontentfile /Users/shashipandey/Library/Developer/Xcode/DerivedData/RSMS-galdljqllugdxqeukomoxaxsigpi/Build/Intermediates.noindex/RSMS.build/Debug-iphonesimulator/StoreManagerModule.build/assetcatalog_generated_info.plist -o /Users/shashipandey/Library/Developer/Xcode/DerivedData/RSMS-galdljqllugdxqeukomoxaxsigpi/Build/Products/Debug-iphonesimulator/StoreManagerModule.framework/Info.plist

ProcessInfoPlistFile /Users/shashipandey/Library/Developer/Xcode/DerivedData/RSMS-galdljqllugdxqeukomoxaxsigpi/Build/Products/Debug-iphonesimulator/InventoryModule.framework/Info.plist /Users/shashipandey/Library/Developer/Xcode/DerivedData/RSMS-galdljqllugdxqeukomoxaxsigpi/Build/Intermediates.noindex/RSMS.build/Debug-iphonesimulator/InventoryModule.build/empty-InventoryModule.plist (in target 'InventoryModule' from project 'RSMS')
    cd /Users/shashipandey/Desktop/Team-8
    builtin-infoPlistUtility /Users/shashipandey/Library/Developer/Xcode/DerivedData/RSMS-galdljqllugdxqeukomoxaxsigpi/Build/Intermediates.noindex/RSMS.build/Debug-iphonesimulator/InventoryModule.build/empty-InventoryModule.plist -producttype com.apple.product-type.framework -expandbuildsettings -format binary -platform iphonesimulator -additionalcontentfile /Users/shashipandey/Library/Developer/Xcode/DerivedData/RSMS-galdljqllugdxqeukomoxaxsigpi/Build/Intermediates.noindex/RSMS.build/Debug-iphonesimulator/InventoryModule.build/assetcatalog_generated_info.plist -o /Users/shashipandey/Library/Developer/Xcode/DerivedData/RSMS-galdljqllugdxqeukomoxaxsigpi/Build/Products/Debug-iphonesimulator/InventoryModule.framework/Info.plist

CpResource /Users/shashipandey/Library/Developer/Xcode/DerivedData/RSMS-galdljqllugdxqeukomoxaxsigpi/Build/Products/Debug-iphonesimulator/InventoryModule.framework/seed.sql /Users/shashipandey/Desktop/Team-8/RSMS_Inventory/RSMS_Project/seed.sql (in target 'InventoryModule' from project 'RSMS')
    cd /Users/shashipandey/Desktop/Team-8
    builtin-copy -exclude .DS_Store -exclude CVS -exclude .svn -exclude .git -exclude .hg -resolve-src-symlinks /Users/shashipandey/Desktop/Team-8/RSMS_Inventory/RSMS_Project/seed.sql /Users/shashipandey/Library/Developer/Xcode/DerivedData/RSMS-galdljqllugdxqeukomoxaxsigpi/Build/Products/Debug-iphonesimulator/InventoryModule.framework

ProcessInfoPlistFile /Users/shashipandey/Library/Developer/Xcode/DerivedData/RSMS-galdljqllugdxqeukomoxaxsigpi/Build/Products/Debug-iphonesimulator/SalesAssociateModule.framework/Info.plist /Users/shashipandey/Library/Developer/Xcode/DerivedData/RSMS-galdljqllugdxqeukomoxaxsigpi/Build/Intermediates.noindex/RSMS.build/Debug-iphonesimulator/SalesAssociateModule.build/empty-SalesAssociateModule.plist (in target 'SalesAssociateModule' from project 'RSMS')
    cd /Users/shashipandey/Desktop/Team-8
    builtin-infoPlistUtility /Users/shashipandey/Library/Developer/Xcode/DerivedData/RSMS-galdljqllugdxqeukomoxaxsigpi/Build/Intermediates.noindex/RSMS.build/Debug-iphonesimulator/SalesAssociateModule.build/empty-SalesAssociateModule.plist -producttype com.apple.product-type.framework -expandbuildsettings -format binary -platform iphonesimulator -additionalcontentfile /Users/shashipandey/Library/Developer/Xcode/DerivedData/RSMS-galdljqllugdxqeukomoxaxsigpi/Build/Intermediates.noindex/RSMS.build/Debug-iphonesimulator/SalesAssociateModule.build/assetcatalog_generated_info.plist -o /Users/shashipandey/Library/Developer/Xcode/DerivedData/RSMS-galdljqllugdxqeukomoxaxsigpi/Build/Products/Debug-iphonesimulator/SalesAssociateModule.framework/Info.plist

CpResource /Users/shashipandey/Library/Developer/Xcode/DerivedData/RSMS-galdljqllugdxqeukomoxaxsigpi/Build/Products/Debug-iphonesimulator/InventoryModule.framework/data_set.xlsx /Users/shashipandey/Desktop/Team-8/RSMS_Inventory/RSMS_Project/Models/data_set.xlsx (in target 'InventoryModule' from project 'RSMS')
    cd /Users/shashipandey/Desktop/Team-8
    builtin-copy -exclude .DS_Store -exclude CVS -exclude .svn -exclude .git -exclude .hg -resolve-src-symlinks /Users/shashipandey/Desktop/Team-8/RSMS_Inventory/RSMS_Project/Models/data_set.xlsx /Users/shashipandey/Library/Developer/Xcode/DerivedData/RSMS-galdljqllugdxqeukomoxaxsigpi/Build/Products/Debug-iphonesimulator/InventoryModule.framework

ProcessInfoPlistFile /Users/shashipandey/Library/Developer/Xcode/DerivedData/RSMS-galdljqllugdxqeukomoxaxsigpi/Build/Products/Debug-iphonesimulator/AdminModule.framework/Info.plist /Users/shashipandey/Library/Developer/Xcode/DerivedData/RSMS-galdljqllugdxqeukomoxaxsigpi/Build/Intermediates.noindex/RSMS.build/Debug-iphonesimulator/AdminModule.build/empty-AdminModule.plist (in target 'AdminModule' from project 'RSMS')
    cd /Users/shashipandey/Desktop/Team-8
    builtin-infoPlistUtility /Users/shashipandey/Library/Developer/Xcode/DerivedData/RSMS-galdljqllugdxqeukomoxaxsigpi/Build/Intermediates.noindex/RSMS.build/Debug-iphonesimulator/AdminModule.build/empty-AdminModule.plist -producttype com.apple.product-type.framework -expandbuildsettings -format binary -platform iphonesimulator -additionalcontentfile /Users/shashipandey/Library/Developer/Xcode/DerivedData/RSMS-galdljqllugdxqeukomoxaxsigpi/Build/Intermediates.noindex/RSMS.build/Debug-iphonesimulator/AdminModule.build/assetcatalog_generated_info.plist -o /Users/shashipandey/Library/Developer/Xcode/DerivedData/RSMS-galdljqllugdxqeukomoxaxsigpi/Build/Products/Debug-iphonesimulator/AdminModule.framework/Info.plist

CpResource /Users/shashipandey/Library/Developer/Xcode/DerivedData/RSMS-galdljqllugdxqeukomoxaxsigpi/Build/Products/Debug-iphonesimulator/AdminModule.framework/supabase_schema.sql /Users/shashipandey/Desktop/Team-8/RSMS_Admin/Admin_RSMS/supabase_schema.sql (in target 'AdminModule' from project 'RSMS')
    cd /Users/shashipandey/Desktop/Team-8
    builtin-copy -exclude .DS_Store -exclude CVS -exclude .svn -exclude .git -exclude .hg -resolve-src-symlinks /Users/shashipandey/Desktop/Team-8/RSMS_Admin/Admin_RSMS/supabase_schema.sql /Users/shashipandey/Library/Developer/Xcode/DerivedData/RSMS-galdljqllugdxqeukomoxaxsigpi/Build/Products/Debug-iphonesimulator/AdminModule.framework

SwiftDriver\ Compilation\ Requirements AdminModule normal x86_64 com.apple.xcode.tools.swift.compiler (in target 'AdminModule' from project 'RSMS')
    cd /Users/shashipandey/Desktop/Team-8
    builtin-Swift-Compilation-Requirements -- /Applications/Xcode.app/Contents/Developer/Toolchains/XcodeDefault.xctoolchain/usr/bin/swiftc -module-name AdminModule -Onone @/Users/shashipandey/Library/Developer/Xcode/DerivedData/RSMS-galdljqllugdxqeukomoxaxsigpi/Build/Intermediates.noindex/RSMS.build/Debug-iphonesimulator/AdminModule.build/Objects-normal/x86_64/AdminModule.SwiftFileList -DDEBUG -enable-bare-slash-regex -enable-experimental-feature DebugDescriptionMacro -sdk /Applications/Xcode.app/Contents/Developer/Platforms/iPhoneSimulator.platform/Developer/SDKs/iPhoneSimulator26.5.sdk -target x86_64-apple-ios26.5-simulator -g -module-cache-path /Users/shashipandey/Library/Developer/Xcode/DerivedData/ModuleCache.noindex -Xfrontend -serialize-debugging-options -enable-testing -index-store-path /Users/shashipandey/Library/Developer/Xcode/DerivedData/RSMS-galdljqllugdxqeukomoxaxsigpi/Index.noindex/DataStore -Xcc -D_LIBCPP_HARDENING_MODE\=_LIBCPP_HARDENING_MODE_DEBUG -swift-version 5 -I /Users/shashipandey/Library/Developer/Xcode/DerivedData/RSMS-galdljqllugdxqeukomoxaxsigpi/Build/Products/Debug-iphonesimulator -F /Users/shashipandey/Library/Developer/Xcode/DerivedData/RSMS-galdljqllugdxqeukomoxaxsigpi/Build/Products/Debug-iphonesimulator/PackageFrameworks -F /Users/shashipandey/Library/Developer/Xcode/DerivedData/RSMS-galdljqllugdxqeukomoxaxsigpi/Build/Products/Debug-iphonesimulator/PackageFrameworks -F /Users/shashipandey/Library/Developer/Xcode/DerivedData/RSMS-galdljqllugdxqeukomoxaxsigpi/Build/Products/Debug-iphonesimulator/PackageFrameworks -F /Users/shashipandey/Library/Developer/Xcode/DerivedData/RSMS-galdljqllugdxqeukomoxaxsigpi/Build/Products/Debug-iphonesimulator/PackageFrameworks -F /Users/shashipandey/Library/Developer/Xcode/DerivedData/RSMS-galdljqllugdxqeukomoxaxsigpi/Build/Products/Debug-iphonesimulator/PackageFrameworks -F /Users/shashipandey/Library/Developer/Xcode/DerivedData/RSMS-galdljqllugdxqeukomoxaxsigpi/Build/Products/Debug-iphonesimulator/PackageFrameworks -F /Users/shashipandey/Library/Developer/Xcode/DerivedData/RSMS-galdljqllugdxqeukomoxaxsigpi/Build/Products/Debug-iphonesimulator/PackageFrameworks -F /Users/shashipandey/Library/Developer/Xcode/DerivedData/RSMS-galdljqllugdxqeukomoxaxsigpi/Build/Products/Debug-iphonesimulator/PackageFrameworks -F /Users/shashipandey/Library/Developer/Xcode/DerivedData/RSMS-galdljqllugdxqeukomoxaxsigpi/Build/Products/Debug-iphonesimulator/PackageFrameworks -F /Users/shashipandey/Library/Developer/Xcode/DerivedData/RSMS-galdljqllugdxqeukomoxaxsigpi/Build/Products/Debug-iphonesimulator/PackageFrameworks -F /Users/shashipandey/Library/Developer/Xcode/DerivedData/RSMS-galdljqllugdxqeukomoxaxsigpi/Build/Products/Debug-iphonesimulator/PackageFrameworks -F /Users/shashipandey/Library/Developer/Xcode/DerivedData/RSMS-galdljqllugdxqeukomoxaxsigpi/Build/Products/Debug-iphonesimulator/PackageFrameworks -F /Users/shashipandey/Library/Developer/Xcode/DerivedData/RSMS-galdljqllugdxqeukomoxaxsigpi/Build/Products/Debug-iphonesimulator/PackageFrameworks -F /Users/shashipandey/Library/Developer/Xcode/DerivedData/RSMS-galdljqllugdxqeukomoxaxsigpi/Build/Products/Debug-iphonesimulator -c -j10 -enable-batch-mode -incremental -Xcc -ivfsstatcache -Xcc /Users/shashipandey/Library/Developer/Xcode/DerivedData/SDKStatCaches.noindex/iphonesimulator26.5-23F81a-6cfe768891a92b912361537c460fe42b.sdkstatcache -output-file-map /Users/shashipandey/Library/Developer/Xcode/DerivedData/RSMS-galdljqllugdxqeukomoxaxsigpi/Build/Intermediates.noindex/RSMS.build/Debug-iphonesimulator/AdminModule.build/Objects-normal/x86_64/AdminModule-OutputFileMap.json -use-frontend-parseable-output -save-temps -no-color-diagnostics -explicit-module-build -module-cache-path /Users/shashipandey/Library/Developer/Xcode/DerivedData/RSMS-galdljqllugdxqeukomoxaxsigpi/Build/Intermediates.noindex/SwiftExplicitPrecompiledModules -clang-scanner-module-cache-path /Users/shashipandey/Library/Developer/Xcode/DerivedData/ModuleCache.noindex -sdk-module-cache-path /Users/shashipandey/Library/Developer/Xcode/DerivedData/ModuleCache.noindex -serialize-diagnostics -emit-dependencies -emit-module -emit-module-path /Users/shashipandey/Library/Developer/Xcode/DerivedData/RSMS-galdljqllugdxqeukomoxaxsigpi/Build/Intermediates.noindex/RSMS.build/Debug-iphonesimulator/AdminModule.build/Objects-normal/x86_64/AdminModule.swiftmodule -validate-clang-modules-once -clang-build-session-file /Users/shashipandey/Library/Developer/Xcode/DerivedData/ModuleCache.noindex/Session.modulevalidation -Xcc -I/Users/shashipandey/Library/Developer/Xcode/DerivedData/RSMS-galdljqllugdxqeukomoxaxsigpi/Build/Intermediates.noindex/RSMS.build/Debug-iphonesimulator/AdminModule.build/swift-overrides.hmap -emit-const-values -Xfrontend -const-gather-protocols-file -Xfrontend /Users/shashipandey/Library/Developer/Xcode/DerivedData/RSMS-galdljqllugdxqeukomoxaxsigpi/Build/Intermediates.noindex/RSMS.build/Debug-iphonesimulator/AdminModule.build/Objects-normal/x86_64/AdminModule_const_extract_protocols.json -Xcc -iquote -Xcc /Users/shashipandey/Library/Developer/Xcode/DerivedData/RSMS-galdljqllugdxqeukomoxaxsigpi/Build/Intermediates.noindex/RSMS.build/Debug-iphonesimulator/AdminModule.build/AdminModule-generated-files.hmap -Xcc -I/Users/shashipandey/Library/Developer/Xcode/DerivedData/RSMS-galdljqllugdxqeukomoxaxsigpi/Build/Intermediates.noindex/RSMS.build/Debug-iphonesimulator/AdminModule.build/AdminModule-own-target-headers.hmap -Xcc -I/Users/shashipandey/Library/Developer/Xcode/DerivedData/RSMS-galdljqllugdxqeukomoxaxsigpi/Build/Intermediates.noindex/RSMS.build/Debug-iphonesimulator/AdminModule.build/AdminModule-all-non-framework-target-headers.hmap -Xcc -ivfsoverlay -Xcc /Users/shashipandey/Library/Developer/Xcode/DerivedData/RSMS-galdljqllugdxqeukomoxaxsigpi/Build/Intermediates.noindex/RSMS.build/Debug-iphonesimulator/RSMS-20c8144d8fc61d4ec82d88f627d29184-VFS-iphonesimulator/all-product-headers.yaml -Xcc -iquote -Xcc /Users/shashipandey/Library/Developer/Xcode/DerivedData/RSMS-galdljqllugdxqeukomoxaxsigpi/Build/Intermediates.noindex/RSMS.build/Debug-iphonesimulator/AdminModule.build/AdminModule-project-headers.hmap -Xcc -I/Users/shashipandey/Library/Developer/Xcode/DerivedData/RSMS-galdljqllugdxqeukomoxaxsigpi/Build/Products/Debug-iphonesimulator/include -Xcc -I/Users/shashipandey/Library/Developer/Xcode/DerivedData/RSMS-galdljqllugdxqeukomoxaxsigpi/Build/Intermediates.noindex/RSMS.build/Debug-iphonesimulator/AdminModule.build/DerivedSources-normal/x86_64 -Xcc -I/Users/shashipandey/Library/Developer/Xcode/DerivedData/RSMS-galdljqllugdxqeukomoxaxsigpi/Build/Intermediates.noindex/RSMS.build/Debug-iphonesimulator/AdminModule.build/DerivedSources/x86_64 -Xcc -I/Users/shashipandey/Library/Developer/Xcode/DerivedData/RSMS-galdljqllugdxqeukomoxaxsigpi/Build/Intermediates.noindex/RSMS.build/Debug-iphonesimulator/AdminModule.build/DerivedSources -Xcc -DDEBUG\=1 -emit-objc-header -emit-objc-header-path /Users/shashipandey/Library/Developer/Xcode/DerivedData/RSMS-galdljqllugdxqeukomoxaxsigpi/Build/Intermediates.noindex/RSMS.build/Debug-iphonesimulator/AdminModule.build/Objects-normal/x86_64/AdminModule-Swift.h -working-directory /Users/shashipandey/Desktop/Team-8 -experimental-emit-module-separately -disable-cmo

SwiftDriver\ Compilation AdminModule normal x86_64 com.apple.xcode.tools.swift.compiler (in target 'AdminModule' from project 'RSMS')
    cd /Users/shashipandey/Desktop/Team-8
    builtin-Swift-Compilation -- /Applications/Xcode.app/Contents/Developer/Toolchains/XcodeDefault.xctoolchain/usr/bin/swiftc -module-name AdminModule -Onone @/Users/shashipandey/Library/Developer/Xcode/DerivedData/RSMS-galdljqllugdxqeukomoxaxsigpi/Build/Intermediates.noindex/RSMS.build/Debug-iphonesimulator/AdminModule.build/Objects-normal/x86_64/AdminModule.SwiftFileList -DDEBUG -enable-bare-slash-regex -enable-experimental-feature DebugDescriptionMacro -sdk /Applications/Xcode.app/Contents/Developer/Platforms/iPhoneSimulator.platform/Developer/SDKs/iPhoneSimulator26.5.sdk -target x86_64-apple-ios26.5-simulator -g -module-cache-path /Users/shashipandey/Library/Developer/Xcode/DerivedData/ModuleCache.noindex -Xfrontend -serialize-debugging-options -enable-testing -index-store-path /Users/shashipandey/Library/Developer/Xcode/DerivedData/RSMS-galdljqllugdxqeukomoxaxsigpi/Index.noindex/DataStore -Xcc -D_LIBCPP_HARDENING_MODE\=_LIBCPP_HARDENING_MODE_DEBUG -swift-version 5 -I /Users/shashipandey/Library/Developer/Xcode/DerivedData/RSMS-galdljqllugdxqeukomoxaxsigpi/Build/Products/Debug-iphonesimulator -F /Users/shashipandey/Library/Developer/Xcode/DerivedData/RSMS-galdljqllugdxqeukomoxaxsigpi/Build/Products/Debug-iphonesimulator/PackageFrameworks -F /Users/shashipandey/Library/Developer/Xcode/DerivedData/RSMS-galdljqllugdxqeukomoxaxsigpi/Build/Products/Debug-iphonesimulator/PackageFrameworks -F /Users/shashipandey/Library/Developer/Xcode/DerivedData/RSMS-galdljqllugdxqeukomoxaxsigpi/Build/Products/Debug-iphonesimulator/PackageFrameworks -F /Users/shashipandey/Library/Developer/Xcode/DerivedData/RSMS-galdljqllugdxqeukomoxaxsigpi/Build/Products/Debug-iphonesimulator/PackageFrameworks -F /Users/shashipandey/Library/Developer/Xcode/DerivedData/RSMS-galdljqllugdxqeukomoxaxsigpi/Build/Products/Debug-iphonesimulator/PackageFrameworks -F /Users/shashipandey/Library/Developer/Xcode/DerivedData/RSMS-galdljqllugdxqeukomoxaxsigpi/Build/Products/Debug-iphonesimulator/PackageFrameworks -F /Users/shashipandey/Library/Developer/Xcode/DerivedData/RSMS-galdljqllugdxqeukomoxaxsigpi/Build/Products/Debug-iphonesimulator/PackageFrameworks -F /Users/shashipandey/Library/Developer/Xcode/DerivedData/RSMS-galdljqllugdxqeukomoxaxsigpi/Build/Products/Debug-iphonesimulator/PackageFrameworks -F /Users/shashipandey/Library/Developer/Xcode/DerivedData/RSMS-galdljqllugdxqeukomoxaxsigpi/Build/Products/Debug-iphonesimulator/PackageFrameworks -F /Users/shashipandey/Library/Developer/Xcode/DerivedData/RSMS-galdljqllugdxqeukomoxaxsigpi/Build/Products/Debug-iphonesimulator/PackageFrameworks -F /Users/shashipandey/Library/Developer/Xcode/DerivedData/RSMS-galdljqllugdxqeukomoxaxsigpi/Build/Products/Debug-iphonesimulator/PackageFrameworks -F /Users/shashipandey/Library/Developer/Xcode/DerivedData/RSMS-galdljqllugdxqeukomoxaxsigpi/Build/Products/Debug-iphonesimulator/PackageFrameworks -F /Users/shashipandey/Library/Developer/Xcode/DerivedData/RSMS-galdljqllugdxqeukomoxaxsigpi/Build/Products/Debug-iphonesimulator/PackageFrameworks -F /Users/shashipandey/Library/Developer/Xcode/DerivedData/RSMS-galdljqllugdxqeukomoxaxsigpi/Build/Products/Debug-iphonesimulator -c -j10 -enable-batch-mode -incremental -Xcc -ivfsstatcache -Xcc /Users/shashipandey/Library/Developer/Xcode/DerivedData/SDKStatCaches.noindex/iphonesimulator26.5-23F81a-6cfe768891a92b912361537c460fe42b.sdkstatcache -output-file-map /Users/shashipandey/Library/Developer/Xcode/DerivedData/RSMS-galdljqllugdxqeukomoxaxsigpi/Build/Intermediates.noindex/RSMS.build/Debug-iphonesimulator/AdminModule.build/Objects-normal/x86_64/AdminModule-OutputFileMap.json -use-frontend-parseable-output -save-temps -no-color-diagnostics -explicit-module-build -module-cache-path /Users/shashipandey/Library/Developer/Xcode/DerivedData/RSMS-galdljqllugdxqeukomoxaxsigpi/Build/Intermediates.noindex/SwiftExplicitPrecompiledModules -clang-scanner-module-cache-path /Users/shashipandey/Library/Developer/Xcode/DerivedData/ModuleCache.noindex -sdk-module-cache-path /Users/shashipandey/Library/Developer/Xcode/DerivedData/ModuleCache.noindex -serialize-diagnostics -emit-dependencies -emit-module -emit-module-path /Users/shashipandey/Library/Developer/Xcode/DerivedData/RSMS-galdljqllugdxqeukomoxaxsigpi/Build/Intermediates.noindex/RSMS.build/Debug-iphonesimulator/AdminModule.build/Objects-normal/x86_64/AdminModule.swiftmodule -validate-clang-modules-once -clang-build-session-file /Users/shashipandey/Library/Developer/Xcode/DerivedData/ModuleCache.noindex/Session.modulevalidation -Xcc -I/Users/shashipandey/Library/Developer/Xcode/DerivedData/RSMS-galdljqllugdxqeukomoxaxsigpi/Build/Intermediates.noindex/RSMS.build/Debug-iphonesimulator/AdminModule.build/swift-overrides.hmap -emit-const-values -Xfrontend -const-gather-protocols-file -Xfrontend /Users/shashipandey/Library/Developer/Xcode/DerivedData/RSMS-galdljqllugdxqeukomoxaxsigpi/Build/Intermediates.noindex/RSMS.build/Debug-iphonesimulator/AdminModule.build/Objects-normal/x86_64/AdminModule_const_extract_protocols.json -Xcc -iquote -Xcc /Users/shashipandey/Library/Developer/Xcode/DerivedData/RSMS-galdljqllugdxqeukomoxaxsigpi/Build/Intermediates.noindex/RSMS.build/Debug-iphonesimulator/AdminModule.build/AdminModule-generated-files.hmap -Xcc -I/Users/shashipandey/Library/Developer/Xcode/DerivedData/RSMS-galdljqllugdxqeukomoxaxsigpi/Build/Intermediates.noindex/RSMS.build/Debug-iphonesimulator/AdminModule.build/AdminModule-own-target-headers.hmap -Xcc -I/Users/shashipandey/Library/Developer/Xcode/DerivedData/RSMS-galdljqllugdxqeukomoxaxsigpi/Build/Intermediates.noindex/RSMS.build/Debug-iphonesimulator/AdminModule.build/AdminModule-all-non-framework-target-headers.hmap -Xcc -ivfsoverlay -Xcc /Users/shashipandey/Library/Developer/Xcode/DerivedData/RSMS-galdljqllugdxqeukomoxaxsigpi/Build/Intermediates.noindex/RSMS.build/Debug-iphonesimulator/RSMS-20c8144d8fc61d4ec82d88f627d29184-VFS-iphonesimulator/all-product-headers.yaml -Xcc -iquote -Xcc /Users/shashipandey/Library/Developer/Xcode/DerivedData/RSMS-galdljqllugdxqeukomoxaxsigpi/Build/Intermediates.noindex/RSMS.build/Debug-iphonesimulator/AdminModule.build/AdminModule-project-headers.hmap -Xcc -I/Users/shashipandey/Library/Developer/Xcode/DerivedData/RSMS-galdljqllugdxqeukomoxaxsigpi/Build/Products/Debug-iphonesimulator/include -Xcc -I/Users/shashipandey/Library/Developer/Xcode/DerivedData/RSMS-galdljqllugdxqeukomoxaxsigpi/Build/Intermediates.noindex/RSMS.build/Debug-iphonesimulator/AdminModule.build/DerivedSources-normal/x86_64 -Xcc -I/Users/shashipandey/Library/Developer/Xcode/DerivedData/RSMS-galdljqllugdxqeukomoxaxsigpi/Build/Intermediates.noindex/RSMS.build/Debug-iphonesimulator/AdminModule.build/DerivedSources/x86_64 -Xcc -I/Users/shashipandey/Library/Developer/Xcode/DerivedData/RSMS-galdljqllugdxqeukomoxaxsigpi/Build/Intermediates.noindex/RSMS.build/Debug-iphonesimulator/AdminModule.build/DerivedSources -Xcc -DDEBUG\=1 -emit-objc-header -emit-objc-header-path /Users/shashipandey/Library/Developer/Xcode/DerivedData/RSMS-galdljqllugdxqeukomoxaxsigpi/Build/Intermediates.noindex/RSMS.build/Debug-iphonesimulator/AdminModule.build/Objects-normal/x86_64/AdminModule-Swift.h -working-directory /Users/shashipandey/Desktop/Team-8 -experimental-emit-module-separately -disable-cmo

SwiftDriver\ Compilation\ Requirements AdminModule normal arm64 com.apple.xcode.tools.swift.compiler (in target 'AdminModule' from project 'RSMS')
    cd /Users/shashipandey/Desktop/Team-8
    builtin-Swift-Compilation-Requirements -- /Applications/Xcode.app/Contents/Developer/Toolchains/XcodeDefault.xctoolchain/usr/bin/swiftc -module-name AdminModule -Onone @/Users/shashipandey/Library/Developer/Xcode/DerivedData/RSMS-galdljqllugdxqeukomoxaxsigpi/Build/Intermediates.noindex/RSMS.build/Debug-iphonesimulator/AdminModule.build/Objects-normal/arm64/AdminModule.SwiftFileList -DDEBUG -enable-bare-slash-regex -enable-experimental-feature DebugDescriptionMacro -sdk /Applications/Xcode.app/Contents/Developer/Platforms/iPhoneSimulator.platform/Developer/SDKs/iPhoneSimulator26.5.sdk -target arm64-apple-ios26.5-simulator -g -module-cache-path /Users/shashipandey/Library/Developer/Xcode/DerivedData/ModuleCache.noindex -Xfrontend -serialize-debugging-options -enable-testing -index-store-path /Users/shashipandey/Library/Developer/Xcode/DerivedData/RSMS-galdljqllugdxqeukomoxaxsigpi/Index.noindex/DataStore -Xcc -D_LIBCPP_HARDENING_MODE\=_LIBCPP_HARDENING_MODE_DEBUG -swift-version 5 -I /Users/shashipandey/Library/Developer/Xcode/DerivedData/RSMS-galdljqllugdxqeukomoxaxsigpi/Build/Products/Debug-iphonesimulator -F /Users/shashipandey/Library/Developer/Xcode/DerivedData/RSMS-galdljqllugdxqeukomoxaxsigpi/Build/Products/Debug-iphonesimulator/PackageFrameworks -F /Users/shashipandey/Library/Developer/Xcode/DerivedData/RSMS-galdljqllugdxqeukomoxaxsigpi/Build/Products/Debug-iphonesimulator/PackageFrameworks -F /Users/shashipandey/Library/Developer/Xcode/DerivedData/RSMS-galdljqllugdxqeukomoxaxsigpi/Build/Products/Debug-iphonesimulator/PackageFrameworks -F /Users/shashipandey/Library/Developer/Xcode/DerivedData/RSMS-galdljqllugdxqeukomoxaxsigpi/Build/Products/Debug-iphonesimulator/PackageFrameworks -F /Users/shashipandey/Library/Developer/Xcode/DerivedData/RSMS-galdljqllugdxqeukomoxaxsigpi/Build/Products/Debug-iphonesimulator/PackageFrameworks -F /Users/shashipandey/Library/Developer/Xcode/DerivedData/RSMS-galdljqllugdxqeukomoxaxsigpi/Build/Products/Debug-iphonesimulator/PackageFrameworks -F /Users/shashipandey/Library/Developer/Xcode/DerivedData/RSMS-galdljqllugdxqeukomoxaxsigpi/Build/Products/Debug-iphonesimulator/PackageFrameworks -F /Users/shashipandey/Library/Developer/Xcode/DerivedData/RSMS-galdljqllugdxqeukomoxaxsigpi/Build/Products/Debug-iphonesimulator/PackageFrameworks -F /Users/shashipandey/Library/Developer/Xcode/DerivedData/RSMS-galdljqllugdxqeukomoxaxsigpi/Build/Products/Debug-iphonesimulator/PackageFrameworks -F /Users/shashipandey/Library/Developer/Xcode/DerivedData/RSMS-galdljqllugdxqeukomoxaxsigpi/Build/Products/Debug-iphonesimulator/PackageFrameworks -F /Users/shashipandey/Library/Developer/Xcode/DerivedData/RSMS-galdljqllugdxqeukomoxaxsigpi/Build/Products/Debug-iphonesimulator/PackageFrameworks -F /Users/shashipandey/Library/Developer/Xcode/DerivedData/RSMS-galdljqllugdxqeukomoxaxsigpi/Build/Products/Debug-iphonesimulator/PackageFrameworks -F /Users/shashipandey/Library/Developer/Xcode/DerivedData/RSMS-galdljqllugdxqeukomoxaxsigpi/Build/Products/Debug-iphonesimulator/PackageFrameworks -F /Users/shashipandey/Library/Developer/Xcode/DerivedData/RSMS-galdljqllugdxqeukomoxaxsigpi/Build/Products/Debug-iphonesimulator -c -j10 -enable-batch-mode -incremental -Xcc -ivfsstatcache -Xcc /Users/shashipandey/Library/Developer/Xcode/DerivedData/SDKStatCaches.noindex/iphonesimulator26.5-23F81a-6cfe768891a92b912361537c460fe42b.sdkstatcache -output-file-map /Users/shashipandey/Library/Developer/Xcode/DerivedData/RSMS-galdljqllugdxqeukomoxaxsigpi/Build/Intermediates.noindex/RSMS.build/Debug-iphonesimulator/AdminModule.build/Objects-normal/arm64/AdminModule-OutputFileMap.json -use-frontend-parseable-output -save-temps -no-color-diagnostics -explicit-module-build -module-cache-path /Users/shashipandey/Library/Developer/Xcode/DerivedData/RSMS-galdljqllugdxqeukomoxaxsigpi/Build/Intermediates.noindex/SwiftExplicitPrecompiledModules -clang-scanner-module-cache-path /Users/shashipandey/Library/Developer/Xcode/DerivedData/ModuleCache.noindex -sdk-module-cache-path /Users/shashipandey/Library/Developer/Xcode/DerivedData/ModuleCache.noindex -serialize-diagnostics -emit-dependencies -emit-module -emit-module-path /Users/shashipandey/Library/Developer/Xcode/DerivedData/RSMS-galdljqllugdxqeukomoxaxsigpi/Build/Intermediates.noindex/RSMS.build/Debug-iphonesimulator/AdminModule.build/Objects-normal/arm64/AdminModule.swiftmodule -validate-clang-modules-once -clang-build-session-file /Users/shashipandey/Library/Developer/Xcode/DerivedData/ModuleCache.noindex/Session.modulevalidation -Xcc -I/Users/shashipandey/Library/Developer/Xcode/DerivedData/RSMS-galdljqllugdxqeukomoxaxsigpi/Build/Intermediates.noindex/RSMS.build/Debug-iphonesimulator/AdminModule.build/swift-overrides.hmap -emit-const-values -Xfrontend -const-gather-protocols-file -Xfrontend /Users/shashipandey/Library/Developer/Xcode/DerivedData/RSMS-galdljqllugdxqeukomoxaxsigpi/Build/Intermediates.noindex/RSMS.build/Debug-iphonesimulator/AdminModule.build/Objects-normal/arm64/AdminModule_const_extract_protocols.json -Xcc -iquote -Xcc /Users/shashipandey/Library/Developer/Xcode/DerivedData/RSMS-galdljqllugdxqeukomoxaxsigpi/Build/Intermediates.noindex/RSMS.build/Debug-iphonesimulator/AdminModule.build/AdminModule-generated-files.hmap -Xcc -I/Users/shashipandey/Library/Developer/Xcode/DerivedData/RSMS-galdljqllugdxqeukomoxaxsigpi/Build/Intermediates.noindex/RSMS.build/Debug-iphonesimulator/AdminModule.build/AdminModule-own-target-headers.hmap -Xcc -I/Users/shashipandey/Library/Developer/Xcode/DerivedData/RSMS-galdljqllugdxqeukomoxaxsigpi/Build/Intermediates.noindex/RSMS.build/Debug-iphonesimulator/AdminModule.build/AdminModule-all-non-framework-target-headers.hmap -Xcc -ivfsoverlay -Xcc /Users/shashipandey/Library/Developer/Xcode/DerivedData/RSMS-galdljqllugdxqeukomoxaxsigpi/Build/Intermediates.noindex/RSMS.build/Debug-iphonesimulator/RSMS-20c8144d8fc61d4ec82d88f627d29184-VFS-iphonesimulator/all-product-headers.yaml -Xcc -iquote -Xcc /Users/shashipandey/Library/Developer/Xcode/DerivedData/RSMS-galdljqllugdxqeukomoxaxsigpi/Build/Intermediates.noindex/RSMS.build/Debug-iphonesimulator/AdminModule.build/AdminModule-project-headers.hmap -Xcc -I/Users/shashipandey/Library/Developer/Xcode/DerivedData/RSMS-galdljqllugdxqeukomoxaxsigpi/Build/Products/Debug-iphonesimulator/include -Xcc -I/Users/shashipandey/Library/Developer/Xcode/DerivedData/RSMS-galdljqllugdxqeukomoxaxsigpi/Build/Intermediates.noindex/RSMS.build/Debug-iphonesimulator/AdminModule.build/DerivedSources-normal/arm64 -Xcc -I/Users/shashipandey/Library/Developer/Xcode/DerivedData/RSMS-galdljqllugdxqeukomoxaxsigpi/Build/Intermediates.noindex/RSMS.build/Debug-iphonesimulator/AdminModule.build/DerivedSources/arm64 -Xcc -I/Users/shashipandey/Library/Developer/Xcode/DerivedData/RSMS-galdljqllugdxqeukomoxaxsigpi/Build/Intermediates.noindex/RSMS.build/Debug-iphonesimulator/AdminModule.build/DerivedSources -Xcc -DDEBUG\=1 -emit-objc-header -emit-objc-header-path /Users/shashipandey/Library/Developer/Xcode/DerivedData/RSMS-galdljqllugdxqeukomoxaxsigpi/Build/Intermediates.noindex/RSMS.build/Debug-iphonesimulator/AdminModule.build/Objects-normal/arm64/AdminModule-Swift.h -working-directory /Users/shashipandey/Desktop/Team-8 -experimental-emit-module-separately -disable-cmo

SwiftDriver\ Compilation AdminModule normal arm64 com.apple.xcode.tools.swift.compiler (in target 'AdminModule' from project 'RSMS')
    cd /Users/shashipandey/Desktop/Team-8
    builtin-Swift-Compilation -- /Applications/Xcode.app/Contents/Developer/Toolchains/XcodeDefault.xctoolchain/usr/bin/swiftc -module-name AdminModule -Onone @/Users/shashipandey/Library/Developer/Xcode/DerivedData/RSMS-galdljqllugdxqeukomoxaxsigpi/Build/Intermediates.noindex/RSMS.build/Debug-iphonesimulator/AdminModule.build/Objects-normal/arm64/AdminModule.SwiftFileList -DDEBUG -enable-bare-slash-regex -enable-experimental-feature DebugDescriptionMacro -sdk /Applications/Xcode.app/Contents/Developer/Platforms/iPhoneSimulator.platform/Developer/SDKs/iPhoneSimulator26.5.sdk -target arm64-apple-ios26.5-simulator -g -module-cache-path /Users/shashipandey/Library/Developer/Xcode/DerivedData/ModuleCache.noindex -Xfrontend -serialize-debugging-options -enable-testing -index-store-path /Users/shashipandey/Library/Developer/Xcode/DerivedData/RSMS-galdljqllugdxqeukomoxaxsigpi/Index.noindex/DataStore -Xcc -D_LIBCPP_HARDENING_MODE\=_LIBCPP_HARDENING_MODE_DEBUG -swift-version 5 -I /Users/shashipandey/Library/Developer/Xcode/DerivedData/RSMS-galdljqllugdxqeukomoxaxsigpi/Build/Products/Debug-iphonesimulator -F /Users/shashipandey/Library/Developer/Xcode/DerivedData/RSMS-galdljqllugdxqeukomoxaxsigpi/Build/Products/Debug-iphonesimulator/PackageFrameworks -F /Users/shashipandey/Library/Developer/Xcode/DerivedData/RSMS-galdljqllugdxqeukomoxaxsigpi/Build/Products/Debug-iphonesimulator/PackageFrameworks -F /Users/shashipandey/Library/Developer/Xcode/DerivedData/RSMS-galdljqllugdxqeukomoxaxsigpi/Build/Products/Debug-iphonesimulator/PackageFrameworks -F /Users/shashipandey/Library/Developer/Xcode/DerivedData/RSMS-galdljqllugdxqeukomoxaxsigpi/Build/Products/Debug-iphonesimulator/PackageFrameworks -F /Users/shashipandey/Library/Developer/Xcode/DerivedData/RSMS-galdljqllugdxqeukomoxaxsigpi/Build/Products/Debug-iphonesimulator/PackageFrameworks -F /Users/shashipandey/Library/Developer/Xcode/DerivedData/RSMS-galdljqllugdxqeukomoxaxsigpi/Build/Products/Debug-iphonesimulator/PackageFrameworks -F /Users/shashipandey/Library/Developer/Xcode/DerivedData/RSMS-galdljqllugdxqeukomoxaxsigpi/Build/Products/Debug-iphonesimulator/PackageFrameworks -F /Users/shashipandey/Library/Developer/Xcode/DerivedData/RSMS-galdljqllugdxqeukomoxaxsigpi/Build/Products/Debug-iphonesimulator/PackageFrameworks -F /Users/shashipandey/Library/Developer/Xcode/DerivedData/RSMS-galdljqllugdxqeukomoxaxsigpi/Build/Products/Debug-iphonesimulator/PackageFrameworks -F /Users/shashipandey/Library/Developer/Xcode/DerivedData/RSMS-galdljqllugdxqeukomoxaxsigpi/Build/Products/Debug-iphonesimulator/PackageFrameworks -F /Users/shashipandey/Library/Developer/Xcode/DerivedData/RSMS-galdljqllugdxqeukomoxaxsigpi/Build/Products/Debug-iphonesimulator/PackageFrameworks -F /Users/shashipandey/Library/Developer/Xcode/DerivedData/RSMS-galdljqllugdxqeukomoxaxsigpi/Build/Products/Debug-iphonesimulator/PackageFrameworks -F /Users/shashipandey/Library/Developer/Xcode/DerivedData/RSMS-galdljqllugdxqeukomoxaxsigpi/Build/Products/Debug-iphonesimulator/PackageFrameworks -F /Users/shashipandey/Library/Developer/Xcode/DerivedData/RSMS-galdljqllugdxqeukomoxaxsigpi/Build/Products/Debug-iphonesimulator -c -j10 -enable-batch-mode -incremental -Xcc -ivfsstatcache -Xcc /Users/shashipandey/Library/Developer/Xcode/DerivedData/SDKStatCaches.noindex/iphonesimulator26.5-23F81a-6cfe768891a92b912361537c460fe42b.sdkstatcache -output-file-map /Users/shashipandey/Library/Developer/Xcode/DerivedData/RSMS-galdljqllugdxqeukomoxaxsigpi/Build/Intermediates.noindex/RSMS.build/Debug-iphonesimulator/AdminModule.build/Objects-normal/arm64/AdminModule-OutputFileMap.json -use-frontend-parseable-output -save-temps -no-color-diagnostics -explicit-module-build -module-cache-path /Users/shashipandey/Library/Developer/Xcode/DerivedData/RSMS-galdljqllugdxqeukomoxaxsigpi/Build/Intermediates.noindex/SwiftExplicitPrecompiledModules -clang-scanner-module-cache-path /Users/shashipandey/Library/Developer/Xcode/DerivedData/ModuleCache.noindex -sdk-module-cache-path /Users/shashipandey/Library/Developer/Xcode/DerivedData/ModuleCache.noindex -serialize-diagnostics -emit-dependencies -emit-module -emit-module-path /Users/shashipandey/Library/Developer/Xcode/DerivedData/RSMS-galdljqllugdxqeukomoxaxsigpi/Build/Intermediates.noindex/RSMS.build/Debug-iphonesimulator/AdminModule.build/Objects-normal/arm64/AdminModule.swiftmodule -validate-clang-modules-once -clang-build-session-file /Users/shashipandey/Library/Developer/Xcode/DerivedData/ModuleCache.noindex/Session.modulevalidation -Xcc -I/Users/shashipandey/Library/Developer/Xcode/DerivedData/RSMS-galdljqllugdxqeukomoxaxsigpi/Build/Intermediates.noindex/RSMS.build/Debug-iphonesimulator/AdminModule.build/swift-overrides.hmap -emit-const-values -Xfrontend -const-gather-protocols-file -Xfrontend /Users/shashipandey/Library/Developer/Xcode/DerivedData/RSMS-galdljqllugdxqeukomoxaxsigpi/Build/Intermediates.noindex/RSMS.build/Debug-iphonesimulator/AdminModule.build/Objects-normal/arm64/AdminModule_const_extract_protocols.json -Xcc -iquote -Xcc /Users/shashipandey/Library/Developer/Xcode/DerivedData/RSMS-galdljqllugdxqeukomoxaxsigpi/Build/Intermediates.noindex/RSMS.build/Debug-iphonesimulator/AdminModule.build/AdminModule-generated-files.hmap -Xcc -I/Users/shashipandey/Library/Developer/Xcode/DerivedData/RSMS-galdljqllugdxqeukomoxaxsigpi/Build/Intermediates.noindex/RSMS.build/Debug-iphonesimulator/AdminModule.build/AdminModule-own-target-headers.hmap -Xcc -I/Users/shashipandey/Library/Developer/Xcode/DerivedData/RSMS-galdljqllugdxqeukomoxaxsigpi/Build/Intermediates.noindex/RSMS.build/Debug-iphonesimulator/AdminModule.build/AdminModule-all-non-framework-target-headers.hmap -Xcc -ivfsoverlay -Xcc /Users/shashipandey/Library/Developer/Xcode/DerivedData/RSMS-galdljqllugdxqeukomoxaxsigpi/Build/Intermediates.noindex/RSMS.build/Debug-iphonesimulator/RSMS-20c8144d8fc61d4ec82d88f627d29184-VFS-iphonesimulator/all-product-headers.yaml -Xcc -iquote -Xcc /Users/shashipandey/Library/Developer/Xcode/DerivedData/RSMS-galdljqllugdxqeukomoxaxsigpi/Build/Intermediates.noindex/RSMS.build/Debug-iphonesimulator/AdminModule.build/AdminModule-project-headers.hmap -Xcc -I/Users/shashipandey/Library/Developer/Xcode/DerivedData/RSMS-galdljqllugdxqeukomoxaxsigpi/Build/Products/Debug-iphonesimulator/include -Xcc -I/Users/shashipandey/Library/Developer/Xcode/DerivedData/RSMS-galdljqllugdxqeukomoxaxsigpi/Build/Intermediates.noindex/RSMS.build/Debug-iphonesimulator/AdminModule.build/DerivedSources-normal/arm64 -Xcc -I/Users/shashipandey/Library/Developer/Xcode/DerivedData/RSMS-galdljqllugdxqeukomoxaxsigpi/Build/Intermediates.noindex/RSMS.build/Debug-iphonesimulator/AdminModule.build/DerivedSources/arm64 -Xcc -I/Users/shashipandey/Library/Developer/Xcode/DerivedData/RSMS-galdljqllugdxqeukomoxaxsigpi/Build/Intermediates.noindex/RSMS.build/Debug-iphonesimulator/AdminModule.build/DerivedSources -Xcc -DDEBUG\=1 -emit-objc-header -emit-objc-header-path /Users/shashipandey/Library/Developer/Xcode/DerivedData/RSMS-galdljqllugdxqeukomoxaxsigpi/Build/Intermediates.noindex/RSMS.build/Debug-iphonesimulator/AdminModule.build/Objects-normal/arm64/AdminModule-Swift.h -working-directory /Users/shashipandey/Desktop/Team-8 -experimental-emit-module-separately -disable-cmo

Copy /Users/shashipandey/Library/Developer/Xcode/DerivedData/RSMS-galdljqllugdxqeukomoxaxsigpi/Build/Products/Debug-iphonesimulator/AdminModule.framework/Modules/AdminModule.swiftmodule/arm64-apple-ios-simulator.swiftmodule /Users/shashipandey/Library/Developer/Xcode/DerivedData/RSMS-galdljqllugdxqeukomoxaxsigpi/Build/Intermediates.noindex/RSMS.build/Debug-iphonesimulator/AdminModule.build/Objects-normal/arm64/AdminModule.swiftmodule (in target 'AdminModule' from project 'RSMS')
    cd /Users/shashipandey/Desktop/Team-8
    builtin-copy -exclude .DS_Store -exclude CVS -exclude .svn -exclude .git -exclude .hg -resolve-src-symlinks -rename /Users/shashipandey/Library/Developer/Xcode/DerivedData/RSMS-galdljqllugdxqeukomoxaxsigpi/Build/Intermediates.noindex/RSMS.build/Debug-iphonesimulator/AdminModule.build/Objects-normal/arm64/AdminModule.swiftmodule /Users/shashipandey/Library/Developer/Xcode/DerivedData/RSMS-galdljqllugdxqeukomoxaxsigpi/Build/Products/Debug-iphonesimulator/AdminModule.framework/Modules/AdminModule.swiftmodule/arm64-apple-ios-simulator.swiftmodule

Copy /Users/shashipandey/Library/Developer/Xcode/DerivedData/RSMS-galdljqllugdxqeukomoxaxsigpi/Build/Products/Debug-iphonesimulator/AdminModule.framework/Modules/AdminModule.swiftmodule/arm64-apple-ios-simulator.swiftdoc /Users/shashipandey/Library/Developer/Xcode/DerivedData/RSMS-galdljqllugdxqeukomoxaxsigpi/Build/Intermediates.noindex/RSMS.build/Debug-iphonesimulator/AdminModule.build/Objects-normal/arm64/AdminModule.swiftdoc (in target 'AdminModule' from project 'RSMS')
    cd /Users/shashipandey/Desktop/Team-8
    builtin-copy -exclude .DS_Store -exclude CVS -exclude .svn -exclude .git -exclude .hg -resolve-src-symlinks -rename /Users/shashipandey/Library/Developer/Xcode/DerivedData/RSMS-galdljqllugdxqeukomoxaxsigpi/Build/Intermediates.noindex/RSMS.build/Debug-iphonesimulator/AdminModule.build/Objects-normal/arm64/AdminModule.swiftdoc /Users/shashipandey/Library/Developer/Xcode/DerivedData/RSMS-galdljqllugdxqeukomoxaxsigpi/Build/Products/Debug-iphonesimulator/AdminModule.framework/Modules/AdminModule.swiftmodule/arm64-apple-ios-simulator.swiftdoc

SwiftMergeGeneratedHeaders /Users/shashipandey/Library/Developer/Xcode/DerivedData/RSMS-galdljqllugdxqeukomoxaxsigpi/Build/Products/Debug-iphonesimulator/AdminModule.framework/Headers/AdminModule-Swift.h /Users/shashipandey/Library/Developer/Xcode/DerivedData/RSMS-galdljqllugdxqeukomoxaxsigpi/Build/Intermediates.noindex/RSMS.build/Debug-iphonesimulator/AdminModule.build/Objects-normal/arm64/AdminModule-Swift.h /Users/shashipandey/Library/Developer/Xcode/DerivedData/RSMS-galdljqllugdxqeukomoxaxsigpi/Build/Intermediates.noindex/RSMS.build/Debug-iphonesimulator/AdminModule.build/Objects-normal/x86_64/AdminModule-Swift.h (in target 'AdminModule' from project 'RSMS')
    cd /Users/shashipandey/Desktop/Team-8
    builtin-swiftHeaderTool -arch arm64 /Users/shashipandey/Library/Developer/Xcode/DerivedData/RSMS-galdljqllugdxqeukomoxaxsigpi/Build/Intermediates.noindex/RSMS.build/Debug-iphonesimulator/AdminModule.build/Objects-normal/arm64/AdminModule-Swift.h -arch x86_64 /Users/shashipandey/Library/Developer/Xcode/DerivedData/RSMS-galdljqllugdxqeukomoxaxsigpi/Build/Intermediates.noindex/RSMS.build/Debug-iphonesimulator/AdminModule.build/Objects-normal/x86_64/AdminModule-Swift.h -o /Users/shashipandey/Library/Developer/Xcode/DerivedData/RSMS-galdljqllugdxqeukomoxaxsigpi/Build/Products/Debug-iphonesimulator/AdminModule.framework/Headers/AdminModule-Swift.h

Copy /Users/shashipandey/Library/Developer/Xcode/DerivedData/RSMS-galdljqllugdxqeukomoxaxsigpi/Build/Products/Debug-iphonesimulator/AdminModule.framework/Modules/AdminModule.swiftmodule/arm64-apple-ios-simulator.abi.json /Users/shashipandey/Library/Developer/Xcode/DerivedData/RSMS-galdljqllugdxqeukomoxaxsigpi/Build/Intermediates.noindex/RSMS.build/Debug-iphonesimulator/AdminModule.build/Objects-normal/arm64/AdminModule.abi.json (in target 'AdminModule' from project 'RSMS')
    cd /Users/shashipandey/Desktop/Team-8
    builtin-copy -exclude .DS_Store -exclude CVS -exclude .svn -exclude .git -exclude .hg -resolve-src-symlinks -rename /Users/shashipandey/Library/Developer/Xcode/DerivedData/RSMS-galdljqllugdxqeukomoxaxsigpi/Build/Intermediates.noindex/RSMS.build/Debug-iphonesimulator/AdminModule.build/Objects-normal/arm64/AdminModule.abi.json /Users/shashipandey/Library/Developer/Xcode/DerivedData/RSMS-galdljqllugdxqeukomoxaxsigpi/Build/Products/Debug-iphonesimulator/AdminModule.framework/Modules/AdminModule.swiftmodule/arm64-apple-ios-simulator.abi.json

Copy /Users/shashipandey/Library/Developer/Xcode/DerivedData/RSMS-galdljqllugdxqeukomoxaxsigpi/Build/Products/Debug-iphonesimulator/AdminModule.framework/Modules/AdminModule.swiftmodule/Project/arm64-apple-ios-simulator.swiftsourceinfo /Users/shashipandey/Library/Developer/Xcode/DerivedData/RSMS-galdljqllugdxqeukomoxaxsigpi/Build/Intermediates.noindex/RSMS.build/Debug-iphonesimulator/AdminModule.build/Objects-normal/arm64/AdminModule.swiftsourceinfo (in target 'AdminModule' from project 'RSMS')
    cd /Users/shashipandey/Desktop/Team-8
    builtin-copy -exclude .DS_Store -exclude CVS -exclude .svn -exclude .git -exclude .hg -resolve-src-symlinks -rename /Users/shashipandey/Library/Developer/Xcode/DerivedData/RSMS-galdljqllugdxqeukomoxaxsigpi/Build/Intermediates.noindex/RSMS.build/Debug-iphonesimulator/AdminModule.build/Objects-normal/arm64/AdminModule.swiftsourceinfo /Users/shashipandey/Library/Developer/Xcode/DerivedData/RSMS-galdljqllugdxqeukomoxaxsigpi/Build/Products/Debug-iphonesimulator/AdminModule.framework/Modules/AdminModule.swiftmodule/Project/arm64-apple-ios-simulator.swiftsourceinfo

ScanDependencies /Users/shashipandey/Library/Developer/Xcode/DerivedData/RSMS-galdljqllugdxqeukomoxaxsigpi/Build/Intermediates.noindex/RSMS.build/Debug-iphonesimulator/AdminModule.build/Objects-normal/arm64/AdminModule_vers.o /Users/shashipandey/Library/Developer/Xcode/DerivedData/RSMS-galdljqllugdxqeukomoxaxsigpi/Build/Intermediates.noindex/RSMS.build/Debug-iphonesimulator/AdminModule.build/DerivedSources/AdminModule_vers.c normal arm64 c com.apple.compilers.llvm.clang.1_0.compiler (in target 'AdminModule' from project 'RSMS')
    cd /Users/shashipandey/Desktop/Team-8
    
    Using response file: /Users/shashipandey/Library/Developer/Xcode/DerivedData/RSMS-galdljqllugdxqeukomoxaxsigpi/Build/Intermediates.noindex/RSMS.build/Debug-iphonesimulator/AdminModule.build/Objects-normal/arm64/7187679823f38a2a940e0043cdf9d637-common-args.resp
    
    builtin-ScanDependencies -o /Users/shashipandey/Library/Developer/Xcode/DerivedData/RSMS-galdljqllugdxqeukomoxaxsigpi/Build/Intermediates.noindex/RSMS.build/Debug-iphonesimulator/AdminModule.build/Objects-normal/arm64/AdminModule_vers.o.scan -- /Applications/Xcode.app/Contents/Developer/Toolchains/XcodeDefault.xctoolchain/usr/bin/clang -x c -ivfsstatcache /Users/shashipandey/Library/Developer/Xcode/DerivedData/SDKStatCaches.noindex/iphonesimulator26.5-23F81a-6cfe768891a92b912361537c460fe42b.sdkstatcache -target arm64-apple-ios26.5-simulator -fmessage-length\=0 -fdiagnostics-show-note-include-stack -fmacro-backtrace-limit\=0 -fno-color-diagnostics -fmodules-prune-interval\=86400 -fmodules-prune-after\=345600 -fbuild-session-file\=/Users/shashipandey/Library/Developer/Xcode/DerivedData/ModuleCache.noindex/Session.modulevalidation -fmodules-validate-once-per-build-session -Wnon-modular-include-in-framework-module -Werror\=non-modular-include-in-framework-module -Wno-trigraphs -Wno-missing-field-initializers -Wno-missing-prototypes -Werror\=return-type -Wdocumentation -Wunreachable-code -Wquoted-include-in-framework-header -Werror\=deprecated-objc-isa-usage -Werror\=objc-root-class -Wno-missing-braces -Wparentheses -Wswitch -Wunused-function -Wno-unused-label -Wno-unused-parameter -Wunused-variable -Wunused-value -Wempty-body -Wuninitialized -Wconditional-uninitialized -Wno-unknown-pragmas -Wno-shadow -Wno-four-char-constants -Wno-conversion -Wconstant-conversion -Wint-conversion -Wbool-conversion -Wenum-conversion -Wno-float-conversion -Wnon-literal-null-conversion -Wobjc-literal-conversion -Wshorten-64-to-32 -Wpointer-sign -Wno-newline-eof -Wno-implicit-fallthrough -isysroot /Applications/Xcode.app/Contents/Developer/Platforms/iPhoneSimulator.platform/Developer/SDKs/iPhoneSimulator26.5.sdk -fstrict-aliasing -Wdeprecated-declarations -Wno-sign-conversion -Winfinite-recursion -Wcomma -Wblock-capture-autoreleasing -Wstrict-prototypes -Wno-semicolon-before-method-body -Wunguarded-availability -index-store-path /Users/shashipandey/Library/Developer/Xcode/DerivedData/RSMS-galdljqllugdxqeukomoxaxsigpi/Index.noindex/DataStore @/Users/shashipandey/Library/Developer/Xcode/DerivedData/RSMS-galdljqllugdxqeukomoxaxsigpi/Build/Intermediates.noindex/RSMS.build/Debug-iphonesimulator/AdminModule.build/Objects-normal/arm64/7187679823f38a2a940e0043cdf9d637-common-args.resp -MMD -MT dependencies -MF /Users/shashipandey/Library/Developer/Xcode/DerivedData/RSMS-galdljqllugdxqeukomoxaxsigpi/Build/Intermediates.noindex/RSMS.build/Debug-iphonesimulator/AdminModule.build/Objects-normal/arm64/AdminModule_vers.d --serialize-diagnostics /Users/shashipandey/Library/Developer/Xcode/DerivedData/RSMS-galdljqllugdxqeukomoxaxsigpi/Build/Intermediates.noindex/RSMS.build/Debug-iphonesimulator/AdminModule.build/Objects-normal/arm64/AdminModule_vers.dia -c /Users/shashipandey/Library/Developer/Xcode/DerivedData/RSMS-galdljqllugdxqeukomoxaxsigpi/Build/Intermediates.noindex/RSMS.build/Debug-iphonesimulator/AdminModule.build/DerivedSources/AdminModule_vers.c -o /Users/shashipandey/Library/Developer/Xcode/DerivedData/RSMS-galdljqllugdxqeukomoxaxsigpi/Build/Intermediates.noindex/RSMS.build/Debug-iphonesimulator/AdminModule.build/Objects-normal/arm64/AdminModule_vers.o -index-unit-output-path /RSMS.build/Debug-iphonesimulator/AdminModule.build/Objects-normal/arm64/AdminModule_vers.o

ScanDependencies /Users/shashipandey/Library/Developer/Xcode/DerivedData/RSMS-galdljqllugdxqeukomoxaxsigpi/Build/Intermediates.noindex/RSMS.build/Debug-iphonesimulator/AdminModule.build/Objects-normal/x86_64/AdminModule_vers.o /Users/shashipandey/Library/Developer/Xcode/DerivedData/RSMS-galdljqllugdxqeukomoxaxsigpi/Build/Intermediates.noindex/RSMS.build/Debug-iphonesimulator/AdminModule.build/DerivedSources/AdminModule_vers.c normal x86_64 c com.apple.compilers.llvm.clang.1_0.compiler (in target 'AdminModule' from project 'RSMS')
    cd /Users/shashipandey/Desktop/Team-8
    
    Using response file: /Users/shashipandey/Library/Developer/Xcode/DerivedData/RSMS-galdljqllugdxqeukomoxaxsigpi/Build/Intermediates.noindex/RSMS.build/Debug-iphonesimulator/AdminModule.build/Objects-normal/x86_64/7187679823f38a2a940e0043cdf9d637-common-args.resp
    
    builtin-ScanDependencies -o /Users/shashipandey/Library/Developer/Xcode/DerivedData/RSMS-galdljqllugdxqeukomoxaxsigpi/Build/Intermediates.noindex/RSMS.build/Debug-iphonesimulator/AdminModule.build/Objects-normal/x86_64/AdminModule_vers.o.scan -- /Applications/Xcode.app/Contents/Developer/Toolchains/XcodeDefault.xctoolchain/usr/bin/clang -x c -ivfsstatcache /Users/shashipandey/Library/Developer/Xcode/DerivedData/SDKStatCaches.noindex/iphonesimulator26.5-23F81a-6cfe768891a92b912361537c460fe42b.sdkstatcache -target x86_64-apple-ios26.5-simulator -fmessage-length\=0 -fdiagnostics-show-note-include-stack -fmacro-backtrace-limit\=0 -fno-color-diagnostics -fmodules-prune-interval\=86400 -fmodules-prune-after\=345600 -fbuild-session-file\=/Users/shashipandey/Library/Developer/Xcode/DerivedData/ModuleCache.noindex/Session.modulevalidation -fmodules-validate-once-per-build-session -Wnon-modular-include-in-framework-module -Werror\=non-modular-include-in-framework-module -Wno-trigraphs -Wno-missing-field-initializers -Wno-missing-prototypes -Werror\=return-type -Wdocumentation -Wunreachable-code -Wquoted-include-in-framework-header -Werror\=deprecated-objc-isa-usage -Werror\=objc-root-class -Wno-missing-braces -Wparentheses -Wswitch -Wunused-function -Wno-unused-label -Wno-unused-parameter -Wunused-variable -Wunused-value -Wempty-body -Wuninitialized -Wconditional-uninitialized -Wno-unknown-pragmas -Wno-shadow -Wno-four-char-constants -Wno-conversion -Wconstant-conversion -Wint-conversion -Wbool-conversion -Wenum-conversion -Wno-float-conversion -Wnon-literal-null-conversion -Wobjc-literal-conversion -Wshorten-64-to-32 -Wpointer-sign -Wno-newline-eof -Wno-implicit-fallthrough -isysroot /Applications/Xcode.app/Contents/Developer/Platforms/iPhoneSimulator.platform/Developer/SDKs/iPhoneSimulator26.5.sdk -fstrict-aliasing -Wdeprecated-declarations -Wno-sign-conversion -Winfinite-recursion -Wcomma -Wblock-capture-autoreleasing -Wstrict-prototypes -Wno-semicolon-before-method-body -Wunguarded-availability -index-store-path /Users/shashipandey/Library/Developer/Xcode/DerivedData/RSMS-galdljqllugdxqeukomoxaxsigpi/Index.noindex/DataStore @/Users/shashipandey/Library/Developer/Xcode/DerivedData/RSMS-galdljqllugdxqeukomoxaxsigpi/Build/Intermediates.noindex/RSMS.build/Debug-iphonesimulator/AdminModule.build/Objects-normal/x86_64/7187679823f38a2a940e0043cdf9d637-common-args.resp -MMD -MT dependencies -MF /Users/shashipandey/Library/Developer/Xcode/DerivedData/RSMS-galdljqllugdxqeukomoxaxsigpi/Build/Intermediates.noindex/RSMS.build/Debug-iphonesimulator/AdminModule.build/Objects-normal/x86_64/AdminModule_vers.d --serialize-diagnostics /Users/shashipandey/Library/Developer/Xcode/DerivedData/RSMS-galdljqllugdxqeukomoxaxsigpi/Build/Intermediates.noindex/RSMS.build/Debug-iphonesimulator/AdminModule.build/Objects-normal/x86_64/AdminModule_vers.dia -c /Users/shashipandey/Library/Developer/Xcode/DerivedData/RSMS-galdljqllugdxqeukomoxaxsigpi/Build/Intermediates.noindex/RSMS.build/Debug-iphonesimulator/AdminModule.build/DerivedSources/AdminModule_vers.c -o /Users/shashipandey/Library/Developer/Xcode/DerivedData/RSMS-galdljqllugdxqeukomoxaxsigpi/Build/Intermediates.noindex/RSMS.build/Debug-iphonesimulator/AdminModule.build/Objects-normal/x86_64/AdminModule_vers.o -index-unit-output-path /RSMS.build/Debug-iphonesimulator/AdminModule.build/Objects-normal/x86_64/AdminModule_vers.o

SwiftEmitModule normal x86_64 Emitting\ module\ for\ SalesAssociateModule (in target 'SalesAssociateModule' from project 'RSMS')
EmitSwiftModule normal x86_64 (in target 'SalesAssociateModule' from project 'RSMS')
    cd /Users/shashipandey/Desktop/Team-8
    

SwiftCompile normal x86_64 Compiling\ AppointmentsView.swift /Users/shashipandey/Desktop/Team-8/RSMS_Sales_Associate/sales_associate_rsms/Features/SalesAssociate/Appointments/Views/AppointmentsView.swift (in target 'SalesAssociateModule' from project 'RSMS')

SwiftCompile normal x86_64 /Users/shashipandey/Desktop/Team-8/RSMS_Sales_Associate/sales_associate_rsms/Features/SalesAssociate/Appointments/Views/AppointmentsView.swift (in target 'SalesAssociateModule' from project 'RSMS')
    cd /Users/shashipandey/Desktop/Team-8
    

SwiftCompile normal x86_64 Compiling\ Extensions.swift /Users/shashipandey/Desktop/Team-8/RSMS_Sales_Associate/sales_associate_rsms/Shared/Extensions/Extensions.swift (in target 'SalesAssociateModule' from project 'RSMS')

SwiftCompile normal x86_64 /Users/shashipandey/Desktop/Team-8/RSMS_Sales_Associate/sales_associate_rsms/Shared/Extensions/Extensions.swift (in target 'SalesAssociateModule' from project 'RSMS')
    cd /Users/shashipandey/Desktop/Team-8
    

SwiftCompile normal x86_64 Compiling\ AdvisorDashboardView.swift /Users/shashipandey/Desktop/Team-8/RSMS_Sales_Associate/sales_associate_rsms/Features/SalesAssociate/Dashboard/Views/AdvisorDashboardView.swift (in target 'SalesAssociateModule' from project 'RSMS')

SwiftCompile normal x86_64 /Users/shashipandey/Desktop/Team-8/RSMS_Sales_Associate/sales_associate_rsms/Features/SalesAssociate/Dashboard/Views/AdvisorDashboardView.swift (in target 'SalesAssociateModule' from project 'RSMS')
    cd /Users/shashipandey/Desktop/Team-8
    

SwiftCompile normal x86_64 Compiling\ SalesAssociateService.swift /Users/shashipandey/Desktop/Team-8/RSMS_Sales_Associate/sales_associate_rsms/Shared_models_services/Services/SalesAssociateService.swift (in target 'SalesAssociateModule' from project 'RSMS')
SwiftCompile normal x86_64 /Users/shashipandey/Desktop/Team-8/RSMS_Sales_Associate/sales_associate_rsms/Shared_models_services/Services/SalesAssociateService.swift (in target 'SalesAssociateModule' from project 'RSMS')
    cd /Users/shashipandey/Desktop/Team-8
    

SwiftCompile normal x86_64 Compiling\ OrdersDashboardView.swift /Users/shashipandey/Desktop/Team-8/RSMS_Sales_Associate/sales_associate_rsms/Features/SalesAssociate/Checkout/Views/OrdersDashboardView.swift (in target 'SalesAssociateModule' from project 'RSMS')

SwiftCompile normal x86_64 /Users/shashipandey/Desktop/Team-8/RSMS_Sales_Associate/sales_associate_rsms/Features/SalesAssociate/Checkout/Views/OrdersDashboardView.swift (in target 'SalesAssociateModule' from project 'RSMS')
    cd /Users/shashipandey/Desktop/Team-8
    

SwiftEmitModule normal arm64 Emitting\ module\ for\ SalesAssociateModule (in target 'SalesAssociateModule' from project 'RSMS')

EmitSwiftModule normal arm64 (in target 'SalesAssociateModule' from project 'RSMS')
    cd /Users/shashipandey/Desktop/Team-8
    

SwiftCompile normal arm64 Compiling\ AdvisorDashboardView.swift /Users/shashipandey/Desktop/Team-8/RSMS_Sales_Associate/sales_associate_rsms/Features/SalesAssociate/Dashboard/Views/AdvisorDashboardView.swift (in target 'SalesAssociateModule' from project 'RSMS')

SwiftCompile normal arm64 /Users/shashipandey/Desktop/Team-8/RSMS_Sales_Associate/sales_associate_rsms/Features/SalesAssociate/Dashboard/Views/AdvisorDashboardView.swift (in target 'SalesAssociateModule' from project 'RSMS')
    cd /Users/shashipandey/Desktop/Team-8
    

CompileC /Users/shashipandey/Library/Developer/Xcode/DerivedData/RSMS-galdljqllugdxqeukomoxaxsigpi/Build/Intermediates.noindex/RSMS.build/Debug-iphonesimulator/AdminModule.build/Objects-normal/x86_64/AdminModule_vers.o /Users/shashipandey/Library/Developer/Xcode/DerivedData/RSMS-galdljqllugdxqeukomoxaxsigpi/Build/Intermediates.noindex/RSMS.build/Debug-iphonesimulator/AdminModule.build/DerivedSources/AdminModule_vers.c normal x86_64 c com.apple.compilers.llvm.clang.1_0.compiler (in target 'AdminModule' from project 'RSMS')
    cd /Users/shashipandey/Desktop/Team-8
    
    Using response file: /Users/shashipandey/Library/Developer/Xcode/DerivedData/RSMS-galdljqllugdxqeukomoxaxsigpi/Build/Intermediates.noindex/RSMS.build/Debug-iphonesimulator/AdminModule.build/Objects-normal/x86_64/7187679823f38a2a940e0043cdf9d637-common-args.resp
    
    /Applications/Xcode.app/Contents/Developer/Toolchains/XcodeDefault.xctoolchain/usr/bin/clang -x c -ivfsstatcache /Users/shashipandey/Library/Developer/Xcode/DerivedData/SDKStatCaches.noindex/iphonesimulator26.5-23F81a-6cfe768891a92b912361537c460fe42b.sdkstatcache -target x86_64-apple-ios26.5-simulator -fmessage-length\=0 -fdiagnostics-show-note-include-stack -fmacro-backtrace-limit\=0 -fno-color-diagnostics -fmodules-prune-interval\=86400 -fmodules-prune-after\=345600 -fbuild-session-file\=/Users/shashipandey/Library/Developer/Xcode/DerivedData/ModuleCache.noindex/Session.modulevalidation -fmodules-validate-once-per-build-session -Wnon-modular-include-in-framework-module -Werror\=non-modular-include-in-framework-module -Wno-trigraphs -Wno-missing-field-initializers -Wno-missing-prototypes -Werror\=return-type -Wdocumentation -Wunreachable-code -Wquoted-include-in-framework-header -Werror\=deprecated-objc-isa-usage -Werror\=objc-root-class -Wno-missing-braces -Wparentheses -Wswitch -Wunused-function -Wno-unused-label -Wno-unused-parameter -Wunused-variable -Wunused-value -Wempty-body -Wuninitialized -Wconditional-uninitialized -Wno-unknown-pragmas -Wno-shadow -Wno-four-char-constants -Wno-conversion -Wconstant-conversion -Wint-conversion -Wbool-conversion -Wenum-conversion -Wno-float-conversion -Wnon-literal-null-conversion -Wobjc-literal-conversion -Wshorten-64-to-32 -Wpointer-sign -Wno-newline-eof -Wno-implicit-fallthrough -isysroot /Applications/Xcode.app/Contents/Developer/Platforms/iPhoneSimulator.platform/Developer/SDKs/iPhoneSimulator26.5.sdk -fstrict-aliasing -Wdeprecated-declarations -Wno-sign-conversion -Winfinite-recursion -Wcomma -Wblock-capture-autoreleasing -Wstrict-prototypes -Wno-semicolon-before-method-body -Wunguarded-availability -index-store-path /Users/shashipandey/Library/Developer/Xcode/DerivedData/RSMS-galdljqllugdxqeukomoxaxsigpi/Index.noindex/DataStore @/Users/shashipandey/Library/Developer/Xcode/DerivedData/RSMS-galdljqllugdxqeukomoxaxsigpi/Build/Intermediates.noindex/RSMS.build/Debug-iphonesimulator/AdminModule.build/Objects-normal/x86_64/7187679823f38a2a940e0043cdf9d637-common-args.resp -MMD -MT dependencies -MF /Users/shashipandey/Library/Developer/Xcode/DerivedData/RSMS-galdljqllugdxqeukomoxaxsigpi/Build/Intermediates.noindex/RSMS.build/Debug-iphonesimulator/AdminModule.build/Objects-normal/x86_64/AdminModule_vers.d --serialize-diagnostics /Users/shashipandey/Library/Developer/Xcode/DerivedData/RSMS-galdljqllugdxqeukomoxaxsigpi/Build/Intermediates.noindex/RSMS.build/Debug-iphonesimulator/AdminModule.build/Objects-normal/x86_64/AdminModule_vers.dia -c /Users/shashipandey/Library/Developer/Xcode/DerivedData/RSMS-galdljqllugdxqeukomoxaxsigpi/Build/Intermediates.noindex/RSMS.build/Debug-iphonesimulator/AdminModule.build/DerivedSources/AdminModule_vers.c -o /Users/shashipandey/Library/Developer/Xcode/DerivedData/RSMS-galdljqllugdxqeukomoxaxsigpi/Build/Intermediates.noindex/RSMS.build/Debug-iphonesimulator/AdminModule.build/Objects-normal/x86_64/AdminModule_vers.o -index-unit-output-path /RSMS.build/Debug-iphonesimulator/AdminModule.build/Objects-normal/x86_64/AdminModule_vers.o

SwiftDriverJobDiscovery normal arm64 Emitting module for InventoryModule (in target 'InventoryModule' from project 'RSMS')

SwiftDriver\ Compilation\ Requirements InventoryModule normal arm64 com.apple.xcode.tools.swift.compiler (in target 'InventoryModule' from project 'RSMS')
    cd /Users/shashipandey/Desktop/Team-8
    builtin-Swift-Compilation-Requirements -- /Applications/Xcode.app/Contents/Developer/Toolchains/XcodeDefault.xctoolchain/usr/bin/swiftc -module-name InventoryModule -Onone @/Users/shashipandey/Library/Developer/Xcode/DerivedData/RSMS-galdljqllugdxqeukomoxaxsigpi/Build/Intermediates.noindex/RSMS.build/Debug-iphonesimulator/InventoryModule.build/Objects-normal/arm64/InventoryModule.SwiftFileList -DDEBUG -enable-bare-slash-regex -enable-experimental-feature DebugDescriptionMacro -sdk /Applications/Xcode.app/Contents/Developer/Platforms/iPhoneSimulator.platform/Developer/SDKs/iPhoneSimulator26.5.sdk -target arm64-apple-ios26.5-simulator -g -module-cache-path /Users/shashipandey/Library/Developer/Xcode/DerivedData/ModuleCache.noindex -Xfrontend -serialize-debugging-options -enable-testing -index-store-path /Users/shashipandey/Library/Developer/Xcode/DerivedData/RSMS-galdljqllugdxqeukomoxaxsigpi/Index.noindex/DataStore -Xcc -D_LIBCPP_HARDENING_MODE\=_LIBCPP_HARDENING_MODE_DEBUG -swift-version 5 -I /Users/shashipandey/Library/Developer/Xcode/DerivedData/RSMS-galdljqllugdxqeukomoxaxsigpi/Build/Products/Debug-iphonesimulator -F /Users/shashipandey/Library/Developer/Xcode/DerivedData/RSMS-galdljqllugdxqeukomoxaxsigpi/Build/Products/Debug-iphonesimulator/PackageFrameworks -F /Users/shashipandey/Library/Developer/Xcode/DerivedData/RSMS-galdljqllugdxqeukomoxaxsigpi/Build/Products/Debug-iphonesimulator/PackageFrameworks -F /Users/shashipandey/Library/Developer/Xcode/DerivedData/RSMS-galdljqllugdxqeukomoxaxsigpi/Build/Products/Debug-iphonesimulator/PackageFrameworks -F /Users/shashipandey/Library/Developer/Xcode/DerivedData/RSMS-galdljqllugdxqeukomoxaxsigpi/Build/Products/Debug-iphonesimulator/PackageFrameworks -F /Users/shashipandey/Library/Developer/Xcode/DerivedData/RSMS-galdljqllugdxqeukomoxaxsigpi/Build/Products/Debug-iphonesimulator/PackageFrameworks -F /Users/shashipandey/Library/Developer/Xcode/DerivedData/RSMS-galdljqllugdxqeukomoxaxsigpi/Build/Products/Debug-iphonesimulator/PackageFrameworks -F /Users/shashipandey/Library/Developer/Xcode/DerivedData/RSMS-galdljqllugdxqeukomoxaxsigpi/Build/Products/Debug-iphonesimulator/PackageFrameworks -F /Users/shashipandey/Library/Developer/Xcode/DerivedData/RSMS-galdljqllugdxqeukomoxaxsigpi/Build/Products/Debug-iphonesimulator/PackageFrameworks -F /Users/shashipandey/Library/Developer/Xcode/DerivedData/RSMS-galdljqllugdxqeukomoxaxsigpi/Build/Products/Debug-iphonesimulator/PackageFrameworks -F /Users/shashipandey/Library/Developer/Xcode/DerivedData/RSMS-galdljqllugdxqeukomoxaxsigpi/Build/Products/Debug-iphonesimulator/PackageFrameworks -F /Users/shashipandey/Library/Developer/Xcode/DerivedData/RSMS-galdljqllugdxqeukomoxaxsigpi/Build/Products/Debug-iphonesimulator/PackageFrameworks -F /Users/shashipandey/Library/Developer/Xcode/DerivedData/RSMS-galdljqllugdxqeukomoxaxsigpi/Build/Products/Debug-iphonesimulator/PackageFrameworks -F /Users/shashipandey/Library/Developer/Xcode/DerivedData/RSMS-galdljqllugdxqeukomoxaxsigpi/Build/Products/Debug-iphonesimulator/PackageFrameworks -F /Users/shashipandey/Library/Developer/Xcode/DerivedData/RSMS-galdljqllugdxqeukomoxaxsigpi/Build/Products/Debug-iphonesimulator -c -j10 -enable-batch-mode -incremental -Xcc -ivfsstatcache -Xcc /Users/shashipandey/Library/Developer/Xcode/DerivedData/SDKStatCaches.noindex/iphonesimulator26.5-23F81a-6cfe768891a92b912361537c460fe42b.sdkstatcache -output-file-map /Users/shashipandey/Library/Developer/Xcode/DerivedData/RSMS-galdljqllugdxqeukomoxaxsigpi/Build/Intermediates.noindex/RSMS.build/Debug-iphonesimulator/InventoryModule.build/Objects-normal/arm64/InventoryModule-OutputFileMap.json -use-frontend-parseable-output -save-temps -no-color-diagnostics -explicit-module-build -module-cache-path /Users/shashipandey/Library/Developer/Xcode/DerivedData/RSMS-galdljqllugdxqeukomoxaxsigpi/Build/Intermediates.noindex/SwiftExplicitPrecompiledModules -clang-scanner-module-cache-path /Users/shashipandey/Library/Developer/Xcode/DerivedData/ModuleCache.noindex -sdk-module-cache-path /Users/shashipandey/Library/Developer/Xcode/DerivedData/ModuleCache.noindex -serialize-diagnostics -emit-dependencies -emit-module -emit-module-path /Users/shashipandey/Library/Developer/Xcode/DerivedData/RSMS-galdljqllugdxqeukomoxaxsigpi/Build/Intermediates.noindex/RSMS.build/Debug-iphonesimulator/InventoryModule.build/Objects-normal/arm64/InventoryModule.swiftmodule -validate-clang-modules-once -clang-build-session-file /Users/shashipandey/Library/Developer/Xcode/DerivedData/ModuleCache.noindex/Session.modulevalidation -Xcc -I/Users/shashipandey/Library/Developer/Xcode/DerivedData/RSMS-galdljqllugdxqeukomoxaxsigpi/Build/Intermediates.noindex/RSMS.build/Debug-iphonesimulator/InventoryModule.build/swift-overrides.hmap -emit-const-values -Xfrontend -const-gather-protocols-file -Xfrontend /Users/shashipandey/Library/Developer/Xcode/DerivedData/RSMS-galdljqllugdxqeukomoxaxsigpi/Build/Intermediates.noindex/RSMS.build/Debug-iphonesimulator/InventoryModule.build/Objects-normal/arm64/InventoryModule_const_extract_protocols.json -Xcc -iquote -Xcc /Users/shashipandey/Library/Developer/Xcode/DerivedData/RSMS-galdljqllugdxqeukomoxaxsigpi/Build/Intermediates.noindex/RSMS.build/Debug-iphonesimulator/InventoryModule.build/InventoryModule-generated-files.hmap -Xcc -I/Users/shashipandey/Library/Developer/Xcode/DerivedData/RSMS-galdljqllugdxqeukomoxaxsigpi/Build/Intermediates.noindex/RSMS.build/Debug-iphonesimulator/InventoryModule.build/InventoryModule-own-target-headers.hmap -Xcc -I/Users/shashipandey/Library/Developer/Xcode/DerivedData/RSMS-galdljqllugdxqeukomoxaxsigpi/Build/Intermediates.noindex/RSMS.build/Debug-iphonesimulator/InventoryModule.build/InventoryModule-all-non-framework-target-headers.hmap -Xcc -ivfsoverlay -Xcc /Users/shashipandey/Library/Developer/Xcode/DerivedData/RSMS-galdljqllugdxqeukomoxaxsigpi/Build/Intermediates.noindex/RSMS.build/Debug-iphonesimulator/RSMS-20c8144d8fc61d4ec82d88f627d29184-VFS-iphonesimulator/all-product-headers.yaml -Xcc -iquote -Xcc /Users/shashipandey/Library/Developer/Xcode/DerivedData/RSMS-galdljqllugdxqeukomoxaxsigpi/Build/Intermediates.noindex/RSMS.build/Debug-iphonesimulator/InventoryModule.build/InventoryModule-project-headers.hmap -Xcc -I/Users/shashipandey/Library/Developer/Xcode/DerivedData/RSMS-galdljqllugdxqeukomoxaxsigpi/Build/Products/Debug-iphonesimulator/include -Xcc -I/Users/shashipandey/Library/Developer/Xcode/DerivedData/RSMS-galdljqllugdxqeukomoxaxsigpi/Build/Intermediates.noindex/RSMS.build/Debug-iphonesimulator/InventoryModule.build/DerivedSources-normal/arm64 -Xcc -I/Users/shashipandey/Library/Developer/Xcode/DerivedData/RSMS-galdljqllugdxqeukomoxaxsigpi/Build/Intermediates.noindex/RSMS.build/Debug-iphonesimulator/InventoryModule.build/DerivedSources/arm64 -Xcc -I/Users/shashipandey/Library/Developer/Xcode/DerivedData/RSMS-galdljqllugdxqeukomoxaxsigpi/Build/Intermediates.noindex/RSMS.build/Debug-iphonesimulator/InventoryModule.build/DerivedSources -Xcc -DDEBUG\=1 -emit-objc-header -emit-objc-header-path /Users/shashipandey/Library/Developer/Xcode/DerivedData/RSMS-galdljqllugdxqeukomoxaxsigpi/Build/Intermediates.noindex/RSMS.build/Debug-iphonesimulator/InventoryModule.build/Objects-normal/arm64/InventoryModule-Swift.h -working-directory /Users/shashipandey/Desktop/Team-8 -experimental-emit-module-separately -disable-cmo

Ld /Users/shashipandey/Library/Developer/Xcode/DerivedData/RSMS-galdljqllugdxqeukomoxaxsigpi/Build/Intermediates.noindex/RSMS.build/Debug-iphonesimulator/AdminModule.build/Objects-normal/x86_64/Binary/AdminModule normal x86_64 (in target 'AdminModule' from project 'RSMS')
    cd /Users/shashipandey/Desktop/Team-8
    /Applications/Xcode.app/Contents/Developer/Toolchains/XcodeDefault.xctoolchain/usr/bin/clang -Xlinker -reproducible -target x86_64-apple-ios26.5-simulator -dynamiclib -isysroot /Applications/Xcode.app/Contents/Developer/Platforms/iPhoneSimulator.platform/Developer/SDKs/iPhoneSimulator26.5.sdk -O0 -L/Users/shashipandey/Library/Developer/Xcode/DerivedData/RSMS-galdljqllugdxqeukomoxaxsigpi/Build/Intermediates.noindex/EagerLinkingTBDs/Debug-iphonesimulator -L/Users/shashipandey/Library/Developer/Xcode/DerivedData/RSMS-galdljqllugdxqeukomoxaxsigpi/Build/Products/Debug-iphonesimulator -F/Users/shashipandey/Library/Developer/Xcode/DerivedData/RSMS-galdljqllugdxqeukomoxaxsigpi/Build/Intermediates.noindex/EagerLinkingTBDs/Debug-iphonesimulator -F/Users/shashipandey/Library/Developer/Xcode/DerivedData/RSMS-galdljqllugdxqeukomoxaxsigpi/Build/Products/Debug-iphonesimulator/PackageFrameworks -F/Users/shashipandey/Library/Developer/Xcode/DerivedData/RSMS-galdljqllugdxqeukomoxaxsigpi/Build/Products/Debug-iphonesimulator/PackageFrameworks -F/Users/shashipandey/Library/Developer/Xcode/DerivedData/RSMS-galdljqllugdxqeukomoxaxsigpi/Build/Products/Debug-iphonesimulator/PackageFrameworks -F/Users/shashipandey/Library/Developer/Xcode/DerivedData/RSMS-galdljqllugdxqeukomoxaxsigpi/Build/Products/Debug-iphonesimulator/PackageFrameworks -F/Users/shashipandey/Library/Developer/Xcode/DerivedData/RSMS-galdljqllugdxqeukomoxaxsigpi/Build/Products/Debug-iphonesimulator/PackageFrameworks -F/Users/shashipandey/Library/Developer/Xcode/DerivedData/RSMS-galdljqllugdxqeukomoxaxsigpi/Build/Products/Debug-iphonesimulator/PackageFrameworks -F/Users/shashipandey/Library/Developer/Xcode/DerivedData/RSMS-galdljqllugdxqeukomoxaxsigpi/Build/Products/Debug-iphonesimulator/PackageFrameworks -F/Users/shashipandey/Library/Developer/Xcode/DerivedData/RSMS-galdljqllugdxqeukomoxaxsigpi/Build/Products/Debug-iphonesimulator/PackageFrameworks -F/Users/shashipandey/Library/Developer/Xcode/DerivedData/RSMS-galdljqllugdxqeukomoxaxsigpi/Build/Products/Debug-iphonesimulator/PackageFrameworks -F/Users/shashipandey/Library/Developer/Xcode/DerivedData/RSMS-galdljqllugdxqeukomoxaxsigpi/Build/Products/Debug-iphonesimulator/PackageFrameworks -F/Users/shashipandey/Library/Developer/Xcode/DerivedData/RSMS-galdljqllugdxqeukomoxaxsigpi/Build/Products/Debug-iphonesimulator/PackageFrameworks -F/Users/shashipandey/Library/Developer/Xcode/DerivedData/RSMS-galdljqllugdxqeukomoxaxsigpi/Build/Products/Debug-iphonesimulator/PackageFrameworks -F/Users/shashipandey/Library/Developer/Xcode/DerivedData/RSMS-galdljqllugdxqeukomoxaxsigpi/Build/Products/Debug-iphonesimulator/PackageFrameworks -F/Users/shashipandey/Library/Developer/Xcode/DerivedData/RSMS-galdljqllugdxqeukomoxaxsigpi/Build/Products/Debug-iphonesimulator -filelist /Users/shashipandey/Library/Developer/Xcode/DerivedData/RSMS-galdljqllugdxqeukomoxaxsigpi/Build/Intermediates.noindex/RSMS.build/Debug-iphonesimulator/AdminModule.build/Objects-normal/x86_64/AdminModule.LinkFileList -install_name @rpath/AdminModule.framework/AdminModule -Xlinker -rpath -Xlinker /Users/shashipandey/Library/Developer/Xcode/DerivedData/RSMS-galdljqllugdxqeukomoxaxsigpi/Build/Products/Debug-iphonesimulator/PackageFrameworks -Xlinker -rpath -Xlinker @executable_path/Frameworks -Xlinker -rpath -Xlinker @loader_path/Frameworks -Xlinker -dead_strip -Xlinker -object_path_lto -Xlinker /Users/shashipandey/Library/Developer/Xcode/DerivedData/RSMS-galdljqllugdxqeukomoxaxsigpi/Build/Intermediates.noindex/RSMS.build/Debug-iphonesimulator/AdminModule.build/Objects-normal/x86_64/AdminModule_lto.o -rdynamic -Xlinker -no_deduplicate -Xlinker -objc_abi_version -Xlinker 2 -Xlinker -dependency_info -Xlinker /Users/shashipandey/Library/Developer/Xcode/DerivedData/RSMS-galdljqllugdxqeukomoxaxsigpi/Build/Intermediates.noindex/RSMS.build/Debug-iphonesimulator/AdminModule.build/Objects-normal/x86_64/AdminModule_dependency_info.dat -fobjc-link-runtime -L/Applications/Xcode.app/Contents/Developer/Toolchains/XcodeDefault.xctoolchain/usr/lib/swift/iphonesimulator -L/usr/lib/swift -Xlinker -add_ast_path -Xlinker /Users/shashipandey/Library/Developer/Xcode/DerivedData/RSMS-galdljqllugdxqeukomoxaxsigpi/Build/Intermediates.noindex/RSMS.build/Debug-iphonesimulator/AdminModule.build/Objects-normal/x86_64/AdminModule.swiftmodule @/Users/shashipandey/Library/Developer/Xcode/DerivedData/RSMS-galdljqllugdxqeukomoxaxsigpi/Build/Intermediates.noindex/RSMS.build/Debug-iphonesimulator/AdminModule.build/Objects-normal/x86_64/AdminModule-linker-args.resp -Wl,-no_warn_duplicate_libraries -Wl,-no_warn_duplicate_libraries -Wl,-no_warn_duplicate_libraries -Wl,-no_warn_duplicate_libraries -Wl,-no_warn_duplicate_libraries -Wl,-no_warn_duplicate_libraries -Wl,-no_warn_duplicate_libraries -Wl,-no_warn_duplicate_libraries -Wl,-no_warn_duplicate_libraries -Wl,-no_warn_duplicate_libraries -Wl,-no_warn_duplicate_libraries -Wl,-no_warn_duplicate_libraries -Wl,-no_warn_duplicate_libraries -framework Foundation /Users/shashipandey/Library/Developer/Xcode/DerivedData/RSMS-galdljqllugdxqeukomoxaxsigpi/Build/Products/Debug-iphonesimulator/PackageFrameworks/Auth.framework/Auth /Users/shashipandey/Library/Developer/Xcode/DerivedData/RSMS-galdljqllugdxqeukomoxaxsigpi/Build/Products/Debug-iphonesimulator/PackageFrameworks/ConcurrencyExtras_-2B4B167800F2E3ED_PackageProduct.framework/ConcurrencyExtras_-2B4B167800F2E3ED_PackageProduct /Users/shashipandey/Library/Developer/Xcode/DerivedData/RSMS-galdljqllugdxqeukomoxaxsigpi/Build/Products/Debug-iphonesimulator/PackageFrameworks/HTTPTypes_6E0498CBABC4245E_PackageProduct.framework/HTTPTypes_6E0498CBABC4245E_PackageProduct /Users/shashipandey/Library/Developer/Xcode/DerivedData/RSMS-galdljqllugdxqeukomoxaxsigpi/Build/Products/Debug-iphonesimulator/PackageFrameworks/Clocks_17A223499E7CA5_PackageProduct.framework/Clocks_17A223499E7CA5_PackageProduct /Users/shashipandey/Library/Developer/Xcode/DerivedData/RSMS-galdljqllugdxqeukomoxaxsigpi/Build/Products/Debug-iphonesimulator/PackageFrameworks/XCTestDynamicOverlay_6187313334988FF6_PackageProduct.framework/XCTestDynamicOverlay_6187313334988FF6_PackageProduct /Users/shashipandey/Library/Developer/Xcode/DerivedData/RSMS-galdljqllugdxqeukomoxaxsigpi/Build/Products/Debug-iphonesimulator/PackageFrameworks/IssueReporting.framework/IssueReporting /Users/shashipandey/Library/Developer/Xcode/DerivedData/RSMS-galdljqllugdxqeukomoxaxsigpi/Build/Products/Debug-iphonesimulator/PackageFrameworks/Helpers.framework/Helpers /Users/shashipandey/Library/Developer/Xcode/DerivedData/RSMS-galdljqllugdxqeukomoxaxsigpi/Build/Products/Debug-iphonesimulator/PackageFrameworks/Crypto_17A3B1FFC41E47_PackageProduct.framework/Crypto_17A3B1FFC41E47_PackageProduct /Users/shashipandey/Library/Developer/Xcode/DerivedData/RSMS-galdljqllugdxqeukomoxaxsigpi/Build/Products/Debug-iphonesimulator/PackageFrameworks/Functions.framework/Functions /Users/shashipandey/Library/Developer/Xcode/DerivedData/RSMS-galdljqllugdxqeukomoxaxsigpi/Build/Products/Debug-iphonesimulator/PackageFrameworks/ConcurrencyExtras_-2B4B167800F2E3ED_PackageProduct.framework/ConcurrencyExtras_-2B4B167800F2E3ED_PackageProduct /Users/shashipandey/Library/Developer/Xcode/DerivedData/RSMS-galdljqllugdxqeukomoxaxsigpi/Build/Products/Debug-iphonesimulator/PackageFrameworks/HTTPTypes_6E0498CBABC4245E_PackageProduct.framework/HTTPTypes_6E0498CBABC4245E_PackageProduct /Users/shashipandey/Library/Developer/Xcode/DerivedData/RSMS-galdljqllugdxqeukomoxaxsigpi/Build/Products/Debug-iphonesimulator/PackageFrameworks/Clocks_17A223499E7CA5_PackageProduct.framework/Clocks_17A223499E7CA5_PackageProduct /Users/shashipandey/Library/Developer/Xcode/DerivedData/RSMS-galdljqllugdxqeukomoxaxsigpi/Build/Products/Debug-iphonesimulator/PackageFrameworks/XCTestDynamicOverlay_6187313334988FF6_PackageProduct.framework/XCTestDynamicOverlay_6187313334988FF6_PackageProduct /Users/shashipandey/Library/Developer/Xcode/DerivedData/RSMS-galdljqllugdxqeukomoxaxsigpi/Build/Products/Debug-iphonesimulator/PackageFrameworks/PostgREST.framework/PostgREST /Users/shashipandey/Library/Developer/Xcode/DerivedData/RSMS-galdljqllugdxqeukomoxaxsigpi/Build/Products/Debug-iphonesimulator/PackageFrameworks/ConcurrencyExtras_-2B4B167800F2E3ED_PackageProduct.framework/ConcurrencyExtras_-2B4B167800F2E3ED_PackageProduct /Users/shashipandey/Library/Developer/Xcode/DerivedData/RSMS-galdljqllugdxqeukomoxaxsigpi/Build/Products/Debug-iphonesimulator/PackageFrameworks/HTTPTypes_6E0498CBABC4245E_PackageProduct.framework/HTTPTypes_6E0498CBABC4245E_PackageProduct /Users/shashipandey/Library/Developer/Xcode/DerivedData/RSMS-galdljqllugdxqeukomoxaxsigpi/Build/Products/Debug-iphonesimulator/PackageFrameworks/Clocks_17A223499E7CA5_PackageProduct.framework/Clocks_17A223499E7CA5_PackageProduct /Users/shashipandey/Library/Developer/Xcode/DerivedData/RSMS-galdljqllugdxqeukomoxaxsigpi/Build/Products/Debug-iphonesimulator/PackageFrameworks/XCTestDynamicOverlay_6187313334988FF6_PackageProduct.framework/XCTestDynamicOverlay_6187313334988FF6_PackageProduct /Users/shashipandey/Library/Developer/Xcode/DerivedData/RSMS-galdljqllugdxqeukomoxaxsigpi/Build/Products/Debug-iphonesimulator/PackageFrameworks/Realtime.framework/Realtime /Users/shashipandey/Library/Developer/Xcode/DerivedData/RSMS-galdljqllugdxqeukomoxaxsigpi/Build/Products/Debug-iphonesimulator/PackageFrameworks/ConcurrencyExtras_-2B4B167800F2E3ED_PackageProduct.framework/ConcurrencyExtras_-2B4B167800F2E3ED_PackageProduct /Users/shashipandey/Library/Developer/Xcode/DerivedData/RSMS-galdljqllugdxqeukomoxaxsigpi/Build/Products/Debug-iphonesimulator/PackageFrameworks/HTTPTypes_6E0498CBABC4245E_PackageProduct.framework/HTTPTypes_6E0498CBABC4245E_PackageProduct /Users/shashipandey/Library/Developer/Xcode/DerivedData/RSMS-galdljqllugdxqeukomoxaxsigpi/Build/Products/Debug-iphonesimulator/PackageFrameworks/Clocks_17A223499E7CA5_PackageProduct.framework/Clocks_17A223499E7CA5_PackageProduct /Users/shashipandey/Library/Developer/Xcode/DerivedData/RSMS-galdljqllugdxqeukomoxaxsigpi/Build/Products/Debug-iphonesimulator/PackageFrameworks/XCTestDynamicOverlay_6187313334988FF6_PackageProduct.framework/XCTestDynamicOverlay_6187313334988FF6_PackageProduct /Users/shashipandey/Library/Developer/Xcode/DerivedData/RSMS-galdljqllugdxqeukomoxaxsigpi/Build/Products/Debug-iphonesimulator/PackageFrameworks/Storage.framework/Storage /Users/shashipandey/Library/Developer/Xcode/DerivedData/RSMS-galdljqllugdxqeukomoxaxsigpi/Build/Products/Debug-iphonesimulator/PackageFrameworks/ConcurrencyExtras_-2B4B167800F2E3ED_PackageProduct.framework/ConcurrencyExtras_-2B4B167800F2E3ED_PackageProduct /Users/shashipandey/Library/Developer/Xcode/DerivedData/RSMS-galdljqllugdxqeukomoxaxsigpi/Build/Products/Debug-iphonesimulator/PackageFrameworks/HTTPTypes_6E0498CBABC4245E_PackageProduct.framework/HTTPTypes_6E0498CBABC4245E_PackageProduct /Users/shashipandey/Library/Developer/Xcode/DerivedData/RSMS-galdljqllugdxqeukomoxaxsigpi/Build/Products/Debug-iphonesimulator/PackageFrameworks/Clocks_17A223499E7CA5_PackageProduct.framework/Clocks_17A223499E7CA5_PackageProduct /Users/shashipandey/Library/Developer/Xcode/DerivedData/RSMS-galdljqllugdxqeukomoxaxsigpi/Build/Products/Debug-iphonesimulator/PackageFrameworks/XCTestDynamicOverlay_6187313334988FF6_PackageProduct.framework/XCTestDynamicOverlay_6187313334988FF6_PackageProduct /Users/shashipandey/Library/Developer/Xcode/DerivedData/RSMS-galdljqllugdxqeukomoxaxsigpi/Build/Products/Debug-iphonesimulator/PackageFrameworks/Supabase_-28EB57FDA3E86EC4_PackageProduct.framework/Supabase_-28EB57FDA3E86EC4_PackageProduct -Xlinker -no_adhoc_codesign -compatibility_version 1 -current_version 1 -o /Users/shashipandey/Library/Developer/Xcode/DerivedData/RSMS-galdljqllugdxqeukomoxaxsigpi/Build/Intermediates.noindex/RSMS.build/Debug-iphonesimulator/AdminModule.build/Objects-normal/x86_64/Binary/AdminModule

SwiftMergeGeneratedHeaders /Users/shashipandey/Library/Developer/Xcode/DerivedData/RSMS-galdljqllugdxqeukomoxaxsigpi/Build/Products/Debug-iphonesimulator/InventoryModule.framework/Headers/InventoryModule-Swift.h /Users/shashipandey/Library/Developer/Xcode/DerivedData/RSMS-galdljqllugdxqeukomoxaxsigpi/Build/Intermediates.noindex/RSMS.build/Debug-iphonesimulator/InventoryModule.build/Objects-normal/arm64/InventoryModule-Swift.h /Users/shashipandey/Library/Developer/Xcode/DerivedData/RSMS-galdljqllugdxqeukomoxaxsigpi/Build/Intermediates.noindex/RSMS.build/Debug-iphonesimulator/InventoryModule.build/Objects-normal/x86_64/InventoryModule-Swift.h (in target 'InventoryModule' from project 'RSMS')
    cd /Users/shashipandey/Desktop/Team-8
    builtin-swiftHeaderTool -arch arm64 /Users/shashipandey/Library/Developer/Xcode/DerivedData/RSMS-galdljqllugdxqeukomoxaxsigpi/Build/Intermediates.noindex/RSMS.build/Debug-iphonesimulator/InventoryModule.build/Objects-normal/arm64/InventoryModule-Swift.h -arch x86_64 /Users/shashipandey/Library/Developer/Xcode/DerivedData/RSMS-galdljqllugdxqeukomoxaxsigpi/Build/Intermediates.noindex/RSMS.build/Debug-iphonesimulator/InventoryModule.build/Objects-normal/x86_64/InventoryModule-Swift.h -o /Users/shashipandey/Library/Developer/Xcode/DerivedData/RSMS-galdljqllugdxqeukomoxaxsigpi/Build/Products/Debug-iphonesimulator/InventoryModule.framework/Headers/InventoryModule-Swift.h

SwiftDriverJobDiscovery normal arm64 Compiling AdvisorDashboardView.swift (in target 'SalesAssociateModule' from project 'RSMS')

Copy /Users/shashipandey/Library/Developer/Xcode/DerivedData/RSMS-galdljqllugdxqeukomoxaxsigpi/Build/Products/Debug-iphonesimulator/InventoryModule.framework/Modules/InventoryModule.swiftmodule/arm64-apple-ios-simulator.swiftmodule /Users/shashipandey/Library/Developer/Xcode/DerivedData/RSMS-galdljqllugdxqeukomoxaxsigpi/Build/Intermediates.noindex/RSMS.build/Debug-iphonesimulator/InventoryModule.build/Objects-normal/arm64/InventoryModule.swiftmodule (in target 'InventoryModule' from project 'RSMS')
    cd /Users/shashipandey/Desktop/Team-8
    builtin-copy -exclude .DS_Store -exclude CVS -exclude .svn -exclude .git -exclude .hg -resolve-src-symlinks -rename /Users/shashipandey/Library/Developer/Xcode/DerivedData/RSMS-galdljqllugdxqeukomoxaxsigpi/Build/Intermediates.noindex/RSMS.build/Debug-iphonesimulator/InventoryModule.build/Objects-normal/arm64/InventoryModule.swiftmodule /Users/shashipandey/Library/Developer/Xcode/DerivedData/RSMS-galdljqllugdxqeukomoxaxsigpi/Build/Products/Debug-iphonesimulator/InventoryModule.framework/Modules/InventoryModule.swiftmodule/arm64-apple-ios-simulator.swiftmodule

Copy /Users/shashipandey/Library/Developer/Xcode/DerivedData/RSMS-galdljqllugdxqeukomoxaxsigpi/Build/Products/Debug-iphonesimulator/InventoryModule.framework/Modules/InventoryModule.swiftmodule/arm64-apple-ios-simulator.swiftdoc /Users/shashipandey/Library/Developer/Xcode/DerivedData/RSMS-galdljqllugdxqeukomoxaxsigpi/Build/Intermediates.noindex/RSMS.build/Debug-iphonesimulator/InventoryModule.build/Objects-normal/arm64/InventoryModule.swiftdoc (in target 'InventoryModule' from project 'RSMS')
    cd /Users/shashipandey/Desktop/Team-8
    builtin-copy -exclude .DS_Store -exclude CVS -exclude .svn -exclude .git -exclude .hg -resolve-src-symlinks -rename /Users/shashipandey/Library/Developer/Xcode/DerivedData/RSMS-galdljqllugdxqeukomoxaxsigpi/Build/Intermediates.noindex/RSMS.build/Debug-iphonesimulator/InventoryModule.build/Objects-normal/arm64/InventoryModule.swiftdoc /Users/shashipandey/Library/Developer/Xcode/DerivedData/RSMS-galdljqllugdxqeukomoxaxsigpi/Build/Products/Debug-iphonesimulator/InventoryModule.framework/Modules/InventoryModule.swiftmodule/arm64-apple-ios-simulator.swiftdoc

Copy /Users/shashipandey/Library/Developer/Xcode/DerivedData/RSMS-galdljqllugdxqeukomoxaxsigpi/Build/Products/Debug-iphonesimulator/InventoryModule.framework/Modules/InventoryModule.swiftmodule/arm64-apple-ios-simulator.abi.json /Users/shashipandey/Library/Developer/Xcode/DerivedData/RSMS-galdljqllugdxqeukomoxaxsigpi/Build/Intermediates.noindex/RSMS.build/Debug-iphonesimulator/InventoryModule.build/Objects-normal/arm64/InventoryModule.abi.json (in target 'InventoryModule' from project 'RSMS')
    cd /Users/shashipandey/Desktop/Team-8
    builtin-copy -exclude .DS_Store -exclude CVS -exclude .svn -exclude .git -exclude .hg -resolve-src-symlinks -rename /Users/shashipandey/Library/Developer/Xcode/DerivedData/RSMS-galdljqllugdxqeukomoxaxsigpi/Build/Intermediates.noindex/RSMS.build/Debug-iphonesimulator/InventoryModule.build/Objects-normal/arm64/InventoryModule.abi.json /Users/shashipandey/Library/Developer/Xcode/DerivedData/RSMS-galdljqllugdxqeukomoxaxsigpi/Build/Products/Debug-iphonesimulator/InventoryModule.framework/Modules/InventoryModule.swiftmodule/arm64-apple-ios-simulator.abi.json

Copy /Users/shashipandey/Library/Developer/Xcode/DerivedData/RSMS-galdljqllugdxqeukomoxaxsigpi/Build/Products/Debug-iphonesimulator/InventoryModule.framework/Modules/InventoryModule.swiftmodule/Project/arm64-apple-ios-simulator.swiftsourceinfo /Users/shashipandey/Library/Developer/Xcode/DerivedData/RSMS-galdljqllugdxqeukomoxaxsigpi/Build/Intermediates.noindex/RSMS.build/Debug-iphonesimulator/InventoryModule.build/Objects-normal/arm64/InventoryModule.swiftsourceinfo (in target 'InventoryModule' from project 'RSMS')
    cd /Users/shashipandey/Desktop/Team-8
    builtin-copy -exclude .DS_Store -exclude CVS -exclude .svn -exclude .git -exclude .hg -resolve-src-symlinks -rename /Users/shashipandey/Library/Developer/Xcode/DerivedData/RSMS-galdljqllugdxqeukomoxaxsigpi/Build/Intermediates.noindex/RSMS.build/Debug-iphonesimulator/InventoryModule.build/Objects-normal/arm64/InventoryModule.swiftsourceinfo /Users/shashipandey/Library/Developer/Xcode/DerivedData/RSMS-galdljqllugdxqeukomoxaxsigpi/Build/Products/Debug-iphonesimulator/InventoryModule.framework/Modules/InventoryModule.swiftmodule/Project/arm64-apple-ios-simulator.swiftsourceinfo

CompileC /Users/shashipandey/Library/Developer/Xcode/DerivedData/RSMS-galdljqllugdxqeukomoxaxsigpi/Build/Intermediates.noindex/RSMS.build/Debug-iphonesimulator/AdminModule.build/Objects-normal/arm64/AdminModule_vers.o /Users/shashipandey/Library/Developer/Xcode/DerivedData/RSMS-galdljqllugdxqeukomoxaxsigpi/Build/Intermediates.noindex/RSMS.build/Debug-iphonesimulator/AdminModule.build/DerivedSources/AdminModule_vers.c normal arm64 c com.apple.compilers.llvm.clang.1_0.compiler (in target 'AdminModule' from project 'RSMS')
    cd /Users/shashipandey/Desktop/Team-8
    
    Using response file: /Users/shashipandey/Library/Developer/Xcode/DerivedData/RSMS-galdljqllugdxqeukomoxaxsigpi/Build/Intermediates.noindex/RSMS.build/Debug-iphonesimulator/AdminModule.build/Objects-normal/arm64/7187679823f38a2a940e0043cdf9d637-common-args.resp
    
    /Applications/Xcode.app/Contents/Developer/Toolchains/XcodeDefault.xctoolchain/usr/bin/clang -x c -ivfsstatcache /Users/shashipandey/Library/Developer/Xcode/DerivedData/SDKStatCaches.noindex/iphonesimulator26.5-23F81a-6cfe768891a92b912361537c460fe42b.sdkstatcache -target arm64-apple-ios26.5-simulator -fmessage-length\=0 -fdiagnostics-show-note-include-stack -fmacro-backtrace-limit\=0 -fno-color-diagnostics -fmodules-prune-interval\=86400 -fmodules-prune-after\=345600 -fbuild-session-file\=/Users/shashipandey/Library/Developer/Xcode/DerivedData/ModuleCache.noindex/Session.modulevalidation -fmodules-validate-once-per-build-session -Wnon-modular-include-in-framework-module -Werror\=non-modular-include-in-framework-module -Wno-trigraphs -Wno-missing-field-initializers -Wno-missing-prototypes -Werror\=return-type -Wdocumentation -Wunreachable-code -Wquoted-include-in-framework-header -Werror\=deprecated-objc-isa-usage -Werror\=objc-root-class -Wno-missing-braces -Wparentheses -Wswitch -Wunused-function -Wno-unused-label -Wno-unused-parameter -Wunused-variable -Wunused-value -Wempty-body -Wuninitialized -Wconditional-uninitialized -Wno-unknown-pragmas -Wno-shadow -Wno-four-char-constants -Wno-conversion -Wconstant-conversion -Wint-conversion -Wbool-conversion -Wenum-conversion -Wno-float-conversion -Wnon-literal-null-conversion -Wobjc-literal-conversion -Wshorten-64-to-32 -Wpointer-sign -Wno-newline-eof -Wno-implicit-fallthrough -isysroot /Applications/Xcode.app/Contents/Developer/Platforms/iPhoneSimulator.platform/Developer/SDKs/iPhoneSimulator26.5.sdk -fstrict-aliasing -Wdeprecated-declarations -Wno-sign-conversion -Winfinite-recursion -Wcomma -Wblock-capture-autoreleasing -Wstrict-prototypes -Wno-semicolon-before-method-body -Wunguarded-availability -index-store-path /Users/shashipandey/Library/Developer/Xcode/DerivedData/RSMS-galdljqllugdxqeukomoxaxsigpi/Index.noindex/DataStore @/Users/shashipandey/Library/Developer/Xcode/DerivedData/RSMS-galdljqllugdxqeukomoxaxsigpi/Build/Intermediates.noindex/RSMS.build/Debug-iphonesimulator/AdminModule.build/Objects-normal/arm64/7187679823f38a2a940e0043cdf9d637-common-args.resp -MMD -MT dependencies -MF /Users/shashipandey/Library/Developer/Xcode/DerivedData/RSMS-galdljqllugdxqeukomoxaxsigpi/Build/Intermediates.noindex/RSMS.build/Debug-iphonesimulator/AdminModule.build/Objects-normal/arm64/AdminModule_vers.d --serialize-diagnostics /Users/shashipandey/Library/Developer/Xcode/DerivedData/RSMS-galdljqllugdxqeukomoxaxsigpi/Build/Intermediates.noindex/RSMS.build/Debug-iphonesimulator/AdminModule.build/Objects-normal/arm64/AdminModule_vers.dia -c /Users/shashipandey/Library/Developer/Xcode/DerivedData/RSMS-galdljqllugdxqeukomoxaxsigpi/Build/Intermediates.noindex/RSMS.build/Debug-iphonesimulator/AdminModule.build/DerivedSources/AdminModule_vers.c -o /Users/shashipandey/Library/Developer/Xcode/DerivedData/RSMS-galdljqllugdxqeukomoxaxsigpi/Build/Intermediates.noindex/RSMS.build/Debug-iphonesimulator/AdminModule.build/Objects-normal/arm64/AdminModule_vers.o -index-unit-output-path /RSMS.build/Debug-iphonesimulator/AdminModule.build/Objects-normal/arm64/AdminModule_vers.o

SwiftCompile normal arm64 Compiling\ SalesAssociateService.swift /Users/shashipandey/Desktop/Team-8/RSMS_Sales_Associate/sales_associate_rsms/Shared_models_services/Services/SalesAssociateService.swift (in target 'SalesAssociateModule' from project 'RSMS')

SwiftCompile normal arm64 /Users/shashipandey/Desktop/Team-8/RSMS_Sales_Associate/sales_associate_rsms/Shared_models_services/Services/SalesAssociateService.swift (in target 'SalesAssociateModule' from project 'RSMS')
    cd /Users/shashipandey/Desktop/Team-8
    

SwiftDriverJobDiscovery normal x86_64 Compiling Extensions.swift (in target 'SalesAssociateModule' from project 'RSMS')

SwiftCompile normal arm64 Compiling\ OrdersDashboardView.swift /Users/shashipandey/Desktop/Team-8/RSMS_Sales_Associate/sales_associate_rsms/Features/SalesAssociate/Checkout/Views/OrdersDashboardView.swift (in target 'SalesAssociateModule' from project 'RSMS')

SwiftCompile normal arm64 /Users/shashipandey/Desktop/Team-8/RSMS_Sales_Associate/sales_associate_rsms/Features/SalesAssociate/Checkout/Views/OrdersDashboardView.swift (in target 'SalesAssociateModule' from project 'RSMS')
    cd /Users/shashipandey/Desktop/Team-8
    

SwiftCompile normal arm64 Compiling\ ManagerDashboardView.swift /Users/shashipandey/Desktop/Team-8/RSMS_Sales_Associate/sales_associate_rsms/Features/SalesAssociate/Dashboard/Views/ManagerDashboardView.swift (in target 'SalesAssociateModule' from project 'RSMS')
Failed frontend command:
/Applications/Xcode.app/Contents/Developer/Toolchains/XcodeDefault.xctoolchain/usr/bin/swift-frontend -frontend -c /Users/shashipandey/Desktop/Team-8/RSMS_Sales_Associate/sales_associate_rsms/Features/Auth/ViewModels/AuthViewModel.swift /Users/shashipandey/Desktop/Team-8/RSMS_Sales_Associate/sales_associate_rsms/Features/Auth/Views/LoginView.swift /Users/shashipandey/Desktop/Team-8/RSMS_Sales_Associate/sales_associate_rsms/Features/SalesAssociate/Appointments/ViewModels/AppointmentsViewModel.swift /Users/shashipandey/Desktop/Team-8/RSMS_Sales_Associate/sales_associate_rsms/Features/SalesAssociate/Appointments/Views/AppointmentDetailView.swift /Users/shashipandey/Desktop/Team-8/RSMS_Sales_Associate/sales_associate_rsms/Features/SalesAssociate/Appointments/Views/AppointmentsView.swift /Users/shashipandey/Desktop/Team-8/RSMS_Sales_Associate/sales_associate_rsms/Features/SalesAssociate/Appointments/Views/CreateAppointmentView.swift /Users/shashipandey/Desktop/Team-8/RSMS_Sales_Associate/sales_associate_rsms/Features/SalesAssociate/Appointments/Views/CuratedCartBuilderView.swift /Users/shashipandey/Desktop/Team-8/RSMS_Sales_Associate/sales_associate_rsms/Features/SalesAssociate/Appointments/Views/CuratedCartShareView.swift /Users/shashipandey/Desktop/Team-8/RSMS_Sales_Associate/sales_associate_rsms/Features/SalesAssociate/Catalog/Services/RecommendationEngine.swift /Users/shashipandey/Desktop/Team-8/RSMS_Sales_Associate/sales_associate_rsms/Features/SalesAssociate/Catalog/ViewModels/CatalogViewModel.swift /Users/shashipandey/Desktop/Team-8/RSMS_Sales_Associate/sales_associate_rsms/Features/SalesAssociate/Catalog/Views/CatalogBrowserView.swift /Users/shashipandey/Desktop/Team-8/RSMS_Sales_Associate/sales_associate_rsms/Features/SalesAssociate/Catalog/Views/CatalogProductCardView.swift /Users/shashipandey/Desktop/Team-8/RSMS_Sales_Associate/sales_associate_rsms/Features/SalesAssociate/Catalog/Views/InventoryAvailabilityView.swift /Users/shashipandey/Desktop/Team-8/RSMS_Sales_Associate/sales_associate_rsms/Features/SalesAssociate/Catalog/Views/LookBuilderView.swift /Users/shashipandey/Desktop/Team-8/RSMS_Sales_Associate/sales_associate_rsms/Features/SalesAssociate/Catalog/Views/OccasionPickerView.swift /Users/shashipandey/Desktop/Team-8/RSMS_Sales_Associate/sales_associate_rsms/Features/SalesAssociate/Catalog/Views/ProductDetailView.swift /Users/shashipandey/Desktop/Team-8/RSMS_Sales_Associate/sales_associate_rsms/Features/SalesAssociate/Checkout/Models/ActiveCart.swift /Users/shashipandey/Desktop/Team-8/RSMS_Sales_Associate/sales_associate_rsms/Features/SalesAssociate/Checkout/Services/CheckoutService.swift /Users/shashipandey/Desktop/Team-8/RSMS_Sales_Associate/sales_associate_rsms/Features/SalesAssociate/Checkout/ViewModels/CheckoutEnvironment.swift /Users/shashipandey/Desktop/Team-8/RSMS_Sales_Associate/sales_associate_rsms/Features/SalesAssociate/Checkout/Views/CartReviewView.swift /Users/shashipandey/Desktop/Team-8/RSMS_Sales_Associate/sales_associate_rsms/Features/SalesAssociate/Checkout/Views/CheckoutView.swift /Users/shashipandey/Desktop/Team-8/RSMS_Sales_Associate/sales_associate_rsms/Features/SalesAssociate/Checkout/Views/ConciergeCheckoutView.swift /Users/shashipandey/Desktop/Team-8/RSMS_Sales_Associate/sales_associate_rsms/Features/SalesAssociate/Checkout/Views/OrdersDashboardView.swift /Users/shashipandey/Desktop/Team-8/RSMS_Sales_Associate/sales_associate_rsms/Features/SalesAssociate/Checkout/Views/ReceiptView.swift /Users/shashipandey/Desktop/Team-8/RSMS_Sales_Associate/sales_associate_rsms/Features/SalesAssociate/Checkout/Views/SplitTenderView.swift /Users/shashipandey/Desktop/Team-8/RSMS_Sales_Associate/sales_associate_rsms/Features/SalesAssociate/ClientHub/ViewModels/ClientDigitalTwinViewModel.swift /Users/shashipandey/Desktop/Team-8/RSMS_Sales_Associate/sales_associate_rsms/Features/SalesAssociate/ClientHub/ViewModels/ClientHubViewModel.swift /Users/shashipandey/Desktop/Team-8/RSMS_Sales_Associate/sales_associate_rsms/Features/SalesAssociate/ClientHub/Views/AddClientView.swift /Users/shashipandey/Desktop/Team-8/RSMS_Sales_Associate/sales_associate_rsms/Features/SalesAssociate/ClientHub/Views/ClientDigitalTwinView.swift /Users/shashipandey/Desktop/Team-8/RSMS_Sales_Associate/sales_associate_rsms/Features/SalesAssociate/ClientHub/Views/ClientHubView.swift /Users/shashipandey/Desktop/Team-8/RSMS_Sales_Associate/sales_associate_rsms/Features/SalesAssociate/ClientHub/Views/ClientOverviewView.swift /Users/shashipandey/Desktop/Team-8/RSMS_Sales_Associate/sales_associate_rsms/Features/SalesAssociate/ClientHub/Views/OwnedProductsListView.swift /Users/shashipandey/Desktop/Team-8/RSMS_Sales_Associate/sales_associate_rsms/Features/SalesAssociate/ClientHub/Views/WishlistView.swift /Users/shashipandey/Desktop/Team-8/RSMS_Sales_Associate/sales_associate_rsms/Features/SalesAssociate/Dashboard/Models/Opportunity.swift /Users/shashipandey/Desktop/Team-8/RSMS_Sales_Associate/sales_associate_rsms/Features/SalesAssociate/Dashboard/Models/PerformanceMetrics.swift /Users/shashipandey/Desktop/Team-8/RSMS_Sales_Associate/sales_associate_rsms/Features/SalesAssociate/Dashboard/ViewModels/DashboardViewModel.swift /Users/shashipandey/Desktop/Team-8/RSMS_Sales_Associate/sales_associate_rsms/Features/SalesAssociate/Dashboard/Views/ActiveOpportunitiesView.swift /Users/shashipandey/Desktop/Team-8/RSMS_Sales_Associate/sales_associate_rsms/Features/SalesAssociate/Dashboard/Views/AdvisorDashboardView.swift /Users/shashipandey/Desktop/Team-8/RSMS_Sales_Associate/sales_associate_rsms/Features/SalesAssociate/Dashboard/Views/AnalyticsChartsView.swift /Users/shashipandey/Desktop/Team-8/RSMS_Sales_Associate/sales_associate_rsms/Features/SalesAssociate/Dashboard/Views/DashboardView.swift -primary-file /Users/shashipandey/Desktop/Team-8/RSMS_Sales_Associate/sales_associate_rsms/Features/SalesAssociate/Dashboard/Views/ManagerDashboardView.swift /Users/shashipandey/Desktop/Team-8/RSMS_Sales_Associate/sales_associate_rsms/Features/SalesAssociate/Dashboard/Views/SalesGoalGaugeView.swift /Users/shashipandey/Desktop/Team-8/RSMS_Sales_Associate/sales_associate_rsms/Features/SalesAssociate/Omnichannel/Models/FulfillmentOrder.swift /Users/shashipandey/Desktop/Team-8/RSMS_Sales_Associate/sales_associate_rsms/Features/SalesAssociate/Omnichannel/Models/InventoryLevel.swift /Users/shashipandey/Desktop/Team-8/RSMS_Sales_Associate/sales_associate_rsms/Features/SalesAssociate/Omnichannel/Services/OmnichannelService.swift /Users/shashipandey/Desktop/Team-8/RSMS_Sales_Associate/sales_associate_rsms/Features/SalesAssociate/Omnichannel/ViewModels/OmnichannelViewModel.swift /Users/shashipandey/Desktop/Team-8/RSMS_Sales_Associate/sales_associate_rsms/Features/SalesAssociate/Omnichannel/Views/BOPISQueueView.swift /Users/shashipandey/Desktop/Team-8/RSMS_Sales_Associate/sales_associate_rsms/Features/SalesAssociate/Omnichannel/Views/EndlessAisleView.swift /Users/shashipandey/Desktop/Team-8/RSMS_Sales_Associate/sales_associate_rsms/Features/SalesAssociate/Omnichannel/Views/OmnichannelView.swift /Users/shashipandey/Desktop/Team-8/RSMS_Sales_Associate/sales_associate_rsms/Features/SalesAssociate/Omnichannel/Views/ShipFromStoreView.swift /Users/shashipandey/Desktop/Team-8/RSMS_Sales_Associate/sales_associate_rsms/Features/SalesAssociate/Omnichannel/Views/SignatureCaptureView.swift /Users/shashipandey/Desktop/Team-8/RSMS_Sales_Associate/sales_associate_rsms/Features/SalesAssociate/Omnichannel/Views/UnifiedInventoryView.swift /Users/shashipandey/Desktop/Team-8/RSMS_Sales_Associate/sales_associate_rsms/Features/SalesAssociate/Selling/Views/SellingView.swift /Users/shashipandey/Desktop/Team-8/RSMS_Sales_Associate/sales_associate_rsms/Features/SalesAssociate/OperationsView.swift /Users/shashipandey/Desktop/Team-8/RSMS_Sales_Associate/sales_associate_rsms/Features/SalesAssociate/SalesAssociateTabView.swift /Users/shashipandey/Desktop/Team-8/RSMS_Sales_Associate/sales_associate_rsms/Shared/Appointments/Models/Appointment.swift /Users/shashipandey/Desktop/Team-8/RSMS_Sales_Associate/sales_associate_rsms/Shared/Appointments/Models/CuratedCart.swift /Users/shashipandey/Desktop/Team-8/RSMS_Sales_Associate/sales_associate_rsms/Shared/ClientDigitalTwin/Models/ClientDigitalTwin.swift /Users/shashipandey/Desktop/Team-8/RSMS_Sales_Associate/sales_associate_rsms/Shared/ClientDigitalTwin/Models/ClientDigitalTwinEvent.swift /Users/shashipandey/Desktop/Team-8/RSMS_Sales_Associate/sales_associate_rsms/Shared/ClientDigitalTwin/Models/ClientPreferences.swift /Users/shashipandey/Desktop/Team-8/RSMS_Sales_Associate/sales_associate_rsms/Shared/ClientDigitalTwin/Models/ConsentRecord.swift /Users/shashipandey/Desktop/Team-8/RSMS_Sales_Associate/sales_associate_rsms/Shared/ClientDigitalTwin/Models/OwnedProduct.swift /Users/shashipandey/Desktop/Team-8/RSMS_Sales_Associate/sales_associate_rsms/Shared/ClientDigitalTwin/Models/WishlistItem.swift /Users/shashipandey/Desktop/Team-8/RSMS_Sales_Associate/sales_associate_rsms/Shared/ClientDigitalTwin/Services/ClientDigitalTwinService.swift /Users/shashipandey/Desktop/Team-8/RSMS_Sales_Associate/sales_associate_rsms/Shared/Components/ClientDigitalTwinTimelineView.swift /Users/shashipandey/Desktop/Team-8/RSMS_Sales_Associate/sales_associate_rsms/Shared/Components/ClientTierBadgeView.swift /Users/shashipandey/Desktop/Team-8/RSMS_Sales_Associate/sales_associate_rsms/Shared/Components/ProductDigitalTwinMiniCardView.swift /Users/shashipandey/Desktop/Team-8/RSMS_Sales_Associate/sales_associate_rsms/Shared/Config/AppConstants.swift /Users/shashipandey/Desktop/Team-8/RSMS_Sales_Associate/sales_associate_rsms/Shared/Config/SupabaseConfig.swift /Users/shashipandey/Desktop/Team-8/RSMS_Sales_Associate/sales_associate_rsms/Shared/Extensions/Extensions.swift /Users/shashipandey/Desktop/Team-8/RSMS_Sales_Associate/sales_associate_rsms/Shared/MockData/MockData.swift /Users/shashipandey/Desktop/Team-8/RSMS_Sales_Associate/sales_associate_rsms/Shared/Models/SharedEnums.swift /Users/shashipandey/Desktop/Team-8/RSMS_Sales_Associate/sales_associate_rsms/Shared/Models/SharedModels.swift /Users/shashipandey/Desktop/Team-8/RSMS_Sales_Associate/sales_associate_rsms/Shared/ProductDigitalTwin/Models/ProductDigitalTwin.swift /Users/shashipandey/Desktop/Team-8/RSMS_Sales_Associate/sales_associate_rsms/Shared/ProductDigitalTwin/Services/ProductDigitalTwinService.swift /Users/shashipandey/Desktop/Team-8/RSMS_Sales_Associate/sales_associate_rsms/Shared_models_services/Models/ActivityLog.swift /Users/shashipandey/Desktop/Team-8/RSMS_Sales_Associate/sales_associate_rsms/Shared_models_services/Models/Attendance.swift /Users/shashipandey/Desktop/Team-8/RSMS_Sales_Associate/sales_associate_rsms/Shared_models_services/Models/AuditLog.swift /Users/shashipandey/Desktop/Team-8/RSMS_Sales_Associate/sales_associate_rsms/Shared_models_services/Models/Category.swift /Users/shashipandey/Desktop/Team-8/RSMS_Sales_Associate/sales_associate_rsms/Shared_models_services/Models/Customer.swift /Users/shashipandey/Desktop/Team-8/RSMS_Sales_Associate/sales_associate_rsms/Shared_models_services/Models/CycleCount.swift /Users/shashipandey/Desktop/Team-8/RSMS_Sales_Associate/sales_associate_rsms/Shared_models_services/Models/HealthScore.swift /Users/shashipandey/Desktop/Team-8/RSMS_Sales_Associate/sales_associate_rsms/Shared_models_services/Models/Inventory.swift /Users/shashipandey/Desktop/Team-8/RSMS_Sales_Associate/sales_associate_rsms/Shared_models_services/Models/InventoryException.swift /Users/shashipandey/Desktop/Team-8/RSMS_Sales_Associate/sales_associate_rsms/Shared_models_services/Models/Manager.swift /Users/shashipandey/Desktop/Team-8/RSMS_Sales_Associate/sales_associate_rsms/Shared_models_services/Models/Notification.swift /Users/shashipandey/Desktop/Team-8/RSMS_Sales_Associate/sales_associate_rsms/Shared_models_services/Models/Product.swift /Users/shashipandey/Desktop/Team-8/RSMS_Sales_Associate/sales_associate_rsms/Shared_models_services/Models/ProductImage.swift /Users/shashipandey/Desktop/Team-8/RSMS_Sales_Associate/sales_associate_rsms/Shared_models_services/Models/Promotion.swift /Users/shashipandey/Desktop/Team-8/RSMS_Sales_Associate/sales_associate_rsms/Shared_models_services/Models/Report.swift /Users/shashipandey/Desktop/Team-8/RSMS_Sales_Associate/sales_associate_rsms/Shared_models_services/Models/Role.swift /Users/shashipandey/Desktop/Team-8/RSMS_Sales_Associate/sales_associate_rsms/Shared_models_services/Models/Sale.swift /Users/shashipandey/Desktop/Team-8/RSMS_Sales_Associate/sales_associate_rsms/Shared_models_services/Models/SaleItem.swift /Users/shashipandey/Desktop/Team-8/RSMS_Sales_Associate/sales_associate_rsms/Shared_models_services/Models/Shift.swift /Users/shashipandey/Desktop/Team-8/RSMS_Sales_Associate/sales_associate_rsms/Shared_models_services/Models/Shipment.swift /Users/shashipandey/Desktop/Team-8/RSMS_Sales_Associate/sales_associate_rsms/Shared_models_services/Models/ShipmentItem.swift /Users/shashipandey/Desktop/Team-8/RSMS_Sales_Associate/sales_associate_rsms/Shared_models_services/Models/StaffMember.swift /Users/shashipandey/Desktop/Team-8/RSMS_Sales_Associate/sales_associate_rsms/Shared_models_services/Models/StockRequest.swift /Users/shashipandey/Desktop/Team-8/RSMS_Sales_Associate/sales_associate_rsms/Shared_models_services/Models/Store.swift /Users/shashipandey/Desktop/Team-8/RSMS_Sales_Associate/sales_associate_rsms/Shared_models_services/Models/StoreTarget.swift /Users/shashipandey/Desktop/Team-8/RSMS_Sales_Associate/sales_associate_rsms/Shared_models_services/Models/Task.swift /Users/shashipandey/Desktop/Team-8/RSMS_Sales_Associate/sales_associate_rsms/Shared_models_services/Models/Transfer.swift /Users/shashipandey/Desktop/Team-8/RSMS_Sales_Associate/sales_associate_rsms/Shared_models_services/Models/User.swift /Users/shashipandey/Desktop/Team-8/RSMS_Sales_Associate/sales_associate_rsms/Shared_models_services/Models/Warehouse.swift /Users/shashipandey/Desktop/Team-8/RSMS_Sales_Associate/sales_associate_rsms/Shared_models_services/Services/AuditLogService.swift /Users/shashipandey/Desktop/Team-8/RSMS_Sales_Associate/sales_associate_rsms/Shared_models_services/Services/Constants.swift /Users/shashipandey/Desktop/Team-8/RSMS_Sales_Associate/sales_associate_rsms/Shared_models_services/Services/DatabaseService.swift /Users/shashipandey/Desktop/Team-8/RSMS_Sales_Associate/sales_associate_rsms/Shared_models_services/Services/HealthScoreService.swift /Users/shashipandey/Desktop/Team-8/RSMS_Sales_Associate/sales_associate_rsms/Shared_models_services/Services/InventoryExceptionService.swift /Users/shashipandey/Desktop/Team-8/RSMS_Sales_Associate/sales_associate_rsms/Shared_models_services/Services/InventoryService.swift /Users/shashipandey/Desktop/Team-8/RSMS_Sales_Associate/sales_associate_rsms/Shared_models_services/Services/PendingApprovalsService.swift /Users/shashipandey/Desktop/Team-8/RSMS_Sales_Associate/sales_associate_rsms/Shared_models_services/Services/ProductService.swift /Users/shashipandey/Desktop/Team-8/RSMS_Sales_Associate/sales_associate_rsms/Shared_models_services/Services/RSMSDataManager.swift /Users/shashipandey/Desktop/Team-8/RSMS_Sales_Associate/sales_associate_rsms/Shared_models_services/Services/SalesAssociateService.swift /Users/shashipandey/Desktop/Team-8/RSMS_Sales_Associate/sales_associate_rsms/Shared_models_services/Services/SupabaseManager.swift /Users/shashipandey/Desktop/Team-8/RSMS_Sales_Associate/sales_associate_rsms/Shared_models_services/Services/UserService.swift /Users/shashipandey/Desktop/Team-8/RSMS_Sales_Associate/sales_associate_rsms/ContentView.swift /Users/shashipandey/Desktop/Team-8/RSMS_Sales_Associate/sales_associate_rsms/sales_associate_rsmsApp.swift /Users/shashipandey/Desktop/Team-8/RSMS_Sales_Associate/sales_associate_rsms/SalesAssociateRootView.swift /Users/shashipandey/Library/Developer/Xcode/DerivedData/RSMS-galdljqllugdxqeukomoxaxsigpi/Build/Intermediates.noindex/RSMS.build/Debug-iphonesimulator/SalesAssociateModule.build/DerivedSources/GeneratedAssetSymbols.swift -emit-dependencies-path /Users/shashipandey/Library/Developer/Xcode/DerivedData/RSMS-galdljqllugdxqeukomoxaxsigpi/Build/Intermediates.noindex/RSMS.build/Debug-iphonesimulator/SalesAssociateModule.build/Objects-normal/arm64/ManagerDashboardView.d -emit-const-values-path /Users/shashipandey/Library/Developer/Xcode/DerivedData/RSMS-galdljqllugdxqeukomoxaxsigpi/Build/Intermediates.noindex/RSMS.build/Debug-iphonesimulator/SalesAssociateModule.build/Objects-normal/arm64/ManagerDashboardView.swiftconstvalues -emit-reference-dependencies-path /Users/shashipandey/Library/Developer/Xcode/DerivedData/RSMS-galdljqllugdxqeukomoxaxsigpi/Build/Intermediates.noindex/RSMS.build/Debug-iphonesimulator/SalesAssociateModule.build/Objects-normal/arm64/ManagerDashboardView.swiftdeps -serialize-diagnostics-path /Users/shashipandey/Library/Developer/Xcode/DerivedData/RSMS-galdljqllugdxqeukomoxaxsigpi/Build/Intermediates.noindex/RSMS.build/Debug-iphonesimulator/SalesAssociateModule.build/Objects-normal/arm64/ManagerDashboardView.dia -target arm64-apple-ios26.5-simulator -module-can-import-version DeveloperToolsSupport 23.40.26 23.40.26 -module-can-import-version SwiftUI 7.5.3 7.5.3 -module-can-import-version UIKit 9126.5.5.2 9126.5.5 -disable-cross-import-overlay-search -swift-module-cross-import MapKit /Applications/Xcode.app/Contents/Developer/Platforms/iPhoneSimulator.platform/Developer/SDKs/iPhoneSimulator.sdk/System/Library/Frameworks/MapKit.framework/Modules/MapKit.swiftcrossimport/SwiftUI.swiftoverlay -load-resolved-plugin /Applications/Xcode.app/Contents/Developer/Platforms/iPhoneOS.platform/Developer/usr/lib/swift/host/plugins/libFoundationMacros.dylib\#/Applications/Xcode.app/Contents/Developer/Platforms/iPhoneOS.platform/Developer/usr/bin/swift-plugin-server\#FoundationMacros -load-resolved-plugin /Applications/Xcode.app/Contents/Developer/Platforms/iPhoneOS.platform/Developer/usr/lib/swift/host/plugins/libObservationMacros.dylib\#/Applications/Xcode.app/Contents/Developer/Platforms/iPhoneOS.platform/Developer/usr/bin/swift-plugin-server\#ObservationMacros -load-resolved-plugin /Applications/Xcode.app/Contents/Developer/Platforms/iPhoneOS.platform/Developer/usr/lib/swift/host/plugins/libPreviewsMacros.dylib\#/Applications/Xcode.app/Contents/Developer/Platforms/iPhoneOS.platform/Developer/usr/bin/swift-plugin-server\#PreviewsMacros -load-resolved-plugin /Applications/Xcode.app/Contents/Developer/Platforms/iPhoneOS.platform/Developer/usr/lib/swift/host/plugins/libSwiftMacros.dylib\#/Applications/Xcode.app/Contents/Developer/Platforms/iPhoneOS.platform/Developer/usr/bin/swift-plugin-server\#SwiftMacros -load-resolved-plugin /Applications/Xcode.app/Contents/Developer/Platforms/iPhoneOS.platform/Developer/usr/lib/swift/host/plugins/libSwiftUIMacros.dylib\#/Applications/Xcode.app/Contents/Developer/Platforms/iPhoneOS.platform/Developer/usr/bin/swift-plugin-server\#SwiftUIMacros -disable-implicit-swift-modules -Xcc -fno-implicit-modules -Xcc -fno-implicit-module-maps -explicit-swift-module-map-file /Users/shashipandey/Library/Developer/Xcode/DerivedData/RSMS-galdljqllugdxqeukomoxaxsigpi/Build/Intermediates.noindex/RSMS.build/Debug-iphonesimulator/SalesAssociateModule.build/Objects-normal/arm64/SalesAssociateModule-dependencies-1.json -debug-module-path /Users/shashipandey/Library/Developer/Xcode/DerivedData/RSMS-galdljqllugdxqeukomoxaxsigpi/Build/Intermediates.noindex/RSMS.build/Debug-iphonesimulator/SalesAssociateModule.build/Objects-normal/arm64/SalesAssociateModule.swiftmodule -Xllvm -aarch64-use-tbi -enable-objc-interop -sdk /Applications/Xcode.app/Contents/Developer/Platforms/iPhoneSimulator.platform/Developer/SDKs/iPhoneSimulator26.5.sdk -I /Users/shashipandey/Library/Developer/Xcode/DerivedData/RSMS-galdljqllugdxqeukomoxaxsigpi/Build/Products/Debug-iphonesimulator -F /Users/shashipandey/Library/Developer/Xcode/DerivedData/RSMS-galdljqllugdxqeukomoxaxsigpi/Build/Products/Debug-iphonesimulator/PackageFrameworks -F /Users/shashipandey/Library/Developer/Xcode/DerivedData/RSMS-galdljqllugdxqeukomoxaxsigpi/Build/Products/Debug-iphonesimulator/PackageFrameworks -F /Users/shashipandey/Library/Developer/Xcode/DerivedData/RSMS-galdljqllugdxqeukomoxaxsigpi/Build/Products/Debug-iphonesimulator/PackageFrameworks -F /Users/shashipandey/Library/Developer/Xcode/DerivedData/RSMS-galdljqllugdxqeukomoxaxsigpi/Build/Products/Debug-iphonesimulator/PackageFrameworks -F /Users/shashipandey/Library/Developer/Xcode/DerivedData/RSMS-galdljqllugdxqeukomoxaxsigpi/Build/Products/Debug-iphonesimulator/PackageFrameworks -F /Users/shashipandey/Library/Developer/Xcode/DerivedData/RSMS-galdljqllugdxqeukomoxaxsigpi/Build/Products/Debug-iphonesimulator/PackageFrameworks -F /Users/shashipandey/Library/Developer/Xcode/DerivedData/RSMS-galdljqllugdxqeukomoxaxsigpi/Build/Products/Debug-iphonesimulator/PackageFrameworks -F /Users/shashipandey/Library/Developer/Xcode/DerivedData/RSMS-galdljqllugdxqeukomoxaxsigpi/Build/Products/Debug-iphonesimulator/PackageFrameworks -F /Users/shashipandey/Library/Developer/Xcode/DerivedData/RSMS-galdljqllugdxqeukomoxaxsigpi/Build/Products/Debug-iphonesimulator/PackageFrameworks -F /Users/shashipandey/Library/Developer/Xcode/DerivedData/RSMS-galdljqllugdxqeukomoxaxsigpi/Build/Products/Debug-iphonesimulator/PackageFrameworks -F /Users/shashipandey/Library/Developer/Xcode/DerivedData/RSMS-galdljqllugdxqeukomoxaxsigpi/Build/Products/Debug-iphonesimulator/PackageFrameworks -F /Users/shashipandey/Library/Developer/Xcode/DerivedData/RSMS-galdljqllugdxqeukomoxaxsigpi/Build/Products/Debug-iphonesimulator/PackageFrameworks -F /Users/shashipandey/Library/Developer/Xcode/DerivedData/RSMS-galdljqllugdxqeukomoxaxsigpi/Build/Products/Debug-iphonesimulator/PackageFrameworks -F /Users/shashipandey/Library/Developer/Xcode/DerivedData/RSMS-galdljqllugdxqeukomoxaxsigpi/Build/Products/Debug-iphonesimulator/PackageFrameworks -F /Users/shashipandey/Library/Developer/Xcode/DerivedData/RSMS-galdljqllugdxqeukomoxaxsigpi/Build/Products/Debug-iphonesimulator -no-color-diagnostics -Xcc -fno-color-diagnostics -enable-testing -g -debug-info-format\=dwarf -dwarf-version\=5 -module-cache-path /Users/shashipandey/Library/Developer/Xcode/DerivedData/RSMS-galdljqllugdxqeukomoxaxsigpi/Build/Intermediates.noindex/SwiftExplicitPrecompiledModules -swift-version 5 -Onone -D DEBUG -serialize-debugging-options -const-gather-protocols-file /Users/shashipandey/Library/Developer/Xcode/DerivedData/RSMS-galdljqllugdxqeukomoxaxsigpi/Build/Intermediates.noindex/RSMS.build/Debug-iphonesimulator/SalesAssociateModule.build/Objects-normal/arm64/SalesAssociateModule_const_extract_protocols.json -enable-experimental-feature DebugDescriptionMacro -enable-bare-slash-regex -empty-abi-descriptor -validate-clang-modules-once -clang-build-session-file /Users/shashipandey/Library/Developer/Xcode/DerivedData/ModuleCache.noindex/Session.modulevalidation -Xcc -working-directory -Xcc /Users/shashipandey/Desktop/Team-8 -enable-anonymous-context-mangled-names -file-compilation-dir /Users/shashipandey/Desktop/Team-8 -Xcc -D_LIBCPP_HARDENING_MODE\=_LIBCPP_HARDENING_MODE_DEBUG -Xcc -ivfsstatcache -Xcc /Users/shashipandey/Library/Developer/Xcode/DerivedData/SDKStatCaches.noindex/iphonesimulator26.5-23F81a-6cfe768891a92b912361537c460fe42b.sdkstatcache -Xcc -I/Users/shashipandey/Library/Developer/Xcode/DerivedData/RSMS-galdljqllugdxqeukomoxaxsigpi/Build/Intermediates.noindex/RSMS.build/Debug-iphonesimulator/SalesAssociateModule.build/swift-overrides.hmap -Xcc -iquote -Xcc /Users/shashipandey/Library/Developer/Xcode/DerivedData/RSMS-galdljqllugdxqeukomoxaxsigpi/Build/Intermediates.noindex/RSMS.build/Debug-iphonesimulator/SalesAssociateModule.build/SalesAssociateModule-generated-files.hmap -Xcc -I/Users/shashipandey/Library/Developer/Xcode/DerivedData/RSMS-galdljqllugdxqeukomoxaxsigpi/Build/Intermediates.noindex/RSMS.build/Debug-iphonesimulator/SalesAssociateModule.build/SalesAssociateModule-own-target-headers.hmap -Xcc -I/Users/shashipandey/Library/Developer/Xcode/DerivedData/RSMS-galdljqllugdxqeukomoxaxsigpi/Build/Intermediates.noindex/RSMS.build/Debug-iphonesimulator/SalesAssociateModule.build/SalesAssociateModule-all-non-framework-target-headers.hmap -Xcc -ivfsoverlay -Xcc /Users/shashipandey/Library/Developer/Xcode/DerivedData/RSMS-galdljqllugdxqeukomoxaxsigpi/Build/Intermediates.noindex/RSMS.build/Debug-iphonesimulator/RSMS-20c8144d8fc61d4ec82d88f627d29184-VFS-iphonesimulator/all-product-headers.yaml -Xcc -iquote -Xcc /Users/shashipandey/Library/Developer/Xcode/DerivedData/RSMS-galdljqllugdxqeukomoxaxsigpi/Build/Intermediates.noindex/RSMS.build/Debug-iphonesimulator/SalesAssociateModule.build/SalesAssociateModule-project-headers.hmap -Xcc -I/Users/shashipandey/Library/Developer/Xcode/DerivedData/RSMS-galdljqllugdxqeukomoxaxsigpi/Build/Products/Debug-iphonesimulator/include -Xcc -I/Users/shashipandey/Library/Developer/Xcode/DerivedData/RSMS-galdljqllugdxqeukomoxaxsigpi/Build/Intermediates.noindex/RSMS.build/Debug-iphonesimulator/SalesAssociateModule.build/DerivedSources-normal/arm64 -Xcc -I/Users/shashipandey/Library/Developer/Xcode/DerivedData/RSMS-galdljqllugdxqeukomoxaxsigpi/Build/Intermediates.noindex/RSMS.build/Debug-iphonesimulator/SalesAssociateModule.build/DerivedSources/arm64 -Xcc -I/Users/shashipandey/Library/Developer/Xcode/DerivedData/RSMS-galdljqllugdxqeukomoxaxsigpi/Build/Intermediates.noindex/RSMS.build/Debug-iphonesimulator/SalesAssociateModule.build/DerivedSources -Xcc -DDEBUG\=1 -no-auto-bridging-header-chaining -module-name SalesAssociateModule -frontend-parseable-output -disable-clang-spi -clang-target arm64-apple-ios26.5-simulator -target-sdk-version 26.5 -target-sdk-name iphonesimulator26.5 -in-process-plugin-server-path /Applications/Xcode.app/Contents/Developer/Toolchains/XcodeDefault.xctoolchain/usr/lib/swift/host/libSwiftInProcPluginServer.dylib -o /Users/shashipandey/Library/Developer/Xcode/DerivedData/RSMS-galdljqllugdxqeukomoxaxsigpi/Build/Intermediates.noindex/RSMS.build/Debug-iphonesimulator/SalesAssociateModule.build/Objects-normal/arm64/ManagerDashboardView.o -index-unit-output-path /RSMS.build/Debug-iphonesimulator/SalesAssociateModule.build/Objects-normal/arm64/ManagerDashboardView.o -index-store-path /Users/shashipandey/Library/Developer/Xcode/DerivedData/RSMS-galdljqllugdxqeukomoxaxsigpi/Index.noindex/DataStore -index-system-modules

SwiftCompile normal arm64 /Users/shashipandey/Desktop/Team-8/RSMS_Sales_Associate/sales_associate_rsms/Features/SalesAssociate/Dashboard/Views/ManagerDashboardView.swift (in target 'SalesAssociateModule' from project 'RSMS')
    cd /Users/shashipandey/Desktop/Team-8
    
/Users/shashipandey/Desktop/Team-8/RSMS_Sales_Associate/sales_associate_rsms/Features/SalesAssociate/Dashboard/Views/ManagerDashboardView.swift:162:44: error: value of type 'Anchor<CGRect>' has no member 'midX'
                        .position(x: frame.midX, y: frame.midY)
                                     ~~~~~ ^~~~
/Users/shashipandey/Desktop/Team-8/RSMS_Sales_Associate/sales_associate_rsms/Features/SalesAssociate/Dashboard/Views/ManagerDashboardView.swift:162:59: error: value of type 'Anchor<CGRect>' has no member 'midY'
                        .position(x: frame.midX, y: frame.midY)
                                                    ~~~~~ ^~~~

SwiftCompile normal arm64 Compiling\ AppointmentsView.swift /Users/shashipandey/Desktop/Team-8/RSMS_Sales_Associate/sales_associate_rsms/Features/SalesAssociate/Appointments/Views/AppointmentsView.swift (in target 'SalesAssociateModule' from project 'RSMS')

SwiftCompile normal arm64 /Users/shashipandey/Desktop/Team-8/RSMS_Sales_Associate/sales_associate_rsms/Features/SalesAssociate/Appointments/Views/AppointmentsView.swift (in target 'SalesAssociateModule' from project 'RSMS')
    cd /Users/shashipandey/Desktop/Team-8
    

SwiftDriverJobDiscovery normal x86_64 Compiling AdvisorDashboardView.swift (in target 'SalesAssociateModule' from project 'RSMS')

SwiftDriverJobDiscovery normal arm64 Emitting module for StoreManagerModule (in target 'StoreManagerModule' from project 'RSMS')

SwiftDriver\ Compilation\ Requirements StoreManagerModule normal arm64 com.apple.xcode.tools.swift.compiler (in target 'StoreManagerModule' from project 'RSMS')
    cd /Users/shashipandey/Desktop/Team-8
    builtin-Swift-Compilation-Requirements -- /Applications/Xcode.app/Contents/Developer/Toolchains/XcodeDefault.xctoolchain/usr/bin/swiftc -module-name StoreManagerModule -Onone @/Users/shashipandey/Library/Developer/Xcode/DerivedData/RSMS-galdljqllugdxqeukomoxaxsigpi/Build/Intermediates.noindex/RSMS.build/Debug-iphonesimulator/StoreManagerModule.build/Objects-normal/arm64/StoreManagerModule.SwiftFileList -DDEBUG -enable-bare-slash-regex -enable-experimental-feature DebugDescriptionMacro -sdk /Applications/Xcode.app/Contents/Developer/Platforms/iPhoneSimulator.platform/Developer/SDKs/iPhoneSimulator26.5.sdk -target arm64-apple-ios26.5-simulator -g -module-cache-path /Users/shashipandey/Library/Developer/Xcode/DerivedData/ModuleCache.noindex -Xfrontend -serialize-debugging-options -enable-testing -index-store-path /Users/shashipandey/Library/Developer/Xcode/DerivedData/RSMS-galdljqllugdxqeukomoxaxsigpi/Index.noindex/DataStore -Xcc -D_LIBCPP_HARDENING_MODE\=_LIBCPP_HARDENING_MODE_DEBUG -swift-version 5 -I /Users/shashipandey/Library/Developer/Xcode/DerivedData/RSMS-galdljqllugdxqeukomoxaxsigpi/Build/Products/Debug-iphonesimulator -F /Users/shashipandey/Library/Developer/Xcode/DerivedData/RSMS-galdljqllugdxqeukomoxaxsigpi/Build/Products/Debug-iphonesimulator/PackageFrameworks -F /Users/shashipandey/Library/Developer/Xcode/DerivedData/RSMS-galdljqllugdxqeukomoxaxsigpi/Build/Products/Debug-iphonesimulator/PackageFrameworks -F /Users/shashipandey/Library/Developer/Xcode/DerivedData/RSMS-galdljqllugdxqeukomoxaxsigpi/Build/Products/Debug-iphonesimulator/PackageFrameworks -F /Users/shashipandey/Library/Developer/Xcode/DerivedData/RSMS-galdljqllugdxqeukomoxaxsigpi/Build/Products/Debug-iphonesimulator/PackageFrameworks -F /Users/shashipandey/Library/Developer/Xcode/DerivedData/RSMS-galdljqllugdxqeukomoxaxsigpi/Build/Products/Debug-iphonesimulator/PackageFrameworks -F /Users/shashipandey/Library/Developer/Xcode/DerivedData/RSMS-galdljqllugdxqeukomoxaxsigpi/Build/Products/Debug-iphonesimulator/PackageFrameworks -F /Users/shashipandey/Library/Developer/Xcode/DerivedData/RSMS-galdljqllugdxqeukomoxaxsigpi/Build/Products/Debug-iphonesimulator/PackageFrameworks -F /Users/shashipandey/Library/Developer/Xcode/DerivedData/RSMS-galdljqllugdxqeukomoxaxsigpi/Build/Products/Debug-iphonesimulator/PackageFrameworks -F /Users/shashipandey/Library/Developer/Xcode/DerivedData/RSMS-galdljqllugdxqeukomoxaxsigpi/Build/Products/Debug-iphonesimulator/PackageFrameworks -F /Users/shashipandey/Library/Developer/Xcode/DerivedData/RSMS-galdljqllugdxqeukomoxaxsigpi/Build/Products/Debug-iphonesimulator/PackageFrameworks -F /Users/shashipandey/Library/Developer/Xcode/DerivedData/RSMS-galdljqllugdxqeukomoxaxsigpi/Build/Products/Debug-iphonesimulator/PackageFrameworks -F /Users/shashipandey/Library/Developer/Xcode/DerivedData/RSMS-galdljqllugdxqeukomoxaxsigpi/Build/Products/Debug-iphonesimulator/PackageFrameworks -F /Users/shashipandey/Library/Developer/Xcode/DerivedData/RSMS-galdljqllugdxqeukomoxaxsigpi/Build/Products/Debug-iphonesimulator/PackageFrameworks -F /Users/shashipandey/Library/Developer/Xcode/DerivedData/RSMS-galdljqllugdxqeukomoxaxsigpi/Build/Products/Debug-iphonesimulator -c -j10 -enable-batch-mode -incremental -Xcc -ivfsstatcache -Xcc /Users/shashipandey/Library/Developer/Xcode/DerivedData/SDKStatCaches.noindex/iphonesimulator26.5-23F81a-6cfe768891a92b912361537c460fe42b.sdkstatcache -output-file-map /Users/shashipandey/Library/Developer/Xcode/DerivedData/RSMS-galdljqllugdxqeukomoxaxsigpi/Build/Intermediates.noindex/RSMS.build/Debug-iphonesimulator/StoreManagerModule.build/Objects-normal/arm64/StoreManagerModule-OutputFileMap.json -use-frontend-parseable-output -save-temps -no-color-diagnostics -explicit-module-build -module-cache-path /Users/shashipandey/Library/Developer/Xcode/DerivedData/RSMS-galdljqllugdxqeukomoxaxsigpi/Build/Intermediates.noindex/SwiftExplicitPrecompiledModules -clang-scanner-module-cache-path /Users/shashipandey/Library/Developer/Xcode/DerivedData/ModuleCache.noindex -sdk-module-cache-path /Users/shashipandey/Library/Developer/Xcode/DerivedData/ModuleCache.noindex -serialize-diagnostics -emit-dependencies -emit-module -emit-module-path /Users/shashipandey/Library/Developer/Xcode/DerivedData/RSMS-galdljqllugdxqeukomoxaxsigpi/Build/Intermediates.noindex/RSMS.build/Debug-iphonesimulator/StoreManagerModule.build/Objects-normal/arm64/StoreManagerModule.swiftmodule -validate-clang-modules-once -clang-build-session-file /Users/shashipandey/Library/Developer/Xcode/DerivedData/ModuleCache.noindex/Session.modulevalidation -Xcc -I/Users/shashipandey/Library/Developer/Xcode/DerivedData/RSMS-galdljqllugdxqeukomoxaxsigpi/Build/Intermediates.noindex/RSMS.build/Debug-iphonesimulator/StoreManagerModule.build/swift-overrides.hmap -emit-const-values -Xfrontend -const-gather-protocols-file -Xfrontend /Users/shashipandey/Library/Developer/Xcode/DerivedData/RSMS-galdljqllugdxqeukomoxaxsigpi/Build/Intermediates.noindex/RSMS.build/Debug-iphonesimulator/StoreManagerModule.build/Objects-normal/arm64/StoreManagerModule_const_extract_protocols.json -Xcc -iquote -Xcc /Users/shashipandey/Library/Developer/Xcode/DerivedData/RSMS-galdljqllugdxqeukomoxaxsigpi/Build/Intermediates.noindex/RSMS.build/Debug-iphonesimulator/StoreManagerModule.build/StoreManagerModule-generated-files.hmap -Xcc -I/Users/shashipandey/Library/Developer/Xcode/DerivedData/RSMS-galdljqllugdxqeukomoxaxsigpi/Build/Intermediates.noindex/RSMS.build/Debug-iphonesimulator/StoreManagerModule.build/StoreManagerModule-own-target-headers.hmap -Xcc -I/Users/shashipandey/Library/Developer/Xcode/DerivedData/RSMS-galdljqllugdxqeukomoxaxsigpi/Build/Intermediates.noindex/RSMS.build/Debug-iphonesimulator/StoreManagerModule.build/StoreManagerModule-all-non-framework-target-headers.hmap -Xcc -ivfsoverlay -Xcc /Users/shashipandey/Library/Developer/Xcode/DerivedData/RSMS-galdljqllugdxqeukomoxaxsigpi/Build/Intermediates.noindex/RSMS.build/Debug-iphonesimulator/RSMS-20c8144d8fc61d4ec82d88f627d29184-VFS-iphonesimulator/all-product-headers.yaml -Xcc -iquote -Xcc /Users/shashipandey/Library/Developer/Xcode/DerivedData/RSMS-galdljqllugdxqeukomoxaxsigpi/Build/Intermediates.noindex/RSMS.build/Debug-iphonesimulator/StoreManagerModule.build/StoreManagerModule-project-headers.hmap -Xcc -I/Users/shashipandey/Library/Developer/Xcode/DerivedData/RSMS-galdljqllugdxqeukomoxaxsigpi/Build/Products/Debug-iphonesimulator/include -Xcc -I/Users/shashipandey/Library/Developer/Xcode/DerivedData/RSMS-galdljqllugdxqeukomoxaxsigpi/Build/Intermediates.noindex/RSMS.build/Debug-iphonesimulator/StoreManagerModule.build/DerivedSources-normal/arm64 -Xcc -I/Users/shashipandey/Library/Developer/Xcode/DerivedData/RSMS-galdljqllugdxqeukomoxaxsigpi/Build/Intermediates.noindex/RSMS.build/Debug-iphonesimulator/StoreManagerModule.build/DerivedSources/arm64 -Xcc -I/Users/shashipandey/Library/Developer/Xcode/DerivedData/RSMS-galdljqllugdxqeukomoxaxsigpi/Build/Intermediates.noindex/RSMS.build/Debug-iphonesimulator/StoreManagerModule.build/DerivedSources -Xcc -DDEBUG\=1 -emit-objc-header -emit-objc-header-path /Users/shashipandey/Library/Developer/Xcode/DerivedData/RSMS-galdljqllugdxqeukomoxaxsigpi/Build/Intermediates.noindex/RSMS.build/Debug-iphonesimulator/StoreManagerModule.build/Objects-normal/arm64/StoreManagerModule-Swift.h -working-directory /Users/shashipandey/Desktop/Team-8 -experimental-emit-module-separately -disable-cmo

SwiftDriverJobDiscovery normal x86_64 Compiling AppointmentsView.swift (in target 'SalesAssociateModule' from project 'RSMS')

Ld /Users/shashipandey/Library/Developer/Xcode/DerivedData/RSMS-galdljqllugdxqeukomoxaxsigpi/Build/Intermediates.noindex/RSMS.build/Debug-iphonesimulator/AdminModule.build/Objects-normal/arm64/Binary/AdminModule normal arm64 (in target 'AdminModule' from project 'RSMS')
    cd /Users/shashipandey/Desktop/Team-8
    /Applications/Xcode.app/Contents/Developer/Toolchains/XcodeDefault.xctoolchain/usr/bin/clang -Xlinker -reproducible -target arm64-apple-ios26.5-simulator -dynamiclib -isysroot /Applications/Xcode.app/Contents/Developer/Platforms/iPhoneSimulator.platform/Developer/SDKs/iPhoneSimulator26.5.sdk -O0 -L/Users/shashipandey/Library/Developer/Xcode/DerivedData/RSMS-galdljqllugdxqeukomoxaxsigpi/Build/Intermediates.noindex/EagerLinkingTBDs/Debug-iphonesimulator -L/Users/shashipandey/Library/Developer/Xcode/DerivedData/RSMS-galdljqllugdxqeukomoxaxsigpi/Build/Products/Debug-iphonesimulator -F/Users/shashipandey/Library/Developer/Xcode/DerivedData/RSMS-galdljqllugdxqeukomoxaxsigpi/Build/Intermediates.noindex/EagerLinkingTBDs/Debug-iphonesimulator -F/Users/shashipandey/Library/Developer/Xcode/DerivedData/RSMS-galdljqllugdxqeukomoxaxsigpi/Build/Products/Debug-iphonesimulator/PackageFrameworks -F/Users/shashipandey/Library/Developer/Xcode/DerivedData/RSMS-galdljqllugdxqeukomoxaxsigpi/Build/Products/Debug-iphonesimulator/PackageFrameworks -F/Users/shashipandey/Library/Developer/Xcode/DerivedData/RSMS-galdljqllugdxqeukomoxaxsigpi/Build/Products/Debug-iphonesimulator/PackageFrameworks -F/Users/shashipandey/Library/Developer/Xcode/DerivedData/RSMS-galdljqllugdxqeukomoxaxsigpi/Build/Products/Debug-iphonesimulator/PackageFrameworks -F/Users/shashipandey/Library/Developer/Xcode/DerivedData/RSMS-galdljqllugdxqeukomoxaxsigpi/Build/Products/Debug-iphonesimulator/PackageFrameworks -F/Users/shashipandey/Library/Developer/Xcode/DerivedData/RSMS-galdljqllugdxqeukomoxaxsigpi/Build/Products/Debug-iphonesimulator/PackageFrameworks -F/Users/shashipandey/Library/Developer/Xcode/DerivedData/RSMS-galdljqllugdxqeukomoxaxsigpi/Build/Products/Debug-iphonesimulator/PackageFrameworks -F/Users/shashipandey/Library/Developer/Xcode/DerivedData/RSMS-galdljqllugdxqeukomoxaxsigpi/Build/Products/Debug-iphonesimulator/PackageFrameworks -F/Users/shashipandey/Library/Developer/Xcode/DerivedData/RSMS-galdljqllugdxqeukomoxaxsigpi/Build/Products/Debug-iphonesimulator/PackageFrameworks -F/Users/shashipandey/Library/Developer/Xcode/DerivedData/RSMS-galdljqllugdxqeukomoxaxsigpi/Build/Products/Debug-iphonesimulator/PackageFrameworks -F/Users/shashipandey/Library/Developer/Xcode/DerivedData/RSMS-galdljqllugdxqeukomoxaxsigpi/Build/Products/Debug-iphonesimulator/PackageFrameworks -F/Users/shashipandey/Library/Developer/Xcode/DerivedData/RSMS-galdljqllugdxqeukomoxaxsigpi/Build/Products/Debug-iphonesimulator/PackageFrameworks -F/Users/shashipandey/Library/Developer/Xcode/DerivedData/RSMS-galdljqllugdxqeukomoxaxsigpi/Build/Products/Debug-iphonesimulator/PackageFrameworks -F/Users/shashipandey/Library/Developer/Xcode/DerivedData/RSMS-galdljqllugdxqeukomoxaxsigpi/Build/Products/Debug-iphonesimulator -filelist /Users/shashipandey/Library/Developer/Xcode/DerivedData/RSMS-galdljqllugdxqeukomoxaxsigpi/Build/Intermediates.noindex/RSMS.build/Debug-iphonesimulator/AdminModule.build/Objects-normal/arm64/AdminModule.LinkFileList -install_name @rpath/AdminModule.framework/AdminModule -Xlinker -rpath -Xlinker /Users/shashipandey/Library/Developer/Xcode/DerivedData/RSMS-galdljqllugdxqeukomoxaxsigpi/Build/Products/Debug-iphonesimulator/PackageFrameworks -Xlinker -rpath -Xlinker @executable_path/Frameworks -Xlinker -rpath -Xlinker @loader_path/Frameworks -Xlinker -dead_strip -Xlinker -object_path_lto -Xlinker /Users/shashipandey/Library/Developer/Xcode/DerivedData/RSMS-galdljqllugdxqeukomoxaxsigpi/Build/Intermediates.noindex/RSMS.build/Debug-iphonesimulator/AdminModule.build/Objects-normal/arm64/AdminModule_lto.o -rdynamic -Xlinker -no_deduplicate -Xlinker -objc_abi_version -Xlinker 2 -Xlinker -dependency_info -Xlinker /Users/shashipandey/Library/Developer/Xcode/DerivedData/RSMS-galdljqllugdxqeukomoxaxsigpi/Build/Intermediates.noindex/RSMS.build/Debug-iphonesimulator/AdminModule.build/Objects-normal/arm64/AdminModule_dependency_info.dat -fobjc-link-runtime -L/Applications/Xcode.app/Contents/Developer/Toolchains/XcodeDefault.xctoolchain/usr/lib/swift/iphonesimulator -L/usr/lib/swift -Xlinker -add_ast_path -Xlinker /Users/shashipandey/Library/Developer/Xcode/DerivedData/RSMS-galdljqllugdxqeukomoxaxsigpi/Build/Intermediates.noindex/RSMS.build/Debug-iphonesimulator/AdminModule.build/Objects-normal/arm64/AdminModule.swiftmodule @/Users/shashipandey/Library/Developer/Xcode/DerivedData/RSMS-galdljqllugdxqeukomoxaxsigpi/Build/Intermediates.noindex/RSMS.build/Debug-iphonesimulator/AdminModule.build/Objects-normal/arm64/AdminModule-linker-args.resp -Wl,-no_warn_duplicate_libraries -Wl,-no_warn_duplicate_libraries -Wl,-no_warn_duplicate_libraries -Wl,-no_warn_duplicate_libraries -Wl,-no_warn_duplicate_libraries -Wl,-no_warn_duplicate_libraries -Wl,-no_warn_duplicate_libraries -Wl,-no_warn_duplicate_libraries -Wl,-no_warn_duplicate_libraries -Wl,-no_warn_duplicate_libraries -Wl,-no_warn_duplicate_libraries -Wl,-no_warn_duplicate_libraries -Wl,-no_warn_duplicate_libraries -framework Foundation /Users/shashipandey/Library/Developer/Xcode/DerivedData/RSMS-galdljqllugdxqeukomoxaxsigpi/Build/Products/Debug-iphonesimulator/PackageFrameworks/Auth.framework/Auth /Users/shashipandey/Library/Developer/Xcode/DerivedData/RSMS-galdljqllugdxqeukomoxaxsigpi/Build/Products/Debug-iphonesimulator/PackageFrameworks/ConcurrencyExtras_-2B4B167800F2E3ED_PackageProduct.framework/ConcurrencyExtras_-2B4B167800F2E3ED_PackageProduct /Users/shashipandey/Library/Developer/Xcode/DerivedData/RSMS-galdljqllugdxqeukomoxaxsigpi/Build/Products/Debug-iphonesimulator/PackageFrameworks/HTTPTypes_6E0498CBABC4245E_PackageProduct.framework/HTTPTypes_6E0498CBABC4245E_PackageProduct /Users/shashipandey/Library/Developer/Xcode/DerivedData/RSMS-galdljqllugdxqeukomoxaxsigpi/Build/Products/Debug-iphonesimulator/PackageFrameworks/Clocks_17A223499E7CA5_PackageProduct.framework/Clocks_17A223499E7CA5_PackageProduct /Users/shashipandey/Library/Developer/Xcode/DerivedData/RSMS-galdljqllugdxqeukomoxaxsigpi/Build/Products/Debug-iphonesimulator/PackageFrameworks/XCTestDynamicOverlay_6187313334988FF6_PackageProduct.framework/XCTestDynamicOverlay_6187313334988FF6_PackageProduct /Users/shashipandey/Library/Developer/Xcode/DerivedData/RSMS-galdljqllugdxqeukomoxaxsigpi/Build/Products/Debug-iphonesimulator/PackageFrameworks/IssueReporting.framework/IssueReporting /Users/shashipandey/Library/Developer/Xcode/DerivedData/RSMS-galdljqllugdxqeukomoxaxsigpi/Build/Products/Debug-iphonesimulator/PackageFrameworks/Helpers.framework/Helpers /Users/shashipandey/Library/Developer/Xcode/DerivedData/RSMS-galdljqllugdxqeukomoxaxsigpi/Build/Products/Debug-iphonesimulator/PackageFrameworks/Crypto_17A3B1FFC41E47_PackageProduct.framework/Crypto_17A3B1FFC41E47_PackageProduct /Users/shashipandey/Library/Developer/Xcode/DerivedData/RSMS-galdljqllugdxqeukomoxaxsigpi/Build/Products/Debug-iphonesimulator/PackageFrameworks/Functions.framework/Functions /Users/shashipandey/Library/Developer/Xcode/DerivedData/RSMS-galdljqllugdxqeukomoxaxsigpi/Build/Products/Debug-iphonesimulator/PackageFrameworks/ConcurrencyExtras_-2B4B167800F2E3ED_PackageProduct.framework/ConcurrencyExtras_-2B4B167800F2E3ED_PackageProduct /Users/shashipandey/Library/Developer/Xcode/DerivedData/RSMS-galdljqllugdxqeukomoxaxsigpi/Build/Products/Debug-iphonesimulator/PackageFrameworks/HTTPTypes_6E0498CBABC4245E_PackageProduct.framework/HTTPTypes_6E0498CBABC4245E_PackageProduct /Users/shashipandey/Library/Developer/Xcode/DerivedData/RSMS-galdljqllugdxqeukomoxaxsigpi/Build/Products/Debug-iphonesimulator/PackageFrameworks/Clocks_17A223499E7CA5_PackageProduct.framework/Clocks_17A223499E7CA5_PackageProduct /Users/shashipandey/Library/Developer/Xcode/DerivedData/RSMS-galdljqllugdxqeukomoxaxsigpi/Build/Products/Debug-iphonesimulator/PackageFrameworks/XCTestDynamicOverlay_6187313334988FF6_PackageProduct.framework/XCTestDynamicOverlay_6187313334988FF6_PackageProduct /Users/shashipandey/Library/Developer/Xcode/DerivedData/RSMS-galdljqllugdxqeukomoxaxsigpi/Build/Products/Debug-iphonesimulator/PackageFrameworks/PostgREST.framework/PostgREST /Users/shashipandey/Library/Developer/Xcode/DerivedData/RSMS-galdljqllugdxqeukomoxaxsigpi/Build/Products/Debug-iphonesimulator/PackageFrameworks/ConcurrencyExtras_-2B4B167800F2E3ED_PackageProduct.framework/ConcurrencyExtras_-2B4B167800F2E3ED_PackageProduct /Users/shashipandey/Library/Developer/Xcode/DerivedData/RSMS-galdljqllugdxqeukomoxaxsigpi/Build/Products/Debug-iphonesimulator/PackageFrameworks/HTTPTypes_6E0498CBABC4245E_PackageProduct.framework/HTTPTypes_6E0498CBABC4245E_PackageProduct /Users/shashipandey/Library/Developer/Xcode/DerivedData/RSMS-galdljqllugdxqeukomoxaxsigpi/Build/Products/Debug-iphonesimulator/PackageFrameworks/Clocks_17A223499E7CA5_PackageProduct.framework/Clocks_17A223499E7CA5_PackageProduct /Users/shashipandey/Library/Developer/Xcode/DerivedData/RSMS-galdljqllugdxqeukomoxaxsigpi/Build/Products/Debug-iphonesimulator/PackageFrameworks/XCTestDynamicOverlay_6187313334988FF6_PackageProduct.framework/XCTestDynamicOverlay_6187313334988FF6_PackageProduct /Users/shashipandey/Library/Developer/Xcode/DerivedData/RSMS-galdljqllugdxqeukomoxaxsigpi/Build/Products/Debug-iphonesimulator/PackageFrameworks/Realtime.framework/Realtime /Users/shashipandey/Library/Developer/Xcode/DerivedData/RSMS-galdljqllugdxqeukomoxaxsigpi/Build/Products/Debug-iphonesimulator/PackageFrameworks/ConcurrencyExtras_-2B4B167800F2E3ED_PackageProduct.framework/ConcurrencyExtras_-2B4B167800F2E3ED_PackageProduct /Users/shashipandey/Library/Developer/Xcode/DerivedData/RSMS-galdljqllugdxqeukomoxaxsigpi/Build/Products/Debug-iphonesimulator/PackageFrameworks/HTTPTypes_6E0498CBABC4245E_PackageProduct.framework/HTTPTypes_6E0498CBABC4245E_PackageProduct /Users/shashipandey/Library/Developer/Xcode/DerivedData/RSMS-galdljqllugdxqeukomoxaxsigpi/Build/Products/Debug-iphonesimulator/PackageFrameworks/Clocks_17A223499E7CA5_PackageProduct.framework/Clocks_17A223499E7CA5_PackageProduct /Users/shashipandey/Library/Developer/Xcode/DerivedData/RSMS-galdljqllugdxqeukomoxaxsigpi/Build/Products/Debug-iphonesimulator/PackageFrameworks/XCTestDynamicOverlay_6187313334988FF6_PackageProduct.framework/XCTestDynamicOverlay_6187313334988FF6_PackageProduct /Users/shashipandey/Library/Developer/Xcode/DerivedData/RSMS-galdljqllugdxqeukomoxaxsigpi/Build/Products/Debug-iphonesimulator/PackageFrameworks/Storage.framework/Storage /Users/shashipandey/Library/Developer/Xcode/DerivedData/RSMS-galdljqllugdxqeukomoxaxsigpi/Build/Products/Debug-iphonesimulator/PackageFrameworks/ConcurrencyExtras_-2B4B167800F2E3ED_PackageProduct.framework/ConcurrencyExtras_-2B4B167800F2E3ED_PackageProduct /Users/shashipandey/Library/Developer/Xcode/DerivedData/RSMS-galdljqllugdxqeukomoxaxsigpi/Build/Products/Debug-iphonesimulator/PackageFrameworks/HTTPTypes_6E0498CBABC4245E_PackageProduct.framework/HTTPTypes_6E0498CBABC4245E_PackageProduct /Users/shashipandey/Library/Developer/Xcode/DerivedData/RSMS-galdljqllugdxqeukomoxaxsigpi/Build/Products/Debug-iphonesimulator/PackageFrameworks/Clocks_17A223499E7CA5_PackageProduct.framework/Clocks_17A223499E7CA5_PackageProduct /Users/shashipandey/Library/Developer/Xcode/DerivedData/RSMS-galdljqllugdxqeukomoxaxsigpi/Build/Products/Debug-iphonesimulator/PackageFrameworks/XCTestDynamicOverlay_6187313334988FF6_PackageProduct.framework/XCTestDynamicOverlay_6187313334988FF6_PackageProduct /Users/shashipandey/Library/Developer/Xcode/DerivedData/RSMS-galdljqllugdxqeukomoxaxsigpi/Build/Products/Debug-iphonesimulator/PackageFrameworks/Supabase_-28EB57FDA3E86EC4_PackageProduct.framework/Supabase_-28EB57FDA3E86EC4_PackageProduct -Xlinker -no_adhoc_codesign -compatibility_version 1 -current_version 1 -o /Users/shashipandey/Library/Developer/Xcode/DerivedData/RSMS-galdljqllugdxqeukomoxaxsigpi/Build/Intermediates.noindex/RSMS.build/Debug-iphonesimulator/AdminModule.build/Objects-normal/arm64/Binary/AdminModule

SwiftMergeGeneratedHeaders /Users/shashipandey/Library/Developer/Xcode/DerivedData/RSMS-galdljqllugdxqeukomoxaxsigpi/Build/Products/Debug-iphonesimulator/StoreManagerModule.framework/Headers/StoreManagerModule-Swift.h /Users/shashipandey/Library/Developer/Xcode/DerivedData/RSMS-galdljqllugdxqeukomoxaxsigpi/Build/Intermediates.noindex/RSMS.build/Debug-iphonesimulator/StoreManagerModule.build/Objects-normal/arm64/StoreManagerModule-Swift.h /Users/shashipandey/Library/Developer/Xcode/DerivedData/RSMS-galdljqllugdxqeukomoxaxsigpi/Build/Intermediates.noindex/RSMS.build/Debug-iphonesimulator/StoreManagerModule.build/Objects-normal/x86_64/StoreManagerModule-Swift.h (in target 'StoreManagerModule' from project 'RSMS')
    cd /Users/shashipandey/Desktop/Team-8
    builtin-swiftHeaderTool -arch arm64 /Users/shashipandey/Library/Developer/Xcode/DerivedData/RSMS-galdljqllugdxqeukomoxaxsigpi/Build/Intermediates.noindex/RSMS.build/Debug-iphonesimulator/StoreManagerModule.build/Objects-normal/arm64/StoreManagerModule-Swift.h -arch x86_64 /Users/shashipandey/Library/Developer/Xcode/DerivedData/RSMS-galdljqllugdxqeukomoxaxsigpi/Build/Intermediates.noindex/RSMS.build/Debug-iphonesimulator/StoreManagerModule.build/Objects-normal/x86_64/StoreManagerModule-Swift.h -o /Users/shashipandey/Library/Developer/Xcode/DerivedData/RSMS-galdljqllugdxqeukomoxaxsigpi/Build/Products/Debug-iphonesimulator/StoreManagerModule.framework/Headers/StoreManagerModule-Swift.h

warning: 'Helpers' is missing a dependency on 'HTTPTypes' because dependency scan of Swift module 'Helpers' discovered a dependency on 'HTTPTypes'
warning: 'Helpers' is missing a dependency on 'Clocks' because dependency scan of Swift module 'Helpers' discovered a dependency on 'Clocks'
warning: 'Helpers' is missing a dependency on 'XCTestDynamicOverlay' because dependency scan of Swift module 'Helpers' discovered a dependency on 'XCTestDynamicOverlay'
warning: 'Helpers' is missing a dependency on 'IssueReporting' because dependency scan of Swift module 'Helpers' discovered a dependency on 'IssueReporting'
warning: 'Helpers' is missing a dependency on 'ConcurrencyExtras' because dependency scan of Swift module 'Helpers' discovered a dependency on 'ConcurrencyExtras'
warning: 'Helpers' is missing a dependency on 'HTTPTypes' because dependency scan of Swift module 'Helpers' discovered a dependency on 'HTTPTypes'
warning: 'Helpers' is missing a dependency on 'Clocks' because dependency scan of Swift module 'Helpers' discovered a dependency on 'Clocks'
warning: 'Helpers' is missing a dependency on 'XCTestDynamicOverlay' because dependency scan of Swift module 'Helpers' discovered a dependency on 'XCTestDynamicOverlay'
warning: 'Helpers' is missing a dependency on 'IssueReporting' because dependency scan of Swift module 'Helpers' discovered a dependency on 'IssueReporting'
warning: 'Helpers' is missing a dependency on 'ConcurrencyExtras' because dependency scan of Swift module 'Helpers' discovered a dependency on 'ConcurrencyExtras'
warning: 'Functions' is missing a dependency on 'ConcurrencyExtras' because dependency scan of Swift module 'Functions' discovered a dependency on 'ConcurrencyExtras'
warning: 'Functions' is missing a dependency on 'Helpers' because dependency scan of Swift module 'Functions' discovered a dependency on 'Helpers'
warning: 'Functions' is missing a dependency on 'HTTPTypes' because dependency scan of Swift module 'Functions' discovered a dependency on 'HTTPTypes'
warning: 'Functions' is missing a dependency on 'XCTestDynamicOverlay' because dependency scan of Swift module 'Functions' discovered a dependency on 'XCTestDynamicOverlay'
warning: 'Functions' is missing a dependency on 'Clocks' because dependency scan of Swift module 'Functions' discovered a dependency on 'Clocks'
warning: 'Functions' is missing a dependency on 'IssueReporting' because dependency scan of Swift module 'Functions' discovered a dependency on 'IssueReporting'
warning: 'Functions' is missing a dependency on 'Clocks' because dependency scan of Swift module 'Functions' discovered a dependency on 'Clocks'
warning: 'Functions' is missing a dependency on 'Helpers' because dependency scan of Swift module 'Functions' discovered a dependency on 'Helpers'
warning: 'Functions' is missing a dependency on 'IssueReporting' because dependency scan of Swift module 'Functions' discovered a dependency on 'IssueReporting'
warning: 'Functions' is missing a dependency on 'HTTPTypes' because dependency scan of Swift module 'Functions' discovered a dependency on 'HTTPTypes'
warning: 'Functions' is missing a dependency on 'XCTestDynamicOverlay' because dependency scan of Swift module 'Functions' discovered a dependency on 'XCTestDynamicOverlay'
warning: 'Functions' is missing a dependency on 'ConcurrencyExtras' because dependency scan of Swift module 'Functions' discovered a dependency on 'ConcurrencyExtras'
warning: 'PostgREST' is missing a dependency on 'Helpers' because dependency scan of Swift module 'PostgREST' discovered a dependency on 'Helpers'
warning: 'PostgREST' is missing a dependency on 'HTTPTypes' because dependency scan of Swift module 'PostgREST' discovered a dependency on 'HTTPTypes'
warning: 'PostgREST' is missing a dependency on 'ConcurrencyExtras' because dependency scan of Swift module 'PostgREST' discovered a dependency on 'ConcurrencyExtras'
warning: 'PostgREST' is missing a dependency on 'XCTestDynamicOverlay' because dependency scan of Swift module 'PostgREST' discovered a dependency on 'XCTestDynamicOverlay'
warning: 'PostgREST' is missing a dependency on 'Clocks' because dependency scan of Swift module 'PostgREST' discovered a dependency on 'Clocks'
warning: 'PostgREST' is missing a dependency on 'IssueReporting' because dependency scan of Swift module 'PostgREST' discovered a dependency on 'IssueReporting'
warning: 'PostgREST' is missing a dependency on 'ConcurrencyExtras' because dependency scan of Swift module 'PostgREST' discovered a dependency on 'ConcurrencyExtras'
warning: 'PostgREST' is missing a dependency on 'IssueReporting' because dependency scan of Swift module 'PostgREST' discovered a dependency on 'IssueReporting'
warning: 'PostgREST' is missing a dependency on 'XCTestDynamicOverlay' because dependency scan of Swift module 'PostgREST' discovered a dependency on 'XCTestDynamicOverlay'
warning: 'PostgREST' is missing a dependency on 'Clocks' because dependency scan of Swift module 'PostgREST' discovered a dependency on 'Clocks'
warning: 'PostgREST' is missing a dependency on 'Helpers' because dependency scan of Swift module 'PostgREST' discovered a dependency on 'Helpers'
warning: 'PostgREST' is missing a dependency on 'HTTPTypes' because dependency scan of Swift module 'PostgREST' discovered a dependency on 'HTTPTypes'
warning: 'Storage' is missing a dependency on 'ConcurrencyExtras' because dependency scan of Swift module 'Storage' discovered a dependency on 'ConcurrencyExtras'
warning: 'Storage' is missing a dependency on 'IssueReporting' because dependency scan of Swift module 'Storage' discovered a dependency on 'IssueReporting'
warning: 'Storage' is missing a dependency on 'XCTestDynamicOverlay' because dependency scan of Swift module 'Storage' discovered a dependency on 'XCTestDynamicOverlay'
warning: 'Storage' is missing a dependency on 'Clocks' because dependency scan of Swift module 'Storage' discovered a dependency on 'Clocks'
warning: 'Storage' is missing a dependency on 'Helpers' because dependency scan of Swift module 'Storage' discovered a dependency on 'Helpers'
warning: 'Storage' is missing a dependency on 'HTTPTypes' because dependency scan of Swift module 'Storage' discovered a dependency on 'HTTPTypes'
warning: 'Storage' is missing a dependency on 'ConcurrencyExtras' because dependency scan of Swift module 'Storage' discovered a dependency on 'ConcurrencyExtras'
warning: 'Storage' is missing a dependency on 'IssueReporting' because dependency scan of Swift module 'Storage' discovered a dependency on 'IssueReporting'
warning: 'Storage' is missing a dependency on 'XCTestDynamicOverlay' because dependency scan of Swift module 'Storage' discovered a dependency on 'XCTestDynamicOverlay'
warning: 'Storage' is missing a dependency on 'Clocks' because dependency scan of Swift module 'Storage' discovered a dependency on 'Clocks'
warning: 'Storage' is missing a dependency on 'Helpers' because dependency scan of Swift module 'Storage' discovered a dependency on 'Helpers'
warning: 'Storage' is missing a dependency on 'HTTPTypes' because dependency scan of Swift module 'Storage' discovered a dependency on 'HTTPTypes'
warning: 'Realtime' is missing a dependency on 'Clocks' because dependency scan of Swift module 'Realtime' discovered a dependency on 'Clocks'
warning: 'Realtime' is missing a dependency on 'ConcurrencyExtras' because dependency scan of Swift module 'Realtime' discovered a dependency on 'ConcurrencyExtras'
warning: 'Realtime' is missing a dependency on 'HTTPTypes' because dependency scan of Swift module 'Realtime' discovered a dependency on 'HTTPTypes'
warning: 'Realtime' is missing a dependency on 'Helpers' because dependency scan of Swift module 'Realtime' discovered a dependency on 'Helpers'
warning: 'Realtime' is missing a dependency on 'IssueReporting' because dependency scan of Swift module 'Realtime' discovered a dependency on 'IssueReporting'
warning: 'Realtime' is missing a dependency on 'XCTestDynamicOverlay' because dependency scan of Swift module 'Realtime' discovered a dependency on 'XCTestDynamicOverlay'
warning: 'Realtime' is missing a dependency on 'Clocks' because dependency scan of Swift module 'Realtime' discovered a dependency on 'Clocks'
warning: 'Realtime' is missing a dependency on 'ConcurrencyExtras' because dependency scan of Swift module 'Realtime' discovered a dependency on 'ConcurrencyExtras'
warning: 'Realtime' is missing a dependency on 'HTTPTypes' because dependency scan of Swift module 'Realtime' discovered a dependency on 'HTTPTypes'
warning: 'Realtime' is missing a dependency on 'Helpers' because dependency scan of Swift module 'Realtime' discovered a dependency on 'Helpers'
warning: 'Realtime' is missing a dependency on 'IssueReporting' because dependency scan of Swift module 'Realtime' discovered a dependency on 'IssueReporting'
warning: 'Realtime' is missing a dependency on 'XCTestDynamicOverlay' because dependency scan of Swift module 'Realtime' discovered a dependency on 'XCTestDynamicOverlay'
warning: 'Auth' is missing a dependency on 'Clocks' because dependency scan of Swift module 'Auth' discovered a dependency on 'Clocks'
warning: 'Auth' is missing a dependency on 'ConcurrencyExtras' because dependency scan of Swift module 'Auth' discovered a dependency on 'ConcurrencyExtras'
warning: 'Auth' is missing a dependency on 'HTTPTypes' because dependency scan of Swift module 'Auth' discovered a dependency on 'HTTPTypes'
warning: 'Auth' is missing a dependency on 'Crypto' because dependency scan of Swift module 'Auth' discovered a dependency on 'Crypto'
warning: 'Auth' is missing a dependency on 'Helpers' because dependency scan of Swift module 'Auth' discovered a dependency on 'Helpers'
warning: 'Auth' is missing a dependency on 'IssueReporting' because dependency scan of Swift module 'Auth' discovered a dependency on 'IssueReporting'
warning: 'Auth' is missing a dependency on 'XCTestDynamicOverlay' because dependency scan of Swift module 'Auth' discovered a dependency on 'XCTestDynamicOverlay'
warning: 'Auth' is missing a dependency on 'Clocks' because dependency scan of Swift module 'Auth' discovered a dependency on 'Clocks'
warning: 'Auth' is missing a dependency on 'ConcurrencyExtras' because dependency scan of Swift module 'Auth' discovered a dependency on 'ConcurrencyExtras'
warning: 'Auth' is missing a dependency on 'HTTPTypes' because dependency scan of Swift module 'Auth' discovered a dependency on 'HTTPTypes'
warning: 'Auth' is missing a dependency on 'Crypto' because dependency scan of Swift module 'Auth' discovered a dependency on 'Crypto'
warning: 'Auth' is missing a dependency on 'Helpers' because dependency scan of Swift module 'Auth' discovered a dependency on 'Helpers'
warning: 'Auth' is missing a dependency on 'IssueReporting' because dependency scan of Swift module 'Auth' discovered a dependency on 'IssueReporting'
warning: 'Auth' is missing a dependency on 'XCTestDynamicOverlay' because dependency scan of Swift module 'Auth' discovered a dependency on 'XCTestDynamicOverlay'
** BUILD FAILED **


The following build commands failed:
	SwiftCompile normal arm64 Compiling\ ManagerDashboardView.swift /Users/shashipandey/Desktop/Team-8/RSMS_Sales_Associate/sales_associate_rsms/Features/SalesAssociate/Dashboard/Views/ManagerDashboardView.swift (in target 'SalesAssociateModule' from project 'RSMS')
	SwiftCompile normal arm64 /Users/shashipandey/Desktop/Team-8/RSMS_Sales_Associate/sales_associate_rsms/Features/SalesAssociate/Dashboard/Views/ManagerDashboardView.swift (in target 'SalesAssociateModule' from project 'RSMS')
	Building project RSMS with scheme RSMS
(3 failures)
